[2026-04-20T09:06:27Z] CMD: bash -lc dmesg 2>&1 || true
[    0.000000] Booting Linux on physical CPU 0x0000000000 [0x410fd421]
[    0.000000] Linux version 5.15.185-tegra (buildbrain@239549d1-8639-491a-b9e7-120e21430986-l1eu-vqrkv) (aarch64-buildroot-linux-gnu-gcc.br_real (Buildroot 2022.08) 11.3.0, GNU ld (GNU Binutils) 2.38) #1 SMP PREEMPT Thu Jan 15 19:24:38 PST 2026 ()
[    0.000000] Machine model: NVIDIA Jetson Orin NX Engineering Reference Developer Kit
[    0.000000] efi: EFI v2.70 by EDK II
[    0.000000] efi: RTPROP=0x46de1e698 TPMFinalLog=0x45e8f0000 SMBIOS=0xffff0000 SMBIOS 3.0=0x46da40000 MEMATTR=0x467efe018 ESRT=0x468420518 TPMEventLog=0x45e0cc018 RNG=0x45e900018 MEMRESERVE=0x45e901f98 
[    0.000000] random: crng init done
[    0.000000] secureboot: Secure boot disabled
[    0.000000] esrt: Reserving ESRT space from 0x0000000468420518 to 0x0000000468420550.
[    0.000000] Reserved memory: created CMA memory pool at 0x0000000449000000, size 256 MiB
[    0.000000] OF: reserved mem: initialized node linux,cma, compatible id shared-dma-pool
[    0.000000] NUMA: No NUMA configuration found
[    0.000000] NUMA: Faking a node at [mem 0x0000000080000000-0x0000000477ffffff]
[    0.000000] NUMA: NODE_DATA [mem 0x4702fb800-0x4702fdfff]
[    0.000000] Zone ranges:
[    0.000000]   DMA      [mem 0x0000000080000000-0x00000000ffffffff]
[    0.000000]   DMA32    empty
[    0.000000]   Normal   [mem 0x0000000100000000-0x0000000477ffffff]
[    0.000000] Movable zone start for each node
[    0.000000] Early memory node ranges
[    0.000000]   node   0: [mem 0x0000000080000000-0x00000000bdffffff]
[    0.000000]   node   0: [mem 0x00000000c2000000-0x00000000fffdffff]
[    0.000000]   node   0: [mem 0x00000000fffe0000-0x00000000ffffffff]
[    0.000000]   node   0: [mem 0x0000000100000000-0x000000045d48ffff]
[    0.000000]   node   0: [mem 0x000000045d490000-0x000000045e0bffff]
[    0.000000]   node   0: [mem 0x000000045e0c0000-0x000000045e0effff]
[    0.000000]   node   0: [mem 0x000000045e0f0000-0x000000045e0fffff]
[    0.000000]   node   0: [mem 0x000000045e100000-0x000000045e14ffff]
[    0.000000]   node   0: [mem 0x000000045e150000-0x000000045e30ffff]
[    0.000000]   node   0: [mem 0x000000045e310000-0x000000045e8effff]
[    0.000000]   node   0: [mem 0x000000045e8f0000-0x000000045e8fffff]
[    0.000000]   node   0: [mem 0x000000045e900000-0x000000046bedffff]
[    0.000000]   node   0: [mem 0x000000046bee0000-0x000000046de1ffff]
[    0.000000]   node   0: [mem 0x000000046de20000-0x0000000471dfffff]
[    0.000000]   node   0: [mem 0x0000000471e00000-0x0000000471ffffff]
[    0.000000]   node   0: [mem 0x0000000472000000-0x000000047259ffff]
[    0.000000]   node   0: [mem 0x0000000476000000-0x0000000477ffffff]
[    0.000000] mminit::pageflags_layout_widths Section 0 Node 4 Zone 2 Lastcpupid 16 Kasantag 0 Flags 24
[    0.000000] mminit::pageflags_layout_shifts Section 21 Node 4 Zone 2 Lastcpupid 16 Kasantag 0
[    0.000000] mminit::pageflags_layout_pgshifts Section 0 Node 60 Zone 58 Lastcpupid 42 Kasantag 0
[    0.000000] mminit::pageflags_layout_nodezoneid Node/Zone ID: 64 -> 58
[    0.000000] mminit::pageflags_layout_usage location: 64 -> 42 layout 42 -> 24 unused 24 -> 0 page-flags
[    0.000000] Initmem setup node 0 [mem 0x0000000080000000-0x0000000477ffffff]
[    0.000000] mminit::memmap_init Initialising map node 0 zone 0 pfns 524288 -> 1048576
[    0.000000] mminit::memmap_init Initialising map node 0 zone 2 pfns 1048576 -> 4685824
[    0.000000] On node 0, zone DMA: 16384 pages in unavailable ranges
[    0.000000] On node 0, zone Normal: 14944 pages in unavailable ranges
[    0.000000] psci: probing for conduit method from DT.
[    0.000000] psci: PSCIv1.1 detected in firmware.
[    0.000000] psci: Using standard PSCI v0.2 function IDs
[    0.000000] psci: Trusted OS migration not required
[    0.000000] psci: SMC Calling Convention v1.2
[    0.000000] percpu: Embedded 30 pages/cpu s83480 r8192 d31208 u122880
[    0.000000] pcpu-alloc: s83480 r8192 d31208 u122880 alloc=30*4096
[    0.000000] pcpu-alloc: [0] 0 [0] 1 [0] 2 [0] 3 [0] 4 [0] 5 [0] 6 [0] 7 
[    0.000000] Detected PIPT I-cache on CPU0
[    0.000000] CPU features: detected: Address authentication (architected algorithm)
[    0.000000] CPU features: detected: GIC system register CPU interface
[    0.000000] CPU features: detected: Virtualization Host Extensions
[    0.000000] CPU features: detected: Hardware dirty bit management
[    0.000000] CPU features: detected: Spectre-v4
[    0.000000] CPU features: detected: Spectre-BHB
[    0.000000] CPU features: kernel page table isolation forced ON by KASLR
[    0.000000] CPU features: detected: Kernel page table isolation (KPTI)
[    0.000000] alternatives: patching kernel code
[    0.000000] mminit::zonelist general 0:DMA = 0:DMA 
[    0.000000] mminit::zonelist general 0:Normal = 0:Normal 0:DMA 
[    0.000000] mminit::zonelist thisnode 0:DMA = 0:DMA 
[    0.000000] mminit::zonelist thisnode 0:Normal = 0:Normal 0:DMA 
[    0.000000] Built 1 zonelists, mobility grouping on.  Total pages: 4065184
[    0.000000] Policy zone: Normal
[    0.000000] Kernel command line: root=PARTUUID=03f3e885-a6e9-47ba-b7e1-ccc5bf71a344 rw rootwait rootfstype=ext4 mminit_loglevel=4 console=ttyTCU0,115200 firmware_class.path=/etc/firmware fbcon=map:0 video=efifb:off console=tty0 efi=runtime pci=pcie_bus_perf nvme.use_threaded_interrupts=1 boot_profile=ov5647-dev bl_prof_dataptr=2031616@0x471E10000 bl_prof_ro_ptr=65536@0x471E00000 
[    0.000000] Unknown kernel command line parameters "boot_profile=ov5647-dev bl_prof_dataptr=2031616@0x471E10000 bl_prof_ro_ptr=65536@0x471E00000", will be passed to user space.
[    0.000000] Dentry cache hash table entries: 2097152 (order: 12, 16777216 bytes, linear)
[    0.000000] Inode-cache hash table entries: 1048576 (order: 11, 8388608 bytes, linear)
[    0.000000] mem auto-init: stack:off, heap alloc:off, heap free:off
[    0.000000] software IO TLB: mapped [mem 0x00000000fbfe0000-0x00000000fffe0000] (64MB)
[    0.000000] Memory: 15732948K/16520832K available (20480K kernel code, 4086K rwdata, 10172K rodata, 7744K init, 529K bss, 525740K reserved, 262144K cma-reserved)
[    0.000000] SLUB: HWalign=64, Order=0-3, MinObjects=0, CPUs=8, Nodes=1
[    0.000000] trace event string verifier disabled
[    0.000000] rcu: Preemptible hierarchical RCU implementation.
[    0.000000] rcu: 	RCU event tracing is enabled.
[    0.000000] rcu: 	RCU restricting CPUs from NR_CPUS=256 to nr_cpu_ids=8.
[    0.000000] 	Trampoline variant of Tasks RCU enabled.
[    0.000000] 	Rude variant of Tasks RCU enabled.
[    0.000000] 	Tracing variant of Tasks RCU enabled.
[    0.000000] rcu: RCU calculated value of scheduler-enlistment delay is 25 jiffies.
[    0.000000] rcu: Adjusting geometry for rcu_fanout_leaf=16, nr_cpu_ids=8
[    0.000000] NR_IRQS: 64, nr_irqs: 64, preallocated irqs: 0
[    0.000000] GICv3: GIC: Using split EOI/Deactivate mode
[    0.000000] GICv3: 960 SPIs implemented
[    0.000000] GICv3: 0 Extended SPIs implemented
[    0.000000] GICv3: Distributor has no Range Selector support
[    0.000000] Root IRQ handler: gic_handle_irq
[    0.000000] GICv3: 16 PPIs implemented
[    0.000000] GICv3: CPU0: found redistributor 0 region 0:0x000000000f440000
[    0.000000] arch_timer: cp15 timer(s) running at 31.25MHz (phys).
[    0.000000] clocksource: arch_sys_counter: mask: 0xffffffffffffff max_cycles: 0xe6a171046, max_idle_ns: 881590405314 ns
[    0.000000] sched_clock: 56 bits at 31MHz, resolution 32ns, wraps every 4398046511088ns
[    0.000344] Console: colour dummy device 80x25
[    0.000350] printk: console [tty0] enabled
[    0.000394] Calibrating delay loop (skipped), value calculated using timer frequency.. 62.50 BogoMIPS (lpj=125000)
[    0.000399] pid_max: default: 32768 minimum: 301
[    0.000429] LSM: Security Framework initializing
[    0.000446] Yama: becoming mindful.
[    0.000456] SELinux:  Initializing.
[    0.000521] Mount-cache hash table entries: 32768 (order: 6, 262144 bytes, linear)
[    0.000539] Mountpoint-cache hash table entries: 32768 (order: 6, 262144 bytes, linear)
[    0.001419] rcu: Hierarchical SRCU implementation.
[    0.003626] Tegra Revision: A01 SKU: 211 CPU Process: 0 SoC Process: 0
[    0.003884] Remapping and enabling EFI services.
[    0.004900] smp: Bringing up secondary CPUs ...
[    0.005271] Detected PIPT I-cache on CPU1
[    0.005301] GICv3: CPU1: found redistributor 100 region 0:0x000000000f460000
[    0.005327] CPU1: Booted secondary processor 0x0000000100 [0x410fd421]
[    0.005679] Detected PIPT I-cache on CPU2
[    0.005690] GICv3: CPU2: found redistributor 200 region 0:0x000000000f480000
[    0.005702] CPU2: Booted secondary processor 0x0000000200 [0x410fd421]
[    0.006013] Detected PIPT I-cache on CPU3
[    0.006023] GICv3: CPU3: found redistributor 300 region 0:0x000000000f4a0000
[    0.006035] CPU3: Booted secondary processor 0x0000000300 [0x410fd421]
[    0.008325] Detected PIPT I-cache on CPU4
[    0.008348] GICv3: CPU4: found redistributor 10000 region 0:0x000000000f4c0000
[    0.008369] CPU4: Booted secondary processor 0x0000010000 [0x410fd421]
[    0.008732] Detected PIPT I-cache on CPU5
[    0.008742] GICv3: CPU5: found redistributor 10100 region 0:0x000000000f4e0000
[    0.008753] CPU5: Booted secondary processor 0x0000010100 [0x410fd421]
[    0.009076] Detected PIPT I-cache on CPU6
[    0.009086] GICv3: CPU6: found redistributor 10200 region 0:0x000000000f500000
[    0.009098] CPU6: Booted secondary processor 0x0000010200 [0x410fd421]
[    0.009427] Detected PIPT I-cache on CPU7
[    0.009437] GICv3: CPU7: found redistributor 10300 region 0:0x000000000f520000
[    0.009448] CPU7: Booted secondary processor 0x0000010300 [0x410fd421]
[    0.009493] smp: Brought up 1 node, 8 CPUs
[    0.009496] SMP: Total of 8 processors activated.
[    0.009498] CPU features: detected: 32-bit EL0 Support
[    0.009499] CPU features: detected: Data cache clean to the PoU not required for I/D coherence
[    0.009501] CPU features: detected: Common not Private translations
[    0.009501] CPU features: detected: CRC32 instructions
[    0.009502] CPU features: detected: Data cache clean to Point of Persistence
[    0.009503] CPU features: detected: Generic authentication (architected algorithm)
[    0.009504] CPU features: detected: RCpc load-acquire (LDAPR)
[    0.009504] CPU features: detected: LSE atomic instructions
[    0.009505] CPU features: detected: Privileged Access Never
[    0.009506] CPU features: detected: RAS Extension Support
[    0.009508] CPU features: detected: Speculative Store Bypassing Safe (SSBS)
[    0.037233] CPU: All CPU(s) started at EL2
[    0.038919] devtmpfs: initialized
[    0.050156] KASLR enabled
[    0.050258] clocksource: jiffies: mask: 0xffffffff max_cycles: 0xffffffff, max_idle_ns: 7645041785100000 ns
[    0.050272] futex hash table entries: 2048 (order: 5, 131072 bytes, linear)
[    0.052423] pinctrl core: initialized pinctrl subsystem
[    0.052936] SMBIOS 3.6.0 present.
[    0.052943] DMI: NVIDIA NVIDIA Jetson Orin NX Engineering Reference Developer Kit/Jetson, BIOS 36.5.0-gcid-43688277 01/16/2026
[    0.053229] NET: Registered PF_NETLINK/PF_ROUTE protocol family
[    0.054433] DMA: preallocated 2048 KiB GFP_KERNEL pool for atomic allocations
[    0.054565] DMA: preallocated 2048 KiB GFP_KERNEL|GFP_DMA pool for atomic allocations
[    0.054685] DMA: preallocated 2048 KiB GFP_KERNEL|GFP_DMA32 pool for atomic allocations
[    0.054717] audit: initializing netlink subsys (disabled)
[    0.054808] audit: type=2000 audit(0.052:1): state=initialized audit_enabled=0 res=1
[    0.055875] thermal_sys: Registered thermal governor 'step_wise'
[    0.055879] thermal_sys: Registered thermal governor 'user_space'
[    0.055881] thermal_sys: Registered thermal governor 'power_allocator'
[    0.058065] cpuidle: using governor menu
[    0.058196] hw-breakpoint: found 6 breakpoint and 4 watchpoint registers.
[    0.058279] ASID allocator initialised with 32768 entries
[    0.059427] Serial: AMBA PL011 UART driver
[    0.067931] 31d0000.serial: ttyAMA0 at MMIO 0x31d0000 (irq = 117, base_baud = 0) is a SBSA
[    0.075828] platform bpmp: Fixing up cyclic dependency with 2c60000.external-memory-controller
[    0.082598] HugeTLB registered 1.00 GiB page size, pre-allocated 0 pages
[    0.082603] HugeTLB registered 32.0 MiB page size, pre-allocated 0 pages
[    0.082605] HugeTLB registered 2.00 MiB page size, pre-allocated 0 pages
[    0.082606] HugeTLB registered 64.0 KiB page size, pre-allocated 0 pages
[    0.083262] cryptd: max_cpu_qlen set to 1000
[    0.084598] ACPI: Interpreter disabled.
[    0.085494] VDD_1V8_AO: supplied by VDD_5V0_SYS
[    0.085585] VDD_3V3_AO: supplied by VDD_5V0_SYS
[    0.085744] VDD_AV10_HUB: supplied by VDD_5V0_SYS
[    0.086066] iommu: Default domain type: Translated 
[    0.086068] iommu: DMA domain TLB invalidation policy: strict mode 
[    0.086244] SCSI subsystem initialized
[    0.086299] libata version 3.00 loaded.
[    0.086349] vgaarb: loaded
[    0.086450] usbcore: registered new interface driver usbfs
[    0.086466] usbcore: registered new interface driver hub
[    0.086476] usbcore: registered new device driver usb
[    0.086796] pps_core: LinuxPPS API ver. 1 registered
[    0.086797] pps_core: Software ver. 5.3.6 - Copyright 2005-2007 Rodolfo Giometti <giometti@linux.it>
[    0.086804] PTP clock support registered
[    0.086857] EDAC MC: Ver: 3.0.0
[    0.087552] Registered efivars operations
[    0.087956] FPGA manager framework
[    0.087994] Advanced Linux Sound Architecture Driver Initialized.
[    0.088283] Bluetooth: Core ver 2.22
[    0.088300] NET: Registered PF_BLUETOOTH protocol family
[    0.088302] Bluetooth: HCI device and connection manager initialized
[    0.088307] Bluetooth: HCI socket layer initialized
[    0.088311] Bluetooth: L2CAP socket layer initialized
[    0.088317] Bluetooth: SCO socket layer initialized
[    0.088614] clocksource: Switched to clocksource arch_sys_counter
[    0.117696] VFS: Disk quotas dquot_6.6.0
[    0.117740] VFS: Dquot-cache hash table entries: 512 (order 0, 4096 bytes)
[    0.117967] pnp: PnP ACPI: disabled
[    0.121432] NET: Registered PF_INET protocol family
[    0.122011] IP idents hash table entries: 262144 (order: 9, 2097152 bytes, linear)
[    0.124505] tcp_listen_portaddr_hash hash table entries: 8192 (order: 5, 131072 bytes, linear)
[    0.124711] Table-perturb hash table entries: 65536 (order: 6, 262144 bytes, linear)
[    0.124738] TCP established hash table entries: 131072 (order: 8, 1048576 bytes, linear)
[    0.125161] TCP bind hash table entries: 65536 (order: 8, 1048576 bytes, linear)
[    0.126596] TCP: Hash tables configured (established 131072 bind 65536)
[    0.126820] UDP hash table entries: 8192 (order: 6, 262144 bytes, linear)
[    0.126990] UDP-Lite hash table entries: 8192 (order: 6, 262144 bytes, linear)
[    0.127390] NET: Registered PF_UNIX/PF_LOCAL protocol family
[    0.127852] RPC: Registered named UNIX socket transport module.
[    0.127858] RPC: Registered udp transport module.
[    0.127860] RPC: Registered tcp transport module.
[    0.127861] RPC: Registered tcp NFSv4.1 backchannel transport module.
[    0.127878] PCI: CLS 0 bytes, default 64
[    0.128150] Unpacking initramfs...
[    0.137590] hw perfevents: enabled with armv8_cortex_a78 PMU driver, 7 counters available
[    0.137903] kvm [1]: IPA Size Limit: 48 bits
[    0.137942] kvm [1]: GICv3: no GICV resource entry
[    0.137948] kvm [1]: disabling GICv2 emulation
[    0.137976] kvm [1]: GIC system register CPU interface enabled
[    0.138065] kvm [1]: vgic interrupt IRQ9
[    0.138245] kvm [1]: VHE mode initialized successfully
[    0.141719] Initialise system trusted keyrings
[    0.141767] Key type blacklist registered
[    0.141887] workingset: timestamp_bits=42 max_order=22 bucket_order=0
[    0.145906] squashfs: version 4.0 (2009/01/31) Phillip Lougher
[    0.146466] NFS: Registering the id_resolver key type
[    0.146496] Key type id_resolver registered
[    0.146499] Key type id_legacy registered
[    0.146551] nfs4filelayout_init: NFSv4 File Layout Driver Registering...
[    0.146569] nfs4flexfilelayout_init: NFSv4 Flexfile Layout Driver Registering...
[    0.146593] ntfs: driver 2.1.32 [Flags: R/O].
[    0.146838] 9p: Installing v9fs 9p2000 file system support
[    0.147596] integrity: Platform Keyring initialized
[    0.158933] Key type asymmetric registered
[    0.158939] Asymmetric key parser 'x509' registered
[    0.159019] Block layer SCSI generic (bsg) driver version 0.4 loaded (major 245)
[    0.159030] io scheduler mq-deadline registered
[    0.159038] io scheduler kyber registered
[    0.169531] EINJ: ACPI disabled.
[    0.181687] Serial: 8250/16550 driver, 4 ports, IRQ sharing enabled
[    0.183495] SuperH (H)SCI(F) driver initialized
[    0.183819] msm_serial: driver initialized
[    0.184512] printk: console [ttyTCU0] enabled
[    0.185457] arm-smmu 8000000.iommu: probing hardware configuration...
[    0.185463] arm-smmu 8000000.iommu: SMMUv2 with:
[    0.185470] arm-smmu 8000000.iommu: 	stage 1 translation
[    0.185471] arm-smmu 8000000.iommu: 	stage 2 translation
[    0.185473] arm-smmu 8000000.iommu: 	nested translation
[    0.185478] arm-smmu 8000000.iommu: 	stream matching with 128 register groups
[    0.185483] arm-smmu 8000000.iommu: 	128 context banks (0 stage-2 only)
[    0.185504] arm-smmu 8000000.iommu: 	Supported page sizes: 0x61311000
[    0.185505] arm-smmu 8000000.iommu: 	Stage-1: 48-bit VA -> 48-bit IPA
[    0.185506] arm-smmu 8000000.iommu: 	Stage-2: 48-bit IPA -> 48-bit PA
[    0.186470] arm-smmu 10000000.iommu: probing hardware configuration...
[    0.186474] arm-smmu 10000000.iommu: SMMUv2 with:
[    0.186477] arm-smmu 10000000.iommu: 	stage 1 translation
[    0.186479] arm-smmu 10000000.iommu: 	stage 2 translation
[    0.186480] arm-smmu 10000000.iommu: 	nested translation
[    0.186484] arm-smmu 10000000.iommu: 	stream matching with 128 register groups
[    0.186486] arm-smmu 10000000.iommu: 	128 context banks (0 stage-2 only)
[    0.186498] arm-smmu 10000000.iommu: 	Supported page sizes: 0x61311000
[    0.186499] arm-smmu 10000000.iommu: 	Stage-1: 48-bit VA -> 48-bit IPA
[    0.186500] arm-smmu 10000000.iommu: 	Stage-2: 48-bit IPA -> 48-bit PA
[    0.186844] arm-smmu 12000000.iommu: probing hardware configuration...
[    0.186848] arm-smmu 12000000.iommu: SMMUv2 with:
[    0.186849] arm-smmu 12000000.iommu: 	stage 1 translation
[    0.186851] arm-smmu 12000000.iommu: 	stage 2 translation
[    0.186852] arm-smmu 12000000.iommu: 	nested translation
[    0.186856] arm-smmu 12000000.iommu: 	stream matching with 128 register groups
[    0.186858] arm-smmu 12000000.iommu: 	128 context banks (0 stage-2 only)
[    0.186865] arm-smmu 12000000.iommu: 	Supported page sizes: 0x61311000
[    0.186866] arm-smmu 12000000.iommu: 	Stage-1: 48-bit VA -> 48-bit IPA
[    0.186869] arm-smmu 12000000.iommu: 	Stage-2: 48-bit IPA -> 48-bit PA
[    0.195191] loop: module loaded
[    0.196193] megasas: 07.727.03.00-rc1
[    0.200099] tun: Universal TUN/TAP device driver, 1.6
[    0.200692] thunder_xcv, ver 1.0
[    0.200722] thunder_bgx, ver 1.0
[    0.200751] nicpf, ver 1.0
[    0.201595] hns3: Hisilicon Ethernet Network Driver for Hip08 Family - version
[    0.201603] hns3: Copyright (c) 2017 Huawei Corporation.
[    0.201646] hclge is initializing
[    0.201675] e1000: Intel(R) PRO/1000 Network Driver
[    0.201680] e1000: Copyright (c) 1999-2006 Intel Corporation.
[    0.201715] e1000e: Intel(R) PRO/1000 Network Driver
[    0.201720] e1000e: Copyright(c) 1999 - 2015 Intel Corporation.
[    0.201749] igb: Intel(R) Gigabit Ethernet Network Driver
[    0.201757] igb: Copyright (c) 2007-2014 Intel Corporation.
[    0.201775] igbvf: Intel(R) Gigabit Virtual Function Network Driver
[    0.201780] igbvf: Copyright (c) 2009 - 2012 Intel Corporation.
[    0.201992] sky2: driver version 1.30
[    0.202642] VFIO - User Level meta-driver version: 0.3
[    0.204228] ehci_hcd: USB 2.0 'Enhanced' Host Controller (EHCI) Driver
[    0.204240] ehci-pci: EHCI PCI platform driver
[    0.204268] ehci-platform: EHCI generic platform driver
[    0.204337] ehci-orion: EHCI orion driver
[    0.204413] ehci-exynos: EHCI Exynos driver
[    0.204466] ohci_hcd: USB 1.1 'Open' Host Controller (OHCI) Driver
[    0.204485] ohci-pci: OHCI PCI platform driver
[    0.204516] ohci-platform: OHCI generic platform driver
[    0.204586] ohci-exynos: OHCI Exynos driver
[    0.205055] usbcore: registered new interface driver usb-storage
[    0.206871] i2c_dev: i2c /dev entries driver
[    0.208109] pps_ldisc: PPS line discipline registered
[    0.210539] device-mapper: ioctl: 4.45.0-ioctl (2021-03-22) initialised: dm-devel@redhat.com
[    0.212678] sdhci: Secure Digital Host Controller Interface driver
[    0.212687] sdhci: Copyright(c) Pierre Ossman
[    0.213112] Synopsys Designware Multimedia Card Interface Driver
[    0.213725] sdhci-pltfm: SDHCI platform and OF driver helper
[    0.214817] ledtrig-cpu: registered to indicate activity on CPUs
[    0.215731] SMCCC: SOC_ID: ID = jep106:036b:0234 Revision = 0x00000401
[    0.216312] tegra-bpmp bpmp: Adding to iommu group 0
[    0.217827] tegra-bpmp bpmp: firmware: 40c4ded2a7425760713a-68f126a8abf
[    0.383815] Freeing initrd memory: 15548K
[    1.721065] clocksource: tsc: mask: 0xffffffffffffff max_cycles: 0xe6a171046, max_idle_ns: 881590405314 ns
[    1.721094] clocksource: osc: mask: 0xffffffff max_cycles: 0xffffffff, max_idle_ns: 49772407460 ns
[    1.721100] clocksource: usec: mask: 0xffffffff max_cycles: 0xffffffff, max_idle_ns: 1911260446275 ns
[    1.721387] hid: raw HID events driver (C) Jiri Kosina
[    1.721758] usbcore: registered new interface driver usbhid
[    1.721762] usbhid: USB HID core driver
[    1.725414] optee: probing for conduit method.
[    1.725475] optee: revision 4.2 (5ef90dab)
[    1.784879] optee: dynamic shared memory is enabled
[    1.785139] optee: initialized driver
[    1.788039] usbcore: registered new interface driver snd-usb-audio
[    1.789548] NET: Registered PF_PACKET protocol family
[    1.789944] Bluetooth: RFCOMM TTY layer initialized
[    1.789953] Bluetooth: RFCOMM socket layer initialized
[    1.789966] Bluetooth: RFCOMM ver 1.11
[    1.790183] 9pnet: Installing 9P2000 support
[    1.790278] Key type dns_resolver registered
[    1.790754] printk: console [tty0]: printing thread started
[    1.790808] printk: console [ttyTCU0]: printing thread started
[    1.790880] Loading compiled-in X.509 certificates
[    1.794232] Loaded X.509 cert 'Build time autogenerated kernel key: d77ad5d0e7e5d02a2dc9cf8ec8dfa4a966aa85ba'
[    1.829817] tegra-gpcdma 2600000.dma-controller: Adding to iommu group 1
[    1.831926] tegra-gpcdma 2600000.dma-controller: GPC DMA driver register 31 channels
[    1.833595] 3100000.serial: ttyTHS1 at MMIO 0x3100000 (irq = 112, base_baud = 0) is a TEGRA_UART
[    1.834608] 3140000.serial: ttyTHS2 at MMIO 0x3140000 (irq = 113, base_baud = 0) is a TEGRA_UART
[    1.837313] tegra_rtc c2a0000.rtc: registered as rtc1
[    1.837323] tegra_rtc c2a0000.rtc: Tegra internal Real Time Clock
[    1.837733] tegra-i2c 3160000.i2c: Adding to iommu group 1
[    1.841274] tegra-i2c 3180000.i2c: Adding to iommu group 1
[    1.842893] tegra-i2c 31b0000.i2c: Adding to iommu group 1
[    1.844270] tegra-i2c c240000.i2c: Adding to iommu group 1
[    1.845613] i2c 1-0025: Fixing up cyclic dependency with 3520000.padctl
[    1.846117] tegra-i2c c250000.i2c: Adding to iommu group 1
[    1.848141] i2c i2c-2: Added multiplexed i2c bus 9
[    1.848147] i2c-mux-gpio bus@0:cam_i2cmux: 1 port mux on 3180000.i2c adapter
[    1.866287] cpufreq: cpufreq_online: CPU4: Running at unlisted initial frequency: 1994000 KHz, changing to: 1984000 KHz
[    1.868541] tegra-xusb 3610000.usb: Adding to iommu group 2
[    1.883300] tegra-xusb 3610000.usb: Firmware timestamp: 2023-02-10 03:48:10 UTC
[    1.883306] tegra-xusb 3610000.usb: xHCI Host Controller
[    1.883315] tegra-xusb 3610000.usb: new USB bus registered, assigned bus number 1
[    1.884033] tegra-xusb 3610000.usb: hcc params 0x0180ff05 hci version 0x120 quirks 0x0000000000010810
[    1.884052] tegra-xusb 3610000.usb: irq 123, io mem 0x03610000
[    1.884153] tegra-xusb 3610000.usb: xHCI Host Controller
[    1.884156] tegra-xusb 3610000.usb: new USB bus registered, assigned bus number 2
[    1.884159] tegra-xusb 3610000.usb: Host supports USB 3.1 Enhanced SuperSpeed
[    1.884601] hub 1-0:1.0: USB hub found
[    1.884622] hub 1-0:1.0: 4 ports detected
[    1.884886] hub 2-0:1.0: USB hub found
[    1.884897] hub 2-0:1.0: 4 ports detected
[    1.886412] irq: IRQ227: trimming hierarchy from :bus@0:pmc@c360000
[    1.886469] irq: IRQ228: trimming hierarchy from :bus@0:interrupt-controller@f400000-1
[    1.886535] input: gpio-keys as /devices/platform/gpio-keys/input/input0
[    1.887270] clk: Disabling unused clocks
[    1.927579] ALSA device list:
[    1.927583]   No soundcards found.
[    1.938922] Freeing unused kernel memory: 7744K
[    1.938995] Run /init as init process
[    1.938996]   with arguments:
[    1.938996]     /init
[    1.938997]   with environment:
[    1.938997]     HOME=/
[    1.938998]     TERM=linux
[    1.938998]     boot_profile=ov5647-dev
[    1.938999]     bl_prof_dataptr=2031616@0x471E10000
[    1.939000]     bl_prof_ro_ptr=65536@0x471E00000
[    1.953676] Checking overlayfs setting...
[    1.962858] Overlayfs is disabled...
[    1.969686] Root device found: PARTUUID=03f3e885-a6e9-47ba-b7e1-ccc5bf71a344
[    2.228616] usb 1-2: new high-speed USB device number 2 using tegra-xusb
[    2.409945] hub 1-2:1.0: USB hub found
[    2.411321] hub 1-2:1.0: 4 ports detected
[    2.526048] usb 2-1: new SuperSpeed Plus Gen 2x1 USB device number 2 using tegra-xusb
[    2.579311] hub 2-1:1.0: USB hub found
[    2.581721] hub 2-1:1.0: 4 ports detected
[    2.688616] usb 1-3: new full-speed USB device number 3 using tegra-xusb
[    3.136612] usb 1-2.4: new low-speed USB device number 4 using tegra-xusb
[    3.264489] input: Lenovo Lenovo Calliope USB Keyboard as /devices/platform/bus@0/3610000.usb/usb1/1-2/1-2.4/1-2.4:1.0/0003:17EF:608C.0001/input/input1
[    3.388678] hid-generic 0003:17EF:608C.0001: input,hidraw0: USB HID v1.11 Keyboard [Lenovo Lenovo Calliope USB Keyboard] on usb-3610000.usb-2.4/input0
[    3.395396] input: Lenovo Lenovo Calliope USB Keyboard System Control as /devices/platform/bus@0/3610000.usb/usb1/1-2/1-2.4/1-2.4:1.1/0003:17EF:608C.0002/input/input2
[    3.456665] input: Lenovo Lenovo Calliope USB Keyboard Consumer Control as /devices/platform/bus@0/3610000.usb/usb1/1-2/1-2.4/1-2.4:1.1/0003:17EF:608C.0002/input/input3
[    3.456719] hid-generic 0003:17EF:608C.0002: input,hidraw1: USB HID v1.11 Device [Lenovo Lenovo Calliope USB Keyboard] on usb-3610000.usb-2.4/input1
[    5.474176] tegra194-pcie 14100000.pcie: Adding to iommu group 3
[    5.475050] irq: IRQ229: trimming hierarchy from :bus@0:interrupt-controller@f400000-1
[    5.476084] tegra194-pcie 14100000.pcie: host bridge /bus@0/pcie@14100000 ranges:
[    5.476098] tegra194-pcie 14100000.pcie:      MEM 0x2080000000..0x20a7ffffff -> 0x2080000000
[    5.476104] tegra194-pcie 14100000.pcie:      MEM 0x20a8000000..0x20afffffff -> 0x0040000000
[    5.476107] tegra194-pcie 14100000.pcie:       IO 0x0030100000..0x00301fffff -> 0x0030100000
[    5.476416] tegra194-pcie 14100000.pcie: iATU unroll: enabled
[    5.476418] tegra194-pcie 14100000.pcie: Detected iATU regions: 8 outbound, 2 inbound
[    5.496793] tegra-xudc 3550000.usb: Adding to iommu group 4
[    5.584621] tegra194-pcie 14100000.pcie: Link up
[    5.587270] tegra194-pcie 14100000.pcie: Link up
[    5.587582] tegra194-pcie 14100000.pcie: PCI host bridge to bus 0001:00
[    5.587586] pci_bus 0001:00: root bus resource [bus 00-ff]
[    5.587590] pci_bus 0001:00: root bus resource [mem 0x2080000000-0x20a7ffffff pref]
[    5.587593] pci_bus 0001:00: root bus resource [mem 0x20a8000000-0x20afffffff] (bus address [0x40000000-0x47ffffff])
[    5.587595] pci_bus 0001:00: root bus resource [io  0x0000-0xfffff] (bus address [0x30100000-0x301fffff])
[    5.587649] pci 0001:00:00.0: [10de:229e] type 01 class 0x060400
[    5.587817] pci 0001:00:00.0: PME# supported from D0 D3hot
[    5.591080] pci 0001:01:00.0: [10ec:c822] type 00 class 0x028000
[    5.591613] pci 0001:01:00.0: reg 0x10: [io  0x0000-0x00ff]
[    5.591659] pci 0001:01:00.0: reg 0x18: [mem 0x20a8000000-0x20a800ffff 64bit]
[    5.592544] pci 0001:01:00.0: supports D1 D2
[    5.592546] pci 0001:01:00.0: PME# supported from D0 D1 D2 D3hot D3cold
[    5.607322] pci 0001:00:00.0: BAR 14: assigned [mem 0x20a8000000-0x20a80fffff]
[    5.607325] pci 0001:00:00.0: BAR 13: assigned [io  0x1000-0x1fff]
[    5.607329] pci 0001:01:00.0: BAR 2: assigned [mem 0x20a8000000-0x20a800ffff 64bit]
[    5.607431] pci 0001:01:00.0: BAR 0: assigned [io  0x1000-0x10ff]
[    5.607463] pci 0001:00:00.0: PCI bridge to [bus 01-ff]
[    5.607467] pci 0001:00:00.0:   bridge window [io  0x1000-0x1fff]
[    5.607471] pci 0001:00:00.0:   bridge window [mem 0x20a8000000-0x20a80fffff]
[    5.607492] pci 0001:00:00.0: Max Payload Size set to  256/ 256 (was  128), Max Read Rq  256
[    5.607639] pci 0001:01:00.0: Max Payload Size set to  128/ 128 (was  128), Max Read Rq  128
[    5.607736] pcieport 0001:00:00.0: Adding to iommu group 3
[    5.607833] pcieport 0001:00:00.0: PME: Signaling with IRQ 190
[    5.608140] pcieport 0001:00:00.0: AER: enabled with IRQ 190
[    5.608818] tegra194-pcie 14160000.pcie: Adding to iommu group 5
[    5.610401] tegra194-pcie 14160000.pcie: host bridge /bus@0/pcie@14160000 ranges:
[    5.610413] tegra194-pcie 14160000.pcie:      MEM 0x2140000000..0x2427ffffff -> 0x2140000000
[    5.610419] tegra194-pcie 14160000.pcie:      MEM 0x2428000000..0x242fffffff -> 0x0040000000
[    5.610422] tegra194-pcie 14160000.pcie:       IO 0x0036100000..0x00361fffff -> 0x0036100000
[    5.610720] tegra194-pcie 14160000.pcie: iATU unroll: enabled
[    5.610722] tegra194-pcie 14160000.pcie: Detected iATU regions: 8 outbound, 2 inbound
[    5.716890] tegra194-pcie 14160000.pcie: Link up
[    5.718838] tegra194-pcie 14160000.pcie: Link up
[    5.718919] tegra194-pcie 14160000.pcie: PCI host bridge to bus 0004:00
[    5.718922] pci_bus 0004:00: root bus resource [bus 00-ff]
[    5.718925] pci_bus 0004:00: root bus resource [mem 0x2140000000-0x2427ffffff pref]
[    5.718927] pci_bus 0004:00: root bus resource [mem 0x2428000000-0x242fffffff] (bus address [0x40000000-0x47ffffff])
[    5.718930] pci_bus 0004:00: root bus resource [io  0x100000-0x1fffff] (bus address [0x36100000-0x361fffff])
[    5.718973] pci 0004:00:00.0: [10de:229c] type 01 class 0x060400
[    5.719118] pci 0004:00:00.0: PME# supported from D0 D3hot
[    5.722433] pci 0004:01:00.0: [4321:2263] type 00 class 0x010802
[    5.722898] pci 0004:01:00.0: reg 0x10: [mem 0x00000000-0x00003fff 64bit]
[    5.735282] pci 0004:00:00.0: BAR 14: assigned [mem 0x2428000000-0x24280fffff]
[    5.735287] pci 0004:01:00.0: BAR 0: assigned [mem 0x2428000000-0x2428003fff 64bit]
[    5.735374] pci 0004:00:00.0: PCI bridge to [bus 01-ff]
[    5.735378] pci 0004:00:00.0:   bridge window [mem 0x2428000000-0x24280fffff]
[    5.735397] pci 0004:00:00.0: Max Payload Size set to  256/ 256 (was  128), Max Read Rq  256
[    5.735522] pci 0004:01:00.0: Max Payload Size set to  128/ 128 (was  128), Max Read Rq  128
[    5.735616] pcieport 0004:00:00.0: Adding to iommu group 5
[    5.735705] pcieport 0004:00:00.0: PME: Signaling with IRQ 192
[    5.735814] pcieport 0004:00:00.0: AER: enabled with IRQ 192
[    5.735987] nvme 0004:01:00.0: Adding to iommu group 5
[    5.736170] nvme nvme0: pci function 0004:01:00.0
[    5.736409] nvme 0004:01:00.0: enabling device (0000 -> 0002)
[    5.736795] tegra194-pcie 141e0000.pcie: Adding to iommu group 6
[    5.737962] tegra194-pcie 141e0000.pcie: host bridge /bus@0/pcie@141e0000 ranges:
[    5.737974] tegra194-pcie 141e0000.pcie:      MEM 0x3000000000..0x3227ffffff -> 0x3000000000
[    5.737980] tegra194-pcie 141e0000.pcie:      MEM 0x3228000000..0x322fffffff -> 0x0040000000
[    5.737984] tegra194-pcie 141e0000.pcie:       IO 0x003e100000..0x003e1fffff -> 0x003e100000
[    5.738289] tegra194-pcie 141e0000.pcie: iATU unroll: enabled
[    5.738291] tegra194-pcie 141e0000.pcie: Detected iATU regions: 8 outbound, 2 inbound
[    5.754725] nvme nvme0: allocated 64 MiB host memory buffer.
[    5.772871] nvme nvme0: 8/0/0 default/read/poll queues
[    5.780912]  nvme0n1: p1 p2 p3 p4 p5 p6 p7 p8 p9 p10 p11 p12 p13 p14 p15
[    6.204445] EXT4-fs (nvme0n1p1): 2 orphan inodes deleted
[    6.204455] EXT4-fs (nvme0n1p1): recovery complete
[    6.208892] EXT4-fs (nvme0n1p1): mounted filesystem with ordered data mode. Opts: (null). Quota mode: none.
[    6.215519] Rootfs mounted over PARTUUID=03f3e885-a6e9-47ba-b7e1-ccc5bf71a344
[    6.223257] Switching from initrd to actual rootfs
[    6.272084] systemd[1]: System time before build time, advancing clock.
[    6.290944] NET: Registered PF_INET6 protocol family
[    6.291735] Segment Routing with IPv6
[    6.291742] In-situ OAM (IOAM) with IPv6
[    6.305231] systemd[1]: systemd 249.11-0ubuntu3.17 running in system mode (+PAM +AUDIT +SELINUX +APPARMOR +IMA +SMACK +SECCOMP +GCRYPT +GNUTLS +OPENSSL +ACL +BLKID +CURL +ELFUTILS +FIDO2 +IDN2 -IDN +IPTC +KMOD +LIBCRYPTSETUP +LIBFDISK +PCRE2 -PWQUALITY -P11KIT -QRENCODE +BZIP2 +LZ4 +XZ +ZLIB +ZSTD -XKBCOMMON +UTMP +SYSVINIT default-hierarchy=unified)
[    6.305602] systemd[1]: Detected architecture arm64.
[    6.306817] systemd[1]: Hostname set to <cam-desktop>.
[    6.314418] systemd[1]: Using hardware watchdog 'NVIDIA Tegra186 WDT', version 0, device /dev/watchdog
[    6.314435] systemd[1]: Set hardware watchdog to 2min.
[    6.457268] systemd[1]: /lib/systemd/system/snapd.service:23: Unknown key name 'RestartMode' in section 'Service', ignoring.
[    6.468031] systemd[1]: /etc/systemd/system/nvs-service.service:41: Standard output type syslog is obsolete, automatically updating to journal. Please update your unit file, and consider removing the setting altogether.
[    6.470895] systemd[1]: /etc/systemd/system/nvargus-daemon.service:42: Standard output type syslog is obsolete, automatically updating to journal. Please update your unit file, and consider removing the setting altogether.
[    6.530914] systemd[1]: Queued start job for default target Graphical Interface.
[    6.532489] systemd[1]: Created slice Slice /system/modprobe.
[    6.533120] systemd[1]: Created slice Slice /system/openvpn.
[    6.534266] systemd[1]: Created slice Slice /system/serial-getty.
[    6.534684] systemd[1]: Created slice Slice /system/systemd-fsck.
[    6.535025] systemd[1]: Created slice User and Session Slice.
[    6.535196] systemd[1]: Started Forward Password Requests to Wall Directory Watch.
[    6.535557] systemd[1]: Set up automount Arbitrary Executable File Formats File System Automount Point.
[    6.535723] systemd[1]: Reached target Slice Units.
[    6.535782] systemd[1]: Reached target Mounting snaps.
[    6.535841] systemd[1]: Reached target Swaps.
[    6.535899] systemd[1]: Reached target Local Verity Protected Volumes.
[    6.536047] systemd[1]: Listening on Device-mapper event daemon FIFOs.
[    6.536275] systemd[1]: Listening on LVM2 poll daemon socket.
[    6.541538] systemd[1]: Listening on RPCbind Server Activation Socket.
[    6.541946] systemd[1]: Listening on Syslog Socket.
[    6.542170] systemd[1]: Listening on fsck to fsckd communication Socket.
[    6.542321] systemd[1]: Listening on initctl Compatibility Named Pipe.
[    6.542660] systemd[1]: Listening on Journal Audit Socket.
[    6.542840] systemd[1]: Listening on Journal Socket (/dev/log).
[    6.543067] systemd[1]: Listening on Journal Socket.
[    6.543359] systemd[1]: Listening on udev Control Socket.
[    6.543531] systemd[1]: Listening on udev Kernel Socket.
[    6.544587] systemd[1]: Mounting Huge Pages File System...
[    6.565715] systemd[1]: Mounting POSIX Message Queue File System...
[    6.593431] systemd[1]: Mounting Kernel Debug File System...
[    6.594654] systemd[1]: Mounting Kernel Trace File System...
[    6.597526] systemd[1]: Starting Journal Service...
[    6.608909] systemd[1]: Finished Availability of block devices.
[    6.611294] systemd[1]: Starting Set the console keyboard layout...
[    6.612811] systemd[1]: Starting Create List of Static Device Nodes...
[    6.629229] systemd[1]: Starting Monitoring of LVM2 mirrors, snapshots etc. using dmeventd or progress polling...
[    6.630698] systemd[1]: Starting Load Kernel Module configfs...
[    6.632146] systemd[1]: Starting Load Kernel Module drm...
[    6.633681] systemd[1]: Starting Load Kernel Module efi_pstore...
[    6.657182] systemd[1]: Starting Load Kernel Module fuse...
[    6.658550] systemd[1]: Starting NVIDIA specific first-boot udev script...
[    6.659821] systemd[1]: Started Nameserver information manager.
[    6.660121] systemd[1]: Reached target Preparation for Network.
[    6.660396] systemd[1]: Condition check resulted in File System Check on Root Device being skipped.
[    6.663103] systemd[1]: Starting Load Kernel Modules...
[    6.664324] fuse: init (API version 7.34)
[    6.670146] nvsciipc: loading out-of-tree module taints kernel.
[    6.671072] nvsciipc: loaded module
[    6.676368] nvmap_heap_init: nvmap_heap_init: created heap block cache
[    6.676854] nvmap_page_pool_init: Total RAM pages: 4004596
[    6.676858] nvmap_page_pool_init: nvmap page pool size: 500574 pages (1955 MB)
[    6.676922] nvmap_background_zero_thread: PP zeroing thread starting.
[    6.683248] tegra-host1x 13e00000.host1x: Adding to iommu group 7
[    6.684453] host1x-context host1x-ctx.0: Adding to iommu group 8
[    6.684566] host1x-context host1x-ctx.1: Adding to iommu group 9
[    6.684673] host1x-context host1x-ctx.2: Adding to iommu group 10
[    6.684766] host1x-context host1x-ctx.3: Adding to iommu group 11
[    6.684857] host1x-context host1x-ctx.4: Adding to iommu group 12
[    6.684949] host1x-context host1x-ctx.5: Adding to iommu group 13
[    6.685040] host1x-context host1x-ctx.6: Adding to iommu group 14
[    6.685137] host1x-context host1x-ctx.7: Adding to iommu group 15
[    6.685228] host1x-context host1x-ctx.8: Adding to iommu group 16
[    6.685320] host1x-context host1x-ctx.9: Adding to iommu group 17
[    6.685411] host1x-context host1x-ctx.10: Adding to iommu group 18
[    6.685500] host1x-context host1x-ctx.11: Adding to iommu group 19
[    6.685587] host1x-context host1x-ctx.12: Adding to iommu group 20
[    6.685680] host1x-context host1x-ctx.13: Adding to iommu group 21
[    6.685774] host1x-context host1x-ctx.14: Adding to iommu group 22
[    6.685862] host1x-context host1x-ctx.15: Adding to iommu group 23
[    6.693894] platform 13e00000.host1x:nvcsi@15a00000: Fixing up cyclic dependency with 9-0036
[    6.693913] platform 13e00000.host1x:nvcsi@15a00000: Fixing up cyclic dependency with tegra-capture-vi
[    6.700677] systemd[1]: Starting Remount Root and Kernel File Systems...
[    6.707797] EXT4-fs (nvme0n1p1): re-mounted. Opts: (null). Quota mode: none.
[    6.730836] nvgpu: 17000000.gpu          nvgpu_nvhost_syncpt_init:122  [INFO]  syncpt_unit_base 60000000 syncpt_unit_size 4000000 size 10000

[    6.735478] systemd[1]: Starting Coldplug All udev Devices...
[    6.791401] systemd[1]: Mounted Huge Pages File System.
[    6.836620] tegra194-pcie 141e0000.pcie: Phy link never came up
[    6.838930] systemd[1]: Mounted POSIX Message Queue File System.
[    6.900717] systemd[1]: Mounted Kernel Debug File System.
[    6.912171] systemd[1]: Mounted Kernel Trace File System.
[    6.912699] systemd[1]: Finished Set the console keyboard layout.
[    6.924044] systemd[1]: Finished Create List of Static Device Nodes.
[    6.924410] systemd[1]: modprobe@configfs.service: Deactivated successfully.
[    6.924736] systemd[1]: Finished Load Kernel Module configfs.
[    6.943262] systemd[1]: modprobe@drm.service: Deactivated successfully.
[    6.943526] systemd[1]: Finished Load Kernel Module drm.
[    6.943895] systemd[1]: modprobe@efi_pstore.service: Deactivated successfully.
[    6.944155] systemd[1]: Finished Load Kernel Module efi_pstore.
[    6.944524] systemd[1]: modprobe@fuse.service: Deactivated successfully.
[    6.944815] systemd[1]: Finished Load Kernel Module fuse.
[    6.945337] systemd[1]: Finished NVIDIA specific first-boot udev script.
[    6.988384] systemd[1]: Finished Load Kernel Modules.
[    6.988866] systemd[1]: Finished Remount Root and Kernel File Systems.
[    7.001711] systemd[1]: Mounting FUSE Control File System...
[    7.002817] systemd[1]: Mounting Kernel Configuration File System...
[    7.005201] systemd[1]: Starting OP-TEE Client Supplicant...
[    7.017143] systemd[1]: Condition check resulted in Platform Persistent Storage Archival being skipped.
[    7.018560] systemd[1]: Starting Load/Save Random Seed...
[    7.019808] systemd[1]: Starting Apply Kernel Variables...
[    7.021146] systemd[1]: Starting Create System Users...
[    7.046325] systemd[1]: Mounted FUSE Control File System.
[    7.046563] systemd[1]: Mounted Kernel Configuration File System.
[    7.047061] systemd[1]: Finished Load/Save Random Seed.
[    7.047595] systemd[1]: Finished Apply Kernel Variables.
[    7.047978] systemd[1]: Condition check resulted in First Boot Complete being skipped.
[    7.051797] systemd[1]: Finished Create System Users.
[    7.053451] systemd[1]: Starting Create Static Device Nodes in /dev...
[    7.063112] systemd[1]: Finished Create Static Device Nodes in /dev.
[    7.065475] systemd[1]: Starting Rule-based Manager for Device Events and Files...
[    7.118720] systemd[1]: Started Rule-based Manager for Device Events and Files.
[    7.181616] mc: Linux media interface: v0.10
[    7.188539] tegra-se 15820000.crypto: Adding to iommu group 24
[    7.189195] scare-pigeon 13e00000.host1x:vi0-thi@15f00000: Adding to iommu group 25
[    7.191387] scare-pigeon 13e00000.host1x:vi0-thi@15f00000: syncpt_unit_base 60000000 syncpt_unit_size 4000000 size 10000
[    7.193014] videodev: Linux video capture interface: v2.00
[    7.200040] tegra-se 15840000.crypto: Adding to iommu group 26
[    7.205066] scare-pigeon 13e00000.host1x:vi1-thi@14f00000: Adding to iommu group 27
[    7.205112] tegra-soc-hwpm f100000.hwpm: Adding to iommu group 28
[    7.206500] scare-pigeon 13e00000.host1x:vi1-thi@14f00000: syncpt_unit_base 60000000 syncpt_unit_size 4000000 size 10000
[    7.223862] scare-pigeon 13e00000.host1x:isp-thi@14b00000: Adding to iommu group 29
[    7.233583] scare-pigeon 13e00000.host1x:isp-thi@14b00000: syncpt_unit_base 60000000 syncpt_unit_size 4000000 size 10000
[    7.478246] pva 16000000.pva0: Adding to iommu group 30
[    7.484284] pva_iommu_context_dev 16000000.pva0:pva0_niso1_ctx0: Adding to iommu group 31
[    7.484585] pva_iommu_context_dev 16000000.pva0:pva0_niso1_ctx0: initialized (streamid=18, iommu=smmu.0x0000000008000000)
[    7.489814] nvdla 15880000.nvdla0: Adding to iommu group 32
[    7.490065] systemd[1]: Started OP-TEE Client Supplicant.
[    7.493653] pva_iommu_context_dev 16000000.pva0:pva0_niso1_ctx1: Adding to iommu group 33
[    7.494407] pva_iommu_context_dev 16000000.pva0:pva0_niso1_ctx1: initialized (streamid=19, iommu=smmu.0x0000000008000000)
[    7.495006] Inserting ivc_ext.ko module
[    7.495604] nvdla 15880000.nvdla0: syncpt_unit_base 60000000 syncpt_unit_size 4000000 size 10000
[    7.495790] tegra-vic 15340000.vic: Adding to iommu group 34
[    7.510429] nvdla 158c0000.nvdla1: Adding to iommu group 35
[    7.513967] pva_iommu_context_dev 16000000.pva0:pva0_niso1_ctx2: Adding to iommu group 36
[    7.515255] pva_iommu_context_dev 16000000.pva0:pva0_niso1_ctx2: initialized (streamid=20, iommu=smmu.0x0000000008000000)
[    7.520190] nvdla 158c0000.nvdla1: syncpt_unit_base 60000000 syncpt_unit_size 4000000 size 10000
[    7.523794] pva_iommu_context_dev 16000000.pva0:pva0_niso1_ctx3: Adding to iommu group 37
[    7.525210] pva_iommu_context_dev 16000000.pva0:pva0_niso1_ctx3: initialized (streamid=21, iommu=smmu.0x0000000008000000)
[    7.526047] tegra-nvdec 15480000.nvdec: Adding to iommu group 38
[    7.532170] pva_iommu_context_dev 16000000.pva0:pva0_niso1_ctx4: Adding to iommu group 39
[    7.536894] pva_iommu_context_dev 16000000.pva0:pva0_niso1_ctx4: initialized (streamid=22, iommu=smmu.0x0000000008000000)
[    7.539659] tegra186-cam-rtcpu bc00000.rtcpu: Adding to iommu group 40
[    7.540690] tegra186-cam-rtcpu bc00000.rtcpu: Trace buffer configured at IOVA=0xbff00000
[    7.541137] pva_iommu_context_dev 16000000.pva0:pva0_niso1_ctx5: Adding to iommu group 41
[    7.541498] pva_iommu_context_dev 16000000.pva0:pva0_niso1_ctx5: initialized (streamid=23, iommu=smmu.0x0000000008000000)
[    7.545482] tegra-nvenc 154c0000.nvenc: Adding to iommu group 42
[    7.549282] pva_iommu_context_dev 16000000.pva0:pva0_niso1_ctx6: Adding to iommu group 43
[    7.549430] pva_iommu_context_dev 16000000.pva0:pva0_niso1_ctx6: initialized (streamid=24, iommu=smmu.0x0000000008000000)
[    7.550128] pva_iommu_context_dev 16000000.pva0:pva0_niso1_ctx7: Adding to iommu group 44
[    7.550210] pva_iommu_context_dev 16000000.pva0:pva0_niso1_ctx7: initialized (streamid=25, iommu=smmu.0x0000000008000000)
[    7.550239] pva 16000000.pva0: pdata->version is HW_GEN2
[    7.553487] tegra-ivc-bus bc00000.rtcpu:ivc-bus: region 0: iova=0xbfec0000-0xbfee027f size=131712
[    7.553941] tegra-ivc-bus bc00000.rtcpu:ivc-bus:echo@0: echo: ver=0 grp=1 RX[16x64]=0x1000-0x1480 TX[16x64]=0x1480-0x1900
[    7.554210] tegra-nvjpg 15380000.nvjpg: Adding to iommu group 45
[    7.554433] tegra-ivc-bus bc00000.rtcpu:ivc-bus:dbg@1: dbg: ver=0 grp=1 RX[1x512]=0x1900-0x1b80 TX[1x512]=0x1b80-0x1e00
[    7.554469] tegra-ivc-bus bc00000.rtcpu:ivc-bus:dbg@2: dbg: ver=0 grp=1 RX[1x8192]=0x1e00-0x3e80 TX[1x8192]=0x3e80-0x5f00
[    7.555455] pva 16000000.pva0: Completed nvhost_client_device_init
[    7.557184] tegra-ivc-bus bc00000.rtcpu:ivc-bus:ivccontrol@3: ivccontrol: ver=0 grp=1 RX[64x320]=0x5f00-0xaf80 TX[64x320]=0xaf80-0x10000
[    7.557769] pva 16000000.pva0: syncpt_unit_base 60000000 syncpt_unit_size 4000000 size 10000
[    7.558183] tegra-ivc-bus bc00000.rtcpu:ivc-bus:ivccapture@4: ivccapture: ver=0 grp=1 RX[512x64]=0x10000-0x18080 TX[512x64]=0x18080-0x20100
[    7.558468] tegra-ivc-bus bc00000.rtcpu:ivc-bus:diag@5: diag: ver=0 grp=1 RX[1x64]=0x20100-0x201c0 TX[1x64]=0x201c0-0x20280
[    7.558783] tegra186-cam-rtcpu bc00000.rtcpu: using cam RTCPU IRQ (218)
[    7.558787] tegra186-cam-rtcpu bc00000.rtcpu: tegra_camrtc_mon_create is successful
[    7.560122] tegra186-cam-rtcpu bc00000.rtcpu: firmware version cpu=rce cmd=6 sha1=04ea869968864dcb132a50cad9712bd529a09ee2
[    7.560252] tegra-ivc-bus bc00000.rtcpu:ivc-bus:echo@0: ivc channel driver missing
[    7.560256] tegra-ivc-bus bc00000.rtcpu:ivc-bus:dbg@1: ivc channel driver missing
[    7.560258] tegra-ivc-bus bc00000.rtcpu:ivc-bus:dbg@2: ivc channel driver missing
[    7.560260] tegra-ivc-bus bc00000.rtcpu:ivc-bus:ivccontrol@3: ivc channel driver missing
[    7.560263] tegra-ivc-bus bc00000.rtcpu:ivc-bus:ivccapture@4: ivc channel driver missing
[    7.560265] tegra-ivc-bus bc00000.rtcpu:ivc-bus:diag@5: ivc channel driver missing
[    7.560270] tegra-hsp b950000.tegra-hsp: Try increasing MBOX_TX_QUEUE_LEN
[    7.560277] tegra-hsp b950000.tegra-hsp: Try increasing MBOX_TX_QUEUE_LEN
[    7.564228] tegra-nvjpg 15540000.nvjpg: Adding to iommu group 46
[    7.575021] tegra-ofa 15a50000.ofa: Adding to iommu group 47
[    7.577584] [drm] Initialized tegra 1.0.99 20120330 for drm on minor 0
[    7.577602] drm drm: [drm] Cannot find any crtc or sizes
[    7.592744] tegra194-isp5 14800000.isp: Adding to iommu group 29
[    7.600444] tegra194-vi5 13e00000.host1x:vi0@15c00000: Adding to iommu group 25
[    7.600641] [RCE] TCU debug prints will be routed to traces.
[    7.601447] tegra-camrtc-capture-vi tegra-capture-vi: subdev 13e00000.host1x:nvcsi@15a00000- bound
[    7.602372] tegra194-vi5 13e00000.host1x:vi1@14c00000: Adding to iommu group 27
[    7.602532] (NULL device *): fops function table already registered
[    7.828630] tegra194-pcie 141e0000.pcie: Phy link never came up
[    7.828746] tegra194-pcie 141e0000.pcie: PCI host bridge to bus 0007:00
[    7.828750] pci_bus 0007:00: root bus resource [bus 00-ff]
[    7.828754] pci_bus 0007:00: root bus resource [mem 0x3000000000-0x3227ffffff pref]
[    7.828756] pci_bus 0007:00: root bus resource [mem 0x3228000000-0x322fffffff] (bus address [0x40000000-0x47ffffff])
[    7.828759] pci_bus 0007:00: root bus resource [io  0x200000-0x2fffff] (bus address [0x3e100000-0x3e1fffff])
[    7.828808] pci 0007:00:00.0: [10de:229a] type 01 class 0x060400
[    7.828958] pci 0007:00:00.0: PME# supported from D0 D3hot
[    7.834922] pci 0007:00:00.0: PCI bridge to [bus 01-ff]
[    7.834950] pci 0007:00:00.0: Max Payload Size set to  256/ 256 (was  128), Max Read Rq  256
[    7.835104] pcieport 0007:00:00.0: Adding to iommu group 6
[    7.835228] pcieport 0007:00:00.0: PME: Signaling with IRQ 194
[    7.835846] pcieport 0007:00:00.0: AER: enabled with IRQ 194
[    7.836098] pci_bus 0007:01: busn_res: [bus 01-ff] is released
[    7.836230] pci 0007:00:00.0: Removing from iommu group 6
[    7.836243] pci_bus 0007:00: busn_res: [bus 00-ff] is released
[    7.840077] tegra194-pcie 140a0000.pcie: Adding to iommu group 48
[    7.942548] tegra-dce d800000.dce: Adding to iommu group 49
[    7.942997] dce: dce_ipc_channel_init:311  Invalid Channel State [0x0] for ch_type [2]
[    7.943264] dce: tegra_dce_probe:247  Found display consumer device
[    7.943761] dce: dce_mailbox_set_full_interrupt:157  Intr bit set multiple times for MB : [0x5]
[    7.943768] dce: dce_mailbox_set_full_interrupt:157  Intr bit set multiple times for MB : [0x5]
[    7.944036] dce: dce_admin_send_cmd_ver:456  version : [0x3] err : [0x0]
[    7.944256] dce: dce_mailbox_set_full_interrupt:157  Intr bit set multiple times for MB : [0x1]
[    7.944263] dce: dce_admin_setup_clients_ipc:585  Channel Reset Complete for Type [1] ...
[    7.944264] dce: dce_admin_setup_clients_ipc:561  Get queue info failed for [2]
[    7.944465] dce: dce_mailbox_set_full_interrupt:157  Intr bit set multiple times for MB : [0x2]
[    7.944472] dce: dce_admin_setup_clients_ipc:585  Channel Reset Complete for Type [3] ...
[    7.945436] dce: dce_start_boot_flow:166  DCE_BOOT_DONE
[    7.949166] tegra194-pcie 140a0000.pcie: host bridge /bus@0/pcie@140a0000 ranges:
[    7.949197] tegra194-pcie 140a0000.pcie:      MEM 0x3240000000..0x3527ffffff -> 0x3240000000
[    7.949205] tegra194-pcie 140a0000.pcie:      MEM 0x3528000000..0x352fffffff -> 0x0040000000
[    7.949213] tegra194-pcie 140a0000.pcie:       IO 0x002a100000..0x002a1fffff -> 0x002a100000
[    7.949535] tegra194-pcie 140a0000.pcie: iATU unroll: enabled
[    7.949538] tegra194-pcie 140a0000.pcie: Detected iATU regions: 8 outbound, 2 inbound
[    7.964245] nvvrs_pseq 4-003c: NVVRS Vendor ID: 0x9
[    7.967904] nvvrs_pseq 4-003c: NVVRS Model Rev: 0x82
[    7.975049] nvvrs_pseq 4-003c: NVVRS PSEQ probe successful
[    7.983430] nv_platform 13800000.display: Adding to iommu group 50
[    7.990916] platform 13800000.display:nvdisplay-niso: Adding to iommu group 51
[    7.994101] systemd[1]: Finished Coldplug All udev Devices.
[    7.994543] systemd[1]: Condition check resulted in Show Plymouth Boot Screen being skipped.
[    7.994703] systemd[1]: Started Dispatch Password Requests to Console Directory Watch.
[    7.994790] systemd[1]: Condition check resulted in Forward Password Requests to Plymouth Directory Watch being skipped.
[    7.994815] systemd[1]: Reached target Local Encrypted Volumes.
[    8.060624] tegra194-pcie 140a0000.pcie: Link up
[    8.062067] tegra194-pcie 140a0000.pcie: Link up
[    8.062162] tegra194-pcie 140a0000.pcie: PCI host bridge to bus 0008:00
[    8.062166] pci_bus 0008:00: root bus resource [bus 00-ff]
[    8.062170] pci_bus 0008:00: root bus resource [mem 0x3240000000-0x3527ffffff pref]
[    8.062172] pci_bus 0008:00: root bus resource [mem 0x3528000000-0x352fffffff] (bus address [0x40000000-0x47ffffff])
[    8.062174] pci_bus 0008:00: root bus resource [io  0x300000-0x3fffff] (bus address [0x2a100000-0x2a1fffff])
[    8.062222] pci 0008:00:00.0: [10de:229c] type 01 class 0x060400
[    8.062376] pci 0008:00:00.0: PME# supported from D0 D3hot
[    8.066086] pci 0008:01:00.0: [10ec:8168] type 00 class 0x020000
[    8.066566] pci 0008:01:00.0: reg 0x10: [io  0x0000-0x00ff]
[    8.066607] pci 0008:01:00.0: reg 0x18: [mem 0x00000000-0x00000fff 64bit]
[    8.066634] pci 0008:01:00.0: reg 0x20: [mem 0x00000000-0x00003fff 64bit]
[    8.067558] pci 0008:01:00.0: supports D1 D2
[    8.067560] pci 0008:01:00.0: PME# supported from D0 D1 D2 D3hot D3cold
[    8.083319] pci 0008:00:00.0: BAR 14: assigned [mem 0x3528000000-0x35280fffff]
[    8.083323] pci 0008:00:00.0: BAR 13: assigned [io  0x300000-0x300fff]
[    8.083327] pci 0008:01:00.0: BAR 4: assigned [mem 0x3528000000-0x3528003fff 64bit]
[    8.083420] pci 0008:01:00.0: BAR 2: assigned [mem 0x3528004000-0x3528004fff 64bit]
[    8.083511] pci 0008:01:00.0: BAR 0: assigned [io  0x300000-0x3000ff]
[    8.083539] pci 0008:00:00.0: PCI bridge to [bus 01-ff]
[    8.083543] pci 0008:00:00.0:   bridge window [io  0x300000-0x300fff]
[    8.083547] pci 0008:00:00.0:   bridge window [mem 0x3528000000-0x35280fffff]
[    8.083566] pci 0008:00:00.0: Max Payload Size set to  256/ 256 (was  128), Max Read Rq  256
[    8.083698] pci 0008:01:00.0: Max Payload Size set to  128/ 128 (was  128), Max Read Rq  128
[    8.083836] pcieport 0008:00:00.0: Adding to iommu group 48
[    8.083946] pcieport 0008:00:00.0: PME: Signaling with IRQ 188
[    8.084062] pcieport 0008:00:00.0: AER: enabled with IRQ 188
[    8.093284] systemd[1]: Started Journal Service.
[    8.106642] systemd-journald[268]: Received client request to flush runtime journal.
[    8.120376] cfg80211: Loading compiled-in X.509 certificates for regulatory database
[    8.120951] cfg80211: Loaded X.509 cert 'sforshee: 00b28ddf47aef9cea7'
[    8.121140] cfg80211: Loaded X.509 cert 'wens: 61c038651aabdcf94bd0ac7ff06c7248db18c600'
[    8.137078] spi-tegra114 3210000.spi: Adding to iommu group 1
[    8.145423] at24 0-0050: 256 byte 24c02 EEPROM, read-only
[    8.146455] at24 0-0057: 256 byte 24c02 EEPROM, read-only
[    8.187708] tegra-hda 3510000.hda: Adding to iommu group 52
[    8.189790] spi-tegra114 3230000.spi: Adding to iommu group 1
[    8.222651] rtl88x2ce 0001:01:00.0: Adding to iommu group 3
[    8.223485] rtl88x2ce 0001:01:00.0: enabling device (0000 -> 0003)
[    8.306571] tegra234-aon c000000.aon: Adding to iommu group 53
[    8.307097]  c000000.aon:hsp: probed
[    8.307219] tegra234-aon c000000.aon: init done
[    8.313651] input: NVIDIA Jetson Orin NX HDA HDMI/DP,pcm=3 as /devices/platform/bus@0/3510000.hda/sound/card0/input4
[    8.338674] input: NVIDIA Jetson Orin NX HDA HDMI/DP,pcm=7 as /devices/platform/bus@0/3510000.hda/sound/card0/input5
[    8.343039] thermal-trip-event cpu-throttle-alert: cooling device registered.
[    8.344266] input: NVIDIA Jetson Orin NX HDA HDMI/DP,pcm=8 as /devices/platform/bus@0/3510000.hda/sound/card0/input6
[    8.344637] input: NVIDIA Jetson Orin NX HDA HDMI/DP,pcm=9 as /devices/platform/bus@0/3510000.hda/sound/card0/input7
[    8.353033] thermal-trip-event gpu-throttle-alert: cooling device registered.
[    8.353080] irq: IRQ255: trimming hierarchy from :bus@0:pmc@c360000
[    8.353576] fusb301 1-0025: device id: 0x12
[    8.356357] gic 2a41000.interrupt-controller: GIC IRQ controller registered
[    8.356500] thermal-trip-event cv0-throttle-alert: cooling device registered.
[    8.357141] tegra-aconnect bus@0:aconnect@2900000: Tegra ACONNECT bus registered
[    8.358450] thermal-trip-event cv1-throttle-alert: cooling device registered.
[    8.380816] thermal-trip-event cv2-throttle-alert: cooling device registered.
[    8.393557] thermal-trip-event soc0-throttle-alert: cooling device registered.
[    8.400054] thermal-trip-event soc1-throttle-alert: cooling device registered.
[    8.411500] CAN device driver interface
[    8.411558] fusb301 1-0025: toggle_time(0) is not updated
[    8.411905] fusb301 1-0025: fusb301_set_mode: mode (32)(32)
[    8.412243] fusb301 1-0025: fusb301_detach: type[0x00] chipstate[0x01]
[    8.412247] fusb301 1-0025: fusb_update_state: 1
[    8.414015] fusb301 1-0025: mode[0x20], host_cur[0x02], dttime[0x00]
[    8.415663] thermal-trip-event soc2-throttle-alert: cooling device registered.
[    8.428521] thermal-trip-event hot-surface-alert: cooling device registered.
[    8.429562] TT CAN feature is not supported
[    8.430110] 	 Message RAM Configuration
               	| base addr   |0x0c312000|
               	| sidfc_flssa |0x00000000|
               	| xidfc_flesa |0x00000040|
               	| rxf0c_f0sa  |0x000000c0|
               	| rxf1c_f1sa  |0x000009c0|
               	| rxbc_rbsa   |0x000009c0|
               	| txefc_efsa  |0x000009c0|
               	| txbc_tbsa   |0x00000a40|
               	| tmc_tmsa    |0x00000ec0|
               	| mram size   |0x00001000|
[    8.431586] Release 3.2.3 from 09.06.2018
[    8.468642] net can0: mttcan device registered (regs=0000000041b438b7, irq=200)
[    8.503425] usbcore: registered new interface driver btusb
[    8.505057] Bluetooth: hci0: RTL: examining hci_ver=0a hci_rev=000c lmp_ver=0a lmp_subver=8822
[    8.506744] Bluetooth: hci0: RTL: rom_version status=0 version=3
[    8.506754] Bluetooth: hci0: RTL: loading rtl_bt/rtl8822cu_fw.bin
[    8.507386] Bluetooth: hci0: RTL: loading rtl_bt/rtl8822cu_config.bin
[    8.507590] Bluetooth: hci0: RTL: cfg_sz 6, total sz 35086
[    8.511482] rtk_btusb: Realtek Bluetooth USB driver ver 3.1.65ab490.20240531-141726
[    8.511487] rtk_btcoex: rtk_btcoex_init: version: 1.2
[    8.511489] rtk_btcoex: create workqueue
[    8.511597] rtk_btcoex: alloc buffers 1792, 2432 for ev and l2
[    8.512110] usbcore: registered new interface driver rtk_btusb
[    8.522594] nvvrs-pseq-rtc nvvrs-pseq-rtc: registered as rtc0
[    8.523668] nvvrs-pseq-rtc nvvrs-pseq-rtc: setting system clock to 2026-04-20T08:58:59 UTC (1776675539)
[    8.570292] loop0: detected capacity change from 0 to 8
[    8.573044] loop1: detected capacity change from 0 to 373072
[    8.577796] loop2: detected capacity change from 0 to 141232
[    8.579945] loop3: detected capacity change from 0 to 126776
[    8.581628] fusb301 1-0025: fusb301_work_handler: int_sts[0x05]
[    8.582205] fusb301 1-0025: sts[0x2f], type[0x08]
[    8.582210] fusb301 1-0025: fusb_update_state: 6
[    8.584071] loop4: detected capacity change from 0 to 95512
[    8.586699] loop5: detected capacity change from 0 to 1132440
[    8.589778] loop6: detected capacity change from 0 to 187776
[    8.592891] loop7: detected capacity change from 0 to 357512
[    8.594437] loop8: detected capacity change from 0 to 85664
[    8.655152] r8168 0008:01:00.0: Adding to iommu group 48
[    8.656888] r8168 Gigabit Ethernet driver 8.053.00-NAPI loaded
[    8.656965] r8168 0008:01:00.0: enabling device (0000 -> 0003)
[    8.659928] rtl88x2ce 0001:01:00.0 wlP1p1s0: renamed from wlan0
[    8.686487] r8168: This product is covered by one or more of the following patents: US6,570,884, US6,115,776, and US6,327,625.
[    8.688542] r8168  Copyright (C) 2024 Realtek NIC software team <nicfae@realtek.com> 
                This program comes with ABSOLUTELY NO WARRANTY; for details, please see <http://www.gnu.org/licenses/>. 
                This is free software, and you are welcome to redistribute it under certain conditions; see <http://www.gnu.org/licenses/>. 
[    8.744847] r8168 0008:01:00.0 enP8p1s0: renamed from eth0
[    8.757007] tegra-adma 2930000.dma-controller: Tegra210 ADMA driver registered 32 channels
[    8.855958] tegra210-admaif 290f000.admaif: Adding to iommu group 54
[    9.011720] Bluetooth: hci0: RTL: fw version 0x19b76d7d
[   10.849185] using random self ethernet address
[   10.849194] using random host ethernet address
[   10.883570] loop9: detected capacity change from 0 to 32768
[   10.891311] Bluetooth: BNEP (Ethernet Emulation) ver 1.3
[   10.891319] Bluetooth: BNEP filters: protocol multicast
[   10.891332] Bluetooth: BNEP socket layer initialized
[   10.900028] NET: Registered PF_ALG protocol family
[   10.937853] nv_nvsciipc_init.sh[923]: found /dev/nvsciipc
[   10.966397] nvsciipc: set_db start
[   10.966427] nvsciipc: set_db done
[   11.060965] IRQ230: set affinity failed(-22).
[   11.060999] IRQ253: set affinity failed(-22).
[   11.062106] psci: CPU4 killed (polled 0 ms)
[   11.070143] enP8p1s0: 0xffff80000901d000, 3c:6d:66:0d:53:d9, IRQ 256
[   11.148960] IRQ230: set affinity failed(-22).
[   11.148993] IRQ253: set affinity failed(-22).
[   11.148996] IRQ256: set affinity failed(-22).
[   11.150066] psci: CPU5 killed (polled 0 ms)
[   11.180863] Mass Storage Function, version: 2009/09/11
[   11.180870] LUN: removable file: (no medium)
[   11.213041] IRQ230: set affinity failed(-22).
[   11.213076] IRQ253: set affinity failed(-22).
[   11.213080] IRQ256: set affinity failed(-22).
[   11.214168] psci: CPU6 killed (polled 0 ms)
[   11.237674] using random self ethernet address
[   11.237681] using random host ethernet address
[   11.289920] IRQ230: set affinity failed(-22).
[   11.290027] IRQ253: set affinity failed(-22).
[   11.291272] psci: CPU7 killed (polled 0 ms)
[   11.349552] pstore: Using crash dump compression: deflate
[   11.350553] printk: console [ramoops-1]: printing thread started
[   11.350569] printk: console [ramoops-1] enabled
[   11.350571] pstore: Registered ramoops as persistent store backend
[   11.350572] ramoops: using 0x200000@0x4725f0000, ecc: 0
[   11.496828] bridge: filtering via arp/ip/ip6tables is no longer available by default. Update your scripts to load br_netfilter if you need this.
[   11.500550] usb0: HOST MAC c2:d6:da:8f:db:b0
[   11.500559] usb0: MAC c2:d6:da:8f:db:b1
[   11.502415] usb1: HOST MAC c2:d6:da:8f:db:b2
[   11.502423] usb1: MAC c2:d6:da:8f:db:b3
[   11.502448] tegra-xudc 3550000.usb: EP 0 (type: ctrl, dir: out) enabled
[   11.506983] nvgpu: 17000000.gpu                  gk20a_scale_init:541  [INFO]  enabled scaling for GPU

[   11.512456] l4tbr0: port 1(usb0) entered blocking state
[   11.512476] l4tbr0: port 1(usb0) entered disabled state
[   11.512711] device usb0 entered promiscuous mode
[   11.559199] l4tbr0: port 2(usb1) entered blocking state
[   11.559224] l4tbr0: port 2(usb1) entered disabled state
[   11.559404] device usb1 entered promiscuous mode
[   11.614651] loop9: detected capacity change from 0 to 32768
[   11.671441] zram: Added device: zram0
[   11.677228] zram: Added device: zram1
[   11.687713] zram: Added device: zram2
[   11.692464] zram: Added device: zram3
[   11.772776] zram0: detected capacity change from 0 to 4004600
[   11.787733] Adding 2002296k swap on /dev/zram0.  Priority:5 extents:1 across:2002296k SS
[   11.794016] zram1: detected capacity change from 0 to 4004600
[   11.803106] Adding 2002296k swap on /dev/zram1.  Priority:5 extents:1 across:2002296k SS
[   11.807753] zram2: detected capacity change from 0 to 4004600
[   11.818056] Adding 2002296k swap on /dev/zram2.  Priority:5 extents:1 across:2002296k SS
[   11.823036] zram3: detected capacity change from 0 to 4004600
[   11.835520] Adding 2002296k swap on /dev/zram3.  Priority:5 extents:1 across:2002296k SS
[   12.029421] tegra-xudc 3550000.usb: EP 5 (type: intr, dir: in) enabled
[   12.029442] tegra-xudc 3550000.usb: EP 3 (type: bulk, dir: in) enabled
[   12.029454] tegra-xudc 3550000.usb: EP 2 (type: bulk, dir: out) enabled
[   12.029502] IPv6: ADDRCONF(NETDEV_CHANGE): usb0: link becomes ready
[   12.029528] tegra-xudc 3550000.usb: EP 9 (type: intr, dir: in) enabled
[   12.029542] tegra-xudc 3550000.usb: EP 7 (type: bulk, dir: in) enabled
[   12.029554] tegra-xudc 3550000.usb: EP 4 (type: bulk, dir: out) enabled
[   12.029585] tegra-xudc 3550000.usb: EP 15 (type: intr, dir: in) enabled
[   12.029601] tegra-xudc 3550000.usb: EP 11 (type: bulk, dir: in) enabled
[   12.029620] tegra-xudc 3550000.usb: EP 6 (type: bulk, dir: out) enabled
[   12.037410] tegra-xudc 3550000.usb: EP 13 (type: bulk, dir: in) enabled
[   12.037430] tegra-xudc 3550000.usb: EP 8 (type: bulk, dir: out) enabled
[   12.037489] IPv6: ADDRCONF(NETDEV_CHANGE): usb1: link becomes ready
[   12.039534] tegra-xudc 3550000.usb: ep 13 disabled
[   12.039622] tegra-xudc 3550000.usb: ep 8 disabled
[   12.059415] tegra-xudc 3550000.usb: EP 13 (type: bulk, dir: in) enabled
[   12.059437] tegra-xudc 3550000.usb: EP 8 (type: bulk, dir: out) enabled
[   13.924880] l4tbr0: port 2(usb1) entered blocking state
[   13.924892] l4tbr0: port 2(usb1) entered forwarding state
[   13.924960] l4tbr0: port 1(usb0) entered blocking state
[   13.924964] l4tbr0: port 1(usb0) entered forwarding state
[   13.936188] IPv6: ADDRCONF(NETDEV_CHANGE): l4tbr0: link becomes ready
[   14.122527] nvidia-modeset: Loading NVIDIA UNIX Open Kernel Mode Setting Driver for aarch64  540.5.0  Release Build  (buildbrain@239549d1-8639-491a-b9e7-120e21430986-l1eu-vqrkv)  Thu Jan 15 19:36:45 PST 2026
[   14.133890] [drm] [nvidia-drm] [GPU ID 0x00020000] Loading driver
[   14.420752] NVRM rpcRmApiControl_dce: NVRM_RPC_DCE: Failed RM ctrl call cmd:0x731341 result 0xffff:
[   14.421838] NVRM rpcRmApiControl_dce: NVRM_RPC_DCE: Failed RM ctrl call cmd:0x730282 result 0x1f:
[   14.474205] [drm] Initialized nvidia-drm 0.0.0 20160202 for 13800000.display on minor 1
[   14.554957] Console: switching to colour frame buffer device 240x67
[   14.554980] nv_platform 13800000.display: [drm] fb0: nvidia-drmdrmfb frame buffer device
[   15.845977] ACK 04 d4
[   15.846838] ACK 04 d4
[   15.848898] ACK 04 d4
[   15.851327] IPv6: ADDRCONF(NETDEV_CHANGE): wlP1p1s0: link becomes ready
[   18.911667] rfkill: input handler disabled
[   18.949886] loop10: detected capacity change from 0 to 8
[   23.029355] audit: type=1326 audit(1776675554.004:2): auid=4294967295 uid=0 gid=0 ses=4294967295 subj=kernel pid=2552 comm="cupsd" exe="/snap/cups/1184/sbin/cupsd" sig=0 arch=c00000b7 syscall=55 compat=0 ip=0xffff869dce0c code=0x50000
[   23.180776] audit: type=1326 audit(1776675554.156:3): auid=4294967295 uid=0 gid=0 ses=4294967295 subj=kernel pid=2552 comm="cupsd" exe="/snap/cups/1184/sbin/cupsd" sig=0 arch=c00000b7 syscall=55 compat=0 ip=0xffff869dce0c code=0x50000
[   23.217666] audit: type=1326 audit(1776675554.192:4): auid=4294967295 uid=0 gid=0 ses=4294967295 subj=kernel pid=2483 comm="cups-browsed" exe="/snap/cups/1184/sbin/cups-browsed" sig=0 arch=c00000b7 syscall=274 compat=0 ip=0xffffbe765b68 code=0x50000
