[2026-04-21T09:00:55Z] CMD: bash -lc dmesg 2>&1 || true
[    0.000000] Booting Linux on physical CPU 0x0000000000 [0x410fd421]
[    0.000000] Linux version 5.15.185-tegra (buildbrain@239549d1-8639-491a-b9e7-120e21430986-l1eu-vqrkv) (aarch64-buildroot-linux-gnu-gcc.br_real (Buildroot 2022.08) 11.3.0, GNU ld (GNU Binutils) 2.38) #1 SMP PREEMPT Thu Jan 15 19:24:38 PST 2026 ()
[    0.000000] Machine model: NVIDIA Jetson Orin NX Engineering Reference Developer Kit
[    0.000000] efi: EFI v2.70 by EDK II
[    0.000000] efi: RTPROP=0x46de1e698 TPMFinalLog=0x45e8f0000 SMBIOS=0xffff0000 SMBIOS 3.0=0x46da40000 MEMATTR=0x467efe018 ESRT=0x468420518 TPMEventLog=0x45e0cc018 RNG=0x45e900018 MEMRESERVE=0x45e901f98 
[    0.000000] random: crng init done
[    0.000000] secureboot: Secure boot disabled
[    0.000000] esrt: Reserving ESRT space from 0x0000000468420518 to 0x0000000468420550.
[    0.000000] Reserved memory: created CMA memory pool at 0x0000000449000000, size 256 MiB
[    0.000000] OF: reserved mem: initialized node linux,cma, compatible id shared-dma-pool
[    0.000000] NUMA: No NUMA configuration found
[    0.000000] NUMA: Faking a node at [mem 0x0000000080000000-0x0000000477ffffff]
[    0.000000] NUMA: NODE_DATA [mem 0x4702fa800-0x4702fcfff]
[    0.000000] Zone ranges:
[    0.000000]   DMA      [mem 0x0000000080000000-0x00000000ffffffff]
[    0.000000]   DMA32    empty
[    0.000000]   Normal   [mem 0x0000000100000000-0x0000000477ffffff]
[    0.000000] Movable zone start for each node
[    0.000000] Early memory node ranges
[    0.000000]   node   0: [mem 0x0000000080000000-0x00000000bdffffff]
[    0.000000]   node   0: [mem 0x00000000c2000000-0x00000000fffdffff]
[    0.000000]   node   0: [mem 0x00000000fffe0000-0x00000000ffffffff]
[    0.000000]   node   0: [mem 0x0000000100000000-0x000000045d48ffff]
[    0.000000]   node   0: [mem 0x000000045d490000-0x000000045e0bffff]
[    0.000000]   node   0: [mem 0x000000045e0c0000-0x000000045e0effff]
[    0.000000]   node   0: [mem 0x000000045e0f0000-0x000000045e0fffff]
[    0.000000]   node   0: [mem 0x000000045e100000-0x000000045e14ffff]
[    0.000000]   node   0: [mem 0x000000045e150000-0x000000045e30ffff]
[    0.000000]   node   0: [mem 0x000000045e310000-0x000000045e8effff]
[    0.000000]   node   0: [mem 0x000000045e8f0000-0x000000045e8fffff]
[    0.000000]   node   0: [mem 0x000000045e900000-0x000000046bedffff]
[    0.000000]   node   0: [mem 0x000000046bee0000-0x000000046de1ffff]
[    0.000000]   node   0: [mem 0x000000046de20000-0x0000000471dfffff]
[    0.000000]   node   0: [mem 0x0000000471e00000-0x0000000471ffffff]
[    0.000000]   node   0: [mem 0x0000000472000000-0x000000047259ffff]
[    0.000000]   node   0: [mem 0x0000000476000000-0x0000000477ffffff]
[    0.000000] mminit::pageflags_layout_widths Section 0 Node 4 Zone 2 Lastcpupid 16 Kasantag 0 Flags 24
[    0.000000] mminit::pageflags_layout_shifts Section 21 Node 4 Zone 2 Lastcpupid 16 Kasantag 0
[    0.000000] mminit::pageflags_layout_pgshifts Section 0 Node 60 Zone 58 Lastcpupid 42 Kasantag 0
[    0.000000] mminit::pageflags_layout_nodezoneid Node/Zone ID: 64 -> 58
[    0.000000] mminit::pageflags_layout_usage location: 64 -> 42 layout 42 -> 24 unused 24 -> 0 page-flags
[    0.000000] Initmem setup node 0 [mem 0x0000000080000000-0x0000000477ffffff]
[    0.000000] mminit::memmap_init Initialising map node 0 zone 0 pfns 524288 -> 1048576
[    0.000000] mminit::memmap_init Initialising map node 0 zone 2 pfns 1048576 -> 4685824
[    0.000000] On node 0, zone DMA: 16384 pages in unavailable ranges
[    0.000000] On node 0, zone Normal: 14944 pages in unavailable ranges
[    0.000000] psci: probing for conduit method from DT.
[    0.000000] psci: PSCIv1.1 detected in firmware.
[    0.000000] psci: Using standard PSCI v0.2 function IDs
[    0.000000] psci: Trusted OS migration not required
[    0.000000] psci: SMC Calling Convention v1.2
[    0.000000] percpu: Embedded 30 pages/cpu s83480 r8192 d31208 u122880
[    0.000000] pcpu-alloc: s83480 r8192 d31208 u122880 alloc=30*4096
[    0.000000] pcpu-alloc: [0] 0 [0] 1 [0] 2 [0] 3 [0] 4 [0] 5 [0] 6 [0] 7 
[    0.000000] Detected PIPT I-cache on CPU0
[    0.000000] CPU features: detected: Address authentication (architected algorithm)
[    0.000000] CPU features: detected: GIC system register CPU interface
[    0.000000] CPU features: detected: Virtualization Host Extensions
[    0.000000] CPU features: detected: Hardware dirty bit management
[    0.000000] CPU features: detected: Spectre-v4
[    0.000000] CPU features: detected: Spectre-BHB
[    0.000000] CPU features: kernel page table isolation forced ON by KASLR
[    0.000000] CPU features: detected: Kernel page table isolation (KPTI)
[    0.000000] alternatives: patching kernel code
[    0.000000] mminit::zonelist general 0:DMA = 0:DMA 
[    0.000000] mminit::zonelist general 0:Normal = 0:Normal 0:DMA 
[    0.000000] mminit::zonelist thisnode 0:DMA = 0:DMA 
[    0.000000] mminit::zonelist thisnode 0:Normal = 0:Normal 0:DMA 
[    0.000000] Built 1 zonelists, mobility grouping on.  Total pages: 4065184
[    0.000000] Policy zone: Normal
[    0.000000] Kernel command line: root=PARTUUID=03f3e885-a6e9-47ba-b7e1-ccc5bf71a344 rw rootwait rootfstype=ext4 mminit_loglevel=4 console=ttyTCU0,115200 firmware_class.path=/etc/firmware fbcon=map:0 video=efifb:off console=tty0 efi=runtime pci=pcie_bus_perf nvme.use_threaded_interrupts=1 boot_profile=ov5647-dev bl_prof_dataptr=2031616@0x471E10000 bl_prof_ro_ptr=65536@0x471E00000 
[    0.000000] Unknown kernel command line parameters "boot_profile=ov5647-dev bl_prof_dataptr=2031616@0x471E10000 bl_prof_ro_ptr=65536@0x471E00000", will be passed to user space.
[    0.000000] Dentry cache hash table entries: 2097152 (order: 12, 16777216 bytes, linear)
[    0.000000] Inode-cache hash table entries: 1048576 (order: 11, 8388608 bytes, linear)
[    0.000000] mem auto-init: stack:off, heap alloc:off, heap free:off
[    0.000000] software IO TLB: mapped [mem 0x00000000fbfe0000-0x00000000fffe0000] (64MB)
[    0.000000] Memory: 15732944K/16520832K available (20480K kernel code, 4086K rwdata, 10172K rodata, 7744K init, 529K bss, 525744K reserved, 262144K cma-reserved)
[    0.000000] SLUB: HWalign=64, Order=0-3, MinObjects=0, CPUs=8, Nodes=1
[    0.000000] trace event string verifier disabled
[    0.000000] rcu: Preemptible hierarchical RCU implementation.
[    0.000000] rcu: 	RCU event tracing is enabled.
[    0.000000] rcu: 	RCU restricting CPUs from NR_CPUS=256 to nr_cpu_ids=8.
[    0.000000] 	Trampoline variant of Tasks RCU enabled.
[    0.000000] 	Rude variant of Tasks RCU enabled.
[    0.000000] 	Tracing variant of Tasks RCU enabled.
[    0.000000] rcu: RCU calculated value of scheduler-enlistment delay is 25 jiffies.
[    0.000000] rcu: Adjusting geometry for rcu_fanout_leaf=16, nr_cpu_ids=8
[    0.000000] NR_IRQS: 64, nr_irqs: 64, preallocated irqs: 0
[    0.000000] GICv3: GIC: Using split EOI/Deactivate mode
[    0.000000] GICv3: 960 SPIs implemented
[    0.000000] GICv3: 0 Extended SPIs implemented
[    0.000000] GICv3: Distributor has no Range Selector support
[    0.000000] Root IRQ handler: gic_handle_irq
[    0.000000] GICv3: 16 PPIs implemented
[    0.000000] GICv3: CPU0: found redistributor 0 region 0:0x000000000f440000
[    0.000000] arch_timer: cp15 timer(s) running at 31.25MHz (phys).
[    0.000000] clocksource: arch_sys_counter: mask: 0xffffffffffffff max_cycles: 0xe6a171046, max_idle_ns: 881590405314 ns
[    0.000000] sched_clock: 56 bits at 31MHz, resolution 32ns, wraps every 4398046511088ns
[    0.000343] Console: colour dummy device 80x25
[    0.000350] printk: console [tty0] enabled
[    0.000393] Calibrating delay loop (skipped), value calculated using timer frequency.. 62.50 BogoMIPS (lpj=125000)
[    0.000399] pid_max: default: 32768 minimum: 301
[    0.000428] LSM: Security Framework initializing
[    0.000445] Yama: becoming mindful.
[    0.000456] SELinux:  Initializing.
[    0.000523] Mount-cache hash table entries: 32768 (order: 6, 262144 bytes, linear)
[    0.000543] Mountpoint-cache hash table entries: 32768 (order: 6, 262144 bytes, linear)
[    0.001399] rcu: Hierarchical SRCU implementation.
[    0.003581] Tegra Revision: A01 SKU: 211 CPU Process: 0 SoC Process: 0
[    0.003839] Remapping and enabling EFI services.
[    0.004845] smp: Bringing up secondary CPUs ...
[    0.005211] Detected PIPT I-cache on CPU1
[    0.005241] GICv3: CPU1: found redistributor 100 region 0:0x000000000f460000
[    0.005266] CPU1: Booted secondary processor 0x0000000100 [0x410fd421]
[    0.005619] Detected PIPT I-cache on CPU2
[    0.005632] GICv3: CPU2: found redistributor 200 region 0:0x000000000f480000
[    0.005645] CPU2: Booted secondary processor 0x0000000200 [0x410fd421]
[    0.005957] Detected PIPT I-cache on CPU3
[    0.005967] GICv3: CPU3: found redistributor 300 region 0:0x000000000f4a0000
[    0.005978] CPU3: Booted secondary processor 0x0000000300 [0x410fd421]
[    0.008268] Detected PIPT I-cache on CPU4
[    0.008290] GICv3: CPU4: found redistributor 10000 region 0:0x000000000f4c0000
[    0.008311] CPU4: Booted secondary processor 0x0000010000 [0x410fd421]
[    0.008674] Detected PIPT I-cache on CPU5
[    0.008684] GICv3: CPU5: found redistributor 10100 region 0:0x000000000f4e0000
[    0.008696] CPU5: Booted secondary processor 0x0000010100 [0x410fd421]
[    0.009022] Detected PIPT I-cache on CPU6
[    0.009032] GICv3: CPU6: found redistributor 10200 region 0:0x000000000f500000
[    0.009044] CPU6: Booted secondary processor 0x0000010200 [0x410fd421]
[    0.009378] Detected PIPT I-cache on CPU7
[    0.009388] GICv3: CPU7: found redistributor 10300 region 0:0x000000000f520000
[    0.009400] CPU7: Booted secondary processor 0x0000010300 [0x410fd421]
[    0.009444] smp: Brought up 1 node, 8 CPUs
[    0.009447] SMP: Total of 8 processors activated.
[    0.009449] CPU features: detected: 32-bit EL0 Support
[    0.009450] CPU features: detected: Data cache clean to the PoU not required for I/D coherence
[    0.009452] CPU features: detected: Common not Private translations
[    0.009453] CPU features: detected: CRC32 instructions
[    0.009454] CPU features: detected: Data cache clean to Point of Persistence
[    0.009455] CPU features: detected: Generic authentication (architected algorithm)
[    0.009456] CPU features: detected: RCpc load-acquire (LDAPR)
[    0.009456] CPU features: detected: LSE atomic instructions
[    0.009457] CPU features: detected: Privileged Access Never
[    0.009458] CPU features: detected: RAS Extension Support
[    0.009460] CPU features: detected: Speculative Store Bypassing Safe (SSBS)
[    0.036716] CPU: All CPU(s) started at EL2
[    0.038390] devtmpfs: initialized
[    0.049747] KASLR enabled
[    0.049839] clocksource: jiffies: mask: 0xffffffff max_cycles: 0xffffffff, max_idle_ns: 7645041785100000 ns
[    0.049850] futex hash table entries: 2048 (order: 5, 131072 bytes, linear)
[    0.051994] pinctrl core: initialized pinctrl subsystem
[    0.052513] SMBIOS 3.6.0 present.
[    0.052521] DMI: NVIDIA NVIDIA Jetson Orin NX Engineering Reference Developer Kit/Jetson, BIOS 36.5.0-gcid-43688277 01/16/2026
[    0.052809] NET: Registered PF_NETLINK/PF_ROUTE protocol family
[    0.053991] DMA: preallocated 2048 KiB GFP_KERNEL pool for atomic allocations
[    0.054120] DMA: preallocated 2048 KiB GFP_KERNEL|GFP_DMA pool for atomic allocations
[    0.054238] DMA: preallocated 2048 KiB GFP_KERNEL|GFP_DMA32 pool for atomic allocations
[    0.054273] audit: initializing netlink subsys (disabled)
[    0.054362] audit: type=2000 audit(0.052:1): state=initialized audit_enabled=0 res=1
[    0.055423] thermal_sys: Registered thermal governor 'step_wise'
[    0.055426] thermal_sys: Registered thermal governor 'user_space'
[    0.055428] thermal_sys: Registered thermal governor 'power_allocator'
[    0.057435] cpuidle: using governor menu
[    0.057568] hw-breakpoint: found 6 breakpoint and 4 watchpoint registers.
[    0.057649] ASID allocator initialised with 32768 entries
[    0.058760] Serial: AMBA PL011 UART driver
[    0.067163] 31d0000.serial: ttyAMA0 at MMIO 0x31d0000 (irq = 117, base_baud = 0) is a SBSA
[    0.074925] platform bpmp: Fixing up cyclic dependency with 2c60000.external-memory-controller
[    0.081610] HugeTLB registered 1.00 GiB page size, pre-allocated 0 pages
[    0.081616] HugeTLB registered 32.0 MiB page size, pre-allocated 0 pages
[    0.081617] HugeTLB registered 2.00 MiB page size, pre-allocated 0 pages
[    0.081618] HugeTLB registered 64.0 KiB page size, pre-allocated 0 pages
[    0.082253] cryptd: max_cpu_qlen set to 1000
[    0.083544] ACPI: Interpreter disabled.
[    0.084430] VDD_1V8_AO: supplied by VDD_5V0_SYS
[    0.084513] VDD_3V3_AO: supplied by VDD_5V0_SYS
[    0.084665] VDD_AV10_HUB: supplied by VDD_5V0_SYS
[    0.084973] iommu: Default domain type: Translated 
[    0.084976] iommu: DMA domain TLB invalidation policy: strict mode 
[    0.085147] SCSI subsystem initialized
[    0.085200] libata version 3.00 loaded.
[    0.085252] vgaarb: loaded
[    0.085346] usbcore: registered new interface driver usbfs
[    0.085360] usbcore: registered new interface driver hub
[    0.085369] usbcore: registered new device driver usb
[    0.085683] pps_core: LinuxPPS API ver. 1 registered
[    0.085685] pps_core: Software ver. 5.3.6 - Copyright 2005-2007 Rodolfo Giometti <giometti@linux.it>
[    0.085691] PTP clock support registered
[    0.085740] EDAC MC: Ver: 3.0.0
[    0.086406] Registered efivars operations
[    0.086801] FPGA manager framework
[    0.086837] Advanced Linux Sound Architecture Driver Initialized.
[    0.087118] Bluetooth: Core ver 2.22
[    0.087135] NET: Registered PF_BLUETOOTH protocol family
[    0.087137] Bluetooth: HCI device and connection manager initialized
[    0.087142] Bluetooth: HCI socket layer initialized
[    0.087146] Bluetooth: L2CAP socket layer initialized
[    0.087153] Bluetooth: SCO socket layer initialized
[    0.087427] clocksource: Switched to clocksource arch_sys_counter
[    0.115157] VFS: Disk quotas dquot_6.6.0
[    0.115203] VFS: Dquot-cache hash table entries: 512 (order 0, 4096 bytes)
[    0.115467] pnp: PnP ACPI: disabled
[    0.118830] NET: Registered PF_INET protocol family
[    0.119463] IP idents hash table entries: 262144 (order: 9, 2097152 bytes, linear)
[    0.121898] tcp_listen_portaddr_hash hash table entries: 8192 (order: 5, 131072 bytes, linear)
[    0.122089] Table-perturb hash table entries: 65536 (order: 6, 262144 bytes, linear)
[    0.122114] TCP established hash table entries: 131072 (order: 8, 1048576 bytes, linear)
[    0.122536] TCP bind hash table entries: 65536 (order: 8, 1048576 bytes, linear)
[    0.123977] TCP: Hash tables configured (established 131072 bind 65536)
[    0.124179] UDP hash table entries: 8192 (order: 6, 262144 bytes, linear)
[    0.124347] UDP-Lite hash table entries: 8192 (order: 6, 262144 bytes, linear)
[    0.124709] NET: Registered PF_UNIX/PF_LOCAL protocol family
[    0.125164] RPC: Registered named UNIX socket transport module.
[    0.125168] RPC: Registered udp transport module.
[    0.125170] RPC: Registered tcp transport module.
[    0.125171] RPC: Registered tcp NFSv4.1 backchannel transport module.
[    0.125188] PCI: CLS 0 bytes, default 64
[    0.125420] Unpacking initramfs...
[    0.132491] hw perfevents: enabled with armv8_cortex_a78 PMU driver, 7 counters available
[    0.132826] kvm [1]: IPA Size Limit: 48 bits
[    0.132866] kvm [1]: GICv3: no GICV resource entry
[    0.132873] kvm [1]: disabling GICv2 emulation
[    0.132904] kvm [1]: GIC system register CPU interface enabled
[    0.132997] kvm [1]: vgic interrupt IRQ9
[    0.133173] kvm [1]: VHE mode initialized successfully
[    0.136639] Initialise system trusted keyrings
[    0.136680] Key type blacklist registered
[    0.136768] workingset: timestamp_bits=42 max_order=22 bucket_order=0
[    0.140622] squashfs: version 4.0 (2009/01/31) Phillip Lougher
[    0.141169] NFS: Registering the id_resolver key type
[    0.141192] Key type id_resolver registered
[    0.141194] Key type id_legacy registered
[    0.141245] nfs4filelayout_init: NFSv4 File Layout Driver Registering...
[    0.141258] nfs4flexfilelayout_init: NFSv4 Flexfile Layout Driver Registering...
[    0.141283] ntfs: driver 2.1.32 [Flags: R/O].
[    0.141524] 9p: Installing v9fs 9p2000 file system support
[    0.142252] integrity: Platform Keyring initialized
[    0.153599] Key type asymmetric registered
[    0.153605] Asymmetric key parser 'x509' registered
[    0.153689] Block layer SCSI generic (bsg) driver version 0.4 loaded (major 245)
[    0.153699] io scheduler mq-deadline registered
[    0.153707] io scheduler kyber registered
[    0.163971] EINJ: ACPI disabled.
[    0.176421] Serial: 8250/16550 driver, 4 ports, IRQ sharing enabled
[    0.178277] SuperH (H)SCI(F) driver initialized
[    0.178630] msm_serial: driver initialized
[    0.179344] printk: console [ttyTCU0] enabled
[    0.180303] arm-smmu 8000000.iommu: probing hardware configuration...
[    0.180311] arm-smmu 8000000.iommu: SMMUv2 with:
[    0.180318] arm-smmu 8000000.iommu: 	stage 1 translation
[    0.180320] arm-smmu 8000000.iommu: 	stage 2 translation
[    0.180323] arm-smmu 8000000.iommu: 	nested translation
[    0.180328] arm-smmu 8000000.iommu: 	stream matching with 128 register groups
[    0.180334] arm-smmu 8000000.iommu: 	128 context banks (0 stage-2 only)
[    0.180357] arm-smmu 8000000.iommu: 	Supported page sizes: 0x61311000
[    0.180359] arm-smmu 8000000.iommu: 	Stage-1: 48-bit VA -> 48-bit IPA
[    0.180363] arm-smmu 8000000.iommu: 	Stage-2: 48-bit IPA -> 48-bit PA
[    0.181356] arm-smmu 10000000.iommu: probing hardware configuration...
[    0.181360] arm-smmu 10000000.iommu: SMMUv2 with:
[    0.181362] arm-smmu 10000000.iommu: 	stage 1 translation
[    0.181363] arm-smmu 10000000.iommu: 	stage 2 translation
[    0.181364] arm-smmu 10000000.iommu: 	nested translation
[    0.181367] arm-smmu 10000000.iommu: 	stream matching with 128 register groups
[    0.181369] arm-smmu 10000000.iommu: 	128 context banks (0 stage-2 only)
[    0.181377] arm-smmu 10000000.iommu: 	Supported page sizes: 0x61311000
[    0.181380] arm-smmu 10000000.iommu: 	Stage-1: 48-bit VA -> 48-bit IPA
[    0.181382] arm-smmu 10000000.iommu: 	Stage-2: 48-bit IPA -> 48-bit PA
[    0.181737] arm-smmu 12000000.iommu: probing hardware configuration...
[    0.181743] arm-smmu 12000000.iommu: SMMUv2 with:
[    0.181744] arm-smmu 12000000.iommu: 	stage 1 translation
[    0.181745] arm-smmu 12000000.iommu: 	stage 2 translation
[    0.181746] arm-smmu 12000000.iommu: 	nested translation
[    0.181748] arm-smmu 12000000.iommu: 	stream matching with 128 register groups
[    0.181750] arm-smmu 12000000.iommu: 	128 context banks (0 stage-2 only)
[    0.181754] arm-smmu 12000000.iommu: 	Supported page sizes: 0x61311000
[    0.181757] arm-smmu 12000000.iommu: 	Stage-1: 48-bit VA -> 48-bit IPA
[    0.181758] arm-smmu 12000000.iommu: 	Stage-2: 48-bit IPA -> 48-bit PA
[    0.190465] loop: module loaded
[    0.191364] megasas: 07.727.03.00-rc1
[    0.195404] tun: Universal TUN/TAP device driver, 1.6
[    0.195985] thunder_xcv, ver 1.0
[    0.196017] thunder_bgx, ver 1.0
[    0.196042] nicpf, ver 1.0
[    0.196896] hns3: Hisilicon Ethernet Network Driver for Hip08 Family - version
[    0.196902] hns3: Copyright (c) 2017 Huawei Corporation.
[    0.196948] hclge is initializing
[    0.196976] e1000: Intel(R) PRO/1000 Network Driver
[    0.196981] e1000: Copyright (c) 1999-2006 Intel Corporation.
[    0.197015] e1000e: Intel(R) PRO/1000 Network Driver
[    0.197021] e1000e: Copyright(c) 1999 - 2015 Intel Corporation.
[    0.197050] igb: Intel(R) Gigabit Ethernet Network Driver
[    0.197057] igb: Copyright (c) 2007-2014 Intel Corporation.
[    0.197075] igbvf: Intel(R) Gigabit Virtual Function Network Driver
[    0.197081] igbvf: Copyright (c) 2009 - 2012 Intel Corporation.
[    0.197296] sky2: driver version 1.30
[    0.197962] VFIO - User Level meta-driver version: 0.3
[    0.199498] ehci_hcd: USB 2.0 'Enhanced' Host Controller (EHCI) Driver
[    0.199508] ehci-pci: EHCI PCI platform driver
[    0.199534] ehci-platform: EHCI generic platform driver
[    0.199608] ehci-orion: EHCI orion driver
[    0.199670] ehci-exynos: EHCI Exynos driver
[    0.199721] ohci_hcd: USB 1.1 'Open' Host Controller (OHCI) Driver
[    0.199746] ohci-pci: OHCI PCI platform driver
[    0.199782] ohci-platform: OHCI generic platform driver
[    0.199874] ohci-exynos: OHCI Exynos driver
[    0.200293] usbcore: registered new interface driver usb-storage
[    0.202191] i2c_dev: i2c /dev entries driver
[    0.203520] pps_ldisc: PPS line discipline registered
[    0.205953] device-mapper: ioctl: 4.45.0-ioctl (2021-03-22) initialised: dm-devel@redhat.com
[    0.208006] sdhci: Secure Digital Host Controller Interface driver
[    0.208011] sdhci: Copyright(c) Pierre Ossman
[    0.208442] Synopsys Designware Multimedia Card Interface Driver
[    0.209050] sdhci-pltfm: SDHCI platform and OF driver helper
[    0.210182] ledtrig-cpu: registered to indicate activity on CPUs
[    0.211211] SMCCC: SOC_ID: ID = jep106:036b:0234 Revision = 0x00000401
[    0.211844] tegra-bpmp bpmp: Adding to iommu group 0
[    0.213390] tegra-bpmp bpmp: firmware: 40c4ded2a7425760713a-68f126a8abf
[    0.381196] Freeing initrd memory: 15548K
[    1.717021] clocksource: tsc: mask: 0xffffffffffffff max_cycles: 0xe6a171046, max_idle_ns: 881590405314 ns
[    1.717044] clocksource: osc: mask: 0xffffffff max_cycles: 0xffffffff, max_idle_ns: 49772407460 ns
[    1.717050] clocksource: usec: mask: 0xffffffff max_cycles: 0xffffffff, max_idle_ns: 1911260446275 ns
[    1.717394] hid: raw HID events driver (C) Jiri Kosina
[    1.717822] usbcore: registered new interface driver usbhid
[    1.717829] usbhid: USB HID core driver
[    1.721674] optee: probing for conduit method.
[    1.721730] optee: revision 4.2 (5ef90dab)
[    1.781170] optee: dynamic shared memory is enabled
[    1.781426] optee: initialized driver
[    1.784499] usbcore: registered new interface driver snd-usb-audio
[    1.786147] NET: Registered PF_PACKET protocol family
[    1.787351] Bluetooth: RFCOMM TTY layer initialized
[    1.787363] Bluetooth: RFCOMM socket layer initialized
[    1.787386] Bluetooth: RFCOMM ver 1.11
[    1.787670] 9pnet: Installing 9P2000 support
[    1.787773] Key type dns_resolver registered
[    1.789253] printk: console [tty0]: printing thread started
[    1.790463] printk: console [ttyTCU0]: printing thread started
[    1.790540] Loading compiled-in X.509 certificates
[    1.793980] Loaded X.509 cert 'Build time autogenerated kernel key: d77ad5d0e7e5d02a2dc9cf8ec8dfa4a966aa85ba'
[    1.826052] tegra-gpcdma 2600000.dma-controller: Adding to iommu group 1
[    1.827525] tegra-gpcdma 2600000.dma-controller: GPC DMA driver register 31 channels
[    1.828904] 3100000.serial: ttyTHS1 at MMIO 0x3100000 (irq = 112, base_baud = 0) is a TEGRA_UART
[    1.829459] 3140000.serial: ttyTHS2 at MMIO 0x3140000 (irq = 113, base_baud = 0) is a TEGRA_UART
[    1.831298] tegra_rtc c2a0000.rtc: registered as rtc1
[    1.831308] tegra_rtc c2a0000.rtc: Tegra internal Real Time Clock
[    1.831708] tegra-i2c 3160000.i2c: Adding to iommu group 1
[    1.837901] tegra-i2c 3180000.i2c: Adding to iommu group 1
[    1.839704] tegra-i2c 31b0000.i2c: Adding to iommu group 1
[    1.841183] tegra-i2c c240000.i2c: Adding to iommu group 1
[    1.842498] i2c 1-0025: Fixing up cyclic dependency with 3520000.padctl
[    1.843116] tegra-i2c c250000.i2c: Adding to iommu group 1
[    1.844999] i2c i2c-2: Added multiplexed i2c bus 9
[    1.845004] i2c-mux-gpio bus@0:cam_i2cmux: 1 port mux on 3180000.i2c adapter
[    1.865761] cpufreq: cpufreq_online: CPU4: Running at unlisted initial frequency: 1989000 KHz, changing to: 1984000 KHz
[    1.867998] tegra-xusb 3610000.usb: Adding to iommu group 2
[    1.882748] tegra-xusb 3610000.usb: Firmware timestamp: 2023-02-10 03:48:10 UTC
[    1.882754] tegra-xusb 3610000.usb: xHCI Host Controller
[    1.882764] tegra-xusb 3610000.usb: new USB bus registered, assigned bus number 1
[    1.883492] tegra-xusb 3610000.usb: hcc params 0x0180ff05 hci version 0x120 quirks 0x0000000000010810
[    1.883510] tegra-xusb 3610000.usb: irq 123, io mem 0x03610000
[    1.883615] tegra-xusb 3610000.usb: xHCI Host Controller
[    1.883618] tegra-xusb 3610000.usb: new USB bus registered, assigned bus number 2
[    1.883621] tegra-xusb 3610000.usb: Host supports USB 3.1 Enhanced SuperSpeed
[    1.884041] hub 1-0:1.0: USB hub found
[    1.884056] hub 1-0:1.0: 4 ports detected
[    1.884327] hub 2-0:1.0: USB hub found
[    1.884341] hub 2-0:1.0: 4 ports detected
[    1.885932] irq: IRQ227: trimming hierarchy from :bus@0:pmc@c360000
[    1.885990] irq: IRQ228: trimming hierarchy from :bus@0:interrupt-controller@f400000-1
[    1.886061] input: gpio-keys as /devices/platform/gpio-keys/input/input0
[    1.886836] clk: Disabling unused clocks
[    1.927255] ALSA device list:
[    1.927258]   No soundcards found.
[    1.939431] Freeing unused kernel memory: 7744K
[    1.939502] Run /init as init process
[    1.939503]   with arguments:
[    1.939503]     /init
[    1.939504]   with environment:
[    1.939504]     HOME=/
[    1.939505]     TERM=linux
[    1.939505]     boot_profile=ov5647-dev
[    1.939506]     bl_prof_dataptr=2031616@0x471E10000
[    1.939507]     bl_prof_ro_ptr=65536@0x471E00000
[    1.954179] Checking overlayfs setting...
[    1.963024] Overlayfs is disabled...
[    1.969312] Root device found: PARTUUID=03f3e885-a6e9-47ba-b7e1-ccc5bf71a344
[    2.223611] usb 1-2: new high-speed USB device number 2 using tegra-xusb
[    2.396074] hub 1-2:1.0: USB hub found
[    2.397398] hub 1-2:1.0: 4 ports detected
[    2.512860] usb 2-1: new SuperSpeed Plus Gen 2x1 USB device number 2 using tegra-xusb
[    2.565287] hub 2-1:1.0: USB hub found
[    2.567689] hub 2-1:1.0: 4 ports detected
[    2.671678] usb 1-3: new full-speed USB device number 3 using tegra-xusb
[    3.103678] usb 1-2.4: new low-speed USB device number 4 using tegra-xusb
[    3.226752] input: Lenovo Lenovo Calliope USB Keyboard as /devices/platform/bus@0/3610000.usb/usb1/1-2/1-2.4/1-2.4:1.0/0003:17EF:608C.0001/input/input1
[    3.367491] hid-generic 0003:17EF:608C.0001: input,hidraw0: USB HID v1.11 Keyboard [Lenovo Lenovo Calliope USB Keyboard] on usb-3610000.usb-2.4/input0
[    3.374058] input: Lenovo Lenovo Calliope USB Keyboard System Control as /devices/platform/bus@0/3610000.usb/usb1/1-2/1-2.4/1-2.4:1.1/0003:17EF:608C.0002/input/input2
[    3.431788] input: Lenovo Lenovo Calliope USB Keyboard Consumer Control as /devices/platform/bus@0/3610000.usb/usb1/1-2/1-2.4/1-2.4:1.1/0003:17EF:608C.0002/input/input3
[    3.432210] hid-generic 0003:17EF:608C.0002: input,hidraw1: USB HID v1.11 Device [Lenovo Lenovo Calliope USB Keyboard] on usb-3610000.usb-2.4/input1
[    5.515308] tegra194-pcie 14100000.pcie: Adding to iommu group 3
[    5.516391] irq: IRQ229: trimming hierarchy from :bus@0:interrupt-controller@f400000-1
[    5.517212] tegra194-pcie 14100000.pcie: host bridge /bus@0/pcie@14100000 ranges:
[    5.517229] tegra194-pcie 14100000.pcie:      MEM 0x2080000000..0x20a7ffffff -> 0x2080000000
[    5.517235] tegra194-pcie 14100000.pcie:      MEM 0x20a8000000..0x20afffffff -> 0x0040000000
[    5.517238] tegra194-pcie 14100000.pcie:       IO 0x0030100000..0x00301fffff -> 0x0030100000
[    5.517551] tegra194-pcie 14100000.pcie: iATU unroll: enabled
[    5.517553] tegra194-pcie 14100000.pcie: Detected iATU regions: 8 outbound, 2 inbound
[    5.536545] tegra-xudc 3550000.usb: Adding to iommu group 4
[    5.623432] tegra194-pcie 14100000.pcie: Link up
[    5.626092] tegra194-pcie 14100000.pcie: Link up
[    5.626412] tegra194-pcie 14100000.pcie: PCI host bridge to bus 0001:00
[    5.626417] pci_bus 0001:00: root bus resource [bus 00-ff]
[    5.626420] pci_bus 0001:00: root bus resource [mem 0x2080000000-0x20a7ffffff pref]
[    5.626422] pci_bus 0001:00: root bus resource [mem 0x20a8000000-0x20afffffff] (bus address [0x40000000-0x47ffffff])
[    5.626425] pci_bus 0001:00: root bus resource [io  0x0000-0xfffff] (bus address [0x30100000-0x301fffff])
[    5.626476] pci 0001:00:00.0: [10de:229e] type 01 class 0x060400
[    5.626643] pci 0001:00:00.0: PME# supported from D0 D3hot
[    5.630090] pci 0001:01:00.0: [10ec:c822] type 00 class 0x028000
[    5.630624] pci 0001:01:00.0: reg 0x10: [io  0x0000-0x00ff]
[    5.630670] pci 0001:01:00.0: reg 0x18: [mem 0x20a8000000-0x20a800ffff 64bit]
[    5.631563] pci 0001:01:00.0: supports D1 D2
[    5.631564] pci 0001:01:00.0: PME# supported from D0 D1 D2 D3hot D3cold
[    5.646137] pci 0001:00:00.0: BAR 14: assigned [mem 0x20a8000000-0x20a80fffff]
[    5.646140] pci 0001:00:00.0: BAR 13: assigned [io  0x1000-0x1fff]
[    5.646143] pci 0001:01:00.0: BAR 2: assigned [mem 0x20a8000000-0x20a800ffff 64bit]
[    5.646246] pci 0001:01:00.0: BAR 0: assigned [io  0x1000-0x10ff]
[    5.646276] pci 0001:00:00.0: PCI bridge to [bus 01-ff]
[    5.646280] pci 0001:00:00.0:   bridge window [io  0x1000-0x1fff]
[    5.646284] pci 0001:00:00.0:   bridge window [mem 0x20a8000000-0x20a80fffff]
[    5.646304] pci 0001:00:00.0: Max Payload Size set to  256/ 256 (was  128), Max Read Rq  256
[    5.646450] pci 0001:01:00.0: Max Payload Size set to  128/ 128 (was  128), Max Read Rq  128
[    5.646542] pcieport 0001:00:00.0: Adding to iommu group 3
[    5.646634] pcieport 0001:00:00.0: PME: Signaling with IRQ 190
[    5.646926] pcieport 0001:00:00.0: AER: enabled with IRQ 190
[    5.647731] tegra194-pcie 14160000.pcie: Adding to iommu group 5
[    5.649201] tegra194-pcie 14160000.pcie: host bridge /bus@0/pcie@14160000 ranges:
[    5.649212] tegra194-pcie 14160000.pcie:      MEM 0x2140000000..0x2427ffffff -> 0x2140000000
[    5.649218] tegra194-pcie 14160000.pcie:      MEM 0x2428000000..0x242fffffff -> 0x0040000000
[    5.649221] tegra194-pcie 14160000.pcie:       IO 0x0036100000..0x00361fffff -> 0x0036100000
[    5.649509] tegra194-pcie 14160000.pcie: iATU unroll: enabled
[    5.649510] tegra194-pcie 14160000.pcie: Detected iATU regions: 8 outbound, 2 inbound
[    5.755607] tegra194-pcie 14160000.pcie: Link up
[    5.756986] tegra194-pcie 14160000.pcie: Link up
[    5.757043] tegra194-pcie 14160000.pcie: PCI host bridge to bus 0004:00
[    5.757045] pci_bus 0004:00: root bus resource [bus 00-ff]
[    5.757047] pci_bus 0004:00: root bus resource [mem 0x2140000000-0x2427ffffff pref]
[    5.757050] pci_bus 0004:00: root bus resource [mem 0x2428000000-0x242fffffff] (bus address [0x40000000-0x47ffffff])
[    5.757052] pci_bus 0004:00: root bus resource [io  0x100000-0x1fffff] (bus address [0x36100000-0x361fffff])
[    5.757094] pci 0004:00:00.0: [10de:229c] type 01 class 0x060400
[    5.757236] pci 0004:00:00.0: PME# supported from D0 D3hot
[    5.760219] pci 0004:01:00.0: [4321:2263] type 00 class 0x010802
[    5.760682] pci 0004:01:00.0: reg 0x10: [mem 0x00000000-0x00003fff 64bit]
[    5.774062] pci 0004:00:00.0: BAR 14: assigned [mem 0x2428000000-0x24280fffff]
[    5.774067] pci 0004:01:00.0: BAR 0: assigned [mem 0x2428000000-0x2428003fff 64bit]
[    5.774153] pci 0004:00:00.0: PCI bridge to [bus 01-ff]
[    5.774157] pci 0004:00:00.0:   bridge window [mem 0x2428000000-0x24280fffff]
[    5.774176] pci 0004:00:00.0: Max Payload Size set to  256/ 256 (was  128), Max Read Rq  256
[    5.774300] pci 0004:01:00.0: Max Payload Size set to  128/ 128 (was  128), Max Read Rq  128
[    5.774372] pcieport 0004:00:00.0: Adding to iommu group 5
[    5.774450] pcieport 0004:00:00.0: PME: Signaling with IRQ 192
[    5.774566] pcieport 0004:00:00.0: AER: enabled with IRQ 192
[    5.774734] nvme 0004:01:00.0: Adding to iommu group 5
[    5.774903] nvme nvme0: pci function 0004:01:00.0
[    5.775155] nvme 0004:01:00.0: enabling device (0000 -> 0002)
[    5.775467] tegra194-pcie 141e0000.pcie: Adding to iommu group 6
[    5.776658] tegra194-pcie 141e0000.pcie: host bridge /bus@0/pcie@141e0000 ranges:
[    5.776669] tegra194-pcie 141e0000.pcie:      MEM 0x3000000000..0x3227ffffff -> 0x3000000000
[    5.776675] tegra194-pcie 141e0000.pcie:      MEM 0x3228000000..0x322fffffff -> 0x0040000000
[    5.776678] tegra194-pcie 141e0000.pcie:       IO 0x003e100000..0x003e1fffff -> 0x003e100000
[    5.776975] tegra194-pcie 141e0000.pcie: iATU unroll: enabled
[    5.776977] tegra194-pcie 141e0000.pcie: Detected iATU regions: 8 outbound, 2 inbound
[    5.793605] nvme nvme0: allocated 64 MiB host memory buffer.
[    5.812047] nvme nvme0: 8/0/0 default/read/poll queues
[    5.820162]  nvme0n1: p1 p2 p3 p4 p5 p6 p7 p8 p9 p10 p11 p12 p13 p14 p15
[    6.296990] EXT4-fs (nvme0n1p1): 2 orphan inodes deleted
[    6.297000] EXT4-fs (nvme0n1p1): recovery complete
[    6.300886] EXT4-fs (nvme0n1p1): mounted filesystem with ordered data mode. Opts: (null). Quota mode: none.
[    6.306948] Rootfs mounted over PARTUUID=03f3e885-a6e9-47ba-b7e1-ccc5bf71a344
[    6.313473] Switching from initrd to actual rootfs
[    6.350758] systemd[1]: System time before build time, advancing clock.
[    6.366508] NET: Registered PF_INET6 protocol family
[    6.366923] Segment Routing with IPv6
[    6.366929] In-situ OAM (IOAM) with IPv6
[    6.380099] systemd[1]: systemd 249.11-0ubuntu3.17 running in system mode (+PAM +AUDIT +SELINUX +APPARMOR +IMA +SMACK +SECCOMP +GCRYPT +GNUTLS +OPENSSL +ACL +BLKID +CURL +ELFUTILS +FIDO2 +IDN2 -IDN +IPTC +KMOD +LIBCRYPTSETUP +LIBFDISK +PCRE2 -PWQUALITY -P11KIT -QRENCODE +BZIP2 +LZ4 +XZ +ZLIB +ZSTD -XKBCOMMON +UTMP +SYSVINIT default-hierarchy=unified)
[    6.380448] systemd[1]: Detected architecture arm64.
[    6.381071] systemd[1]: Hostname set to <cam-desktop>.
[    6.387410] systemd[1]: Using hardware watchdog 'NVIDIA Tegra186 WDT', version 0, device /dev/watchdog
[    6.387441] systemd[1]: Set hardware watchdog to 2min.
[    6.529354] systemd[1]: /lib/systemd/system/snapd.service:23: Unknown key name 'RestartMode' in section 'Service', ignoring.
[    6.540209] systemd[1]: /etc/systemd/system/nvs-service.service:41: Standard output type syslog is obsolete, automatically updating to journal. Please update your unit file, and consider removing the setting altogether.
[    6.542912] systemd[1]: /etc/systemd/system/nvargus-daemon.service:42: Standard output type syslog is obsolete, automatically updating to journal. Please update your unit file, and consider removing the setting altogether.
[    6.583177] systemd[1]: Queued start job for default target Graphical Interface.
[    6.584747] systemd[1]: Created slice Slice /system/modprobe.
[    6.585334] systemd[1]: Created slice Slice /system/openvpn.
[    6.585785] systemd[1]: Created slice Slice /system/serial-getty.
[    6.586179] systemd[1]: Created slice Slice /system/systemd-fsck.
[    6.586494] systemd[1]: Created slice User and Session Slice.
[    6.586646] systemd[1]: Started Forward Password Requests to Wall Directory Watch.
[    6.587009] systemd[1]: Set up automount Arbitrary Executable File Formats File System Automount Point.
[    6.587173] systemd[1]: Reached target Slice Units.
[    6.587232] systemd[1]: Reached target Mounting snaps.
[    6.587293] systemd[1]: Reached target Swaps.
[    6.587355] systemd[1]: Reached target Local Verity Protected Volumes.
[    6.587515] systemd[1]: Listening on Device-mapper event daemon FIFOs.
[    6.589883] systemd[1]: Listening on LVM2 poll daemon socket.
[    6.596721] systemd[1]: Listening on RPCbind Server Activation Socket.
[    6.597137] systemd[1]: Listening on Syslog Socket.
[    6.597757] systemd[1]: Listening on fsck to fsckd communication Socket.
[    6.597949] systemd[1]: Listening on initctl Compatibility Named Pipe.
[    6.598294] systemd[1]: Listening on Journal Audit Socket.
[    6.598485] systemd[1]: Listening on Journal Socket (/dev/log).
[    6.598720] systemd[1]: Listening on Journal Socket.
[    6.599023] systemd[1]: Listening on udev Control Socket.
[    6.599187] systemd[1]: Listening on udev Kernel Socket.
[    6.600496] systemd[1]: Mounting Huge Pages File System...
[    6.637543] systemd[1]: Mounting POSIX Message Queue File System...
[    6.639115] systemd[1]: Mounting Kernel Debug File System...
[    6.640421] systemd[1]: Mounting Kernel Trace File System...
[    6.657199] systemd[1]: Starting Journal Service...
[    6.657497] systemd[1]: Finished Availability of block devices.
[    6.658900] systemd[1]: Starting Set the console keyboard layout...
[    6.660366] systemd[1]: Starting Create List of Static Device Nodes...
[    6.679597] systemd[1]: Starting Monitoring of LVM2 mirrors, snapshots etc. using dmeventd or progress polling...
[    6.680901] systemd[1]: Starting Load Kernel Module configfs...
[    6.682380] systemd[1]: Starting Load Kernel Module drm...
[    6.684160] systemd[1]: Starting Load Kernel Module efi_pstore...
[    6.707870] systemd[1]: Starting Load Kernel Module fuse...
[    6.709292] systemd[1]: Starting NVIDIA specific first-boot udev script...
[    6.710581] systemd[1]: Started Nameserver information manager.
[    6.710808] systemd[1]: Reached target Preparation for Network.
[    6.711030] systemd[1]: Condition check resulted in File System Check on Root Device being skipped.
[    6.713404] systemd[1]: Starting Load Kernel Modules...
[    6.715052] fuse: init (API version 7.34)
[    6.720996] nvsciipc: loading out-of-tree module taints kernel.
[    6.721928] nvsciipc: loaded module
[    6.727434] nvmap_heap_init: nvmap_heap_init: created heap block cache
[    6.727918] nvmap_page_pool_init: Total RAM pages: 4004595
[    6.727920] nvmap_page_pool_init: nvmap page pool size: 500574 pages (1955 MB)
[    6.727989] nvmap_background_zero_thread: PP zeroing thread starting.
[    6.734528] tegra-host1x 13e00000.host1x: Adding to iommu group 7
[    6.735784] host1x-context host1x-ctx.0: Adding to iommu group 8
[    6.735905] host1x-context host1x-ctx.1: Adding to iommu group 9
[    6.736001] host1x-context host1x-ctx.2: Adding to iommu group 10
[    6.736097] host1x-context host1x-ctx.3: Adding to iommu group 11
[    6.736193] host1x-context host1x-ctx.4: Adding to iommu group 12
[    6.736285] host1x-context host1x-ctx.5: Adding to iommu group 13
[    6.736386] host1x-context host1x-ctx.6: Adding to iommu group 14
[    6.736483] host1x-context host1x-ctx.7: Adding to iommu group 15
[    6.736571] host1x-context host1x-ctx.8: Adding to iommu group 16
[    6.736672] host1x-context host1x-ctx.9: Adding to iommu group 17
[    6.736774] host1x-context host1x-ctx.10: Adding to iommu group 18
[    6.736866] host1x-context host1x-ctx.11: Adding to iommu group 19
[    6.736955] host1x-context host1x-ctx.12: Adding to iommu group 20
[    6.737042] host1x-context host1x-ctx.13: Adding to iommu group 21
[    6.737127] host1x-context host1x-ctx.14: Adding to iommu group 22
[    6.737217] host1x-context host1x-ctx.15: Adding to iommu group 23
[    6.745337] platform 13e00000.host1x:nvcsi@15a00000: Fixing up cyclic dependency with 9-0036
[    6.745357] platform 13e00000.host1x:nvcsi@15a00000: Fixing up cyclic dependency with tegra-capture-vi
[    6.751301] systemd[1]: Starting Remount Root and Kernel File Systems...
[    6.758627] EXT4-fs (nvme0n1p1): re-mounted. Opts: (null). Quota mode: none.
[    6.783403] nvgpu: 17000000.gpu          nvgpu_nvhost_syncpt_init:122  [INFO]  syncpt_unit_base 60000000 syncpt_unit_size 4000000 size 10000

[    6.786081] systemd[1]: Starting Coldplug All udev Devices...
[    6.841913] systemd[1]: Mounted Huge Pages File System.
[    6.883429] tegra194-pcie 141e0000.pcie: Phy link never came up
[    6.889409] systemd[1]: Mounted POSIX Message Queue File System.
[    6.951267] systemd[1]: Mounted Kernel Debug File System.
[    6.962917] systemd[1]: Mounted Kernel Trace File System.
[    6.963447] systemd[1]: Finished Set the console keyboard layout.
[    6.974801] systemd[1]: Finished Create List of Static Device Nodes.
[    6.975164] systemd[1]: modprobe@configfs.service: Deactivated successfully.
[    6.975451] systemd[1]: Finished Load Kernel Module configfs.
[    6.993821] systemd[1]: modprobe@drm.service: Deactivated successfully.
[    6.994086] systemd[1]: Finished Load Kernel Module drm.
[    6.994441] systemd[1]: modprobe@efi_pstore.service: Deactivated successfully.
[    6.994705] systemd[1]: Finished Load Kernel Module efi_pstore.
[    6.995056] systemd[1]: modprobe@fuse.service: Deactivated successfully.
[    6.995337] systemd[1]: Finished Load Kernel Module fuse.
[    6.995831] systemd[1]: Finished NVIDIA specific first-boot udev script.
[    7.038857] systemd[1]: Finished Load Kernel Modules.
[    7.039310] systemd[1]: Finished Remount Root and Kernel File Systems.
[    7.041939] systemd[1]: Mounting FUSE Control File System...
[    7.056404] systemd[1]: Mounting Kernel Configuration File System...
[    7.058334] systemd[1]: Starting OP-TEE Client Supplicant...
[    7.058546] systemd[1]: Condition check resulted in Platform Persistent Storage Archival being skipped.
[    7.060258] systemd[1]: Starting Load/Save Random Seed...
[    7.089326] systemd[1]: Starting Apply Kernel Variables...
[    7.090605] systemd[1]: Starting Create System Users...
[    7.092990] systemd[1]: Mounted FUSE Control File System.
[    7.106165] systemd[1]: Mounted Kernel Configuration File System.
[    7.106709] systemd[1]: Finished Load/Save Random Seed.
[    7.107271] systemd[1]: Finished Apply Kernel Variables.
[    7.107548] systemd[1]: Condition check resulted in First Boot Complete being skipped.
[    7.121111] systemd[1]: Finished Create System Users.
[    7.122657] systemd[1]: Starting Create Static Device Nodes in /dev...
[    7.133065] systemd[1]: Finished Create Static Device Nodes in /dev.
[    7.135196] systemd[1]: Starting Rule-based Manager for Device Events and Files...
[    7.200226] systemd[1]: Started Rule-based Manager for Device Events and Files.
[    7.225756] tegra-se 15820000.crypto: Adding to iommu group 24
[    7.226756] tegra-se 15840000.crypto: Adding to iommu group 25
[    7.239130] tegra-soc-hwpm f100000.hwpm: Adding to iommu group 26
[    7.497490] nvdla 15880000.nvdla0: Adding to iommu group 27
[    7.497562] pva 16000000.pva0: Adding to iommu group 28
[    7.498524] pva_iommu_context_dev 16000000.pva0:pva0_niso1_ctx0: Adding to iommu group 29
[    7.498595] pva_iommu_context_dev 16000000.pva0:pva0_niso1_ctx0: initialized (streamid=18, iommu=smmu.0x0000000008000000)
[    7.502185] pva_iommu_context_dev 16000000.pva0:pva0_niso1_ctx1: Adding to iommu group 30
[    7.503399] pva_iommu_context_dev 16000000.pva0:pva0_niso1_ctx1: initialized (streamid=19, iommu=smmu.0x0000000008000000)
[    7.505407] mc: Linux media interface: v0.10
[    7.518841] nvdla 15880000.nvdla0: syncpt_unit_base 60000000 syncpt_unit_size 4000000 size 10000
[    7.519931] pva_iommu_context_dev 16000000.pva0:pva0_niso1_ctx2: Adding to iommu group 32
[    7.520048] pva_iommu_context_dev 16000000.pva0:pva0_niso1_ctx2: initialized (streamid=20, iommu=smmu.0x0000000008000000)
[    7.520468] scare-pigeon 13e00000.host1x:vi0-thi@15f00000: Adding to iommu group 31
[    7.522323] nvdla 158c0000.nvdla1: Adding to iommu group 33
[    7.522465] scare-pigeon 13e00000.host1x:vi0-thi@15f00000: syncpt_unit_base 60000000 syncpt_unit_size 4000000 size 10000
[    7.523184] videodev: Linux video capture interface: v2.00
[    7.527287] scare-pigeon 13e00000.host1x:vi1-thi@14f00000: Adding to iommu group 34
[    7.531121] pva_iommu_context_dev 16000000.pva0:pva0_niso1_ctx3: Adding to iommu group 35
[    7.531242] pva_iommu_context_dev 16000000.pva0:pva0_niso1_ctx3: initialized (streamid=21, iommu=smmu.0x0000000008000000)
[    7.532674] nvdla 158c0000.nvdla1: syncpt_unit_base 60000000 syncpt_unit_size 4000000 size 10000
[    7.539359] systemd[1]: Started OP-TEE Client Supplicant.
[    7.541273] tegra-vic 15340000.vic: Adding to iommu group 36
[    7.541411] scare-pigeon 13e00000.host1x:vi1-thi@14f00000: syncpt_unit_base 60000000 syncpt_unit_size 4000000 size 10000
[    7.542684] pva_iommu_context_dev 16000000.pva0:pva0_niso1_ctx4: Adding to iommu group 37
[    7.545290] scare-pigeon 13e00000.host1x:isp-thi@14b00000: Adding to iommu group 38
[    7.545292] pva_iommu_context_dev 16000000.pva0:pva0_niso1_ctx4: initialized (streamid=22, iommu=smmu.0x0000000008000000)
[    7.552869] scare-pigeon 13e00000.host1x:isp-thi@14b00000: syncpt_unit_base 60000000 syncpt_unit_size 4000000 size 10000
[    7.553137] pva_iommu_context_dev 16000000.pva0:pva0_niso1_ctx5: Adding to iommu group 39
[    7.553868] pva_iommu_context_dev 16000000.pva0:pva0_niso1_ctx5: initialized (streamid=23, iommu=smmu.0x0000000008000000)
[    7.560411] tegra-nvdec 15480000.nvdec: Adding to iommu group 40
[    7.567630] pva_iommu_context_dev 16000000.pva0:pva0_niso1_ctx6: Adding to iommu group 41
[    7.568016] pva_iommu_context_dev 16000000.pva0:pva0_niso1_ctx6: initialized (streamid=24, iommu=smmu.0x0000000008000000)
[    7.573872] tegra-nvenc 154c0000.nvenc: Adding to iommu group 42
[    7.574877] pva_iommu_context_dev 16000000.pva0:pva0_niso1_ctx7: Adding to iommu group 43
[    7.576414] pva_iommu_context_dev 16000000.pva0:pva0_niso1_ctx7: initialized (streamid=25, iommu=smmu.0x0000000008000000)
[    7.576865] pva 16000000.pva0: pdata->version is HW_GEN2
[    7.584768] pva 16000000.pva0: Completed nvhost_client_device_init
[    7.586863] pva 16000000.pva0: syncpt_unit_base 60000000 syncpt_unit_size 4000000 size 10000
[    7.598200] tegra-nvjpg 15380000.nvjpg: Adding to iommu group 44
[    7.603176] tegra-nvjpg 15540000.nvjpg: Adding to iommu group 45
[    7.605054] Inserting ivc_ext.ko module
[    7.614988] tegra186-cam-rtcpu bc00000.rtcpu: Adding to iommu group 46
[    7.616520] tegra-ofa 15a50000.ofa: Adding to iommu group 47
[    7.616841] tegra186-cam-rtcpu bc00000.rtcpu: Trace buffer configured at IOVA=0xbff00000
[    7.618324] [drm] Initialized tegra 1.0.99 20120330 for drm on minor 0
[    7.618339] drm drm: [drm] Cannot find any crtc or sizes
[    7.622638] tegra-ivc-bus bc00000.rtcpu:ivc-bus: region 0: iova=0xbfec0000-0xbfee027f size=131712
[    7.624849] tegra-ivc-bus bc00000.rtcpu:ivc-bus:echo@0: echo: ver=0 grp=1 RX[16x64]=0x1000-0x1480 TX[16x64]=0x1480-0x1900
[    7.627268] tegra-ivc-bus bc00000.rtcpu:ivc-bus:dbg@1: dbg: ver=0 grp=1 RX[1x512]=0x1900-0x1b80 TX[1x512]=0x1b80-0x1e00
[    7.627506] tegra-ivc-bus bc00000.rtcpu:ivc-bus:dbg@2: dbg: ver=0 grp=1 RX[1x8192]=0x1e00-0x3e80 TX[1x8192]=0x3e80-0x5f00
[    7.627553] tegra-ivc-bus bc00000.rtcpu:ivc-bus:ivccontrol@3: ivccontrol: ver=0 grp=1 RX[64x320]=0x5f00-0xaf80 TX[64x320]=0xaf80-0x10000
[    7.628273] tegra-ivc-bus bc00000.rtcpu:ivc-bus:ivccapture@4: ivccapture: ver=0 grp=1 RX[512x64]=0x10000-0x18080 TX[512x64]=0x18080-0x20100
[    7.628333] tegra-ivc-bus bc00000.rtcpu:ivc-bus:diag@5: diag: ver=0 grp=1 RX[1x64]=0x20100-0x201c0 TX[1x64]=0x201c0-0x20280
[    7.630753] tegra186-cam-rtcpu bc00000.rtcpu: using cam RTCPU IRQ (218)
[    7.630763] tegra186-cam-rtcpu bc00000.rtcpu: tegra_camrtc_mon_create is successful
[    7.631037] tegra186-cam-rtcpu bc00000.rtcpu: firmware version cpu=rce cmd=6 sha1=04ea869968864dcb132a50cad9712bd529a09ee2
[    7.631167] tegra-ivc-bus bc00000.rtcpu:ivc-bus:echo@0: ivc channel driver missing
[    7.631170] tegra-ivc-bus bc00000.rtcpu:ivc-bus:dbg@1: ivc channel driver missing
[    7.631172] tegra-ivc-bus bc00000.rtcpu:ivc-bus:dbg@2: ivc channel driver missing
[    7.631174] tegra-ivc-bus bc00000.rtcpu:ivc-bus:ivccontrol@3: ivc channel driver missing
[    7.631175] tegra-ivc-bus bc00000.rtcpu:ivc-bus:ivccapture@4: ivc channel driver missing
[    7.631177] tegra-ivc-bus bc00000.rtcpu:ivc-bus:diag@5: ivc channel driver missing
[    7.631180] tegra-hsp b950000.tegra-hsp: Try increasing MBOX_TX_QUEUE_LEN
[    7.631184] tegra-hsp b950000.tegra-hsp: Try increasing MBOX_TX_QUEUE_LEN
[    7.631186] tegra-hsp b950000.tegra-hsp: Try increasing MBOX_TX_QUEUE_LEN
[    7.661491] tegra194-vi5 13e00000.host1x:vi0@15c00000: Adding to iommu group 31
[    7.662022] tegra194-isp5 14800000.isp: Adding to iommu group 38
[    7.662563] tegra-camrtc-capture-vi tegra-capture-vi: subdev 13e00000.host1x:nvcsi@15a00000- bound
[    7.664829] tegra194-vi5 13e00000.host1x:vi1@14c00000: Adding to iommu group 34
[    7.664929] (NULL device *): fops function table already registered
[    7.671559] [RCE] TCU debug prints will be routed to traces.
[    7.883443] tegra194-pcie 141e0000.pcie: Phy link never came up
[    7.883565] tegra194-pcie 141e0000.pcie: PCI host bridge to bus 0007:00
[    7.883569] pci_bus 0007:00: root bus resource [bus 00-ff]
[    7.883573] pci_bus 0007:00: root bus resource [mem 0x3000000000-0x3227ffffff pref]
[    7.883576] pci_bus 0007:00: root bus resource [mem 0x3228000000-0x322fffffff] (bus address [0x40000000-0x47ffffff])
[    7.883578] pci_bus 0007:00: root bus resource [io  0x200000-0x2fffff] (bus address [0x3e100000-0x3e1fffff])
[    7.883627] pci 0007:00:00.0: [10de:229a] type 01 class 0x060400
[    7.883781] pci 0007:00:00.0: PME# supported from D0 D3hot
[    7.889595] pci 0007:00:00.0: PCI bridge to [bus 01-ff]
[    7.889621] pci 0007:00:00.0: Max Payload Size set to  256/ 256 (was  128), Max Read Rq  256
[    7.889775] pcieport 0007:00:00.0: Adding to iommu group 6
[    7.889897] pcieport 0007:00:00.0: PME: Signaling with IRQ 194
[    7.890252] pcieport 0007:00:00.0: AER: enabled with IRQ 194
[    7.890524] pci_bus 0007:01: busn_res: [bus 01-ff] is released
[    7.890630] pci 0007:00:00.0: Removing from iommu group 6
[    7.890643] pci_bus 0007:00: busn_res: [bus 00-ff] is released
[    7.892626] tegra194-pcie 140a0000.pcie: Adding to iommu group 48
[    7.995135] tegra-dce d800000.dce: Adding to iommu group 49
[    7.995996] dce: dce_ipc_channel_init:311  Invalid Channel State [0x0] for ch_type [2]
[    7.996190] dce: tegra_dce_probe:247  Found display consumer device
[    7.996895] dce: dce_mailbox_set_full_interrupt:157  Intr bit set multiple times for MB : [0x5]
[    7.996901] dce: dce_mailbox_set_full_interrupt:157  Intr bit set multiple times for MB : [0x5]
[    7.997153] dce: dce_admin_send_cmd_ver:456  version : [0x3] err : [0x0]
[    7.997355] dce: dce_mailbox_set_full_interrupt:157  Intr bit set multiple times for MB : [0x1]
[    7.997361] dce: dce_admin_setup_clients_ipc:585  Channel Reset Complete for Type [1] ...
[    7.997362] dce: dce_admin_setup_clients_ipc:561  Get queue info failed for [2]
[    7.997554] dce: dce_mailbox_set_full_interrupt:157  Intr bit set multiple times for MB : [0x2]
[    7.997560] dce: dce_admin_setup_clients_ipc:585  Channel Reset Complete for Type [3] ...
[    7.998516] dce: dce_start_boot_flow:166  DCE_BOOT_DONE
[    8.000107] tegra194-pcie 140a0000.pcie: host bridge /bus@0/pcie@140a0000 ranges:
[    8.000141] tegra194-pcie 140a0000.pcie:      MEM 0x3240000000..0x3527ffffff -> 0x3240000000
[    8.000148] tegra194-pcie 140a0000.pcie:      MEM 0x3528000000..0x352fffffff -> 0x0040000000
[    8.000152] tegra194-pcie 140a0000.pcie:       IO 0x002a100000..0x002a1fffff -> 0x002a100000
[    8.000478] tegra194-pcie 140a0000.pcie: iATU unroll: enabled
[    8.000481] tegra194-pcie 140a0000.pcie: Detected iATU regions: 8 outbound, 2 inbound
[    8.021585] systemd[1]: Finished Coldplug All udev Devices.
[    8.022013] systemd[1]: Condition check resulted in Show Plymouth Boot Screen being skipped.
[    8.022170] systemd[1]: Started Dispatch Password Requests to Console Directory Watch.
[    8.022258] systemd[1]: Condition check resulted in Forward Password Requests to Plymouth Directory Watch being skipped.
[    8.022285] systemd[1]: Reached target Local Encrypted Volumes.
[    8.035605] nvvrs_pseq 4-003c: NVVRS Vendor ID: 0x9
[    8.035926] nvvrs_pseq 4-003c: NVVRS Model Rev: 0x82
[    8.037708] nv_platform 13800000.display: Adding to iommu group 50
[    8.037816] nvvrs_pseq 4-003c: NVVRS PSEQ probe successful
[    8.041964] platform 13800000.display:nvdisplay-niso: Adding to iommu group 51
[    8.107437] tegra194-pcie 140a0000.pcie: Link up
[    8.108892] tegra194-pcie 140a0000.pcie: Link up
[    8.108982] tegra194-pcie 140a0000.pcie: PCI host bridge to bus 0008:00
[    8.108986] pci_bus 0008:00: root bus resource [bus 00-ff]
[    8.108989] pci_bus 0008:00: root bus resource [mem 0x3240000000-0x3527ffffff pref]
[    8.108992] pci_bus 0008:00: root bus resource [mem 0x3528000000-0x352fffffff] (bus address [0x40000000-0x47ffffff])
[    8.108994] pci_bus 0008:00: root bus resource [io  0x300000-0x3fffff] (bus address [0x2a100000-0x2a1fffff])
[    8.109043] pci 0008:00:00.0: [10de:229c] type 01 class 0x060400
[    8.109193] pci 0008:00:00.0: PME# supported from D0 D3hot
[    8.112651] pci 0008:01:00.0: [10ec:8168] type 00 class 0x020000
[    8.113131] pci 0008:01:00.0: reg 0x10: [io  0x0000-0x00ff]
[    8.113173] pci 0008:01:00.0: reg 0x18: [mem 0x00000000-0x00000fff 64bit]
[    8.113200] pci 0008:01:00.0: reg 0x20: [mem 0x00000000-0x00003fff 64bit]
[    8.114122] pci 0008:01:00.0: supports D1 D2
[    8.114123] pci 0008:01:00.0: PME# supported from D0 D1 D2 D3hot D3cold
[    8.130082] pci 0008:00:00.0: BAR 14: assigned [mem 0x3528000000-0x35280fffff]
[    8.130087] pci 0008:00:00.0: BAR 13: assigned [io  0x300000-0x300fff]
[    8.130090] pci 0008:01:00.0: BAR 4: assigned [mem 0x3528000000-0x3528003fff 64bit]
[    8.130183] pci 0008:01:00.0: BAR 2: assigned [mem 0x3528004000-0x3528004fff 64bit]
[    8.130275] pci 0008:01:00.0: BAR 0: assigned [io  0x300000-0x3000ff]
[    8.130304] pci 0008:00:00.0: PCI bridge to [bus 01-ff]
[    8.130307] pci 0008:00:00.0:   bridge window [io  0x300000-0x300fff]
[    8.130311] pci 0008:00:00.0:   bridge window [mem 0x3528000000-0x35280fffff]
[    8.130329] pci 0008:00:00.0: Max Payload Size set to  256/ 256 (was  128), Max Read Rq  256
[    8.130461] pci 0008:01:00.0: Max Payload Size set to  128/ 128 (was  128), Max Read Rq  128
[    8.130572] pcieport 0008:00:00.0: Adding to iommu group 48
[    8.130670] pcieport 0008:00:00.0: PME: Signaling with IRQ 188
[    8.130778] pcieport 0008:00:00.0: AER: enabled with IRQ 188
[    8.142841] systemd[1]: Started Journal Service.
[    8.161675] systemd-journald[270]: Received client request to flush runtime journal.
[    8.173355] spi-tegra114 3210000.spi: Adding to iommu group 1
[    8.176483] cfg80211: Loading compiled-in X.509 certificates for regulatory database
[    8.176880] cfg80211: Loaded X.509 cert 'sforshee: 00b28ddf47aef9cea7'
[    8.177054] cfg80211: Loaded X.509 cert 'wens: 61c038651aabdcf94bd0ac7ff06c7248db18c600'
[    8.217947] spi-tegra114 3230000.spi: Adding to iommu group 1
[    8.226322] at24 0-0050: 256 byte 24c02 EEPROM, read-only
[    8.232586] at24 0-0057: 256 byte 24c02 EEPROM, read-only
[    8.238497] rtl88x2ce 0001:01:00.0: Adding to iommu group 3
[    8.238545] tegra-hda 3510000.hda: Adding to iommu group 52
[    8.240614] rtl88x2ce 0001:01:00.0: enabling device (0000 -> 0003)
[    8.355465] tegra234-aon c000000.aon: Adding to iommu group 53
[    8.356083]  c000000.aon:hsp: probed
[    8.358263] gic 2a41000.interrupt-controller: GIC IRQ controller registered
[    8.358471] tegra234-aon c000000.aon: init done
[    8.359552] tegra-aconnect bus@0:aconnect@2900000: Tegra ACONNECT bus registered
[    8.363016] CAN device driver interface
[    8.377068] irq: IRQ255: trimming hierarchy from :bus@0:pmc@c360000
[    8.377577] fusb301 1-0025: device id: 0x12
[    8.378295] TT CAN feature is not supported
[    8.378843] 	 Message RAM Configuration
               	| base addr   |0x0c312000|
               	| sidfc_flssa |0x00000000|
               	| xidfc_flesa |0x00000040|
               	| rxf0c_f0sa  |0x000000c0|
               	| rxf1c_f1sa  |0x000009c0|
               	| rxbc_rbsa   |0x000009c0|
               	| txefc_efsa  |0x000009c0|
               	| txbc_tbsa   |0x00000a40|
               	| tmc_tmsa    |0x00000ec0|
               	| mram size   |0x00001000|
[    8.380198] Release 3.2.3 from 09.06.2018
[    8.385814] thermal-trip-event cpu-throttle-alert: cooling device registered.
[    8.387910] input: NVIDIA Jetson Orin NX HDA HDMI/DP,pcm=3 as /devices/platform/bus@0/3510000.hda/sound/card0/input4
[    8.390299] net can0: mttcan device registered (regs=00000000b00d248e, irq=200)
[    8.390432] thermal-trip-event gpu-throttle-alert: cooling device registered.
[    8.403236] input: NVIDIA Jetson Orin NX HDA HDMI/DP,pcm=7 as /devices/platform/bus@0/3510000.hda/sound/card0/input5
[    8.408494] thermal-trip-event cv0-throttle-alert: cooling device registered.
[    8.408834] fusb301 1-0025: toggle_time(0) is not updated
[    8.409173] fusb301 1-0025: fusb301_set_mode: mode (32)(32)
[    8.409513] fusb301 1-0025: fusb301_detach: type[0x00] chipstate[0x01]
[    8.409520] fusb301 1-0025: fusb_update_state: 1
[    8.410328] fusb301 1-0025: mode[0x20], host_cur[0x02], dttime[0x00]
[    8.413448] input: NVIDIA Jetson Orin NX HDA HDMI/DP,pcm=8 as /devices/platform/bus@0/3510000.hda/sound/card0/input6
[    8.414462] thermal-trip-event cv1-throttle-alert: cooling device registered.
[    8.416549] thermal-trip-event cv2-throttle-alert: cooling device registered.
[    8.431674] thermal-trip-event soc0-throttle-alert: cooling device registered.
[    8.433565] input: NVIDIA Jetson Orin NX HDA HDMI/DP,pcm=9 as /devices/platform/bus@0/3510000.hda/sound/card0/input7
[    8.440383] thermal-trip-event soc1-throttle-alert: cooling device registered.
[    8.446700] thermal-trip-event soc2-throttle-alert: cooling device registered.
[    8.469321] thermal-trip-event hot-surface-alert: cooling device registered.
[    8.499206] Bluetooth: hci0: RTL: examining hci_ver=0a hci_rev=000c lmp_ver=0a lmp_subver=8822
[    8.500192] Bluetooth: hci0: RTL: rom_version status=0 version=3
[    8.500198] Bluetooth: hci0: RTL: loading rtl_bt/rtl8822cu_fw.bin
[    8.500779] Bluetooth: hci0: RTL: loading rtl_bt/rtl8822cu_config.bin
[    8.500930] Bluetooth: hci0: RTL: cfg_sz 6, total sz 35086
[    8.501534] usbcore: registered new interface driver btusb
[    8.521138] rtk_btusb: Realtek Bluetooth USB driver ver 3.1.65ab490.20240531-141726
[    8.521146] rtk_btcoex: rtk_btcoex_init: version: 1.2
[    8.521148] rtk_btcoex: create workqueue
[    8.521700] rtk_btcoex: alloc buffers 1792, 2432 for ev and l2
[    8.546193] usbcore: registered new interface driver rtk_btusb
[    8.578897] fusb301 1-0025: fusb301_work_handler: int_sts[0x05]
[    8.579865] fusb301 1-0025: sts[0x2f], type[0x08]
[    8.579873] fusb301 1-0025: fusb_update_state: 6
[    8.664561] nvvrs-pseq-rtc nvvrs-pseq-rtc: registered as rtc0
[    8.665657] nvvrs-pseq-rtc nvvrs-pseq-rtc: setting system clock to 1970-01-01T00:00:55 UTC (55)
[    8.671258] r8168 0008:01:00.0: Adding to iommu group 48
[    8.675486] r8168 Gigabit Ethernet driver 8.053.00-NAPI loaded
[    8.675562] r8168 0008:01:00.0: enabling device (0000 -> 0003)
[    8.684706] rtl88x2ce 0001:01:00.0 wlP1p1s0: renamed from wlan0
[    8.686271] loop0: detected capacity change from 0 to 373072
[    8.686956] loop1: detected capacity change from 0 to 8
[    8.687037] loop2: detected capacity change from 0 to 141232
[    8.689632] tegra-adma 2930000.dma-controller: Tegra210 ADMA driver registered 32 channels
[    8.690637] loop3: detected capacity change from 0 to 126776
[    8.692652] loop4: detected capacity change from 0 to 95512
[    8.694628] loop5: detected capacity change from 0 to 1132440
[    8.697222] loop6: detected capacity change from 0 to 187776
[    8.704200] loop7: detected capacity change from 0 to 85664
[    8.714503] loop8: detected capacity change from 0 to 357512
[    8.727057] r8168: This product is covered by one or more of the following patents: US6,570,884, US6,115,776, and US6,327,625.
[    8.735743] r8168  Copyright (C) 2024 Realtek NIC software team <nicfae@realtek.com> 
                This program comes with ABSOLUTELY NO WARRANTY; for details, please see <http://www.gnu.org/licenses/>. 
                This is free software, and you are welcome to redistribute it under certain conditions; see <http://www.gnu.org/licenses/>. 
[    8.768433] r8168 0008:01:00.0 enP8p1s0: renamed from eth0
[    8.894207] tegra210-admaif 290f000.admaif: Adding to iommu group 54
[    9.019168] Bluetooth: hci0: RTL: fw version 0x19b76d7d
[   10.952408] using random self ethernet address
[   10.952414] using random host ethernet address
[   10.954391] Bluetooth: BNEP (Ethernet Emulation) ver 1.3
[   10.954400] Bluetooth: BNEP filters: protocol multicast
[   10.954411] Bluetooth: BNEP socket layer initialized
[   10.964614] NET: Registered PF_ALG protocol family
[   10.994937] loop9: detected capacity change from 0 to 32768
[   11.121432] nv_nvsciipc_init.sh[951]: found /dev/nvsciipc
[   11.129518] nvsciipc: set_db start
[   11.129549] nvsciipc: set_db done
[   11.130649] enP8p1s0: 0xffff800008f91000, 3c:6d:66:0d:53:d9, IRQ 256
[   11.227763] IRQ230: set affinity failed(-22).
[   11.227795] IRQ253: set affinity failed(-22).
[   11.227799] IRQ256: set affinity failed(-22).
[   11.228205] psci: CPU4 killed (polled 0 ms)
[   11.248522] Mass Storage Function, version: 2009/09/11
[   11.248531] LUN: removable file: (no medium)
[   11.307748] IRQ230: set affinity failed(-22).
[   11.307781] IRQ253: set affinity failed(-22).
[   11.307785] IRQ256: set affinity failed(-22).
[   11.308435] psci: CPU5 killed (polled 0 ms)
[   11.336524] using random self ethernet address
[   11.336530] using random host ethernet address
[   11.387796] IRQ230: set affinity failed(-22).
[   11.387830] IRQ253: set affinity failed(-22).
[   11.387835] IRQ256: set affinity failed(-22).
[   11.388139] psci: CPU6 killed (polled 0 ms)
[   11.449974] IRQ230: set affinity failed(-22).
[   11.451413] psci: CPU7 killed (polled 0 ms)
[   11.516392] pstore: Using crash dump compression: deflate
[   11.516454] printk: console [ramoops-1]: printing thread started
[   11.516462] printk: console [ramoops-1] enabled
[   11.516463] pstore: Registered ramoops as persistent store backend
[   11.516464] ramoops: using 0x200000@0x4725f0000, ecc: 0
[   11.550992] bridge: filtering via arp/ip/ip6tables is no longer available by default. Update your scripts to load br_netfilter if you need this.
[   11.556857] usb0: HOST MAC c2:d6:da:8f:db:b0
[   11.556865] usb0: MAC c2:d6:da:8f:db:b1
[   11.557255] usb1: HOST MAC c2:d6:da:8f:db:b2
[   11.557258] usb1: MAC c2:d6:da:8f:db:b3
[   11.557279] tegra-xudc 3550000.usb: EP 0 (type: ctrl, dir: out) enabled
[   11.561292] l4tbr0: port 1(usb0) entered blocking state
[   11.561309] l4tbr0: port 1(usb0) entered disabled state
[   11.570623] device usb0 entered promiscuous mode
[   11.580136] l4tbr0: port 2(usb1) entered blocking state
[   11.580153] l4tbr0: port 2(usb1) entered disabled state
[   11.580353] device usb1 entered promiscuous mode
[   11.591182] loop9: detected capacity change from 0 to 32768
[   11.657293] nvgpu: 17000000.gpu                  gk20a_scale_init:541  [INFO]  enabled scaling for GPU

[   11.810903] zram: Added device: zram0
[   11.813532] zram: Added device: zram1
[   11.825716] zram: Added device: zram2
[   11.826390] zram: Added device: zram3
[   11.909992] zram0: detected capacity change from 0 to 4004600
[   11.948768] Adding 2002296k swap on /dev/zram0.  Priority:5 extents:1 across:2002296k SS
[   11.955733] zram1: detected capacity change from 0 to 4004600
[   11.972281] Adding 2002296k swap on /dev/zram1.  Priority:5 extents:1 across:2002296k SS
[   11.980341] zram2: detected capacity change from 0 to 4004600
[   12.012611] Adding 2002296k swap on /dev/zram2.  Priority:5 extents:1 across:2002296k SS
[   12.021929] zram3: detected capacity change from 0 to 4004600
[   12.032389] Adding 2002296k swap on /dev/zram3.  Priority:5 extents:1 across:2002296k SS
[   12.078497] tegra-xudc 3550000.usb: EP 5 (type: intr, dir: in) enabled
[   12.078521] tegra-xudc 3550000.usb: EP 3 (type: bulk, dir: in) enabled
[   12.078533] tegra-xudc 3550000.usb: EP 2 (type: bulk, dir: out) enabled
[   12.078610] tegra-xudc 3550000.usb: EP 9 (type: intr, dir: in) enabled
[   12.078624] tegra-xudc 3550000.usb: EP 7 (type: bulk, dir: in) enabled
[   12.078636] tegra-xudc 3550000.usb: EP 4 (type: bulk, dir: out) enabled
[   12.078665] tegra-xudc 3550000.usb: EP 15 (type: intr, dir: in) enabled
[   12.078680] tegra-xudc 3550000.usb: EP 11 (type: bulk, dir: in) enabled
[   12.078699] tegra-xudc 3550000.usb: EP 6 (type: bulk, dir: out) enabled
[   12.079500] IPv6: ADDRCONF(NETDEV_CHANGE): usb0: link becomes ready
[   12.085991] tegra-xudc 3550000.usb: EP 13 (type: bulk, dir: in) enabled
[   12.086012] tegra-xudc 3550000.usb: EP 8 (type: bulk, dir: out) enabled
[   12.086060] IPv6: ADDRCONF(NETDEV_CHANGE): usb1: link becomes ready
[   12.087866] tegra-xudc 3550000.usb: ep 13 disabled
[   12.087961] tegra-xudc 3550000.usb: ep 8 disabled
[   12.108622] tegra-xudc 3550000.usb: EP 13 (type: bulk, dir: in) enabled
[   12.108644] tegra-xudc 3550000.usb: EP 8 (type: bulk, dir: out) enabled
[   14.015486] l4tbr0: port 2(usb1) entered blocking state
[   14.015498] l4tbr0: port 2(usb1) entered forwarding state
[   14.015560] l4tbr0: port 1(usb0) entered blocking state
[   14.015564] l4tbr0: port 1(usb0) entered forwarding state
[   14.028568] IPv6: ADDRCONF(NETDEV_CHANGE): l4tbr0: link becomes ready
[   14.210477] nvidia-modeset: Loading NVIDIA UNIX Open Kernel Mode Setting Driver for aarch64  540.5.0  Release Build  (buildbrain@239549d1-8639-491a-b9e7-120e21430986-l1eu-vqrkv)  Thu Jan 15 19:36:45 PST 2026
[   14.219606] [drm] [nvidia-drm] [GPU ID 0x00020000] Loading driver
[   14.506966] NVRM rpcRmApiControl_dce: NVRM_RPC_DCE: Failed RM ctrl call cmd:0x731341 result 0xffff:
[   14.508070] NVRM rpcRmApiControl_dce: NVRM_RPC_DCE: Failed RM ctrl call cmd:0x730282 result 0x1f:
[   14.560346] [drm] Initialized nvidia-drm 0.0.0 20160202 for 13800000.display on minor 1
[   14.640971] Console: switching to colour frame buffer device 240x67
[   14.640993] nv_platform 13800000.display: [drm] fb0: nvidia-drmdrmfb frame buffer device
[   15.862023] ACK 04 d4
[   15.862671] ACK 04 d4
[   15.862842] ACK 04 d4
[   15.863031] ACK 04 d4
[   15.864619] ACK 04 d4
[   15.866471] IPv6: ADDRCONF(NETDEV_CHANGE): wlP1p1s0: link becomes ready
[   18.872523] loop10: detected capacity change from 0 to 8
[   20.563498] audit: type=1326 audit(1776761429.844:2): auid=4294967295 uid=0 gid=0 ses=4294967295 subj=kernel pid=2157 comm="cupsd" exe="/snap/cups/1184/sbin/cupsd" sig=0 arch=c00000b7 syscall=55 compat=0 ip=0xffff8858ce0c code=0x50000
[   21.164894] rfkill: input handler disabled
[   21.354178] audit: type=1326 audit(1776761430.640:3): auid=4294967295 uid=0 gid=0 ses=4294967295 subj=kernel pid=2157 comm="cupsd" exe="/snap/cups/1184/sbin/cupsd" sig=0 arch=c00000b7 syscall=55 compat=0 ip=0xffff8858ce0c code=0x50000
[   21.469565] audit: type=1326 audit(1776761430.756:4): auid=4294967295 uid=0 gid=0 ses=4294967295 subj=kernel pid=2234 comm="cups-browsed" exe="/snap/cups/1184/sbin/cups-browsed" sig=0 arch=c00000b7 syscall=274 compat=0 ip=0xffffaf9f5b68 code=0x50000
