[2026-04-20T07:52:14Z] CMD: bash -lc dmesg 2>&1 || true
[    0.000000] Booting Linux on physical CPU 0x0000000000 [0x410fd421]
[    0.000000] Linux version 5.15.185-tegra (buildbrain@239549d1-8639-491a-b9e7-120e21430986-l1eu-vqrkv) (aarch64-buildroot-linux-gnu-gcc.br_real (Buildroot 2022.08) 11.3.0, GNU ld (GNU Binutils) 2.38) #1 SMP PREEMPT Thu Jan 15 19:24:38 PST 2026 ()
[    0.000000] Machine model: NVIDIA Jetson Orin NX Engineering Reference Developer Kit
[    0.000000] efi: EFI v2.70 by EDK II
[    0.000000] efi: RTPROP=0x46de1e698 TPMFinalLog=0x45e8f0000 SMBIOS=0xffff0000 SMBIOS 3.0=0x46da40000 MEMATTR=0x467efe018 ESRT=0x468420518 TPMEventLog=0x45e0cc018 RNG=0x45e900018 MEMRESERVE=0x45e901f98 
[    0.000000] random: crng init done
[    0.000000] secureboot: Secure boot disabled
[    0.000000] esrt: Reserving ESRT space from 0x0000000468420518 to 0x0000000468420550.
[    0.000000] Reserved memory: created CMA memory pool at 0x0000000449000000, size 256 MiB
[    0.000000] OF: reserved mem: initialized node linux,cma, compatible id shared-dma-pool
[    0.000000] NUMA: No NUMA configuration found
[    0.000000] NUMA: Faking a node at [mem 0x0000000080000000-0x0000000477ffffff]
[    0.000000] NUMA: NODE_DATA [mem 0x470300800-0x470302fff]
[    0.000000] Zone ranges:
[    0.000000]   DMA      [mem 0x0000000080000000-0x00000000ffffffff]
[    0.000000]   DMA32    empty
[    0.000000]   Normal   [mem 0x0000000100000000-0x0000000477ffffff]
[    0.000000] Movable zone start for each node
[    0.000000] Early memory node ranges
[    0.000000]   node   0: [mem 0x0000000080000000-0x00000000bdffffff]
[    0.000000]   node   0: [mem 0x00000000c2000000-0x00000000fffdffff]
[    0.000000]   node   0: [mem 0x00000000fffe0000-0x00000000ffffffff]
[    0.000000]   node   0: [mem 0x0000000100000000-0x000000045d48ffff]
[    0.000000]   node   0: [mem 0x000000045d490000-0x000000045e0bffff]
[    0.000000]   node   0: [mem 0x000000045e0c0000-0x000000045e0effff]
[    0.000000]   node   0: [mem 0x000000045e0f0000-0x000000045e0fffff]
[    0.000000]   node   0: [mem 0x000000045e100000-0x000000045e14ffff]
[    0.000000]   node   0: [mem 0x000000045e150000-0x000000045e30ffff]
[    0.000000]   node   0: [mem 0x000000045e310000-0x000000045e8effff]
[    0.000000]   node   0: [mem 0x000000045e8f0000-0x000000045e8fffff]
[    0.000000]   node   0: [mem 0x000000045e900000-0x000000046bedffff]
[    0.000000]   node   0: [mem 0x000000046bee0000-0x000000046de1ffff]
[    0.000000]   node   0: [mem 0x000000046de20000-0x0000000471dfffff]
[    0.000000]   node   0: [mem 0x0000000471e00000-0x0000000471ffffff]
[    0.000000]   node   0: [mem 0x0000000472000000-0x000000047259ffff]
[    0.000000]   node   0: [mem 0x0000000476000000-0x0000000477ffffff]
[    0.000000] mminit::pageflags_layout_widths Section 0 Node 4 Zone 2 Lastcpupid 16 Kasantag 0 Flags 24
[    0.000000] mminit::pageflags_layout_shifts Section 21 Node 4 Zone 2 Lastcpupid 16 Kasantag 0
[    0.000000] mminit::pageflags_layout_pgshifts Section 0 Node 60 Zone 58 Lastcpupid 42 Kasantag 0
[    0.000000] mminit::pageflags_layout_nodezoneid Node/Zone ID: 64 -> 58
[    0.000000] mminit::pageflags_layout_usage location: 64 -> 42 layout 42 -> 24 unused 24 -> 0 page-flags
[    0.000000] Initmem setup node 0 [mem 0x0000000080000000-0x0000000477ffffff]
[    0.000000] mminit::memmap_init Initialising map node 0 zone 0 pfns 524288 -> 1048576
[    0.000000] mminit::memmap_init Initialising map node 0 zone 2 pfns 1048576 -> 4685824
[    0.000000] On node 0, zone DMA: 16384 pages in unavailable ranges
[    0.000000] On node 0, zone Normal: 14944 pages in unavailable ranges
[    0.000000] psci: probing for conduit method from DT.
[    0.000000] psci: PSCIv1.1 detected in firmware.
[    0.000000] psci: Using standard PSCI v0.2 function IDs
[    0.000000] psci: Trusted OS migration not required
[    0.000000] psci: SMC Calling Convention v1.2
[    0.000000] percpu: Embedded 30 pages/cpu s83480 r8192 d31208 u122880
[    0.000000] pcpu-alloc: s83480 r8192 d31208 u122880 alloc=30*4096
[    0.000000] pcpu-alloc: [0] 0 [0] 1 [0] 2 [0] 3 [0] 4 [0] 5 [0] 6 [0] 7 
[    0.000000] Detected PIPT I-cache on CPU0
[    0.000000] CPU features: detected: Address authentication (architected algorithm)
[    0.000000] CPU features: detected: GIC system register CPU interface
[    0.000000] CPU features: detected: Virtualization Host Extensions
[    0.000000] CPU features: detected: Hardware dirty bit management
[    0.000000] CPU features: detected: Spectre-v4
[    0.000000] CPU features: detected: Spectre-BHB
[    0.000000] CPU features: kernel page table isolation forced ON by KASLR
[    0.000000] CPU features: detected: Kernel page table isolation (KPTI)
[    0.000000] alternatives: patching kernel code
[    0.000000] mminit::zonelist general 0:DMA = 0:DMA 
[    0.000000] mminit::zonelist general 0:Normal = 0:Normal 0:DMA 
[    0.000000] mminit::zonelist thisnode 0:DMA = 0:DMA 
[    0.000000] mminit::zonelist thisnode 0:Normal = 0:Normal 0:DMA 
[    0.000000] Built 1 zonelists, mobility grouping on.  Total pages: 4065184
[    0.000000] Policy zone: Normal
[    0.000000] Kernel command line: root=PARTUUID=03f3e885-a6e9-47ba-b7e1-ccc5bf71a344 rw rootwait rootfstype=ext4 mminit_loglevel=4 console=ttyTCU0,115200 firmware_class.path=/etc/firmware fbcon=map:0 video=efifb:off console=tty0 efi=runtime pci=pcie_bus_perf nvme.use_threaded_interrupts=1 boot_profile=ov5647-dev bl_prof_dataptr=2031616@0x471E10000 bl_prof_ro_ptr=65536@0x471E00000 
[    0.000000] Unknown kernel command line parameters "boot_profile=ov5647-dev bl_prof_dataptr=2031616@0x471E10000 bl_prof_ro_ptr=65536@0x471E00000", will be passed to user space.
[    0.000000] Dentry cache hash table entries: 2097152 (order: 12, 16777216 bytes, linear)
[    0.000000] Inode-cache hash table entries: 1048576 (order: 11, 8388608 bytes, linear)
[    0.000000] mem auto-init: stack:off, heap alloc:off, heap free:off
[    0.000000] software IO TLB: mapped [mem 0x00000000fbfe0000-0x00000000fffe0000] (64MB)
[    0.000000] Memory: 15732972K/16520832K available (20480K kernel code, 4086K rwdata, 10172K rodata, 7744K init, 529K bss, 525716K reserved, 262144K cma-reserved)
[    0.000000] SLUB: HWalign=64, Order=0-3, MinObjects=0, CPUs=8, Nodes=1
[    0.000000] trace event string verifier disabled
[    0.000000] rcu: Preemptible hierarchical RCU implementation.
[    0.000000] rcu: 	RCU event tracing is enabled.
[    0.000000] rcu: 	RCU restricting CPUs from NR_CPUS=256 to nr_cpu_ids=8.
[    0.000000] 	Trampoline variant of Tasks RCU enabled.
[    0.000000] 	Rude variant of Tasks RCU enabled.
[    0.000000] 	Tracing variant of Tasks RCU enabled.
[    0.000000] rcu: RCU calculated value of scheduler-enlistment delay is 25 jiffies.
[    0.000000] rcu: Adjusting geometry for rcu_fanout_leaf=16, nr_cpu_ids=8
[    0.000000] NR_IRQS: 64, nr_irqs: 64, preallocated irqs: 0
[    0.000000] GICv3: GIC: Using split EOI/Deactivate mode
[    0.000000] GICv3: 960 SPIs implemented
[    0.000000] GICv3: 0 Extended SPIs implemented
[    0.000000] GICv3: Distributor has no Range Selector support
[    0.000000] Root IRQ handler: gic_handle_irq
[    0.000000] GICv3: 16 PPIs implemented
[    0.000000] GICv3: CPU0: found redistributor 0 region 0:0x000000000f440000
[    0.000000] arch_timer: cp15 timer(s) running at 31.25MHz (phys).
[    0.000000] clocksource: arch_sys_counter: mask: 0xffffffffffffff max_cycles: 0xe6a171046, max_idle_ns: 881590405314 ns
[    0.000000] sched_clock: 56 bits at 31MHz, resolution 32ns, wraps every 4398046511088ns
[    0.000355] Console: colour dummy device 80x25
[    0.000362] printk: console [tty0] enabled
[    0.000406] Calibrating delay loop (skipped), value calculated using timer frequency.. 62.50 BogoMIPS (lpj=125000)
[    0.000411] pid_max: default: 32768 minimum: 301
[    0.000443] LSM: Security Framework initializing
[    0.000462] Yama: becoming mindful.
[    0.000473] SELinux:  Initializing.
[    0.000538] Mount-cache hash table entries: 32768 (order: 6, 262144 bytes, linear)
[    0.000558] Mountpoint-cache hash table entries: 32768 (order: 6, 262144 bytes, linear)
[    0.001475] rcu: Hierarchical SRCU implementation.
[    0.003662] Tegra Revision: A01 SKU: 211 CPU Process: 0 SoC Process: 0
[    0.003951] Remapping and enabling EFI services.
[    0.004940] smp: Bringing up secondary CPUs ...
[    0.005307] Detected PIPT I-cache on CPU1
[    0.005335] GICv3: CPU1: found redistributor 100 region 0:0x000000000f460000
[    0.005358] CPU1: Booted secondary processor 0x0000000100 [0x410fd421]
[    0.005705] Detected PIPT I-cache on CPU2
[    0.005715] GICv3: CPU2: found redistributor 200 region 0:0x000000000f480000
[    0.005727] CPU2: Booted secondary processor 0x0000000200 [0x410fd421]
[    0.006107] Detected PIPT I-cache on CPU3
[    0.006118] GICv3: CPU3: found redistributor 300 region 0:0x000000000f4a0000
[    0.006131] CPU3: Booted secondary processor 0x0000000300 [0x410fd421]
[    0.008601] Detected PIPT I-cache on CPU4
[    0.008628] GICv3: CPU4: found redistributor 10000 region 0:0x000000000f4c0000
[    0.008655] CPU4: Booted secondary processor 0x0000010000 [0x410fd421]
[    0.009148] Detected PIPT I-cache on CPU5
[    0.009160] GICv3: CPU5: found redistributor 10100 region 0:0x000000000f4e0000
[    0.009175] CPU5: Booted secondary processor 0x0000010100 [0x410fd421]
[    0.009613] Detected PIPT I-cache on CPU6
[    0.009624] GICv3: CPU6: found redistributor 10200 region 0:0x000000000f500000
[    0.009638] CPU6: Booted secondary processor 0x0000010200 [0x410fd421]
[    0.010085] Detected PIPT I-cache on CPU7
[    0.010097] GICv3: CPU7: found redistributor 10300 region 0:0x000000000f520000
[    0.010111] CPU7: Booted secondary processor 0x0000010300 [0x410fd421]
[    0.010167] smp: Brought up 1 node, 8 CPUs
[    0.010171] SMP: Total of 8 processors activated.
[    0.010174] CPU features: detected: 32-bit EL0 Support
[    0.010175] CPU features: detected: Data cache clean to the PoU not required for I/D coherence
[    0.010178] CPU features: detected: Common not Private translations
[    0.010179] CPU features: detected: CRC32 instructions
[    0.010180] CPU features: detected: Data cache clean to Point of Persistence
[    0.010181] CPU features: detected: Generic authentication (architected algorithm)
[    0.010182] CPU features: detected: RCpc load-acquire (LDAPR)
[    0.010182] CPU features: detected: LSE atomic instructions
[    0.010183] CPU features: detected: Privileged Access Never
[    0.010184] CPU features: detected: RAS Extension Support
[    0.010187] CPU features: detected: Speculative Store Bypassing Safe (SSBS)
[    0.039723] CPU: All CPU(s) started at EL2
[    0.041385] devtmpfs: initialized
[    0.052408] KASLR enabled
[    0.052522] clocksource: jiffies: mask: 0xffffffff max_cycles: 0xffffffff, max_idle_ns: 7645041785100000 ns
[    0.052535] futex hash table entries: 2048 (order: 5, 131072 bytes, linear)
[    0.054664] pinctrl core: initialized pinctrl subsystem
[    0.055152] SMBIOS 3.6.0 present.
[    0.055160] DMI: NVIDIA NVIDIA Jetson Orin NX Engineering Reference Developer Kit/Jetson, BIOS 36.5.0-gcid-43688277 01/16/2026
[    0.055449] NET: Registered PF_NETLINK/PF_ROUTE protocol family
[    0.056689] DMA: preallocated 2048 KiB GFP_KERNEL pool for atomic allocations
[    0.056818] DMA: preallocated 2048 KiB GFP_KERNEL|GFP_DMA pool for atomic allocations
[    0.056936] DMA: preallocated 2048 KiB GFP_KERNEL|GFP_DMA32 pool for atomic allocations
[    0.056969] audit: initializing netlink subsys (disabled)
[    0.057056] audit: type=2000 audit(0.056:1): state=initialized audit_enabled=0 res=1
[    0.058082] thermal_sys: Registered thermal governor 'step_wise'
[    0.058085] thermal_sys: Registered thermal governor 'user_space'
[    0.058087] thermal_sys: Registered thermal governor 'power_allocator'
[    0.060065] cpuidle: using governor menu
[    0.060210] hw-breakpoint: found 6 breakpoint and 4 watchpoint registers.
[    0.060293] ASID allocator initialised with 32768 entries
[    0.061352] Serial: AMBA PL011 UART driver
[    0.069366] 31d0000.serial: ttyAMA0 at MMIO 0x31d0000 (irq = 117, base_baud = 0) is a SBSA
[    0.077137] platform bpmp: Fixing up cyclic dependency with 2c60000.external-memory-controller
[    0.083724] HugeTLB registered 1.00 GiB page size, pre-allocated 0 pages
[    0.083729] HugeTLB registered 32.0 MiB page size, pre-allocated 0 pages
[    0.083731] HugeTLB registered 2.00 MiB page size, pre-allocated 0 pages
[    0.083732] HugeTLB registered 64.0 KiB page size, pre-allocated 0 pages
[    0.084349] cryptd: max_cpu_qlen set to 1000
[    0.085619] ACPI: Interpreter disabled.
[    0.086467] VDD_1V8_AO: supplied by VDD_5V0_SYS
[    0.086572] VDD_3V3_AO: supplied by VDD_5V0_SYS
[    0.086817] VDD_AV10_HUB: supplied by VDD_5V0_SYS
[    0.087270] iommu: Default domain type: Translated 
[    0.087277] iommu: DMA domain TLB invalidation policy: strict mode 
[    0.087623] SCSI subsystem initialized
[    0.087712] libata version 3.00 loaded.
[    0.087807] vgaarb: loaded
[    0.088021] usbcore: registered new interface driver usbfs
[    0.088050] usbcore: registered new interface driver hub
[    0.088069] usbcore: registered new device driver usb
[    0.088482] pps_core: LinuxPPS API ver. 1 registered
[    0.088485] pps_core: Software ver. 5.3.6 - Copyright 2005-2007 Rodolfo Giometti <giometti@linux.it>
[    0.088508] PTP clock support registered
[    0.088591] EDAC MC: Ver: 3.0.0
[    0.089777] Registered efivars operations
[    0.090435] FPGA manager framework
[    0.090509] Advanced Linux Sound Architecture Driver Initialized.
[    0.091070] Bluetooth: Core ver 2.22
[    0.091097] NET: Registered PF_BLUETOOTH protocol family
[    0.091105] Bluetooth: HCI device and connection manager initialized
[    0.091117] Bluetooth: HCI socket layer initialized
[    0.091126] Bluetooth: L2CAP socket layer initialized
[    0.091142] Bluetooth: SCO socket layer initialized
[    0.091615] clocksource: Switched to clocksource arch_sys_counter
[    0.127376] VFS: Disk quotas dquot_6.6.0
[    0.127421] VFS: Dquot-cache hash table entries: 512 (order 0, 4096 bytes)
[    0.127675] pnp: PnP ACPI: disabled
[    0.130960] NET: Registered PF_INET protocol family
[    0.131517] IP idents hash table entries: 262144 (order: 9, 2097152 bytes, linear)
[    0.134003] tcp_listen_portaddr_hash hash table entries: 8192 (order: 5, 131072 bytes, linear)
[    0.134198] Table-perturb hash table entries: 65536 (order: 6, 262144 bytes, linear)
[    0.134224] TCP established hash table entries: 131072 (order: 8, 1048576 bytes, linear)
[    0.134646] TCP bind hash table entries: 65536 (order: 8, 1048576 bytes, linear)
[    0.136103] TCP: Hash tables configured (established 131072 bind 65536)
[    0.136334] UDP hash table entries: 8192 (order: 6, 262144 bytes, linear)
[    0.136496] UDP-Lite hash table entries: 8192 (order: 6, 262144 bytes, linear)
[    0.136889] NET: Registered PF_UNIX/PF_LOCAL protocol family
[    0.137339] RPC: Registered named UNIX socket transport module.
[    0.137343] RPC: Registered udp transport module.
[    0.137345] RPC: Registered tcp transport module.
[    0.137347] RPC: Registered tcp NFSv4.1 backchannel transport module.
[    0.137361] PCI: CLS 0 bytes, default 64
[    0.137632] Unpacking initramfs...
[    0.144582] hw perfevents: enabled with armv8_cortex_a78 PMU driver, 7 counters available
[    0.144893] kvm [1]: IPA Size Limit: 48 bits
[    0.144934] kvm [1]: GICv3: no GICV resource entry
[    0.144942] kvm [1]: disabling GICv2 emulation
[    0.144970] kvm [1]: GIC system register CPU interface enabled
[    0.145061] kvm [1]: vgic interrupt IRQ9
[    0.145231] kvm [1]: VHE mode initialized successfully
[    0.148469] Initialise system trusted keyrings
[    0.148509] Key type blacklist registered
[    0.148630] workingset: timestamp_bits=42 max_order=22 bucket_order=0
[    0.152344] squashfs: version 4.0 (2009/01/31) Phillip Lougher
[    0.152769] NFS: Registering the id_resolver key type
[    0.152792] Key type id_resolver registered
[    0.152793] Key type id_legacy registered
[    0.152847] nfs4filelayout_init: NFSv4 File Layout Driver Registering...
[    0.152861] nfs4flexfilelayout_init: NFSv4 Flexfile Layout Driver Registering...
[    0.152885] ntfs: driver 2.1.32 [Flags: R/O].
[    0.153115] 9p: Installing v9fs 9p2000 file system support
[    0.153852] integrity: Platform Keyring initialized
[    0.165168] Key type asymmetric registered
[    0.165174] Asymmetric key parser 'x509' registered
[    0.165249] Block layer SCSI generic (bsg) driver version 0.4 loaded (major 245)
[    0.165257] io scheduler mq-deadline registered
[    0.165265] io scheduler kyber registered
[    0.175131] EINJ: ACPI disabled.
[    0.187114] Serial: 8250/16550 driver, 4 ports, IRQ sharing enabled
[    0.188847] SuperH (H)SCI(F) driver initialized
[    0.189170] msm_serial: driver initialized
[    0.189842] printk: console [ttyTCU0] enabled
[    0.190730] arm-smmu 8000000.iommu: probing hardware configuration...
[    0.190735] arm-smmu 8000000.iommu: SMMUv2 with:
[    0.190742] arm-smmu 8000000.iommu: 	stage 1 translation
[    0.190744] arm-smmu 8000000.iommu: 	stage 2 translation
[    0.190746] arm-smmu 8000000.iommu: 	nested translation
[    0.190751] arm-smmu 8000000.iommu: 	stream matching with 128 register groups
[    0.190755] arm-smmu 8000000.iommu: 	128 context banks (0 stage-2 only)
[    0.190773] arm-smmu 8000000.iommu: 	Supported page sizes: 0x61311000
[    0.190776] arm-smmu 8000000.iommu: 	Stage-1: 48-bit VA -> 48-bit IPA
[    0.190777] arm-smmu 8000000.iommu: 	Stage-2: 48-bit IPA -> 48-bit PA
[    0.191784] arm-smmu 10000000.iommu: probing hardware configuration...
[    0.191788] arm-smmu 10000000.iommu: SMMUv2 with:
[    0.191790] arm-smmu 10000000.iommu: 	stage 1 translation
[    0.191791] arm-smmu 10000000.iommu: 	stage 2 translation
[    0.191791] arm-smmu 10000000.iommu: 	nested translation
[    0.191795] arm-smmu 10000000.iommu: 	stream matching with 128 register groups
[    0.191797] arm-smmu 10000000.iommu: 	128 context banks (0 stage-2 only)
[    0.191803] arm-smmu 10000000.iommu: 	Supported page sizes: 0x61311000
[    0.191804] arm-smmu 10000000.iommu: 	Stage-1: 48-bit VA -> 48-bit IPA
[    0.191805] arm-smmu 10000000.iommu: 	Stage-2: 48-bit IPA -> 48-bit PA
[    0.192173] arm-smmu 12000000.iommu: probing hardware configuration...
[    0.192175] arm-smmu 12000000.iommu: SMMUv2 with:
[    0.192177] arm-smmu 12000000.iommu: 	stage 1 translation
[    0.192178] arm-smmu 12000000.iommu: 	stage 2 translation
[    0.192179] arm-smmu 12000000.iommu: 	nested translation
[    0.192182] arm-smmu 12000000.iommu: 	stream matching with 128 register groups
[    0.192184] arm-smmu 12000000.iommu: 	128 context banks (0 stage-2 only)
[    0.192189] arm-smmu 12000000.iommu: 	Supported page sizes: 0x61311000
[    0.192192] arm-smmu 12000000.iommu: 	Stage-1: 48-bit VA -> 48-bit IPA
[    0.192193] arm-smmu 12000000.iommu: 	Stage-2: 48-bit IPA -> 48-bit PA
[    0.200673] loop: module loaded
[    0.201507] megasas: 07.727.03.00-rc1
[    0.205579] tun: Universal TUN/TAP device driver, 1.6
[    0.206102] thunder_xcv, ver 1.0
[    0.206131] thunder_bgx, ver 1.0
[    0.206156] nicpf, ver 1.0
[    0.206928] hns3: Hisilicon Ethernet Network Driver for Hip08 Family - version
[    0.206936] hns3: Copyright (c) 2017 Huawei Corporation.
[    0.206984] hclge is initializing
[    0.207016] e1000: Intel(R) PRO/1000 Network Driver
[    0.207021] e1000: Copyright (c) 1999-2006 Intel Corporation.
[    0.207053] e1000e: Intel(R) PRO/1000 Network Driver
[    0.207059] e1000e: Copyright(c) 1999 - 2015 Intel Corporation.
[    0.207084] igb: Intel(R) Gigabit Ethernet Network Driver
[    0.207090] igb: Copyright (c) 2007-2014 Intel Corporation.
[    0.207106] igbvf: Intel(R) Gigabit Virtual Function Network Driver
[    0.207110] igbvf: Copyright (c) 2009 - 2012 Intel Corporation.
[    0.207310] sky2: driver version 1.30
[    0.207999] VFIO - User Level meta-driver version: 0.3
[    0.209505] ehci_hcd: USB 2.0 'Enhanced' Host Controller (EHCI) Driver
[    0.209516] ehci-pci: EHCI PCI platform driver
[    0.209543] ehci-platform: EHCI generic platform driver
[    0.209616] ehci-orion: EHCI orion driver
[    0.209675] ehci-exynos: EHCI Exynos driver
[    0.209727] ohci_hcd: USB 1.1 'Open' Host Controller (OHCI) Driver
[    0.209751] ohci-pci: OHCI PCI platform driver
[    0.209783] ohci-platform: OHCI generic platform driver
[    0.209849] ohci-exynos: OHCI Exynos driver
[    0.210265] usbcore: registered new interface driver usb-storage
[    0.211988] i2c_dev: i2c /dev entries driver
[    0.213173] pps_ldisc: PPS line discipline registered
[    0.215378] device-mapper: ioctl: 4.45.0-ioctl (2021-03-22) initialised: dm-devel@redhat.com
[    0.217360] sdhci: Secure Digital Host Controller Interface driver
[    0.217366] sdhci: Copyright(c) Pierre Ossman
[    0.217795] Synopsys Designware Multimedia Card Interface Driver
[    0.218356] sdhci-pltfm: SDHCI platform and OF driver helper
[    0.219450] ledtrig-cpu: registered to indicate activity on CPUs
[    0.220569] SMCCC: SOC_ID: ID = jep106:036b:0234 Revision = 0x00000401
[    0.221046] tegra-bpmp bpmp: Adding to iommu group 0
[    0.222382] tegra-bpmp bpmp: firmware: 40c4ded2a7425760713a-68f126a8abf
[    0.393185] Freeing initrd memory: 15548K
[    2.106766] clocksource: tsc: mask: 0xffffffffffffff max_cycles: 0xe6a171046, max_idle_ns: 881590405314 ns
[    2.106790] clocksource: osc: mask: 0xffffffff max_cycles: 0xffffffff, max_idle_ns: 49772407460 ns
[    2.106793] clocksource: usec: mask: 0xffffffff max_cycles: 0xffffffff, max_idle_ns: 1911260446275 ns
[    2.106998] hid: raw HID events driver (C) Jiri Kosina
[    2.107301] usbcore: registered new interface driver usbhid
[    2.107307] usbhid: USB HID core driver
[    2.110840] optee: probing for conduit method.
[    2.110901] optee: revision 4.2 (5ef90dab)
[    2.170331] optee: dynamic shared memory is enabled
[    2.170588] optee: initialized driver
[    2.173068] usbcore: registered new interface driver snd-usb-audio
[    2.174570] NET: Registered PF_PACKET protocol family
[    2.175586] Bluetooth: RFCOMM TTY layer initialized
[    2.175622] Bluetooth: RFCOMM socket layer initialized
[    2.175653] Bluetooth: RFCOMM ver 1.11
[    2.175904] 9pnet: Installing 9P2000 support
[    2.176018] Key type dns_resolver registered
[    2.177002] printk: console [tty0]: printing thread started
[    2.177683] printk: console [ttyTCU0]: printing thread started
[    2.177747] Loading compiled-in X.509 certificates
[    2.180393] Loaded X.509 cert 'Build time autogenerated kernel key: d77ad5d0e7e5d02a2dc9cf8ec8dfa4a966aa85ba'
[    2.212175] tegra-gpcdma 2600000.dma-controller: Adding to iommu group 1
[    2.214108] tegra-gpcdma 2600000.dma-controller: GPC DMA driver register 31 channels
[    2.216201] 3100000.serial: ttyTHS1 at MMIO 0x3100000 (irq = 112, base_baud = 0) is a TEGRA_UART
[    2.216644] 3140000.serial: ttyTHS2 at MMIO 0x3140000 (irq = 113, base_baud = 0) is a TEGRA_UART
[    2.219189] tegra_rtc c2a0000.rtc: registered as rtc1
[    2.219200] tegra_rtc c2a0000.rtc: Tegra internal Real Time Clock
[    2.219619] tegra-i2c 3160000.i2c: Adding to iommu group 1
[    2.223113] tegra-i2c 3180000.i2c: Adding to iommu group 1
[    2.225269] tegra-i2c 31b0000.i2c: Adding to iommu group 1
[    2.227159] tegra-i2c c240000.i2c: Adding to iommu group 1
[    2.228436] i2c 1-0025: Fixing up cyclic dependency with 3520000.padctl
[    2.229048] tegra-i2c c250000.i2c: Adding to iommu group 1
[    2.248139] cpufreq: cpufreq_online: CPU4: Running at unlisted initial frequency: 1992000 KHz, changing to: 1984000 KHz
[    2.250406] tegra-xusb 3610000.usb: Adding to iommu group 2
[    2.265163] tegra-xusb 3610000.usb: Firmware timestamp: 2023-02-10 03:48:10 UTC
[    2.265170] tegra-xusb 3610000.usb: xHCI Host Controller
[    2.265179] tegra-xusb 3610000.usb: new USB bus registered, assigned bus number 1
[    2.265897] tegra-xusb 3610000.usb: hcc params 0x0180ff05 hci version 0x120 quirks 0x0000000000010810
[    2.265914] tegra-xusb 3610000.usb: irq 123, io mem 0x03610000
[    2.266018] tegra-xusb 3610000.usb: xHCI Host Controller
[    2.266021] tegra-xusb 3610000.usb: new USB bus registered, assigned bus number 2
[    2.266024] tegra-xusb 3610000.usb: Host supports USB 3.1 Enhanced SuperSpeed
[    2.266444] hub 1-0:1.0: USB hub found
[    2.266458] hub 1-0:1.0: 4 ports detected
[    2.266710] hub 2-0:1.0: USB hub found
[    2.266721] hub 2-0:1.0: 4 ports detected
[    2.268880] irq: IRQ227: trimming hierarchy from :bus@0:pmc@c360000
[    2.268931] irq: IRQ228: trimming hierarchy from :bus@0:interrupt-controller@f400000-1
[    2.268992] input: gpio-keys as /devices/platform/gpio-keys/input/input0
[    2.269963] clk: Disabling unused clocks
[    2.310130] ALSA device list:
[    2.310133]   No soundcards found.
[    2.319483] Freeing unused kernel memory: 7744K
[    2.319553] Run /init as init process
[    2.319554]   with arguments:
[    2.319555]     /init
[    2.319555]   with environment:
[    2.319556]     HOME=/
[    2.319556]     TERM=linux
[    2.319556]     boot_profile=ov5647-dev
[    2.319557]     bl_prof_dataptr=2031616@0x471E10000
[    2.319558]     bl_prof_ro_ptr=65536@0x471E00000
[    2.333059] Checking overlayfs setting...
[    2.342089] Overlayfs is disabled...
[    2.348961] Root device found: PARTUUID=03f3e885-a6e9-47ba-b7e1-ccc5bf71a344
[    2.607611] usb 1-2: new high-speed USB device number 2 using tegra-xusb
[    2.782308] hub 1-2:1.0: USB hub found
[    2.783525] hub 1-2:1.0: 4 ports detected
[    2.896722] usb 2-1: new SuperSpeed Plus Gen 2x1 USB device number 2 using tegra-xusb
[    2.944820] hub 2-1:1.0: USB hub found
[    2.947054] hub 2-1:1.0: 4 ports detected
[    3.051613] usb 1-3: new full-speed USB device number 3 using tegra-xusb
[    3.491611] usb 1-2.4: new low-speed USB device number 4 using tegra-xusb
[    3.611428] input: Lenovo Lenovo Calliope USB Keyboard as /devices/platform/bus@0/3610000.usb/usb1/1-2/1-2.4/1-2.4:1.0/0003:17EF:608C.0001/input/input1
[    3.739668] hid-generic 0003:17EF:608C.0001: input,hidraw0: USB HID v1.11 Keyboard [Lenovo Lenovo Calliope USB Keyboard] on usb-3610000.usb-2.4/input0
[    3.745196] input: Lenovo Lenovo Calliope USB Keyboard System Control as /devices/platform/bus@0/3610000.usb/usb1/1-2/1-2.4/1-2.4:1.1/0003:17EF:608C.0002/input/input2
[    3.803905] input: Lenovo Lenovo Calliope USB Keyboard Consumer Control as /devices/platform/bus@0/3610000.usb/usb1/1-2/1-2.4/1-2.4:1.1/0003:17EF:608C.0002/input/input3
[    3.803964] hid-generic 0003:17EF:608C.0002: input,hidraw1: USB HID v1.11 Device [Lenovo Lenovo Calliope USB Keyboard] on usb-3610000.usb-2.4/input1
[    5.892661] tegra194-pcie 14100000.pcie: Adding to iommu group 3
[    5.893679] irq: IRQ229: trimming hierarchy from :bus@0:interrupt-controller@f400000-1
[    5.894679] tegra194-pcie 14100000.pcie: host bridge /bus@0/pcie@14100000 ranges:
[    5.894696] tegra194-pcie 14100000.pcie:      MEM 0x2080000000..0x20a7ffffff -> 0x2080000000
[    5.894701] tegra194-pcie 14100000.pcie:      MEM 0x20a8000000..0x20afffffff -> 0x0040000000
[    5.894705] tegra194-pcie 14100000.pcie:       IO 0x0030100000..0x00301fffff -> 0x0030100000
[    5.895021] tegra194-pcie 14100000.pcie: iATU unroll: enabled
[    5.895023] tegra194-pcie 14100000.pcie: Detected iATU regions: 8 outbound, 2 inbound
[    5.912763] tegra-xudc 3550000.usb: Adding to iommu group 4
[    5.999619] tegra194-pcie 14100000.pcie: Link up
[    6.002297] tegra194-pcie 14100000.pcie: Link up
[    6.002609] tegra194-pcie 14100000.pcie: PCI host bridge to bus 0001:00
[    6.002613] pci_bus 0001:00: root bus resource [bus 00-ff]
[    6.002617] pci_bus 0001:00: root bus resource [mem 0x2080000000-0x20a7ffffff pref]
[    6.002619] pci_bus 0001:00: root bus resource [mem 0x20a8000000-0x20afffffff] (bus address [0x40000000-0x47ffffff])
[    6.002622] pci_bus 0001:00: root bus resource [io  0x0000-0xfffff] (bus address [0x30100000-0x301fffff])
[    6.002673] pci 0001:00:00.0: [10de:229e] type 01 class 0x060400
[    6.002839] pci 0001:00:00.0: PME# supported from D0 D3hot
[    6.006038] pci 0001:01:00.0: [10ec:c822] type 00 class 0x028000
[    6.006570] pci 0001:01:00.0: reg 0x10: [io  0x0000-0x00ff]
[    6.006616] pci 0001:01:00.0: reg 0x18: [mem 0x20a8000000-0x20a800ffff 64bit]
[    6.007497] pci 0001:01:00.0: supports D1 D2
[    6.007499] pci 0001:01:00.0: PME# supported from D0 D1 D2 D3hot D3cold
[    6.022290] pci 0001:00:00.0: BAR 14: assigned [mem 0x20a8000000-0x20a80fffff]
[    6.022294] pci 0001:00:00.0: BAR 13: assigned [io  0x1000-0x1fff]
[    6.022297] pci 0001:01:00.0: BAR 2: assigned [mem 0x20a8000000-0x20a800ffff 64bit]
[    6.022400] pci 0001:01:00.0: BAR 0: assigned [io  0x1000-0x10ff]
[    6.022431] pci 0001:00:00.0: PCI bridge to [bus 01-ff]
[    6.022435] pci 0001:00:00.0:   bridge window [io  0x1000-0x1fff]
[    6.022439] pci 0001:00:00.0:   bridge window [mem 0x20a8000000-0x20a80fffff]
[    6.022460] pci 0001:00:00.0: Max Payload Size set to  256/ 256 (was  128), Max Read Rq  256
[    6.022606] pci 0001:01:00.0: Max Payload Size set to  128/ 128 (was  128), Max Read Rq  128
[    6.022705] pcieport 0001:00:00.0: Adding to iommu group 3
[    6.022799] pcieport 0001:00:00.0: PME: Signaling with IRQ 190
[    6.023361] pcieport 0001:00:00.0: AER: enabled with IRQ 190
[    6.024188] tegra194-pcie 14160000.pcie: Adding to iommu group 5
[    6.026338] tegra194-pcie 14160000.pcie: host bridge /bus@0/pcie@14160000 ranges:
[    6.026358] tegra194-pcie 14160000.pcie:      MEM 0x2140000000..0x2427ffffff -> 0x2140000000
[    6.026364] tegra194-pcie 14160000.pcie:      MEM 0x2428000000..0x242fffffff -> 0x0040000000
[    6.026367] tegra194-pcie 14160000.pcie:       IO 0x0036100000..0x00361fffff -> 0x0036100000
[    6.026680] tegra194-pcie 14160000.pcie: iATU unroll: enabled
[    6.026682] tegra194-pcie 14160000.pcie: Detected iATU regions: 8 outbound, 2 inbound
[    6.131881] tegra194-pcie 14160000.pcie: Link up
[    6.133178] tegra194-pcie 14160000.pcie: Link up
[    6.133248] tegra194-pcie 14160000.pcie: PCI host bridge to bus 0004:00
[    6.133252] pci_bus 0004:00: root bus resource [bus 00-ff]
[    6.133255] pci_bus 0004:00: root bus resource [mem 0x2140000000-0x2427ffffff pref]
[    6.133257] pci_bus 0004:00: root bus resource [mem 0x2428000000-0x242fffffff] (bus address [0x40000000-0x47ffffff])
[    6.133259] pci_bus 0004:00: root bus resource [io  0x100000-0x1fffff] (bus address [0x36100000-0x361fffff])
[    6.133304] pci 0004:00:00.0: [10de:229c] type 01 class 0x060400
[    6.133449] pci 0004:00:00.0: PME# supported from D0 D3hot
[    6.136693] pci 0004:01:00.0: [4321:2263] type 00 class 0x010802
[    6.137158] pci 0004:01:00.0: reg 0x10: [mem 0x00000000-0x00003fff 64bit]
[    6.150277] pci 0004:00:00.0: BAR 14: assigned [mem 0x2428000000-0x24280fffff]
[    6.150282] pci 0004:01:00.0: BAR 0: assigned [mem 0x2428000000-0x2428003fff 64bit]
[    6.150368] pci 0004:00:00.0: PCI bridge to [bus 01-ff]
[    6.150373] pci 0004:00:00.0:   bridge window [mem 0x2428000000-0x24280fffff]
[    6.150391] pci 0004:00:00.0: Max Payload Size set to  256/ 256 (was  128), Max Read Rq  256
[    6.150516] pci 0004:01:00.0: Max Payload Size set to  128/ 128 (was  128), Max Read Rq  128
[    6.150617] pcieport 0004:00:00.0: Adding to iommu group 5
[    6.150704] pcieport 0004:00:00.0: PME: Signaling with IRQ 192
[    6.151002] pcieport 0004:00:00.0: AER: enabled with IRQ 192
[    6.151216] nvme 0004:01:00.0: Adding to iommu group 5
[    6.151410] nvme nvme0: pci function 0004:01:00.0
[    6.151463] nvme 0004:01:00.0: enabling device (0000 -> 0002)
[    6.152013] tegra194-pcie 141e0000.pcie: Adding to iommu group 6
[    6.153293] tegra194-pcie 141e0000.pcie: host bridge /bus@0/pcie@141e0000 ranges:
[    6.153305] tegra194-pcie 141e0000.pcie:      MEM 0x3000000000..0x3227ffffff -> 0x3000000000
[    6.153310] tegra194-pcie 141e0000.pcie:      MEM 0x3228000000..0x322fffffff -> 0x0040000000
[    6.153316] tegra194-pcie 141e0000.pcie:       IO 0x003e100000..0x003e1fffff -> 0x003e100000
[    6.153613] tegra194-pcie 141e0000.pcie: iATU unroll: enabled
[    6.153615] tegra194-pcie 141e0000.pcie: Detected iATU regions: 8 outbound, 2 inbound
[    6.169774] nvme nvme0: allocated 64 MiB host memory buffer.
[    6.188552] nvme nvme0: 8/0/0 default/read/poll queues
[    6.196739]  nvme0n1: p1 p2 p3 p4 p5 p6 p7 p8 p9 p10 p11 p12 p13 p14 p15
[    6.545798] EXT4-fs (nvme0n1p1): mounted filesystem with ordered data mode. Opts: (null). Quota mode: none.
[    6.552093] Rootfs mounted over PARTUUID=03f3e885-a6e9-47ba-b7e1-ccc5bf71a344
[    6.559901] Switching from initrd to actual rootfs
[    6.612329] systemd[1]: System time before build time, advancing clock.
[    6.630650] NET: Registered PF_INET6 protocol family
[    6.631234] Segment Routing with IPv6
[    6.631241] In-situ OAM (IOAM) with IPv6
[    6.644761] systemd[1]: systemd 249.11-0ubuntu3.17 running in system mode (+PAM +AUDIT +SELINUX +APPARMOR +IMA +SMACK +SECCOMP +GCRYPT +GNUTLS +OPENSSL +ACL +BLKID +CURL +ELFUTILS +FIDO2 +IDN2 -IDN +IPTC +KMOD +LIBCRYPTSETUP +LIBFDISK +PCRE2 -PWQUALITY -P11KIT -QRENCODE +BZIP2 +LZ4 +XZ +ZLIB +ZSTD -XKBCOMMON +UTMP +SYSVINIT default-hierarchy=unified)
[    6.645121] systemd[1]: Detected architecture arm64.
[    6.646540] systemd[1]: Hostname set to <cam-desktop>.
[    6.653736] systemd[1]: Using hardware watchdog 'NVIDIA Tegra186 WDT', version 0, device /dev/watchdog
[    6.653752] systemd[1]: Set hardware watchdog to 2min.
[    6.800322] systemd[1]: /lib/systemd/system/snapd.service:23: Unknown key name 'RestartMode' in section 'Service', ignoring.
[    6.811222] systemd[1]: /etc/systemd/system/nvs-service.service:41: Standard output type syslog is obsolete, automatically updating to journal. Please update your unit file, and consider removing the setting altogether.
[    6.814172] systemd[1]: /etc/systemd/system/nvargus-daemon.service:42: Standard output type syslog is obsolete, automatically updating to journal. Please update your unit file, and consider removing the setting altogether.
[    6.855003] systemd[1]: Queued start job for default target Graphical Interface.
[    6.856641] systemd[1]: Created slice Slice /system/modprobe.
[    6.857245] systemd[1]: Created slice Slice /system/openvpn.
[    6.857748] systemd[1]: Created slice Slice /system/serial-getty.
[    6.858161] systemd[1]: Created slice Slice /system/systemd-fsck.
[    6.858488] systemd[1]: Created slice User and Session Slice.
[    6.858653] systemd[1]: Started Forward Password Requests to Wall Directory Watch.
[    6.859014] systemd[1]: Set up automount Arbitrary Executable File Formats File System Automount Point.
[    6.859184] systemd[1]: Reached target Slice Units.
[    6.859245] systemd[1]: Reached target Mounting snaps.
[    6.859305] systemd[1]: Reached target Swaps.
[    6.859361] systemd[1]: Reached target Local Verity Protected Volumes.
[    6.859505] systemd[1]: Listening on Device-mapper event daemon FIFOs.
[    6.859751] systemd[1]: Listening on LVM2 poll daemon socket.
[    6.867040] systemd[1]: Listening on RPCbind Server Activation Socket.
[    6.867463] systemd[1]: Listening on Syslog Socket.
[    6.867683] systemd[1]: Listening on fsck to fsckd communication Socket.
[    6.869620] systemd[1]: Listening on initctl Compatibility Named Pipe.
[    6.869950] systemd[1]: Listening on Journal Audit Socket.
[    6.870116] systemd[1]: Listening on Journal Socket (/dev/log).
[    6.870343] systemd[1]: Listening on Journal Socket.
[    6.870799] systemd[1]: Listening on udev Control Socket.
[    6.870960] systemd[1]: Listening on udev Kernel Socket.
[    6.872095] systemd[1]: Mounting Huge Pages File System...
[    6.909924] systemd[1]: Mounting POSIX Message Queue File System...
[    6.911324] systemd[1]: Mounting Kernel Debug File System...
[    6.912581] systemd[1]: Mounting Kernel Trace File System...
[    6.929715] systemd[1]: Starting Journal Service...
[    6.930010] systemd[1]: Finished Availability of block devices.
[    6.931682] systemd[1]: Starting Set the console keyboard layout...
[    6.946040] systemd[1]: Starting Create List of Static Device Nodes...
[    6.947507] systemd[1]: Starting Monitoring of LVM2 mirrors, snapshots etc. using dmeventd or progress polling...
[    6.948907] systemd[1]: Starting Load Kernel Module configfs...
[    6.968658] systemd[1]: Starting Load Kernel Module drm...
[    6.969970] systemd[1]: Starting Load Kernel Module efi_pstore...
[    6.971304] systemd[1]: Starting Load Kernel Module fuse...
[    6.972894] systemd[1]: Starting NVIDIA specific first-boot udev script...
[    6.977931] fuse: init (API version 7.34)
[    6.997307] systemd[1]: Started Nameserver information manager.
[    6.997537] systemd[1]: Reached target Preparation for Network.
[    6.997777] systemd[1]: Condition check resulted in File System Check on Root Device being skipped.
[    6.999635] systemd[1]: Starting Load Kernel Modules...
[    7.006520] nvsciipc: loading out-of-tree module taints kernel.
[    7.007491] nvsciipc: loaded module
[    7.012780] nvmap_heap_init: nvmap_heap_init: created heap block cache
[    7.013270] nvmap_page_pool_init: Total RAM pages: 4004602
[    7.013273] nvmap_page_pool_init: nvmap page pool size: 500575 pages (1955 MB)
[    7.013339] nvmap_background_zero_thread: PP zeroing thread starting.
[    7.019676] tegra-host1x 13e00000.host1x: Adding to iommu group 7
[    7.020850] host1x-context host1x-ctx.0: Adding to iommu group 8
[    7.020961] host1x-context host1x-ctx.1: Adding to iommu group 9
[    7.021057] host1x-context host1x-ctx.2: Adding to iommu group 10
[    7.021160] host1x-context host1x-ctx.3: Adding to iommu group 11
[    7.021255] host1x-context host1x-ctx.4: Adding to iommu group 12
[    7.021352] host1x-context host1x-ctx.5: Adding to iommu group 13
[    7.021448] host1x-context host1x-ctx.6: Adding to iommu group 14
[    7.021539] host1x-context host1x-ctx.7: Adding to iommu group 15
[    7.021632] host1x-context host1x-ctx.8: Adding to iommu group 16
[    7.021726] host1x-context host1x-ctx.9: Adding to iommu group 17
[    7.021817] host1x-context host1x-ctx.10: Adding to iommu group 18
[    7.021934] host1x-context host1x-ctx.11: Adding to iommu group 19
[    7.022021] host1x-context host1x-ctx.12: Adding to iommu group 20
[    7.022110] host1x-context host1x-ctx.13: Adding to iommu group 21
[    7.022207] host1x-context host1x-ctx.14: Adding to iommu group 22
[    7.022299] host1x-context host1x-ctx.15: Adding to iommu group 23
[    7.032851] systemd[1]: Starting Remount Root and Kernel File Systems...
[    7.040101] EXT4-fs (nvme0n1p1): re-mounted. Opts: (null). Quota mode: none.
[    7.068071] nvgpu: 17000000.gpu          nvgpu_nvhost_syncpt_init:122  [INFO]  syncpt_unit_base 60000000 syncpt_unit_size 4000000 size 10000

[    7.088905] systemd[1]: Starting Coldplug All udev Devices...
[    7.139382] systemd[1]: Mounted Huge Pages File System.
[    7.194833] systemd[1]: Mounted POSIX Message Queue File System.
[    7.205861] systemd[1]: Mounted Kernel Debug File System.
[    7.206047] systemd[1]: Mounted Kernel Trace File System.
[    7.206562] systemd[1]: Finished Set the console keyboard layout.
[    7.207064] systemd[1]: Finished Create List of Static Device Nodes.
[    7.207427] systemd[1]: modprobe@configfs.service: Deactivated successfully.
[    7.207731] systemd[1]: Finished Load Kernel Module configfs.
[    7.242340] systemd[1]: modprobe@drm.service: Deactivated successfully.
[    7.242613] systemd[1]: Finished Load Kernel Module drm.
[    7.242985] systemd[1]: modprobe@efi_pstore.service: Deactivated successfully.
[    7.243244] systemd[1]: Finished Load Kernel Module efi_pstore.
[    7.243596] systemd[1]: modprobe@fuse.service: Deactivated successfully.
[    7.243873] systemd[1]: Finished Load Kernel Module fuse.
[    7.255617] tegra194-pcie 141e0000.pcie: Phy link never came up
[    7.286362] systemd[1]: Finished NVIDIA specific first-boot udev script.
[    7.287144] systemd[1]: Finished Load Kernel Modules.
[    7.287584] systemd[1]: Finished Remount Root and Kernel File Systems.
[    7.306842] systemd[1]: Mounting FUSE Control File System...
[    7.307968] systemd[1]: Mounting Kernel Configuration File System...
[    7.318241] systemd[1]: Starting OP-TEE Client Supplicant...
[    7.318436] systemd[1]: Condition check resulted in Platform Persistent Storage Archival being skipped.
[    7.319634] systemd[1]: Starting Load/Save Random Seed...
[    7.338148] systemd[1]: Starting Apply Kernel Variables...
[    7.339418] systemd[1]: Starting Create System Users...
[    7.341614] systemd[1]: Mounted FUSE Control File System.
[    7.348273] systemd[1]: Mounted Kernel Configuration File System.
[    7.348811] systemd[1]: Finished Load/Save Random Seed.
[    7.349118] systemd[1]: Condition check resulted in First Boot Complete being skipped.
[    7.349977] systemd[1]: Finished Apply Kernel Variables.
[    7.380061] systemd[1]: Finished Create System Users.
[    7.381644] systemd[1]: Starting Create Static Device Nodes in /dev...
[    7.391808] systemd[1]: Finished Create Static Device Nodes in /dev.
[    7.393936] systemd[1]: Starting Rule-based Manager for Device Events and Files...
[    7.454926] systemd[1]: Started Rule-based Manager for Device Events and Files.
[    7.485234] tegra-se 15820000.crypto: Adding to iommu group 24
[    7.486377] tegra-se 15840000.crypto: Adding to iommu group 25
[    7.502018] tegra-soc-hwpm f100000.hwpm: Adding to iommu group 26
[    7.529101] scare-pigeon 13e00000.host1x:vi0-thi@15f00000: Adding to iommu group 27
[    7.531040] scare-pigeon 13e00000.host1x:vi0-thi@15f00000: syncpt_unit_base 60000000 syncpt_unit_size 4000000 size 10000
[    7.531161] scare-pigeon 13e00000.host1x:vi1-thi@14f00000: Adding to iommu group 28
[    7.532573] scare-pigeon 13e00000.host1x:vi1-thi@14f00000: syncpt_unit_base 60000000 syncpt_unit_size 4000000 size 10000
[    7.533199] scare-pigeon 13e00000.host1x:isp-thi@14b00000: Adding to iommu group 29
[    7.533699] scare-pigeon 13e00000.host1x:isp-thi@14b00000: syncpt_unit_base 60000000 syncpt_unit_size 4000000 size 10000
[    7.763316] mc: Linux media interface: v0.10
[    7.770429] videodev: Linux video capture interface: v2.00
[    7.773040] pva 16000000.pva0: Adding to iommu group 30
[    7.776458] nvdla 15880000.nvdla0: Adding to iommu group 31
[    7.776788] pva_iommu_context_dev 16000000.pva0:pva0_niso1_ctx0: Adding to iommu group 32
[    7.776877] pva_iommu_context_dev 16000000.pva0:pva0_niso1_ctx0: initialized (streamid=18, iommu=smmu.0x0000000008000000)
[    7.777543] pva_iommu_context_dev 16000000.pva0:pva0_niso1_ctx1: Adding to iommu group 33
[    7.777619] pva_iommu_context_dev 16000000.pva0:pva0_niso1_ctx1: initialized (streamid=19, iommu=smmu.0x0000000008000000)
[    7.778066] pva_iommu_context_dev 16000000.pva0:pva0_niso1_ctx2: Adding to iommu group 34
[    7.778135] pva_iommu_context_dev 16000000.pva0:pva0_niso1_ctx2: initialized (streamid=20, iommu=smmu.0x0000000008000000)
[    7.778496] pva_iommu_context_dev 16000000.pva0:pva0_niso1_ctx3: Adding to iommu group 35
[    7.778567] pva_iommu_context_dev 16000000.pva0:pva0_niso1_ctx3: initialized (streamid=21, iommu=smmu.0x0000000008000000)
[    7.778890] pva_iommu_context_dev 16000000.pva0:pva0_niso1_ctx4: Adding to iommu group 36
[    7.778980] pva_iommu_context_dev 16000000.pva0:pva0_niso1_ctx4: initialized (streamid=22, iommu=smmu.0x0000000008000000)
[    7.779254] pva_iommu_context_dev 16000000.pva0:pva0_niso1_ctx5: Adding to iommu group 37
[    7.779310] pva_iommu_context_dev 16000000.pva0:pva0_niso1_ctx5: initialized (streamid=23, iommu=smmu.0x0000000008000000)
[    7.779560] pva_iommu_context_dev 16000000.pva0:pva0_niso1_ctx6: Adding to iommu group 38
[    7.779786] nvdla 15880000.nvdla0: syncpt_unit_base 60000000 syncpt_unit_size 4000000 size 10000
[    7.780533] pva_iommu_context_dev 16000000.pva0:pva0_niso1_ctx6: initialized (streamid=24, iommu=smmu.0x0000000008000000)
[    7.780653] nvdla 158c0000.nvdla1: Adding to iommu group 39
[    7.781043] pva_iommu_context_dev 16000000.pva0:pva0_niso1_ctx7: Adding to iommu group 40
[    7.781263] pva_iommu_context_dev 16000000.pva0:pva0_niso1_ctx7: initialized (streamid=25, iommu=smmu.0x0000000008000000)
[    7.781285] pva 16000000.pva0: pdata->version is HW_GEN2
[    7.787568] pva 16000000.pva0: Completed nvhost_client_device_init
[    7.787838] nvdla 158c0000.nvdla1: syncpt_unit_base 60000000 syncpt_unit_size 4000000 size 10000
[    7.788659] pva 16000000.pva0: syncpt_unit_base 60000000 syncpt_unit_size 4000000 size 10000
[    7.790688] tegra-vic 15340000.vic: Adding to iommu group 41
[    7.799750] systemd[1]: Started OP-TEE Client Supplicant.
[    7.830128] tegra-nvdec 15480000.nvdec: Adding to iommu group 42
[    7.859243] tegra-nvenc 154c0000.nvenc: Adding to iommu group 43
[    7.861947] Inserting ivc_ext.ko module
[    7.903459] tegra-nvjpg 15380000.nvjpg: Adding to iommu group 44
[    7.908590] tegra186-cam-rtcpu bc00000.rtcpu: Adding to iommu group 45
[    7.911353] tegra186-cam-rtcpu bc00000.rtcpu: Trace buffer configured at IOVA=0xbff00000
[    7.918115] tegra-ivc-bus bc00000.rtcpu:ivc-bus: region 0: iova=0xbfec0000-0xbfee027f size=131712
[    7.920137] tegra-nvjpg 15540000.nvjpg: Adding to iommu group 46
[    7.920457] tegra-ivc-bus bc00000.rtcpu:ivc-bus:echo@0: echo: ver=0 grp=1 RX[16x64]=0x1000-0x1480 TX[16x64]=0x1480-0x1900
[    7.923197] tegra-ivc-bus bc00000.rtcpu:ivc-bus:dbg@1: dbg: ver=0 grp=1 RX[1x512]=0x1900-0x1b80 TX[1x512]=0x1b80-0x1e00
[    7.925283] tegra-ivc-bus bc00000.rtcpu:ivc-bus:dbg@2: dbg: ver=0 grp=1 RX[1x8192]=0x1e00-0x3e80 TX[1x8192]=0x3e80-0x5f00
[    7.925989] tegra-ivc-bus bc00000.rtcpu:ivc-bus:ivccontrol@3: ivccontrol: ver=0 grp=1 RX[64x320]=0x5f00-0xaf80 TX[64x320]=0xaf80-0x10000
[    7.927760] tegra-ivc-bus bc00000.rtcpu:ivc-bus:ivccapture@4: ivccapture: ver=0 grp=1 RX[512x64]=0x10000-0x18080 TX[512x64]=0x18080-0x20100
[    7.927801] tegra-ivc-bus bc00000.rtcpu:ivc-bus:diag@5: diag: ver=0 grp=1 RX[1x64]=0x20100-0x201c0 TX[1x64]=0x201c0-0x20280
[    7.927983] tegra186-cam-rtcpu bc00000.rtcpu: using cam RTCPU IRQ (218)
[    7.927986] tegra186-cam-rtcpu bc00000.rtcpu: tegra_camrtc_mon_create is successful
[    7.928375] tegra186-cam-rtcpu bc00000.rtcpu: firmware version cpu=rce cmd=6 sha1=04ea869968864dcb132a50cad9712bd529a09ee2
[    7.928687] tegra-ivc-bus bc00000.rtcpu:ivc-bus:echo@0: ivc channel driver missing
[    7.928692] tegra-ivc-bus bc00000.rtcpu:ivc-bus:dbg@1: ivc channel driver missing
[    7.928824] tegra-ivc-bus bc00000.rtcpu:ivc-bus:dbg@2: ivc channel driver missing
[    7.928827] tegra-ivc-bus bc00000.rtcpu:ivc-bus:ivccontrol@3: ivc channel driver missing
[    7.928828] tegra-ivc-bus bc00000.rtcpu:ivc-bus:ivccapture@4: ivc channel driver missing
[    7.928850] tegra-ivc-bus bc00000.rtcpu:ivc-bus:diag@5: ivc channel driver missing
[    7.931208] tegra-ofa 15a50000.ofa: Adding to iommu group 47
[    7.936744] [drm] Initialized tegra 1.0.99 20120330 for drm on minor 0
[    7.936762] drm drm: [drm] Cannot find any crtc or sizes
[    7.964236] [RCE] TCU debug prints will be routed to traces.
[    7.970535] tegra194-isp5 14800000.isp: Adding to iommu group 29
[    7.973018] tegra194-vi5 13e00000.host1x:vi0@15c00000: Adding to iommu group 27
[    7.979913] driver not enabled, cannot register any devices
[    7.980096] driver not enabled, cannot register any devices
[    7.984968] tegra194-vi5 13e00000.host1x:vi1@14c00000: Adding to iommu group 28
[    7.985295] driver not enabled, cannot register any devices
[    7.985678] (NULL device *): fops function table already registered
[    7.989374] driver not enabled, cannot register any devices
[    8.456215] tegra194-pcie 141e0000.pcie: Phy link never came up
[    8.456327] tegra194-pcie 141e0000.pcie: PCI host bridge to bus 0007:00
[    8.456332] pci_bus 0007:00: root bus resource [bus 00-ff]
[    8.456336] pci_bus 0007:00: root bus resource [mem 0x3000000000-0x3227ffffff pref]
[    8.456338] pci_bus 0007:00: root bus resource [mem 0x3228000000-0x322fffffff] (bus address [0x40000000-0x47ffffff])
[    8.456341] pci_bus 0007:00: root bus resource [io  0x200000-0x2fffff] (bus address [0x3e100000-0x3e1fffff])
[    8.456391] pci 0007:00:00.0: [10de:229a] type 01 class 0x060400
[    8.456542] pci 0007:00:00.0: PME# supported from D0 D3hot
[    8.462641] pci 0007:00:00.0: PCI bridge to [bus 01-ff]
[    8.462670] pci 0007:00:00.0: Max Payload Size set to  256/ 256 (was  128), Max Read Rq  256
[    8.462828] pcieport 0007:00:00.0: Adding to iommu group 6
[    8.462954] pcieport 0007:00:00.0: PME: Signaling with IRQ 194
[    8.463125] pcieport 0007:00:00.0: AER: enabled with IRQ 194
[    8.463437] pci_bus 0007:01: busn_res: [bus 01-ff] is released
[    8.463582] pci 0007:00:00.0: Removing from iommu group 6
[    8.463620] pci_bus 0007:00: busn_res: [bus 00-ff] is released
[    8.465561] tegra194-pcie 140a0000.pcie: Adding to iommu group 48
[    8.563326] tegra-dce d800000.dce: Adding to iommu group 49
[    8.563759] dce: dce_ipc_channel_init:311  Invalid Channel State [0x0] for ch_type [2]
[    8.563986] dce: tegra_dce_probe:247  Found display consumer device
[    8.564483] dce: dce_mailbox_set_full_interrupt:157  Intr bit set multiple times for MB : [0x5]
[    8.564489] dce: dce_mailbox_set_full_interrupt:157  Intr bit set multiple times for MB : [0x5]
[    8.564759] dce: dce_admin_send_cmd_ver:456  version : [0x3] err : [0x0]
[    8.564968] dce: dce_mailbox_set_full_interrupt:157  Intr bit set multiple times for MB : [0x1]
[    8.564975] dce: dce_admin_setup_clients_ipc:585  Channel Reset Complete for Type [1] ...
[    8.564976] dce: dce_admin_setup_clients_ipc:561  Get queue info failed for [2]
[    8.565187] dce: dce_mailbox_set_full_interrupt:157  Intr bit set multiple times for MB : [0x2]
[    8.565193] dce: dce_admin_setup_clients_ipc:585  Channel Reset Complete for Type [3] ...
[    8.566174] dce: dce_start_boot_flow:166  DCE_BOOT_DONE
[    8.576155] tegra194-pcie 140a0000.pcie: host bridge /bus@0/pcie@140a0000 ranges:
[    8.576181] tegra194-pcie 140a0000.pcie:      MEM 0x3240000000..0x3527ffffff -> 0x3240000000
[    8.576189] tegra194-pcie 140a0000.pcie:      MEM 0x3528000000..0x352fffffff -> 0x0040000000
[    8.576193] tegra194-pcie 140a0000.pcie:       IO 0x002a100000..0x002a1fffff -> 0x002a100000
[    8.576520] tegra194-pcie 140a0000.pcie: iATU unroll: enabled
[    8.576523] tegra194-pcie 140a0000.pcie: Detected iATU regions: 8 outbound, 2 inbound
[    8.591228] nvvrs_pseq 4-003c: NVVRS Vendor ID: 0x9
[    8.591522] nvvrs_pseq 4-003c: NVVRS Model Rev: 0x82
[    8.599032] nvvrs_pseq 4-003c: NVVRS PSEQ probe successful
[    8.599278] systemd[1]: Finished Coldplug All udev Devices.
[    8.599775] systemd[1]: Condition check resulted in Show Plymouth Boot Screen being skipped.
[    8.599942] systemd[1]: Started Dispatch Password Requests to Console Directory Watch.
[    8.600059] systemd[1]: Condition check resulted in Forward Password Requests to Plymouth Directory Watch being skipped.
[    8.600086] systemd[1]: Reached target Local Encrypted Volumes.
[    8.605209] nv_platform 13800000.display: Adding to iommu group 50
[    8.621148] platform 13800000.display:nvdisplay-niso: Adding to iommu group 51
[    8.687620] tegra194-pcie 140a0000.pcie: Link up
[    8.689018] tegra194-pcie 140a0000.pcie: Link up
[    8.689100] tegra194-pcie 140a0000.pcie: PCI host bridge to bus 0008:00
[    8.689105] pci_bus 0008:00: root bus resource [bus 00-ff]
[    8.689110] pci_bus 0008:00: root bus resource [mem 0x3240000000-0x3527ffffff pref]
[    8.689114] pci_bus 0008:00: root bus resource [mem 0x3528000000-0x352fffffff] (bus address [0x40000000-0x47ffffff])
[    8.689117] pci_bus 0008:00: root bus resource [io  0x300000-0x3fffff] (bus address [0x2a100000-0x2a1fffff])
[    8.689166] pci 0008:00:00.0: [10de:229c] type 01 class 0x060400
[    8.689320] pci 0008:00:00.0: PME# supported from D0 D3hot
[    8.692733] pci 0008:01:00.0: [10ec:8168] type 00 class 0x020000
[    8.693215] pci 0008:01:00.0: reg 0x10: [io  0x0000-0x00ff]
[    8.693257] pci 0008:01:00.0: reg 0x18: [mem 0x00000000-0x00000fff 64bit]
[    8.693285] pci 0008:01:00.0: reg 0x20: [mem 0x00000000-0x00003fff 64bit]
[    8.694212] pci 0008:01:00.0: supports D1 D2
[    8.694213] pci 0008:01:00.0: PME# supported from D0 D1 D2 D3hot D3cold
[    8.706278] pci 0008:00:00.0: BAR 14: assigned [mem 0x3528000000-0x35280fffff]
[    8.706282] pci 0008:00:00.0: BAR 13: assigned [io  0x300000-0x300fff]
[    8.706286] pci 0008:01:00.0: BAR 4: assigned [mem 0x3528000000-0x3528003fff 64bit]
[    8.706379] pci 0008:01:00.0: BAR 2: assigned [mem 0x3528004000-0x3528004fff 64bit]
[    8.706470] pci 0008:01:00.0: BAR 0: assigned [io  0x300000-0x3000ff]
[    8.706498] pci 0008:00:00.0: PCI bridge to [bus 01-ff]
[    8.706501] pci 0008:00:00.0:   bridge window [io  0x300000-0x300fff]
[    8.706505] pci 0008:00:00.0:   bridge window [mem 0x3528000000-0x35280fffff]
[    8.706524] pci 0008:00:00.0: Max Payload Size set to  256/ 256 (was  128), Max Read Rq  256
[    8.706656] pci 0008:01:00.0: Max Payload Size set to  128/ 128 (was  128), Max Read Rq  128
[    8.706781] pcieport 0008:00:00.0: Adding to iommu group 48
[    8.706883] pcieport 0008:00:00.0: PME: Signaling with IRQ 188
[    8.707021] pcieport 0008:00:00.0: AER: enabled with IRQ 188
[    8.715531] systemd[1]: Started Journal Service.
[    8.725314] systemd-journald[269]: Received client request to flush runtime journal.
[    8.753508] cfg80211: Loading compiled-in X.509 certificates for regulatory database
[    8.753939] cfg80211: Loaded X.509 cert 'sforshee: 00b28ddf47aef9cea7'
[    8.754126] cfg80211: Loaded X.509 cert 'wens: 61c038651aabdcf94bd0ac7ff06c7248db18c600'
[    8.762636] spi-tegra114 3210000.spi: Adding to iommu group 1
[    8.767230] at24 0-0050: 256 byte 24c02 EEPROM, read-only
[    8.776615] at24 0-0057: 256 byte 24c02 EEPROM, read-only
[    8.800408] spi-tegra114 3230000.spi: Adding to iommu group 1
[    8.809817] rtl88x2ce 0001:01:00.0: Adding to iommu group 3
[    8.809968] rtl88x2ce 0001:01:00.0: enabling device (0000 -> 0003)
[    8.826997] tegra-hda 3510000.hda: Adding to iommu group 52
[    8.904805] tegra234-aon c000000.aon: Adding to iommu group 53
[    8.905162] CAN device driver interface
[    8.907968]  c000000.aon:hsp: probed
[    8.919382] tegra234-aon c000000.aon: init done
[    8.920083] thermal-trip-event cpu-throttle-alert: cooling device registered.
[    8.929462] TT CAN feature is not supported
[    8.930021] 	 Message RAM Configuration
               	| base addr   |0x0c312000|
               	| sidfc_flssa |0x00000000|
               	| xidfc_flesa |0x00000040|
               	| rxf0c_f0sa  |0x000000c0|
               	| rxf1c_f1sa  |0x000009c0|
               	| rxbc_rbsa   |0x000009c0|
               	| txefc_efsa  |0x000009c0|
               	| txbc_tbsa   |0x00000a40|
               	| tmc_tmsa    |0x00000ec0|
               	| mram size   |0x00001000|
[    8.931353] Release 3.2.3 from 09.06.2018
[    8.936174] thermal-trip-event gpu-throttle-alert: cooling device registered.
[    8.951530] input: NVIDIA Jetson Orin NX HDA HDMI/DP,pcm=3 as /devices/platform/bus@0/3510000.hda/sound/card0/input4
[    8.952228] gic 2a41000.interrupt-controller: GIC IRQ controller registered
[    8.952271] thermal-trip-event cv0-throttle-alert: cooling device registered.
[    8.952835] tegra-aconnect bus@0:aconnect@2900000: Tegra ACONNECT bus registered
[    8.953676] input: NVIDIA Jetson Orin NX HDA HDMI/DP,pcm=7 as /devices/platform/bus@0/3510000.hda/sound/card0/input5
[    8.954094] thermal-trip-event cv1-throttle-alert: cooling device registered.
[    8.954095] net can0: mttcan device registered (regs=00000000d58451ca, irq=200)
[    8.962220] input: NVIDIA Jetson Orin NX HDA HDMI/DP,pcm=8 as /devices/platform/bus@0/3510000.hda/sound/card0/input6
[    8.966784] thermal-trip-event cv2-throttle-alert: cooling device registered.
[    8.978789] thermal-trip-event soc0-throttle-alert: cooling device registered.
[    8.985503] input: NVIDIA Jetson Orin NX HDA HDMI/DP,pcm=9 as /devices/platform/bus@0/3510000.hda/sound/card0/input7
[    8.990468] thermal-trip-event soc1-throttle-alert: cooling device registered.
[    9.008782] thermal-trip-event soc2-throttle-alert: cooling device registered.
[    9.021598] irq: IRQ255: trimming hierarchy from :bus@0:pmc@c360000
[    9.022092] fusb301 1-0025: device id: 0x12
[    9.032021] thermal-trip-event hot-surface-alert: cooling device registered.
[    9.061076] fusb301 1-0025: toggle_time(0) is not updated
[    9.061423] fusb301 1-0025: fusb301_set_mode: mode (32)(32)
[    9.062265] fusb301 1-0025: fusb301_detach: type[0x00] chipstate[0x01]
[    9.062273] fusb301 1-0025: fusb_update_state: 1
[    9.063312] fusb301 1-0025: mode[0x20], host_cur[0x02], dttime[0x00]
[    9.080190] usbcore: registered new interface driver btusb
[    9.081610] Bluetooth: hci0: RTL: examining hci_ver=0a hci_rev=000c lmp_ver=0a lmp_subver=8822
[    9.082594] Bluetooth: hci0: RTL: rom_version status=0 version=3
[    9.082601] Bluetooth: hci0: RTL: loading rtl_bt/rtl8822cu_fw.bin
[    9.083012] rtk_btusb: Realtek Bluetooth USB driver ver 3.1.65ab490.20240531-141726
[    9.083014] rtk_btcoex: rtk_btcoex_init: version: 1.2
[    9.083015] rtk_btcoex: create workqueue
[    9.083091] rtk_btcoex: alloc buffers 1792, 2432 for ev and l2
[    9.083139] usbcore: registered new interface driver rtk_btusb
[    9.083256] Bluetooth: hci0: RTL: loading rtl_bt/rtl8822cu_config.bin
[    9.083407] Bluetooth: hci0: RTL: cfg_sz 6, total sz 35086
[    9.194810] loop0: detected capacity change from 0 to 373072
[    9.194911] loop1: detected capacity change from 0 to 8
[    9.200057] loop2: detected capacity change from 0 to 141232
[    9.205284] loop3: detected capacity change from 0 to 126776
[    9.206704] nvvrs-pseq-rtc nvvrs-pseq-rtc: registered as rtc0
[    9.207980] nvvrs-pseq-rtc nvvrs-pseq-rtc: setting system clock to 1970-01-01T00:00:56 UTC (56)
[    9.216202] loop4: detected capacity change from 0 to 1132440
[    9.221583] r8168 0008:01:00.0: Adding to iommu group 48
[    9.222338] loop5: detected capacity change from 0 to 95512
[    9.222448] r8168 Gigabit Ethernet driver 8.053.00-NAPI loaded
[    9.222519] r8168 0008:01:00.0: enabling device (0000 -> 0003)
[    9.226910] loop6: detected capacity change from 0 to 187776
[    9.230466] loop7: detected capacity change from 0 to 357512
[    9.230506] fusb301 1-0025: fusb301_work_handler: int_sts[0x05]
[    9.231089] fusb301 1-0025: sts[0x2f], type[0x08]
[    9.231093] fusb301 1-0025: fusb_update_state: 6
[    9.242419] r8168: This product is covered by one or more of the following patents: US6,570,884, US6,115,776, and US6,327,625.
[    9.242697] loop8: detected capacity change from 0 to 85664
[    9.244184] rtl88x2ce 0001:01:00.0 wlP1p1s0: renamed from wlan0
[    9.245731] r8168  Copyright (C) 2024 Realtek NIC software team <nicfae@realtek.com> 
                This program comes with ABSOLUTELY NO WARRANTY; for details, please see <http://www.gnu.org/licenses/>. 
                This is free software, and you are welcome to redistribute it under certain conditions; see <http://www.gnu.org/licenses/>. 
[    9.305716] tegra-adma 2930000.dma-controller: Tegra210 ADMA driver registered 32 channels
[    9.320628] r8168 0008:01:00.0 enP8p1s0: renamed from eth0
[    9.422214] tegra210-admaif 290f000.admaif: Adding to iommu group 54
[    9.572584] Bluetooth: hci0: RTL: fw version 0x19b76d7d
[   11.561857] using random self ethernet address
[   11.561863] using random host ethernet address
[   11.589897] Bluetooth: BNEP (Ethernet Emulation) ver 1.3
[   11.589905] Bluetooth: BNEP filters: protocol multicast
[   11.589918] Bluetooth: BNEP socket layer initialized
[   11.611044] NET: Registered PF_ALG protocol family
[   11.614214] loop9: detected capacity change from 0 to 32768
[   11.683718] nv_nvsciipc_init.sh[947]: found /dev/nvsciipc
[   11.708313] nvsciipc: set_db start
[   11.708335] nvsciipc: set_db done
[   11.767003] enP8p1s0: 0xffff800008eed000, 3c:6d:66:0d:53:d9, IRQ 256
[   11.799961] IRQ230: set affinity failed(-22).
[   11.799992] IRQ253: set affinity failed(-22).
[   11.799995] IRQ256: set affinity failed(-22).
[   11.801071] psci: CPU4 killed (polled 0 ms)
[   11.825811] Mass Storage Function, version: 2009/09/11
[   11.825820] LUN: removable file: (no medium)
[   11.887962] IRQ230: set affinity failed(-22).
[   11.887995] IRQ253: set affinity failed(-22).
[   11.887998] IRQ256: set affinity failed(-22).
[   11.888164] psci: CPU5 killed (polled 0 ms)
[   11.913096] using random self ethernet address
[   11.913102] using random host ethernet address
[   11.959983] IRQ230: set affinity failed(-22).
[   11.960015] IRQ253: set affinity failed(-22).
[   11.960018] IRQ256: set affinity failed(-22).
[   11.960265] psci: CPU6 killed (polled 0 ms)
[   12.061145] IRQ230: set affinity failed(-22).
[   12.061679] psci: CPU7 killed (polled 0 ms)
[   12.114136] pstore: Using crash dump compression: deflate
[   12.114650] printk: console [ramoops-1]: printing thread started
[   12.114662] printk: console [ramoops-1] enabled
[   12.114664] pstore: Registered ramoops as persistent store backend
[   12.114665] ramoops: using 0x200000@0x4725f0000, ecc: 0
[   12.195464] bridge: filtering via arp/ip/ip6tables is no longer available by default. Update your scripts to load br_netfilter if you need this.
[   12.199462] usb0: HOST MAC c2:d6:da:8f:db:b0
[   12.199471] usb0: MAC c2:d6:da:8f:db:b1
[   12.200538] usb1: HOST MAC c2:d6:da:8f:db:b2
[   12.200543] usb1: MAC c2:d6:da:8f:db:b3
[   12.200563] tegra-xudc 3550000.usb: EP 0 (type: ctrl, dir: out) enabled
[   12.208731] l4tbr0: port 1(usb0) entered blocking state
[   12.208750] l4tbr0: port 1(usb0) entered disabled state
[   12.209115] device usb0 entered promiscuous mode
[   12.215282] l4tbr0: port 2(usb1) entered blocking state
[   12.215299] l4tbr0: port 2(usb1) entered disabled state
[   12.215569] device usb1 entered promiscuous mode
[   12.233092] loop9: detected capacity change from 0 to 32768
[   12.267691] nvgpu: 17000000.gpu                  gk20a_scale_init:541  [INFO]  enabled scaling for GPU

[   12.462049] zram: Added device: zram0
[   12.463565] zram: Added device: zram1
[   12.470730] zram: Added device: zram2
[   12.482552] zram: Added device: zram3
[   12.548686] zram0: detected capacity change from 0 to 4004608
[   12.571685] Adding 2002300k swap on /dev/zram0.  Priority:5 extents:1 across:2002300k SS
[   12.577610] zram1: detected capacity change from 0 to 4004608
[   12.590315] Adding 2002300k swap on /dev/zram1.  Priority:5 extents:1 across:2002300k SS
[   12.596004] zram2: detected capacity change from 0 to 4004608
[   12.605956] Adding 2002300k swap on /dev/zram2.  Priority:5 extents:1 across:2002300k SS
[   12.612604] zram3: detected capacity change from 0 to 4004608
[   12.621798] Adding 2002300k swap on /dev/zram3.  Priority:5 extents:1 across:2002300k SS
[   12.727805] tegra-xudc 3550000.usb: EP 5 (type: intr, dir: in) enabled
[   12.727828] tegra-xudc 3550000.usb: EP 3 (type: bulk, dir: in) enabled
[   12.727841] tegra-xudc 3550000.usb: EP 2 (type: bulk, dir: out) enabled
[   12.727889] IPv6: ADDRCONF(NETDEV_CHANGE): usb0: link becomes ready
[   12.727920] tegra-xudc 3550000.usb: EP 9 (type: intr, dir: in) enabled
[   12.727935] tegra-xudc 3550000.usb: EP 7 (type: bulk, dir: in) enabled
[   12.727946] tegra-xudc 3550000.usb: EP 4 (type: bulk, dir: out) enabled
[   12.727974] tegra-xudc 3550000.usb: EP 15 (type: intr, dir: in) enabled
[   12.728015] tegra-xudc 3550000.usb: EP 11 (type: bulk, dir: in) enabled
[   12.728027] tegra-xudc 3550000.usb: EP 6 (type: bulk, dir: out) enabled
[   12.738038] tegra-xudc 3550000.usb: EP 13 (type: bulk, dir: in) enabled
[   12.738059] tegra-xudc 3550000.usb: EP 8 (type: bulk, dir: out) enabled
[   12.739912] tegra-xudc 3550000.usb: ep 13 disabled
[   12.740009] tegra-xudc 3550000.usb: ep 8 disabled
[   12.757545] tegra-xudc 3550000.usb: EP 13 (type: bulk, dir: in) enabled
[   12.757566] tegra-xudc 3550000.usb: EP 8 (type: bulk, dir: out) enabled
[   12.757610] IPv6: ADDRCONF(NETDEV_CHANGE): usb1: link becomes ready
[   14.649172] l4tbr0: port 2(usb1) entered blocking state
[   14.649185] l4tbr0: port 2(usb1) entered forwarding state
[   14.649250] l4tbr0: port 1(usb0) entered blocking state
[   14.649255] l4tbr0: port 1(usb0) entered forwarding state
[   14.653820] IPv6: ADDRCONF(NETDEV_CHANGE): l4tbr0: link becomes ready
[   14.862552] nvidia-modeset: Loading NVIDIA UNIX Open Kernel Mode Setting Driver for aarch64  540.5.0  Release Build  (buildbrain@239549d1-8639-491a-b9e7-120e21430986-l1eu-vqrkv)  Thu Jan 15 19:36:45 PST 2026
[   14.871435] [drm] [nvidia-drm] [GPU ID 0x00020000] Loading driver
[   15.163452] NVRM rpcRmApiControl_dce: NVRM_RPC_DCE: Failed RM ctrl call cmd:0x731341 result 0xffff:
[   15.164583] NVRM rpcRmApiControl_dce: NVRM_RPC_DCE: Failed RM ctrl call cmd:0x730282 result 0x1f:
[   15.216614] [drm] Initialized nvidia-drm 0.0.0 20160202 for 13800000.display on minor 1
[   15.298200] Console: switching to colour frame buffer device 240x67
[   15.298220] nv_platform 13800000.display: [drm] fb0: nvidia-drmdrmfb frame buffer device
[   16.593785] ACK 04 d4
[   16.595018] ACK 04 d4
[   16.624500] IPv6: ADDRCONF(NETDEV_CHANGE): wlP1p1s0: link becomes ready
[   19.220773] loop10: detected capacity change from 0 to 8
[   20.068046] rfkill: input handler disabled
[   23.549037] audit: type=1326 audit(1776431821.358:2): auid=4294967295 uid=0 gid=0 ses=4294967295 subj=kernel pid=2535 comm="cupsd" exe="/snap/cups/1184/sbin/cupsd" sig=0 arch=c00000b7 syscall=55 compat=0 ip=0xffffa0cfce0c code=0x50000
[   28.986498] audit: type=1326 audit(1776431826.794:3): auid=4294967295 uid=0 gid=0 ses=4294967295 subj=kernel pid=2535 comm="cupsd" exe="/snap/cups/1184/sbin/cupsd" sig=0 arch=c00000b7 syscall=55 compat=0 ip=0xffffa0cfce0c code=0x50000
[   29.014954] audit: type=1326 audit(1776431826.822:4): auid=4294967295 uid=0 gid=0 ses=4294967295 subj=kernel pid=2551 comm="cups-browsed" exe="/snap/cups/1184/sbin/cups-browsed" sig=0 arch=c00000b7 syscall=274 compat=0 ip=0xffffaf885b68 code=0x50000
