[2026-04-20T10:28:47Z] CMD: bash -lc dmesg 2>&1 || true
[    0.000000] Booting Linux on physical CPU 0x0000000000 [0x410fd421]
[    0.000000] Linux version 5.15.185-tegra (buildbrain@239549d1-8639-491a-b9e7-120e21430986-l1eu-vqrkv) (aarch64-buildroot-linux-gnu-gcc.br_real (Buildroot 2022.08) 11.3.0, GNU ld (GNU Binutils) 2.38) #1 SMP PREEMPT Thu Jan 15 19:24:38 PST 2026 ()
[    0.000000] Machine model: NVIDIA Jetson Orin NX Engineering Reference Developer Kit
[    0.000000] efi: EFI v2.70 by EDK II
[    0.000000] efi: RTPROP=0x46de1e698 TPMFinalLog=0x45e8f0000 SMBIOS=0xffff0000 SMBIOS 3.0=0x46da40000 MEMATTR=0x467efe018 ESRT=0x468420518 TPMEventLog=0x45e0cc018 RNG=0x45e900018 MEMRESERVE=0x45e901f98 
[    0.000000] random: crng init done
[    0.000000] secureboot: Secure boot disabled
[    0.000000] esrt: Reserving ESRT space from 0x0000000468420518 to 0x0000000468420550.
[    0.000000] Reserved memory: created CMA memory pool at 0x0000000449000000, size 256 MiB
[    0.000000] OF: reserved mem: initialized node linux,cma, compatible id shared-dma-pool
[    0.000000] NUMA: No NUMA configuration found
[    0.000000] NUMA: Faking a node at [mem 0x0000000080000000-0x0000000477ffffff]
[    0.000000] NUMA: NODE_DATA [mem 0x4702fc800-0x4702fefff]
[    0.000000] Zone ranges:
[    0.000000]   DMA      [mem 0x0000000080000000-0x00000000ffffffff]
[    0.000000]   DMA32    empty
[    0.000000]   Normal   [mem 0x0000000100000000-0x0000000477ffffff]
[    0.000000] Movable zone start for each node
[    0.000000] Early memory node ranges
[    0.000000]   node   0: [mem 0x0000000080000000-0x00000000bdffffff]
[    0.000000]   node   0: [mem 0x00000000c2000000-0x00000000fffdffff]
[    0.000000]   node   0: [mem 0x00000000fffe0000-0x00000000ffffffff]
[    0.000000]   node   0: [mem 0x0000000100000000-0x000000045d48ffff]
[    0.000000]   node   0: [mem 0x000000045d490000-0x000000045e0bffff]
[    0.000000]   node   0: [mem 0x000000045e0c0000-0x000000045e0effff]
[    0.000000]   node   0: [mem 0x000000045e0f0000-0x000000045e0fffff]
[    0.000000]   node   0: [mem 0x000000045e100000-0x000000045e14ffff]
[    0.000000]   node   0: [mem 0x000000045e150000-0x000000045e30ffff]
[    0.000000]   node   0: [mem 0x000000045e310000-0x000000045e8effff]
[    0.000000]   node   0: [mem 0x000000045e8f0000-0x000000045e8fffff]
[    0.000000]   node   0: [mem 0x000000045e900000-0x000000046bedffff]
[    0.000000]   node   0: [mem 0x000000046bee0000-0x000000046de1ffff]
[    0.000000]   node   0: [mem 0x000000046de20000-0x0000000471dfffff]
[    0.000000]   node   0: [mem 0x0000000471e00000-0x0000000471ffffff]
[    0.000000]   node   0: [mem 0x0000000472000000-0x000000047259ffff]
[    0.000000]   node   0: [mem 0x0000000476000000-0x0000000477ffffff]
[    0.000000] mminit::pageflags_layout_widths Section 0 Node 4 Zone 2 Lastcpupid 16 Kasantag 0 Flags 24
[    0.000000] mminit::pageflags_layout_shifts Section 21 Node 4 Zone 2 Lastcpupid 16 Kasantag 0
[    0.000000] mminit::pageflags_layout_pgshifts Section 0 Node 60 Zone 58 Lastcpupid 42 Kasantag 0
[    0.000000] mminit::pageflags_layout_nodezoneid Node/Zone ID: 64 -> 58
[    0.000000] mminit::pageflags_layout_usage location: 64 -> 42 layout 42 -> 24 unused 24 -> 0 page-flags
[    0.000000] Initmem setup node 0 [mem 0x0000000080000000-0x0000000477ffffff]
[    0.000000] mminit::memmap_init Initialising map node 0 zone 0 pfns 524288 -> 1048576
[    0.000000] mminit::memmap_init Initialising map node 0 zone 2 pfns 1048576 -> 4685824
[    0.000000] On node 0, zone DMA: 16384 pages in unavailable ranges
[    0.000000] On node 0, zone Normal: 14944 pages in unavailable ranges
[    0.000000] psci: probing for conduit method from DT.
[    0.000000] psci: PSCIv1.1 detected in firmware.
[    0.000000] psci: Using standard PSCI v0.2 function IDs
[    0.000000] psci: Trusted OS migration not required
[    0.000000] psci: SMC Calling Convention v1.2
[    0.000000] percpu: Embedded 30 pages/cpu s83480 r8192 d31208 u122880
[    0.000000] pcpu-alloc: s83480 r8192 d31208 u122880 alloc=30*4096
[    0.000000] pcpu-alloc: [0] 0 [0] 1 [0] 2 [0] 3 [0] 4 [0] 5 [0] 6 [0] 7 
[    0.000000] Detected PIPT I-cache on CPU0
[    0.000000] CPU features: detected: Address authentication (architected algorithm)
[    0.000000] CPU features: detected: GIC system register CPU interface
[    0.000000] CPU features: detected: Virtualization Host Extensions
[    0.000000] CPU features: detected: Hardware dirty bit management
[    0.000000] CPU features: detected: Spectre-v4
[    0.000000] CPU features: detected: Spectre-BHB
[    0.000000] CPU features: kernel page table isolation forced ON by KASLR
[    0.000000] CPU features: detected: Kernel page table isolation (KPTI)
[    0.000000] alternatives: patching kernel code
[    0.000000] mminit::zonelist general 0:DMA = 0:DMA 
[    0.000000] mminit::zonelist general 0:Normal = 0:Normal 0:DMA 
[    0.000000] mminit::zonelist thisnode 0:DMA = 0:DMA 
[    0.000000] mminit::zonelist thisnode 0:Normal = 0:Normal 0:DMA 
[    0.000000] Built 1 zonelists, mobility grouping on.  Total pages: 4065184
[    0.000000] Policy zone: Normal
[    0.000000] Kernel command line: root=PARTUUID=03f3e885-a6e9-47ba-b7e1-ccc5bf71a344 rw rootwait rootfstype=ext4 mminit_loglevel=4 console=ttyTCU0,115200 firmware_class.path=/etc/firmware fbcon=map:0 video=efifb:off console=tty0 efi=runtime pci=pcie_bus_perf nvme.use_threaded_interrupts=1 boot_profile=ov5647-dev bl_prof_dataptr=2031616@0x471E10000 bl_prof_ro_ptr=65536@0x471E00000 
[    0.000000] Unknown kernel command line parameters "boot_profile=ov5647-dev bl_prof_dataptr=2031616@0x471E10000 bl_prof_ro_ptr=65536@0x471E00000", will be passed to user space.
[    0.000000] Dentry cache hash table entries: 2097152 (order: 12, 16777216 bytes, linear)
[    0.000000] Inode-cache hash table entries: 1048576 (order: 11, 8388608 bytes, linear)
[    0.000000] mem auto-init: stack:off, heap alloc:off, heap free:off
[    0.000000] software IO TLB: mapped [mem 0x00000000fbfe0000-0x00000000fffe0000] (64MB)
[    0.000000] Memory: 15732952K/16520832K available (20480K kernel code, 4086K rwdata, 10172K rodata, 7744K init, 529K bss, 525736K reserved, 262144K cma-reserved)
[    0.000000] SLUB: HWalign=64, Order=0-3, MinObjects=0, CPUs=8, Nodes=1
[    0.000000] trace event string verifier disabled
[    0.000000] rcu: Preemptible hierarchical RCU implementation.
[    0.000000] rcu: 	RCU event tracing is enabled.
[    0.000000] rcu: 	RCU restricting CPUs from NR_CPUS=256 to nr_cpu_ids=8.
[    0.000000] 	Trampoline variant of Tasks RCU enabled.
[    0.000000] 	Rude variant of Tasks RCU enabled.
[    0.000000] 	Tracing variant of Tasks RCU enabled.
[    0.000000] rcu: RCU calculated value of scheduler-enlistment delay is 25 jiffies.
[    0.000000] rcu: Adjusting geometry for rcu_fanout_leaf=16, nr_cpu_ids=8
[    0.000000] NR_IRQS: 64, nr_irqs: 64, preallocated irqs: 0
[    0.000000] GICv3: GIC: Using split EOI/Deactivate mode
[    0.000000] GICv3: 960 SPIs implemented
[    0.000000] GICv3: 0 Extended SPIs implemented
[    0.000000] GICv3: Distributor has no Range Selector support
[    0.000000] Root IRQ handler: gic_handle_irq
[    0.000000] GICv3: 16 PPIs implemented
[    0.000000] GICv3: CPU0: found redistributor 0 region 0:0x000000000f440000
[    0.000000] arch_timer: cp15 timer(s) running at 31.25MHz (phys).
[    0.000000] clocksource: arch_sys_counter: mask: 0xffffffffffffff max_cycles: 0xe6a171046, max_idle_ns: 881590405314 ns
[    0.000000] sched_clock: 56 bits at 31MHz, resolution 32ns, wraps every 4398046511088ns
[    0.000339] Console: colour dummy device 80x25
[    0.000345] printk: console [tty0] enabled
[    0.000389] Calibrating delay loop (skipped), value calculated using timer frequency.. 62.50 BogoMIPS (lpj=125000)
[    0.000394] pid_max: default: 32768 minimum: 301
[    0.000424] LSM: Security Framework initializing
[    0.000443] Yama: becoming mindful.
[    0.000454] SELinux:  Initializing.
[    0.000519] Mount-cache hash table entries: 32768 (order: 6, 262144 bytes, linear)
[    0.000537] Mountpoint-cache hash table entries: 32768 (order: 6, 262144 bytes, linear)
[    0.001401] rcu: Hierarchical SRCU implementation.
[    0.003599] Tegra Revision: A01 SKU: 211 CPU Process: 0 SoC Process: 0
[    0.003857] Remapping and enabling EFI services.
[    0.004859] smp: Bringing up secondary CPUs ...
[    0.005231] Detected PIPT I-cache on CPU1
[    0.005261] GICv3: CPU1: found redistributor 100 region 0:0x000000000f460000
[    0.005287] CPU1: Booted secondary processor 0x0000000100 [0x410fd421]
[    0.005639] Detected PIPT I-cache on CPU2
[    0.005650] GICv3: CPU2: found redistributor 200 region 0:0x000000000f480000
[    0.005664] CPU2: Booted secondary processor 0x0000000200 [0x410fd421]
[    0.005975] Detected PIPT I-cache on CPU3
[    0.005985] GICv3: CPU3: found redistributor 300 region 0:0x000000000f4a0000
[    0.005996] CPU3: Booted secondary processor 0x0000000300 [0x410fd421]
[    0.008408] Detected PIPT I-cache on CPU4
[    0.008434] GICv3: CPU4: found redistributor 10000 region 0:0x000000000f4c0000
[    0.008461] CPU4: Booted secondary processor 0x0000010000 [0x410fd421]
[    0.008957] Detected PIPT I-cache on CPU5
[    0.008968] GICv3: CPU5: found redistributor 10100 region 0:0x000000000f4e0000
[    0.008982] CPU5: Booted secondary processor 0x0000010100 [0x410fd421]
[    0.009427] Detected PIPT I-cache on CPU6
[    0.009438] GICv3: CPU6: found redistributor 10200 region 0:0x000000000f500000
[    0.009452] CPU6: Booted secondary processor 0x0000010200 [0x410fd421]
[    0.009907] Detected PIPT I-cache on CPU7
[    0.009920] GICv3: CPU7: found redistributor 10300 region 0:0x000000000f520000
[    0.009935] CPU7: Booted secondary processor 0x0000010300 [0x410fd421]
[    0.009991] smp: Brought up 1 node, 8 CPUs
[    0.009996] SMP: Total of 8 processors activated.
[    0.009999] CPU features: detected: 32-bit EL0 Support
[    0.010000] CPU features: detected: Data cache clean to the PoU not required for I/D coherence
[    0.010003] CPU features: detected: Common not Private translations
[    0.010003] CPU features: detected: CRC32 instructions
[    0.010004] CPU features: detected: Data cache clean to Point of Persistence
[    0.010005] CPU features: detected: Generic authentication (architected algorithm)
[    0.010006] CPU features: detected: RCpc load-acquire (LDAPR)
[    0.010007] CPU features: detected: LSE atomic instructions
[    0.010008] CPU features: detected: Privileged Access Never
[    0.010008] CPU features: detected: RAS Extension Support
[    0.010011] CPU features: detected: Speculative Store Bypassing Safe (SSBS)
[    0.039910] CPU: All CPU(s) started at EL2
[    0.041605] devtmpfs: initialized
[    0.052837] KASLR enabled
[    0.052946] clocksource: jiffies: mask: 0xffffffff max_cycles: 0xffffffff, max_idle_ns: 7645041785100000 ns
[    0.052959] futex hash table entries: 2048 (order: 5, 131072 bytes, linear)
[    0.055073] pinctrl core: initialized pinctrl subsystem
[    0.055574] SMBIOS 3.6.0 present.
[    0.055582] DMI: NVIDIA NVIDIA Jetson Orin NX Engineering Reference Developer Kit/Jetson, BIOS 36.5.0-gcid-43688277 01/16/2026
[    0.055869] NET: Registered PF_NETLINK/PF_ROUTE protocol family
[    0.057049] DMA: preallocated 2048 KiB GFP_KERNEL pool for atomic allocations
[    0.057184] DMA: preallocated 2048 KiB GFP_KERNEL|GFP_DMA pool for atomic allocations
[    0.057302] DMA: preallocated 2048 KiB GFP_KERNEL|GFP_DMA32 pool for atomic allocations
[    0.057338] audit: initializing netlink subsys (disabled)
[    0.057427] audit: type=2000 audit(0.056:1): state=initialized audit_enabled=0 res=1
[    0.058528] thermal_sys: Registered thermal governor 'step_wise'
[    0.058530] thermal_sys: Registered thermal governor 'user_space'
[    0.058531] thermal_sys: Registered thermal governor 'power_allocator'
[    0.060663] cpuidle: using governor menu
[    0.060793] hw-breakpoint: found 6 breakpoint and 4 watchpoint registers.
[    0.060879] ASID allocator initialised with 32768 entries
[    0.062044] Serial: AMBA PL011 UART driver
[    0.070423] 31d0000.serial: ttyAMA0 at MMIO 0x31d0000 (irq = 117, base_baud = 0) is a SBSA
[    0.078192] platform bpmp: Fixing up cyclic dependency with 2c60000.external-memory-controller
[    0.084912] HugeTLB registered 1.00 GiB page size, pre-allocated 0 pages
[    0.084917] HugeTLB registered 32.0 MiB page size, pre-allocated 0 pages
[    0.084918] HugeTLB registered 2.00 MiB page size, pre-allocated 0 pages
[    0.084919] HugeTLB registered 64.0 KiB page size, pre-allocated 0 pages
[    0.085534] cryptd: max_cpu_qlen set to 1000
[    0.086815] ACPI: Interpreter disabled.
[    0.088024] VDD_1V8_AO: supplied by VDD_5V0_SYS
[    0.088206] VDD_3V3_AO: supplied by VDD_5V0_SYS
[    0.088474] VDD_AV10_HUB: supplied by VDD_5V0_SYS
[    0.088935] iommu: Default domain type: Translated 
[    0.088942] iommu: DMA domain TLB invalidation policy: strict mode 
[    0.089279] SCSI subsystem initialized
[    0.089374] libata version 3.00 loaded.
[    0.089460] vgaarb: loaded
[    0.089657] usbcore: registered new interface driver usbfs
[    0.089686] usbcore: registered new interface driver hub
[    0.089707] usbcore: registered new device driver usb
[    0.090138] pps_core: LinuxPPS API ver. 1 registered
[    0.090142] pps_core: Software ver. 5.3.6 - Copyright 2005-2007 Rodolfo Giometti <giometti@linux.it>
[    0.090152] PTP clock support registered
[    0.090225] EDAC MC: Ver: 3.0.0
[    0.091547] Registered efivars operations
[    0.092205] FPGA manager framework
[    0.092281] Advanced Linux Sound Architecture Driver Initialized.
[    0.092893] Bluetooth: Core ver 2.22
[    0.092926] NET: Registered PF_BLUETOOTH protocol family
[    0.092932] Bluetooth: HCI device and connection manager initialized
[    0.092944] Bluetooth: HCI socket layer initialized
[    0.092954] Bluetooth: L2CAP socket layer initialized
[    0.092966] Bluetooth: SCO socket layer initialized
[    0.093435] clocksource: Switched to clocksource arch_sys_counter
[    0.128458] VFS: Disk quotas dquot_6.6.0
[    0.128514] VFS: Dquot-cache hash table entries: 512 (order 0, 4096 bytes)
[    0.128768] pnp: PnP ACPI: disabled
[    0.132307] NET: Registered PF_INET protocol family
[    0.132976] IP idents hash table entries: 262144 (order: 9, 2097152 bytes, linear)
[    0.135434] tcp_listen_portaddr_hash hash table entries: 8192 (order: 5, 131072 bytes, linear)
[    0.135622] Table-perturb hash table entries: 65536 (order: 6, 262144 bytes, linear)
[    0.135648] TCP established hash table entries: 131072 (order: 8, 1048576 bytes, linear)
[    0.136070] TCP bind hash table entries: 65536 (order: 8, 1048576 bytes, linear)
[    0.137488] TCP: Hash tables configured (established 131072 bind 65536)
[    0.137708] UDP hash table entries: 8192 (order: 6, 262144 bytes, linear)
[    0.137878] UDP-Lite hash table entries: 8192 (order: 6, 262144 bytes, linear)
[    0.138259] NET: Registered PF_UNIX/PF_LOCAL protocol family
[    0.138715] RPC: Registered named UNIX socket transport module.
[    0.138719] RPC: Registered udp transport module.
[    0.138719] RPC: Registered tcp transport module.
[    0.138721] RPC: Registered tcp NFSv4.1 backchannel transport module.
[    0.138738] PCI: CLS 0 bytes, default 64
[    0.139010] Unpacking initramfs...
[    0.146340] hw perfevents: enabled with armv8_cortex_a78 PMU driver, 7 counters available
[    0.146661] kvm [1]: IPA Size Limit: 48 bits
[    0.146700] kvm [1]: GICv3: no GICV resource entry
[    0.146708] kvm [1]: disabling GICv2 emulation
[    0.146734] kvm [1]: GIC system register CPU interface enabled
[    0.146813] kvm [1]: vgic interrupt IRQ9
[    0.146979] kvm [1]: VHE mode initialized successfully
[    0.150281] Initialise system trusted keyrings
[    0.150324] Key type blacklist registered
[    0.150444] workingset: timestamp_bits=42 max_order=22 bucket_order=0
[    0.154416] squashfs: version 4.0 (2009/01/31) Phillip Lougher
[    0.154957] NFS: Registering the id_resolver key type
[    0.154980] Key type id_resolver registered
[    0.154983] Key type id_legacy registered
[    0.155037] nfs4filelayout_init: NFSv4 File Layout Driver Registering...
[    0.155052] nfs4flexfilelayout_init: NFSv4 Flexfile Layout Driver Registering...
[    0.155076] ntfs: driver 2.1.32 [Flags: R/O].
[    0.155326] 9p: Installing v9fs 9p2000 file system support
[    0.156046] integrity: Platform Keyring initialized
[    0.167439] Key type asymmetric registered
[    0.167446] Asymmetric key parser 'x509' registered
[    0.167525] Block layer SCSI generic (bsg) driver version 0.4 loaded (major 245)
[    0.167532] io scheduler mq-deadline registered
[    0.167538] io scheduler kyber registered
[    0.177834] EINJ: ACPI disabled.
[    0.189980] Serial: 8250/16550 driver, 4 ports, IRQ sharing enabled
[    0.191808] SuperH (H)SCI(F) driver initialized
[    0.192151] msm_serial: driver initialized
[    0.192875] printk: console [ttyTCU0] enabled
[    0.193816] arm-smmu 8000000.iommu: probing hardware configuration...
[    0.193821] arm-smmu 8000000.iommu: SMMUv2 with:
[    0.193827] arm-smmu 8000000.iommu: 	stage 1 translation
[    0.193828] arm-smmu 8000000.iommu: 	stage 2 translation
[    0.193830] arm-smmu 8000000.iommu: 	nested translation
[    0.193835] arm-smmu 8000000.iommu: 	stream matching with 128 register groups
[    0.193840] arm-smmu 8000000.iommu: 	128 context banks (0 stage-2 only)
[    0.193863] arm-smmu 8000000.iommu: 	Supported page sizes: 0x61311000
[    0.193865] arm-smmu 8000000.iommu: 	Stage-1: 48-bit VA -> 48-bit IPA
[    0.193866] arm-smmu 8000000.iommu: 	Stage-2: 48-bit IPA -> 48-bit PA
[    0.194848] arm-smmu 10000000.iommu: probing hardware configuration...
[    0.194855] arm-smmu 10000000.iommu: SMMUv2 with:
[    0.194856] arm-smmu 10000000.iommu: 	stage 1 translation
[    0.194857] arm-smmu 10000000.iommu: 	stage 2 translation
[    0.194858] arm-smmu 10000000.iommu: 	nested translation
[    0.194860] arm-smmu 10000000.iommu: 	stream matching with 128 register groups
[    0.194863] arm-smmu 10000000.iommu: 	128 context banks (0 stage-2 only)
[    0.194868] arm-smmu 10000000.iommu: 	Supported page sizes: 0x61311000
[    0.194871] arm-smmu 10000000.iommu: 	Stage-1: 48-bit VA -> 48-bit IPA
[    0.194872] arm-smmu 10000000.iommu: 	Stage-2: 48-bit IPA -> 48-bit PA
[    0.195238] arm-smmu 12000000.iommu: probing hardware configuration...
[    0.195241] arm-smmu 12000000.iommu: SMMUv2 with:
[    0.195244] arm-smmu 12000000.iommu: 	stage 1 translation
[    0.195246] arm-smmu 12000000.iommu: 	stage 2 translation
[    0.195247] arm-smmu 12000000.iommu: 	nested translation
[    0.195250] arm-smmu 12000000.iommu: 	stream matching with 128 register groups
[    0.195252] arm-smmu 12000000.iommu: 	128 context banks (0 stage-2 only)
[    0.195261] arm-smmu 12000000.iommu: 	Supported page sizes: 0x61311000
[    0.195262] arm-smmu 12000000.iommu: 	Stage-1: 48-bit VA -> 48-bit IPA
[    0.195262] arm-smmu 12000000.iommu: 	Stage-2: 48-bit IPA -> 48-bit PA
[    0.203780] loop: module loaded
[    0.204781] megasas: 07.727.03.00-rc1
[    0.208824] tun: Universal TUN/TAP device driver, 1.6
[    0.209379] thunder_xcv, ver 1.0
[    0.209414] thunder_bgx, ver 1.0
[    0.209456] nicpf, ver 1.0
[    0.210291] hns3: Hisilicon Ethernet Network Driver for Hip08 Family - version
[    0.210299] hns3: Copyright (c) 2017 Huawei Corporation.
[    0.210340] hclge is initializing
[    0.210370] e1000: Intel(R) PRO/1000 Network Driver
[    0.210375] e1000: Copyright (c) 1999-2006 Intel Corporation.
[    0.210411] e1000e: Intel(R) PRO/1000 Network Driver
[    0.210416] e1000e: Copyright(c) 1999 - 2015 Intel Corporation.
[    0.210446] igb: Intel(R) Gigabit Ethernet Network Driver
[    0.210454] igb: Copyright (c) 2007-2014 Intel Corporation.
[    0.210470] igbvf: Intel(R) Gigabit Virtual Function Network Driver
[    0.210476] igbvf: Copyright (c) 2009 - 2012 Intel Corporation.
[    0.210688] sky2: driver version 1.30
[    0.211353] VFIO - User Level meta-driver version: 0.3
[    0.212916] ehci_hcd: USB 2.0 'Enhanced' Host Controller (EHCI) Driver
[    0.212927] ehci-pci: EHCI PCI platform driver
[    0.212958] ehci-platform: EHCI generic platform driver
[    0.213030] ehci-orion: EHCI orion driver
[    0.213106] ehci-exynos: EHCI Exynos driver
[    0.213159] ohci_hcd: USB 1.1 'Open' Host Controller (OHCI) Driver
[    0.213181] ohci-pci: OHCI PCI platform driver
[    0.213214] ohci-platform: OHCI generic platform driver
[    0.213286] ohci-exynos: OHCI Exynos driver
[    0.213731] usbcore: registered new interface driver usb-storage
[    0.215572] i2c_dev: i2c /dev entries driver
[    0.216843] pps_ldisc: PPS line discipline registered
[    0.219314] device-mapper: ioctl: 4.45.0-ioctl (2021-03-22) initialised: dm-devel@redhat.com
[    0.221509] sdhci: Secure Digital Host Controller Interface driver
[    0.221516] sdhci: Copyright(c) Pierre Ossman
[    0.221950] Synopsys Designware Multimedia Card Interface Driver
[    0.222532] sdhci-pltfm: SDHCI platform and OF driver helper
[    0.224132] ledtrig-cpu: registered to indicate activity on CPUs
[    0.225189] SMCCC: SOC_ID: ID = jep106:036b:0234 Revision = 0x00000401
[    0.225894] tegra-bpmp bpmp: Adding to iommu group 0
[    0.227395] tegra-bpmp bpmp: firmware: 40c4ded2a7425760713a-68f126a8abf
[    0.395252] Freeing initrd memory: 15548K
[    1.736508] clocksource: tsc: mask: 0xffffffffffffff max_cycles: 0xe6a171046, max_idle_ns: 881590405314 ns
[    1.736533] clocksource: osc: mask: 0xffffffff max_cycles: 0xffffffff, max_idle_ns: 49772407460 ns
[    1.736535] clocksource: usec: mask: 0xffffffff max_cycles: 0xffffffff, max_idle_ns: 1911260446275 ns
[    1.736929] hid: raw HID events driver (C) Jiri Kosina
[    1.737259] usbcore: registered new interface driver usbhid
[    1.737263] usbhid: USB HID core driver
[    1.741237] optee: probing for conduit method.
[    1.741294] optee: revision 4.2 (5ef90dab)
[    1.800718] optee: dynamic shared memory is enabled
[    1.800978] optee: initialized driver
[    1.803990] usbcore: registered new interface driver snd-usb-audio
[    1.805448] NET: Registered PF_PACKET protocol family
[    1.806218] Bluetooth: RFCOMM TTY layer initialized
[    1.806230] Bluetooth: RFCOMM socket layer initialized
[    1.806248] Bluetooth: RFCOMM ver 1.11
[    1.806481] 9pnet: Installing 9P2000 support
[    1.806579] Key type dns_resolver registered
[    1.807642] printk: console [tty0]: printing thread started
[    1.808447] printk: console [ttyTCU0]: printing thread started
[    1.808529] Loading compiled-in X.509 certificates
[    1.811867] Loaded X.509 cert 'Build time autogenerated kernel key: d77ad5d0e7e5d02a2dc9cf8ec8dfa4a966aa85ba'
[    1.844777] tegra-gpcdma 2600000.dma-controller: Adding to iommu group 1
[    1.846757] tegra-gpcdma 2600000.dma-controller: GPC DMA driver register 31 channels
[    1.848841] 3100000.serial: ttyTHS1 at MMIO 0x3100000 (irq = 112, base_baud = 0) is a TEGRA_UART
[    1.849414] 3140000.serial: ttyTHS2 at MMIO 0x3140000 (irq = 113, base_baud = 0) is a TEGRA_UART
[    1.851928] tegra_rtc c2a0000.rtc: registered as rtc1
[    1.851938] tegra_rtc c2a0000.rtc: Tegra internal Real Time Clock
[    1.852330] tegra-i2c 3160000.i2c: Adding to iommu group 1
[    1.858353] tegra-i2c 3180000.i2c: Adding to iommu group 1
[    1.860111] tegra-i2c 31b0000.i2c: Adding to iommu group 1
[    1.861637] tegra-i2c c240000.i2c: Adding to iommu group 1
[    1.862909] i2c 1-0025: Fixing up cyclic dependency with 3520000.padctl
[    1.863518] tegra-i2c c250000.i2c: Adding to iommu group 1
[    1.865398] i2c i2c-2: Added multiplexed i2c bus 9
[    1.865404] i2c-mux-gpio bus@0:cam_i2cmux: 1 port mux on 3180000.i2c adapter
[    1.883782] cpufreq: cpufreq_online: CPU4: Running at unlisted initial frequency: 1989000 KHz, changing to: 1984000 KHz
[    1.886112] tegra-xusb 3610000.usb: Adding to iommu group 2
[    1.900873] tegra-xusb 3610000.usb: Firmware timestamp: 2023-02-10 03:48:10 UTC
[    1.900880] tegra-xusb 3610000.usb: xHCI Host Controller
[    1.900890] tegra-xusb 3610000.usb: new USB bus registered, assigned bus number 1
[    1.901628] tegra-xusb 3610000.usb: hcc params 0x0180ff05 hci version 0x120 quirks 0x0000000000010810
[    1.901646] tegra-xusb 3610000.usb: irq 123, io mem 0x03610000
[    1.901752] tegra-xusb 3610000.usb: xHCI Host Controller
[    1.901755] tegra-xusb 3610000.usb: new USB bus registered, assigned bus number 2
[    1.901759] tegra-xusb 3610000.usb: Host supports USB 3.1 Enhanced SuperSpeed
[    1.902186] hub 1-0:1.0: USB hub found
[    1.902200] hub 1-0:1.0: 4 ports detected
[    1.902460] hub 2-0:1.0: USB hub found
[    1.902472] hub 2-0:1.0: 4 ports detected
[    1.903672] irq: IRQ227: trimming hierarchy from :bus@0:pmc@c360000
[    1.903728] irq: IRQ228: trimming hierarchy from :bus@0:interrupt-controller@f400000-1
[    1.903790] input: gpio-keys as /devices/platform/gpio-keys/input/input0
[    1.904674] clk: Disabling unused clocks
[    1.944856] ALSA device list:
[    1.944860]   No soundcards found.
[    1.957066] Freeing unused kernel memory: 7744K
[    1.957140] Run /init as init process
[    1.957141]   with arguments:
[    1.957141]     /init
[    1.957142]   with environment:
[    1.957142]     HOME=/
[    1.957143]     TERM=linux
[    1.957143]     boot_profile=ov5647-dev
[    1.957144]     bl_prof_dataptr=2031616@0x471E10000
[    1.957145]     bl_prof_ro_ptr=65536@0x471E00000
[    1.971929] Checking overlayfs setting...
[    1.980835] Overlayfs is disabled...
[    1.987296] Root device found: PARTUUID=03f3e885-a6e9-47ba-b7e1-ccc5bf71a344
[    2.237615] usb 1-2: new high-speed USB device number 2 using tegra-xusb
[    2.408398] hub 1-2:1.0: USB hub found
[    2.409796] hub 1-2:1.0: 4 ports detected
[    2.526519] usb 2-1: new SuperSpeed Plus Gen 2x1 USB device number 2 using tegra-xusb
[    2.575125] hub 2-1:1.0: USB hub found
[    2.577379] hub 2-1:1.0: 4 ports detected
[    2.681614] usb 1-3: new full-speed USB device number 3 using tegra-xusb
[    3.125436] usb 1-2.4: new low-speed USB device number 4 using tegra-xusb
[    3.244535] input: Lenovo Lenovo Calliope USB Keyboard as /devices/platform/bus@0/3610000.usb/usb1/1-2/1-2.4/1-2.4:1.0/0003:17EF:608C.0001/input/input1
[    3.374299] hid-generic 0003:17EF:608C.0001: input,hidraw0: USB HID v1.11 Keyboard [Lenovo Lenovo Calliope USB Keyboard] on usb-3610000.usb-2.4/input0
[    3.379940] input: Lenovo Lenovo Calliope USB Keyboard System Control as /devices/platform/bus@0/3610000.usb/usb1/1-2/1-2.4/1-2.4:1.1/0003:17EF:608C.0002/input/input2
[    3.438265] input: Lenovo Lenovo Calliope USB Keyboard Consumer Control as /devices/platform/bus@0/3610000.usb/usb1/1-2/1-2.4/1-2.4:1.1/0003:17EF:608C.0002/input/input3
[    3.439449] hid-generic 0003:17EF:608C.0002: input,hidraw1: USB HID v1.11 Device [Lenovo Lenovo Calliope USB Keyboard] on usb-3610000.usb-2.4/input1
[    5.529382] tegra194-pcie 14100000.pcie: Adding to iommu group 3
[    5.530250] irq: IRQ229: trimming hierarchy from :bus@0:interrupt-controller@f400000-1
[    5.531291] tegra194-pcie 14100000.pcie: host bridge /bus@0/pcie@14100000 ranges:
[    5.531310] tegra194-pcie 14100000.pcie:      MEM 0x2080000000..0x20a7ffffff -> 0x2080000000
[    5.531320] tegra194-pcie 14100000.pcie:      MEM 0x20a8000000..0x20afffffff -> 0x0040000000
[    5.531323] tegra194-pcie 14100000.pcie:       IO 0x0030100000..0x00301fffff -> 0x0030100000
[    5.531642] tegra194-pcie 14100000.pcie: iATU unroll: enabled
[    5.531644] tegra194-pcie 14100000.pcie: Detected iATU regions: 8 outbound, 2 inbound
[    5.550509] tegra-xudc 3550000.usb: Adding to iommu group 4
[    5.637436] tegra194-pcie 14100000.pcie: Link up
[    5.640079] tegra194-pcie 14100000.pcie: Link up
[    5.640395] tegra194-pcie 14100000.pcie: PCI host bridge to bus 0001:00
[    5.640399] pci_bus 0001:00: root bus resource [bus 00-ff]
[    5.640403] pci_bus 0001:00: root bus resource [mem 0x2080000000-0x20a7ffffff pref]
[    5.640405] pci_bus 0001:00: root bus resource [mem 0x20a8000000-0x20afffffff] (bus address [0x40000000-0x47ffffff])
[    5.640408] pci_bus 0001:00: root bus resource [io  0x0000-0xfffff] (bus address [0x30100000-0x301fffff])
[    5.640458] pci 0001:00:00.0: [10de:229e] type 01 class 0x060400
[    5.640625] pci 0001:00:00.0: PME# supported from D0 D3hot
[    5.643912] pci 0001:01:00.0: [10ec:c822] type 00 class 0x028000
[    5.644444] pci 0001:01:00.0: reg 0x10: [io  0x0000-0x00ff]
[    5.644489] pci 0001:01:00.0: reg 0x18: [mem 0x20a8000000-0x20a800ffff 64bit]
[    5.645370] pci 0001:01:00.0: supports D1 D2
[    5.645372] pci 0001:01:00.0: PME# supported from D0 D1 D2 D3hot D3cold
[    5.660146] pci 0001:00:00.0: BAR 14: assigned [mem 0x20a8000000-0x20a80fffff]
[    5.660150] pci 0001:00:00.0: BAR 13: assigned [io  0x1000-0x1fff]
[    5.660154] pci 0001:01:00.0: BAR 2: assigned [mem 0x20a8000000-0x20a800ffff 64bit]
[    5.660256] pci 0001:01:00.0: BAR 0: assigned [io  0x1000-0x10ff]
[    5.660286] pci 0001:00:00.0: PCI bridge to [bus 01-ff]
[    5.660290] pci 0001:00:00.0:   bridge window [io  0x1000-0x1fff]
[    5.660294] pci 0001:00:00.0:   bridge window [mem 0x20a8000000-0x20a80fffff]
[    5.660314] pci 0001:00:00.0: Max Payload Size set to  256/ 256 (was  128), Max Read Rq  256
[    5.660460] pci 0001:01:00.0: Max Payload Size set to  128/ 128 (was  128), Max Read Rq  128
[    5.660561] pcieport 0001:00:00.0: Adding to iommu group 3
[    5.660654] pcieport 0001:00:00.0: PME: Signaling with IRQ 190
[    5.661211] pcieport 0001:00:00.0: AER: enabled with IRQ 190
[    5.662040] tegra194-pcie 14160000.pcie: Adding to iommu group 5
[    5.664311] tegra194-pcie 14160000.pcie: host bridge /bus@0/pcie@14160000 ranges:
[    5.664329] tegra194-pcie 14160000.pcie:      MEM 0x2140000000..0x2427ffffff -> 0x2140000000
[    5.664336] tegra194-pcie 14160000.pcie:      MEM 0x2428000000..0x242fffffff -> 0x0040000000
[    5.664340] tegra194-pcie 14160000.pcie:       IO 0x0036100000..0x00361fffff -> 0x0036100000
[    5.664652] tegra194-pcie 14160000.pcie: iATU unroll: enabled
[    5.664654] tegra194-pcie 14160000.pcie: Detected iATU regions: 8 outbound, 2 inbound
[    5.769700] tegra194-pcie 14160000.pcie: Link up
[    5.772373] tegra194-pcie 14160000.pcie: Link up
[    5.772449] tegra194-pcie 14160000.pcie: PCI host bridge to bus 0004:00
[    5.772452] pci_bus 0004:00: root bus resource [bus 00-ff]
[    5.772455] pci_bus 0004:00: root bus resource [mem 0x2140000000-0x2427ffffff pref]
[    5.772458] pci_bus 0004:00: root bus resource [mem 0x2428000000-0x242fffffff] (bus address [0x40000000-0x47ffffff])
[    5.772460] pci_bus 0004:00: root bus resource [io  0x100000-0x1fffff] (bus address [0x36100000-0x361fffff])
[    5.772502] pci 0004:00:00.0: [10de:229c] type 01 class 0x060400
[    5.772646] pci 0004:00:00.0: PME# supported from D0 D3hot
[    5.776143] pci 0004:01:00.0: [4321:2263] type 00 class 0x010802
[    5.776608] pci 0004:01:00.0: reg 0x10: [mem 0x00000000-0x00003fff 64bit]
[    5.792073] pci 0004:00:00.0: BAR 14: assigned [mem 0x2428000000-0x24280fffff]
[    5.792078] pci 0004:01:00.0: BAR 0: assigned [mem 0x2428000000-0x2428003fff 64bit]
[    5.792164] pci 0004:00:00.0: PCI bridge to [bus 01-ff]
[    5.792168] pci 0004:00:00.0:   bridge window [mem 0x2428000000-0x24280fffff]
[    5.792187] pci 0004:00:00.0: Max Payload Size set to  256/ 256 (was  128), Max Read Rq  256
[    5.792312] pci 0004:01:00.0: Max Payload Size set to  128/ 128 (was  128), Max Read Rq  128
[    5.792409] pcieport 0004:00:00.0: Adding to iommu group 5
[    5.792498] pcieport 0004:00:00.0: PME: Signaling with IRQ 192
[    5.792616] pcieport 0004:00:00.0: AER: enabled with IRQ 192
[    5.792790] nvme 0004:01:00.0: Adding to iommu group 5
[    5.792978] nvme nvme0: pci function 0004:01:00.0
[    5.793041] nvme 0004:01:00.0: enabling device (0000 -> 0002)
[    5.793581] tegra194-pcie 141e0000.pcie: Adding to iommu group 6
[    5.794795] tegra194-pcie 141e0000.pcie: host bridge /bus@0/pcie@141e0000 ranges:
[    5.794807] tegra194-pcie 141e0000.pcie:      MEM 0x3000000000..0x3227ffffff -> 0x3000000000
[    5.794812] tegra194-pcie 141e0000.pcie:      MEM 0x3228000000..0x322fffffff -> 0x0040000000
[    5.794815] tegra194-pcie 141e0000.pcie:       IO 0x003e100000..0x003e1fffff -> 0x003e100000
[    5.795119] tegra194-pcie 141e0000.pcie: iATU unroll: enabled
[    5.795122] tegra194-pcie 141e0000.pcie: Detected iATU regions: 8 outbound, 2 inbound
[    5.811558] nvme nvme0: allocated 64 MiB host memory buffer.
[    5.830118] nvme nvme0: 8/0/0 default/read/poll queues
[    5.838363]  nvme0n1: p1 p2 p3 p4 p5 p6 p7 p8 p9 p10 p11 p12 p13 p14 p15
[    6.341386] EXT4-fs (nvme0n1p1): 2 orphan inodes deleted
[    6.341397] EXT4-fs (nvme0n1p1): recovery complete
[    6.345333] EXT4-fs (nvme0n1p1): mounted filesystem with ordered data mode. Opts: (null). Quota mode: none.
[    6.351344] Rootfs mounted over PARTUUID=03f3e885-a6e9-47ba-b7e1-ccc5bf71a344
[    6.359009] Switching from initrd to actual rootfs
[    6.408277] systemd[1]: System time before build time, advancing clock.
[    6.426661] NET: Registered PF_INET6 protocol family
[    6.427550] Segment Routing with IPv6
[    6.427558] In-situ OAM (IOAM) with IPv6
[    6.440745] systemd[1]: systemd 249.11-0ubuntu3.17 running in system mode (+PAM +AUDIT +SELINUX +APPARMOR +IMA +SMACK +SECCOMP +GCRYPT +GNUTLS +OPENSSL +ACL +BLKID +CURL +ELFUTILS +FIDO2 +IDN2 -IDN +IPTC +KMOD +LIBCRYPTSETUP +LIBFDISK +PCRE2 -PWQUALITY -P11KIT -QRENCODE +BZIP2 +LZ4 +XZ +ZLIB +ZSTD -XKBCOMMON +UTMP +SYSVINIT default-hierarchy=unified)
[    6.441122] systemd[1]: Detected architecture arm64.
[    6.443039] systemd[1]: Hostname set to <cam-desktop>.
[    6.450350] systemd[1]: Using hardware watchdog 'NVIDIA Tegra186 WDT', version 0, device /dev/watchdog
[    6.450367] systemd[1]: Set hardware watchdog to 2min.
[    6.597167] systemd[1]: /lib/systemd/system/snapd.service:23: Unknown key name 'RestartMode' in section 'Service', ignoring.
[    6.607964] systemd[1]: /etc/systemd/system/nvs-service.service:41: Standard output type syslog is obsolete, automatically updating to journal. Please update your unit file, and consider removing the setting altogether.
[    6.610696] systemd[1]: /etc/systemd/system/nvargus-daemon.service:42: Standard output type syslog is obsolete, automatically updating to journal. Please update your unit file, and consider removing the setting altogether.
[    6.650993] systemd[1]: Queued start job for default target Graphical Interface.
[    6.652474] systemd[1]: Created slice Slice /system/modprobe.
[    6.653062] systemd[1]: Created slice Slice /system/openvpn.
[    6.653538] systemd[1]: Created slice Slice /system/serial-getty.
[    6.654823] systemd[1]: Created slice Slice /system/systemd-fsck.
[    6.655142] systemd[1]: Created slice User and Session Slice.
[    6.655301] systemd[1]: Started Forward Password Requests to Wall Directory Watch.
[    6.655662] systemd[1]: Set up automount Arbitrary Executable File Formats File System Automount Point.
[    6.655831] systemd[1]: Reached target Slice Units.
[    6.655897] systemd[1]: Reached target Mounting snaps.
[    6.655956] systemd[1]: Reached target Swaps.
[    6.656016] systemd[1]: Reached target Local Verity Protected Volumes.
[    6.656162] systemd[1]: Listening on Device-mapper event daemon FIFOs.
[    6.656375] systemd[1]: Listening on LVM2 poll daemon socket.
[    6.661508] systemd[1]: Listening on RPCbind Server Activation Socket.
[    6.661897] systemd[1]: Listening on Syslog Socket.
[    6.662100] systemd[1]: Listening on fsck to fsckd communication Socket.
[    6.662239] systemd[1]: Listening on initctl Compatibility Named Pipe.
[    6.662558] systemd[1]: Listening on Journal Audit Socket.
[    6.662730] systemd[1]: Listening on Journal Socket (/dev/log).
[    6.662946] systemd[1]: Listening on Journal Socket.
[    6.663227] systemd[1]: Listening on udev Control Socket.
[    6.663387] systemd[1]: Listening on udev Kernel Socket.
[    6.664458] systemd[1]: Mounting Huge Pages File System...
[    6.665627] systemd[1]: Mounting POSIX Message Queue File System...
[    6.696823] systemd[1]: Mounting Kernel Debug File System...
[    6.719567] systemd[1]: Mounting Kernel Trace File System...
[    6.722453] systemd[1]: Starting Journal Service...
[    6.729485] systemd[1]: Finished Availability of block devices.
[    6.731728] systemd[1]: Starting Set the console keyboard layout...
[    6.732948] systemd[1]: Starting Create List of Static Device Nodes...
[    6.734320] systemd[1]: Starting Monitoring of LVM2 mirrors, snapshots etc. using dmeventd or progress polling...
[    6.760329] systemd[1]: Starting Load Kernel Module configfs...
[    6.761781] systemd[1]: Starting Load Kernel Module drm...
[    6.771060] systemd[1]: Starting Load Kernel Module efi_pstore...
[    6.772554] systemd[1]: Starting Load Kernel Module fuse...
[    6.773920] systemd[1]: Starting NVIDIA specific first-boot udev script...
[    6.779605] fuse: init (API version 7.34)
[    6.794577] systemd[1]: Started Nameserver information manager.
[    6.794803] systemd[1]: Reached target Preparation for Network.
[    6.795030] systemd[1]: Condition check resulted in File System Check on Root Device being skipped.
[    6.796852] systemd[1]: Starting Load Kernel Modules...
[    6.797999] systemd[1]: Starting Remount Root and Kernel File Systems...
[    6.803996] nvsciipc: loading out-of-tree module taints kernel.
[    6.804909] EXT4-fs (nvme0n1p1): re-mounted. Opts: (null). Quota mode: none.
[    6.805002] nvsciipc: loaded module
[    6.810522] nvmap_heap_init: nvmap_heap_init: created heap block cache
[    6.811006] nvmap_page_pool_init: Total RAM pages: 4004597
[    6.811009] nvmap_page_pool_init: nvmap page pool size: 500574 pages (1955 MB)
[    6.811077] nvmap_background_zero_thread: PP zeroing thread starting.
[    6.817610] tegra-host1x 13e00000.host1x: Adding to iommu group 7
[    6.818830] host1x-context host1x-ctx.0: Adding to iommu group 8
[    6.818945] host1x-context host1x-ctx.1: Adding to iommu group 9
[    6.819047] host1x-context host1x-ctx.2: Adding to iommu group 10
[    6.819141] host1x-context host1x-ctx.3: Adding to iommu group 11
[    6.819237] host1x-context host1x-ctx.4: Adding to iommu group 12
[    6.819331] host1x-context host1x-ctx.5: Adding to iommu group 13
[    6.819420] host1x-context host1x-ctx.6: Adding to iommu group 14
[    6.819511] host1x-context host1x-ctx.7: Adding to iommu group 15
[    6.819615] host1x-context host1x-ctx.8: Adding to iommu group 16
[    6.819706] host1x-context host1x-ctx.9: Adding to iommu group 17
[    6.819800] host1x-context host1x-ctx.10: Adding to iommu group 18
[    6.819893] host1x-context host1x-ctx.11: Adding to iommu group 19
[    6.819990] host1x-context host1x-ctx.12: Adding to iommu group 20
[    6.820086] host1x-context host1x-ctx.13: Adding to iommu group 21
[    6.820207] host1x-context host1x-ctx.14: Adding to iommu group 22
[    6.820297] host1x-context host1x-ctx.15: Adding to iommu group 23
[    6.828169] platform 13e00000.host1x:nvcsi@15a00000: Fixing up cyclic dependency with 9-0036
[    6.828186] platform 13e00000.host1x:nvcsi@15a00000: Fixing up cyclic dependency with tegra-capture-vi
[    6.833383] systemd[1]: Starting Coldplug All udev Devices...
[    6.866027] nvgpu: 17000000.gpu          nvgpu_nvhost_syncpt_init:122  [INFO]  syncpt_unit_base 60000000 syncpt_unit_size 4000000 size 10000

[    6.870194] systemd[1]: Mounted Huge Pages File System.
[    6.901433] tegra194-pcie 141e0000.pcie: Phy link never came up
[    6.923819] systemd[1]: Mounted POSIX Message Queue File System.
[    6.973149] systemd[1]: Mounted Kernel Debug File System.
[    7.032721] systemd[1]: Mounted Kernel Trace File System.
[    7.033220] systemd[1]: Finished Set the console keyboard layout.
[    7.033744] systemd[1]: Finished Create List of Static Device Nodes.
[    7.051039] systemd[1]: modprobe@configfs.service: Deactivated successfully.
[    7.051336] systemd[1]: Finished Load Kernel Module configfs.
[    7.051714] systemd[1]: modprobe@drm.service: Deactivated successfully.
[    7.051982] systemd[1]: Finished Load Kernel Module drm.
[    7.052354] systemd[1]: modprobe@efi_pstore.service: Deactivated successfully.
[    7.052624] systemd[1]: Finished Load Kernel Module efi_pstore.
[    7.052978] systemd[1]: modprobe@fuse.service: Deactivated successfully.
[    7.053246] systemd[1]: Finished Load Kernel Module fuse.
[    7.053709] systemd[1]: Finished NVIDIA specific first-boot udev script.
[    7.102145] systemd[1]: Finished Load Kernel Modules.
[    7.113656] systemd[1]: Finished Remount Root and Kernel File Systems.
[    7.116240] systemd[1]: Mounting FUSE Control File System...
[    7.117318] systemd[1]: Mounting Kernel Configuration File System...
[    7.119426] systemd[1]: Starting OP-TEE Client Supplicant...
[    7.137677] systemd[1]: Condition check resulted in Platform Persistent Storage Archival being skipped.
[    7.139186] systemd[1]: Starting Load/Save Random Seed...
[    7.140359] systemd[1]: Starting Apply Kernel Variables...
[    7.141972] systemd[1]: Starting Create System Users...
[    7.165719] systemd[1]: Mounted FUSE Control File System.
[    7.165942] systemd[1]: Mounted Kernel Configuration File System.
[    7.166453] systemd[1]: Finished Load/Save Random Seed.
[    7.166984] systemd[1]: Finished Apply Kernel Variables.
[    7.167196] systemd[1]: Condition check resulted in First Boot Complete being skipped.
[    7.180578] systemd[1]: Finished Create System Users.
[    7.182164] systemd[1]: Starting Create Static Device Nodes in /dev...
[    7.192623] systemd[1]: Finished Create Static Device Nodes in /dev.
[    7.195000] systemd[1]: Starting Rule-based Manager for Device Events and Files...
[    7.551299] systemd[1]: Started OP-TEE Client Supplicant.
[    7.551608] systemd[1]: Started Rule-based Manager for Device Events and Files.
[    7.588212] tegra-se 15820000.crypto: Adding to iommu group 24
[    7.589640] tegra-se 15840000.crypto: Adding to iommu group 25
[    7.593391] mc: Linux media interface: v0.10
[    7.596572] tegra-soc-hwpm f100000.hwpm: Adding to iommu group 26
[    7.607308] nvdla 15880000.nvdla0: Adding to iommu group 27
[    7.607652] videodev: Linux video capture interface: v2.00
[    7.634018] nvdla 15880000.nvdla0: syncpt_unit_base 60000000 syncpt_unit_size 4000000 size 10000
[    7.634056] scare-pigeon 13e00000.host1x:vi0-thi@15f00000: Adding to iommu group 28
[    7.638585] scare-pigeon 13e00000.host1x:vi0-thi@15f00000: syncpt_unit_base 60000000 syncpt_unit_size 4000000 size 10000
[    7.639294] nvdla 158c0000.nvdla1: Adding to iommu group 29
[    7.640428] tegra-vic 15340000.vic: Adding to iommu group 30
[    7.641047] scare-pigeon 13e00000.host1x:vi1-thi@14f00000: Adding to iommu group 31
[    7.644727] nvdla 158c0000.nvdla1: syncpt_unit_base 60000000 syncpt_unit_size 4000000 size 10000
[    7.648914] scare-pigeon 13e00000.host1x:vi1-thi@14f00000: syncpt_unit_base 60000000 syncpt_unit_size 4000000 size 10000
[    7.660664] scare-pigeon 13e00000.host1x:isp-thi@14b00000: Adding to iommu group 32
[    7.665124] scare-pigeon 13e00000.host1x:isp-thi@14b00000: syncpt_unit_base 60000000 syncpt_unit_size 4000000 size 10000
[    7.676066] pva 16000000.pva0: Adding to iommu group 33
[    7.679494] pva_iommu_context_dev 16000000.pva0:pva0_niso1_ctx0: Adding to iommu group 34
[    7.679595] pva_iommu_context_dev 16000000.pva0:pva0_niso1_ctx0: initialized (streamid=18, iommu=smmu.0x0000000008000000)
[    7.680086] pva_iommu_context_dev 16000000.pva0:pva0_niso1_ctx1: Adding to iommu group 35
[    7.680165] pva_iommu_context_dev 16000000.pva0:pva0_niso1_ctx1: initialized (streamid=19, iommu=smmu.0x0000000008000000)
[    7.680448] pva_iommu_context_dev 16000000.pva0:pva0_niso1_ctx2: Adding to iommu group 36
[    7.680505] pva_iommu_context_dev 16000000.pva0:pva0_niso1_ctx2: initialized (streamid=20, iommu=smmu.0x0000000008000000)
[    7.680762] pva_iommu_context_dev 16000000.pva0:pva0_niso1_ctx3: Adding to iommu group 37
[    7.680827] pva_iommu_context_dev 16000000.pva0:pva0_niso1_ctx3: initialized (streamid=21, iommu=smmu.0x0000000008000000)
[    7.681081] pva_iommu_context_dev 16000000.pva0:pva0_niso1_ctx4: Adding to iommu group 38
[    7.681140] pva_iommu_context_dev 16000000.pva0:pva0_niso1_ctx4: initialized (streamid=22, iommu=smmu.0x0000000008000000)
[    7.681390] pva_iommu_context_dev 16000000.pva0:pva0_niso1_ctx5: Adding to iommu group 39
[    7.682028] pva_iommu_context_dev 16000000.pva0:pva0_niso1_ctx5: initialized (streamid=23, iommu=smmu.0x0000000008000000)
[    7.685387] Inserting ivc_ext.ko module
[    7.688874] tegra-nvdec 15480000.nvdec: Adding to iommu group 40
[    7.700976] pva_iommu_context_dev 16000000.pva0:pva0_niso1_ctx6: Adding to iommu group 41
[    7.702333] pva_iommu_context_dev 16000000.pva0:pva0_niso1_ctx6: initialized (streamid=24, iommu=smmu.0x0000000008000000)
[    7.706352] tegra-nvenc 154c0000.nvenc: Adding to iommu group 42
[    7.717917] pva_iommu_context_dev 16000000.pva0:pva0_niso1_ctx7: Adding to iommu group 43
[    7.719013] pva_iommu_context_dev 16000000.pva0:pva0_niso1_ctx7: initialized (streamid=25, iommu=smmu.0x0000000008000000)
[    7.719664] pva 16000000.pva0: pdata->version is HW_GEN2
[    7.726276] pva 16000000.pva0: Completed nvhost_client_device_init
[    7.727424] pva 16000000.pva0: syncpt_unit_base 60000000 syncpt_unit_size 4000000 size 10000
[    7.731119] tegra-nvjpg 15380000.nvjpg: Adding to iommu group 44
[    7.738491] tegra186-cam-rtcpu bc00000.rtcpu: Adding to iommu group 45
[    7.743758] tegra186-cam-rtcpu bc00000.rtcpu: Trace buffer configured at IOVA=0xbff00000
[    7.748702] tegra-ivc-bus bc00000.rtcpu:ivc-bus: region 0: iova=0xbfec0000-0xbfee027f size=131712
[    7.750254] tegra-ivc-bus bc00000.rtcpu:ivc-bus:echo@0: echo: ver=0 grp=1 RX[16x64]=0x1000-0x1480 TX[16x64]=0x1480-0x1900
[    7.752444] tegra-nvjpg 15540000.nvjpg: Adding to iommu group 46
[    7.752662] tegra-ivc-bus bc00000.rtcpu:ivc-bus:dbg@1: dbg: ver=0 grp=1 RX[1x512]=0x1900-0x1b80 TX[1x512]=0x1b80-0x1e00
[    7.754658] tegra-ivc-bus bc00000.rtcpu:ivc-bus:dbg@2: dbg: ver=0 grp=1 RX[1x8192]=0x1e00-0x3e80 TX[1x8192]=0x3e80-0x5f00
[    7.755893] tegra-ivc-bus bc00000.rtcpu:ivc-bus:ivccontrol@3: ivccontrol: ver=0 grp=1 RX[64x320]=0x5f00-0xaf80 TX[64x320]=0xaf80-0x10000
[    7.757793] tegra-ivc-bus bc00000.rtcpu:ivc-bus:ivccapture@4: ivccapture: ver=0 grp=1 RX[512x64]=0x10000-0x18080 TX[512x64]=0x18080-0x20100
[    7.760039] tegra-ivc-bus bc00000.rtcpu:ivc-bus:diag@5: diag: ver=0 grp=1 RX[1x64]=0x20100-0x201c0 TX[1x64]=0x201c0-0x20280
[    7.762135] tegra186-cam-rtcpu bc00000.rtcpu: using cam RTCPU IRQ (218)
[    7.762138] tegra186-cam-rtcpu bc00000.rtcpu: tegra_camrtc_mon_create is successful
[    7.762439] tegra186-cam-rtcpu bc00000.rtcpu: firmware version cpu=rce cmd=6 sha1=04ea869968864dcb132a50cad9712bd529a09ee2
[    7.762576] tegra-ivc-bus bc00000.rtcpu:ivc-bus:echo@0: ivc channel driver missing
[    7.762578] tegra-ivc-bus bc00000.rtcpu:ivc-bus:dbg@1: ivc channel driver missing
[    7.762580] tegra-ivc-bus bc00000.rtcpu:ivc-bus:dbg@2: ivc channel driver missing
[    7.762581] tegra-ivc-bus bc00000.rtcpu:ivc-bus:ivccontrol@3: ivc channel driver missing
[    7.762583] tegra-ivc-bus bc00000.rtcpu:ivc-bus:ivccapture@4: ivc channel driver missing
[    7.762584] tegra-ivc-bus bc00000.rtcpu:ivc-bus:diag@5: ivc channel driver missing
[    7.762583] tegra-hsp b950000.tegra-hsp: Try increasing MBOX_TX_QUEUE_LEN
[    7.762591] tegra-hsp b950000.tegra-hsp: Try increasing MBOX_TX_QUEUE_LEN
[    7.762598] tegra-hsp b950000.tegra-hsp: Try increasing MBOX_TX_QUEUE_LEN
[    7.762601] tegra-hsp b950000.tegra-hsp: Try increasing MBOX_TX_QUEUE_LEN
[    7.762604] tegra-hsp b950000.tegra-hsp: Try increasing MBOX_TX_QUEUE_LEN
[    7.762606] tegra-hsp b950000.tegra-hsp: Try increasing MBOX_TX_QUEUE_LEN
[    7.762608] tegra-hsp b950000.tegra-hsp: Try increasing MBOX_TX_QUEUE_LEN
[    7.762611] tegra-hsp b950000.tegra-hsp: Try increasing MBOX_TX_QUEUE_LEN
[    7.762613] tegra-hsp b950000.tegra-hsp: Try increasing MBOX_TX_QUEUE_LEN
[    7.762622] tegra-hsp b950000.tegra-hsp: Try increasing MBOX_TX_QUEUE_LEN
[    7.762623] tegra-hsp b950000.tegra-hsp: Try increasing MBOX_TX_QUEUE_LEN
[    7.762624] tegra-hsp b950000.tegra-hsp: Try increasing MBOX_TX_QUEUE_LEN
[    7.779132] tegra-ofa 15a50000.ofa: Adding to iommu group 47
[    7.797439] [RCE] TCU debug prints will be routed to traces.
[    7.802019] [drm] Initialized tegra 1.0.99 20120330 for drm on minor 0
[    7.802092] drm drm: [drm] Cannot find any crtc or sizes
[    7.901448] tegra194-pcie 141e0000.pcie: Phy link never came up
[    7.906534] tegra194-pcie 141e0000.pcie: PCI host bridge to bus 0007:00
[    7.906541] pci_bus 0007:00: root bus resource [bus 00-ff]
[    7.906546] pci_bus 0007:00: root bus resource [mem 0x3000000000-0x3227ffffff pref]
[    7.906550] pci_bus 0007:00: root bus resource [mem 0x3228000000-0x322fffffff] (bus address [0x40000000-0x47ffffff])
[    7.906553] pci_bus 0007:00: root bus resource [io  0x200000-0x2fffff] (bus address [0x3e100000-0x3e1fffff])
[    7.906607] pci 0007:00:00.0: [10de:229a] type 01 class 0x060400
[    7.906772] pci 0007:00:00.0: PME# supported from D0 D3hot
[    7.914605] tegra194-isp5 14800000.isp: Adding to iommu group 32
[    7.914634] tegra194-vi5 13e00000.host1x:vi0@15c00000: Adding to iommu group 28
[    7.921293] tegra-camrtc-capture-vi tegra-capture-vi: subdev 13e00000.host1x:nvcsi@15a00000- bound
[    7.924868] tegra194-vi5 13e00000.host1x:vi1@14c00000: Adding to iommu group 31
[    7.926292] (NULL device *): fops function table already registered
[    7.927588] pci 0007:00:00.0: PCI bridge to [bus 01-ff]
[    7.927615] pci 0007:00:00.0: Max Payload Size set to  256/ 256 (was  128), Max Read Rq  256
[    7.939341] pcieport 0007:00:00.0: Adding to iommu group 6
[    7.944809] pcieport 0007:00:00.0: PME: Signaling with IRQ 194
[    7.955374] pcieport 0007:00:00.0: AER: enabled with IRQ 194
[    7.972171] pci_bus 0007:01: busn_res: [bus 01-ff] is released
[    7.972583] pci 0007:00:00.0: Removing from iommu group 6
[    7.972991] pci_bus 0007:00: busn_res: [bus 00-ff] is released
[    7.981281] tegra194-pcie 140a0000.pcie: Adding to iommu group 48
[    8.106025] tegra194-pcie 140a0000.pcie: host bridge /bus@0/pcie@140a0000 ranges:
[    8.106056] tegra194-pcie 140a0000.pcie:      MEM 0x3240000000..0x3527ffffff -> 0x3240000000
[    8.106062] tegra194-pcie 140a0000.pcie:      MEM 0x3528000000..0x352fffffff -> 0x0040000000
[    8.106067] tegra194-pcie 140a0000.pcie:       IO 0x002a100000..0x002a1fffff -> 0x002a100000
[    8.106397] tegra194-pcie 140a0000.pcie: iATU unroll: enabled
[    8.106400] tegra194-pcie 140a0000.pcie: Detected iATU regions: 8 outbound, 2 inbound
[    8.213454] tegra194-pcie 140a0000.pcie: Link up
[    8.214810] tegra194-pcie 140a0000.pcie: Link up
[    8.215264] tegra194-pcie 140a0000.pcie: PCI host bridge to bus 0008:00
[    8.215269] pci_bus 0008:00: root bus resource [bus 00-ff]
[    8.215273] pci_bus 0008:00: root bus resource [mem 0x3240000000-0x3527ffffff pref]
[    8.215275] pci_bus 0008:00: root bus resource [mem 0x3528000000-0x352fffffff] (bus address [0x40000000-0x47ffffff])
[    8.215277] pci_bus 0008:00: root bus resource [io  0x300000-0x3fffff] (bus address [0x2a100000-0x2a1fffff])
[    8.215327] pci 0008:00:00.0: [10de:229c] type 01 class 0x060400
[    8.215489] pci 0008:00:00.0: PME# supported from D0 D3hot
[    8.219128] pci 0008:01:00.0: [10ec:8168] type 00 class 0x020000
[    8.219611] pci 0008:01:00.0: reg 0x10: [io  0x0000-0x00ff]
[    8.219653] pci 0008:01:00.0: reg 0x18: [mem 0x00000000-0x00000fff 64bit]
[    8.219681] pci 0008:01:00.0: reg 0x20: [mem 0x00000000-0x00003fff 64bit]
[    8.220606] pci 0008:01:00.0: supports D1 D2
[    8.220608] pci 0008:01:00.0: PME# supported from D0 D1 D2 D3hot D3cold
[    8.257203] pci 0008:00:00.0: BAR 14: assigned [mem 0x3528000000-0x35280fffff]
[    8.257216] pci 0008:00:00.0: BAR 13: assigned [io  0x300000-0x300fff]
[    8.257220] pci 0008:01:00.0: BAR 4: assigned [mem 0x3528000000-0x3528003fff 64bit]
[    8.257315] pci 0008:01:00.0: BAR 2: assigned [mem 0x3528004000-0x3528004fff 64bit]
[    8.257408] pci 0008:01:00.0: BAR 0: assigned [io  0x300000-0x3000ff]
[    8.257453] pci 0008:00:00.0: PCI bridge to [bus 01-ff]
[    8.257457] pci 0008:00:00.0:   bridge window [io  0x300000-0x300fff]
[    8.257461] pci 0008:00:00.0:   bridge window [mem 0x3528000000-0x35280fffff]
[    8.257481] pci 0008:00:00.0: Max Payload Size set to  256/ 256 (was  128), Max Read Rq  256
[    8.257614] pci 0008:01:00.0: Max Payload Size set to  128/ 128 (was  128), Max Read Rq  128
[    8.258929] pcieport 0008:00:00.0: Adding to iommu group 48
[    8.262928] pcieport 0008:00:00.0: PME: Signaling with IRQ 188
[    8.264916] pcieport 0008:00:00.0: AER: enabled with IRQ 188
[    8.279841] systemd[1]: Started Journal Service.
[    8.288726] systemd-journald[274]: Received client request to flush runtime journal.
[    8.297984] r8168 0008:01:00.0: Adding to iommu group 48
[    8.298087] r8168 Gigabit Ethernet driver 8.053.00-NAPI loaded
[    8.298158] r8168 0008:01:00.0: enabling device (0000 -> 0003)
[    8.315056] r8168: This product is covered by one or more of the following patents: US6,570,884, US6,115,776, and US6,327,625.
[    8.317119] r8168  Copyright (C) 2024 Realtek NIC software team <nicfae@realtek.com> 
                This program comes with ABSOLUTELY NO WARRANTY; for details, please see <http://www.gnu.org/licenses/>. 
                This is free software, and you are welcome to redistribute it under certain conditions; see <http://www.gnu.org/licenses/>. 
[    8.322974] r8168 0008:01:00.0 enP8p1s0: renamed from eth0
[    8.342416] tegra-dce d800000.dce: Adding to iommu group 49
[    8.342857] dce: dce_ipc_channel_init:311  Invalid Channel State [0x0] for ch_type [2]
[    8.343099] dce: tegra_dce_probe:247  Found display consumer device
[    8.343531] dce: dce_mailbox_set_full_interrupt:157  Intr bit set multiple times for MB : [0x5]
[    8.343537] dce: dce_mailbox_set_full_interrupt:157  Intr bit set multiple times for MB : [0x5]
[    8.343787] dce: dce_admin_send_cmd_ver:456  version : [0x3] err : [0x0]
[    8.343983] dce: dce_mailbox_set_full_interrupt:157  Intr bit set multiple times for MB : [0x1]
[    8.343988] dce: dce_mailbox_set_full_interrupt:157  Intr bit set multiple times for MB : [0x1]
[    8.343994] dce: dce_admin_setup_clients_ipc:585  Channel Reset Complete for Type [1] ...
[    8.343995] dce: dce_admin_setup_clients_ipc:561  Get queue info failed for [2]
[    8.344013] nvvrs_pseq 4-003c: NVVRS Vendor ID: 0x9
[    8.344188] dce: dce_mailbox_set_full_interrupt:157  Intr bit set multiple times for MB : [0x2]
[    8.344193] dce: dce_mailbox_set_full_interrupt:157  Intr bit set multiple times for MB : [0x2]
[    8.344195] dce: dce_admin_setup_clients_ipc:585  Channel Reset Complete for Type [3] ...
[    8.344313] nvvrs_pseq 4-003c: NVVRS Model Rev: 0x82
[    8.345148] dce: dce_start_boot_flow:166  DCE_BOOT_DONE
[    8.345712] nvvrs_pseq 4-003c: NVVRS PSEQ probe successful
[    8.360861] nv_platform 13800000.display: Adding to iommu group 50
[    8.366953] platform 13800000.display:nvdisplay-niso: Adding to iommu group 51
[    8.394418] spi-tegra114 3210000.spi: Adding to iommu group 1
[    8.461477] tegra-hda 3510000.hda: Adding to iommu group 52
[    8.464051] spi-tegra114 3230000.spi: Adding to iommu group 1
[    8.602633] cfg80211: Loading compiled-in X.509 certificates for regulatory database
[    8.603249] cfg80211: Loaded X.509 cert 'sforshee: 00b28ddf47aef9cea7'
[    8.603558] cfg80211: Loaded X.509 cert 'wens: 61c038651aabdcf94bd0ac7ff06c7248db18c600'
[    8.631538] input: NVIDIA Jetson Orin NX HDA HDMI/DP,pcm=3 as /devices/platform/bus@0/3510000.hda/sound/card0/input4
[    8.633146] at24 0-0050: 256 byte 24c02 EEPROM, read-only
[    8.656671] at24 0-0057: 256 byte 24c02 EEPROM, read-only
[    8.656768] input: NVIDIA Jetson Orin NX HDA HDMI/DP,pcm=7 as /devices/platform/bus@0/3510000.hda/sound/card0/input5
[    8.660116] input: NVIDIA Jetson Orin NX HDA HDMI/DP,pcm=8 as /devices/platform/bus@0/3510000.hda/sound/card0/input6
[    8.673154] input: NVIDIA Jetson Orin NX HDA HDMI/DP,pcm=9 as /devices/platform/bus@0/3510000.hda/sound/card0/input7
[    8.673401] tegra234-aon c000000.aon: Adding to iommu group 53
[    8.674336]  c000000.aon:hsp: probed
[    8.675034] tegra234-aon c000000.aon: init done
[    8.676553] rtl88x2ce 0001:01:00.0: Adding to iommu group 3
[    8.676706] rtl88x2ce 0001:01:00.0: enabling device (0000 -> 0003)
[    8.677603] CAN device driver interface
[    8.713901] gic 2a41000.interrupt-controller: GIC IRQ controller registered
[    8.716595] tegra-aconnect bus@0:aconnect@2900000: Tegra ACONNECT bus registered
[    8.717786] thermal-trip-event cpu-throttle-alert: cooling device registered.
[    8.718263] TT CAN feature is not supported
[    8.718830] 	 Message RAM Configuration
               	| base addr   |0x0c312000|
               	| sidfc_flssa |0x00000000|
               	| xidfc_flesa |0x00000040|
               	| rxf0c_f0sa  |0x000000c0|
               	| rxf1c_f1sa  |0x000009c0|
               	| rxbc_rbsa   |0x000009c0|
               	| txefc_efsa  |0x000009c0|
               	| txbc_tbsa   |0x00000a40|
               	| tmc_tmsa    |0x00000ec0|
               	| mram size   |0x00001000|
[    8.720179] Release 3.2.3 from 09.06.2018
[    8.735943] thermal-trip-event gpu-throttle-alert: cooling device registered.
[    8.741071] thermal-trip-event cv0-throttle-alert: cooling device registered.
[    8.743547] net can0: mttcan device registered (regs=00000000bb637571, irq=200)
[    8.746142] thermal-trip-event cv1-throttle-alert: cooling device registered.
[    8.761463] thermal-trip-event cv2-throttle-alert: cooling device registered.
[    8.778890] thermal-trip-event soc0-throttle-alert: cooling device registered.
[    8.784316] irq: IRQ256: trimming hierarchy from :bus@0:pmc@c360000
[    8.784824] fusb301 1-0025: device id: 0x12
[    8.787843] thermal-trip-event soc1-throttle-alert: cooling device registered.
[    8.789592] thermal-trip-event soc2-throttle-alert: cooling device registered.
[    8.804144] thermal-trip-event hot-surface-alert: cooling device registered.
[    8.822848] fusb301 1-0025: toggle_time(0) is not updated
[    8.823196] fusb301 1-0025: fusb301_set_mode: mode (32)(32)
[    8.823536] fusb301 1-0025: fusb301_detach: type[0x00] chipstate[0x01]
[    8.823541] fusb301 1-0025: fusb_update_state: 1
[    8.824344] fusb301 1-0025: mode[0x20], host_cur[0x02], dttime[0x00]
[    8.859453] usbcore: registered new interface driver btusb
[    8.861338] Bluetooth: hci0: RTL: examining hci_ver=0a hci_rev=000c lmp_ver=0a lmp_subver=8822
[    8.862322] Bluetooth: hci0: RTL: rom_version status=0 version=3
[    8.862328] Bluetooth: hci0: RTL: loading rtl_bt/rtl8822cu_fw.bin
[    8.862977] Bluetooth: hci0: RTL: loading rtl_bt/rtl8822cu_config.bin
[    8.863125] Bluetooth: hci0: RTL: cfg_sz 6, total sz 35086
[    8.873163] rtk_btusb: Realtek Bluetooth USB driver ver 3.1.65ab490.20240531-141726
[    8.873210] rtk_btcoex: rtk_btcoex_init: version: 1.2
[    8.873212] rtk_btcoex: create workqueue
[    8.873282] rtk_btcoex: alloc buffers 1792, 2432 for ev and l2
[    8.873357] usbcore: registered new interface driver rtk_btusb
[    8.877535] nvvrs-pseq-rtc nvvrs-pseq-rtc: registered as rtc0
[    8.878625] nvvrs-pseq-rtc nvvrs-pseq-rtc: setting system clock to 1970-01-01T00:00:55 UTC (55)
[    8.992984] fusb301 1-0025: fusb301_work_handler: int_sts[0x05]
[    8.993552] fusb301 1-0025: sts[0x2f], type[0x08]
[    8.993556] fusb301 1-0025: fusb_update_state: 6
[    9.027360] rtl88x2ce 0001:01:00.0 wlP1p1s0: renamed from wlan0
[    9.037638] tegra-adma 2930000.dma-controller: Tegra210 ADMA driver registered 32 channels
[    9.041583] loop0: detected capacity change from 0 to 8
[    9.043290] loop1: detected capacity change from 0 to 373072
[    9.053761] loop2: detected capacity change from 0 to 141232
[    9.059803] loop3: detected capacity change from 0 to 126776
[    9.066006] loop4: detected capacity change from 0 to 95512
[    9.076209] loop5: detected capacity change from 0 to 1132440
[    9.095060] loop6: detected capacity change from 0 to 187776
[    9.098976] loop7: detected capacity change from 0 to 357512
[    9.103052] loop8: detected capacity change from 0 to 85664
[    9.200477] tegra210-admaif 290f000.admaif: Adding to iommu group 54
[    9.346310] Bluetooth: hci0: RTL: fw version 0x19b76d7d
[   11.333513] using random self ethernet address
[   11.333521] using random host ethernet address
[   11.364072] Bluetooth: BNEP (Ethernet Emulation) ver 1.3
[   11.364080] Bluetooth: BNEP filters: protocol multicast
[   11.364091] Bluetooth: BNEP socket layer initialized
[   11.372887] NET: Registered PF_ALG protocol family
[   11.376519] loop9: detected capacity change from 0 to 32768
[   11.491119] nv_nvsciipc_init.sh[945]: found /dev/nvsciipc
[   11.510280] nvsciipc: set_db start
[   11.510315] nvsciipc: set_db done
[   11.528767] enP8p1s0: 0xffff800008ec4000, 3c:6d:66:0d:53:d9, IRQ 251
[   11.559961] Mass Storage Function, version: 2009/09/11
[   11.559969] LUN: removable file: (no medium)
[   11.633781] IRQ230: set affinity failed(-22).
[   11.633811] IRQ251: set affinity failed(-22).
[   11.633814] IRQ255: set affinity failed(-22).
[   11.634887] psci: CPU4 killed (polled 0 ms)
[   11.674625] using random self ethernet address
[   11.674633] using random host ethernet address
[   11.741833] IRQ230: set affinity failed(-22).
[   11.741865] IRQ251: set affinity failed(-22).
[   11.741869] IRQ255: set affinity failed(-22).
[   11.742224] psci: CPU5 killed (polled 0 ms)
[   11.805867] IRQ230: set affinity failed(-22).
[   11.805904] IRQ251: set affinity failed(-22).
[   11.805909] IRQ255: set affinity failed(-22).
[   11.806053] psci: CPU6 killed (polled 0 ms)
[   11.871107] IRQ230: set affinity failed(-22).
[   11.871570] psci: CPU7 killed (polled 0 ms)
[   11.911676] pstore: Using crash dump compression: deflate
[   11.911745] printk: console [ramoops-1]: printing thread started
[   11.911762] printk: console [ramoops-1] enabled
[   11.911763] pstore: Registered ramoops as persistent store backend
[   11.911764] ramoops: using 0x200000@0x4725f0000, ecc: 0
[   11.954262] bridge: filtering via arp/ip/ip6tables is no longer available by default. Update your scripts to load br_netfilter if you need this.
[   11.960295] usb0: HOST MAC c2:d6:da:8f:db:b0
[   11.960302] usb0: MAC c2:d6:da:8f:db:b1
[   11.962802] usb1: HOST MAC c2:d6:da:8f:db:b2
[   11.962808] usb1: MAC c2:d6:da:8f:db:b3
[   11.962836] tegra-xudc 3550000.usb: EP 0 (type: ctrl, dir: out) enabled
[   11.971340] l4tbr0: port 1(usb0) entered blocking state
[   11.971359] l4tbr0: port 1(usb0) entered disabled state
[   11.971674] device usb0 entered promiscuous mode
[   11.980871] l4tbr0: port 2(usb1) entered blocking state
[   11.980890] l4tbr0: port 2(usb1) entered disabled state
[   11.995074] device usb1 entered promiscuous mode
[   12.003576] loop9: detected capacity change from 0 to 32768
[   12.062186] nvgpu: 17000000.gpu                  gk20a_scale_init:541  [INFO]  enabled scaling for GPU

[   12.195535] zram: Added device: zram0
[   12.208443] zram: Added device: zram1
[   12.214212] zram: Added device: zram2
[   12.219918] zram: Added device: zram3
[   12.295284] zram0: detected capacity change from 0 to 4004600
[   12.307585] Adding 2002296k swap on /dev/zram0.  Priority:5 extents:1 across:2002296k SS
[   12.318295] zram1: detected capacity change from 0 to 4004600
[   12.331816] Adding 2002296k swap on /dev/zram1.  Priority:5 extents:1 across:2002296k SS
[   12.338029] zram2: detected capacity change from 0 to 4004600
[   12.348732] Adding 2002296k swap on /dev/zram2.  Priority:5 extents:1 across:2002296k SS
[   12.354539] zram3: detected capacity change from 0 to 4004600
[   12.370994] Adding 2002296k swap on /dev/zram3.  Priority:5 extents:1 across:2002296k SS
[   12.486202] tegra-xudc 3550000.usb: EP 5 (type: intr, dir: in) enabled
[   12.486226] tegra-xudc 3550000.usb: EP 3 (type: bulk, dir: in) enabled
[   12.486239] tegra-xudc 3550000.usb: EP 2 (type: bulk, dir: out) enabled
[   12.486320] tegra-xudc 3550000.usb: EP 9 (type: intr, dir: in) enabled
[   12.486335] tegra-xudc 3550000.usb: EP 7 (type: bulk, dir: in) enabled
[   12.486347] tegra-xudc 3550000.usb: EP 4 (type: bulk, dir: out) enabled
[   12.486378] tegra-xudc 3550000.usb: EP 15 (type: intr, dir: in) enabled
[   12.486391] tegra-xudc 3550000.usb: EP 11 (type: bulk, dir: in) enabled
[   12.486410] tegra-xudc 3550000.usb: EP 6 (type: bulk, dir: out) enabled
[   12.486467] IPv6: ADDRCONF(NETDEV_CHANGE): usb0: link becomes ready
[   12.495689] tegra-xudc 3550000.usb: EP 13 (type: bulk, dir: in) enabled
[   12.495711] tegra-xudc 3550000.usb: EP 8 (type: bulk, dir: out) enabled
[   12.496349] IPv6: ADDRCONF(NETDEV_CHANGE): usb1: link becomes ready
[   12.497440] tegra-xudc 3550000.usb: ep 13 disabled
[   12.497531] tegra-xudc 3550000.usb: ep 8 disabled
[   12.516072] tegra-xudc 3550000.usb: EP 13 (type: bulk, dir: in) enabled
[   12.516094] tegra-xudc 3550000.usb: EP 8 (type: bulk, dir: out) enabled
[   14.444462] l4tbr0: port 2(usb1) entered blocking state
[   14.444474] l4tbr0: port 2(usb1) entered forwarding state
[   14.444546] l4tbr0: port 1(usb0) entered blocking state
[   14.444551] l4tbr0: port 1(usb0) entered forwarding state
[   14.445035] IPv6: ADDRCONF(NETDEV_CHANGE): l4tbr0: link becomes ready
[   14.672032] nvidia-modeset: Loading NVIDIA UNIX Open Kernel Mode Setting Driver for aarch64  540.5.0  Release Build  (buildbrain@239549d1-8639-491a-b9e7-120e21430986-l1eu-vqrkv)  Thu Jan 15 19:36:45 PST 2026
[   14.678902] [drm] [nvidia-drm] [GPU ID 0x00020000] Loading driver
[   14.966278] NVRM rpcRmApiControl_dce: NVRM_RPC_DCE: Failed RM ctrl call cmd:0x731341 result 0xffff:
[   14.967390] NVRM rpcRmApiControl_dce: NVRM_RPC_DCE: Failed RM ctrl call cmd:0x730282 result 0x1f:
[   15.019901] [drm] Initialized nvidia-drm 0.0.0 20160202 for 13800000.display on minor 1
[   15.101002] Console: switching to colour frame buffer device 240x67
[   15.101026] nv_platform 13800000.display: [drm] fb0: nvidia-drmdrmfb frame buffer device
[   16.352277] ACK 04 d4
[   16.352917] ACK 04 d4
[   16.353098] ACK 04 d4
[   16.353278] ACK 04 d4
[   16.354847] ACK 04 d4
[   16.356616] IPv6: ADDRCONF(NETDEV_CHANGE): wlP1p1s0: link becomes ready
[   19.266697] loop10: detected capacity change from 0 to 8
[   20.759545] audit: type=1326 audit(1776680371.591:2): auid=4294967295 uid=0 gid=0 ses=4294967295 subj=kernel pid=2165 comm="cupsd" exe="/snap/cups/1184/sbin/cupsd" sig=0 arch=c00000b7 syscall=55 compat=0 ip=0xffff8c9ace0c code=0x50000
[   21.369997] audit: type=1326 audit(1776680372.203:3): auid=4294967295 uid=0 gid=0 ses=4294967295 subj=kernel pid=2165 comm="cupsd" exe="/snap/cups/1184/sbin/cupsd" sig=0 arch=c00000b7 syscall=55 compat=0 ip=0xffff8c9ace0c code=0x50000
[   21.483279] audit: type=1326 audit(1776680372.315:4): auid=4294967295 uid=0 gid=0 ses=4294967295 subj=kernel pid=2195 comm="cups-browsed" exe="/snap/cups/1184/sbin/cups-browsed" sig=0 arch=c00000b7 syscall=274 compat=0 ip=0xffffa08f5b68 code=0x50000
[   21.513366] rfkill: input handler disabled
[   44.642655] l4tbr0: port 1(usb0) entered disabled state
[   44.698892] tegra-xudc 3550000.usb: ep 13 disabled
[   44.699013] tegra-xudc 3550000.usb: ep 8 disabled
[   44.754749] tegra-xudc 3550000.usb: ep 3 disabled
[   44.754781] tegra-xudc 3550000.usb: ep 2 disabled
[   44.754799] tegra-xudc 3550000.usb: ep 5 disabled
[   44.754815] tegra-xudc 3550000.usb: ep 4 disabled
[   44.754828] tegra-xudc 3550000.usb: ep 7 disabled
[   44.754857] tegra-xudc 3550000.usb: ep 9 disabled
[   44.754877] tegra-xudc 3550000.usb: ep 15 disabled
[   44.754928] tegra-xudc 3550000.usb: ep 11 disabled
[   44.754944] tegra-xudc 3550000.usb: ep 6 disabled
[   44.980372] tegra-xudc 3550000.usb: EP 5 (type: intr, dir: in) enabled
[   44.980401] tegra-xudc 3550000.usb: EP 3 (type: bulk, dir: in) enabled
[   44.980414] tegra-xudc 3550000.usb: EP 2 (type: bulk, dir: out) enabled
[   44.980490] tegra-xudc 3550000.usb: EP 9 (type: intr, dir: in) enabled
[   44.980504] tegra-xudc 3550000.usb: EP 7 (type: bulk, dir: in) enabled
[   44.980516] tegra-xudc 3550000.usb: EP 4 (type: bulk, dir: out) enabled
[   44.980527] l4tbr0: port 1(usb0) entered blocking state
[   44.980537] l4tbr0: port 1(usb0) entered forwarding state
[   44.980551] tegra-xudc 3550000.usb: EP 15 (type: intr, dir: in) enabled
[   44.980621] tegra-xudc 3550000.usb: EP 11 (type: bulk, dir: in) enabled
[   44.980634] tegra-xudc 3550000.usb: EP 6 (type: bulk, dir: out) enabled
[   44.984110] tegra-xudc 3550000.usb: EP 13 (type: bulk, dir: in) enabled
[   44.984130] tegra-xudc 3550000.usb: EP 8 (type: bulk, dir: out) enabled
[   44.985986] tegra-xudc 3550000.usb: ep 13 disabled
[   44.986078] tegra-xudc 3550000.usb: ep 8 disabled
[   45.007249] tegra-xudc 3550000.usb: EP 13 (type: bulk, dir: in) enabled
[   45.007273] tegra-xudc 3550000.usb: EP 8 (type: bulk, dir: out) enabled
