[    0.000000] Booting Linux on physical CPU 0x0000000000 [0x410fd421]
[    0.000000] Linux version 5.15.185-tegra (buildbrain@239549d1-8639-491a-b9e7-120e21430986-l1eu-vqrkv) (aarch64-buildroot-linux-gnu-gcc.br_real (Buildroot 2022.08) 11.3.0, GNU ld (GNU Binutils) 2.38) #1 SMP PREEMPT Thu Jan 15 19:24:38 PST 2026 ()
[    0.000000] Machine model: NVIDIA Jetson Orin NX Engineering Reference Developer Kit
[    0.000000] efi: EFI v2.70 by EDK II
[    0.000000] efi: RTPROP=0x46de1e698 TPMFinalLog=0x45e8f0000 SMBIOS=0xffff0000 SMBIOS 3.0=0x46da40000 MEMATTR=0x467efe018 ESRT=0x468420518 TPMEventLog=0x45e0cc018 RNG=0x45e900018 MEMRESERVE=0x45e901f98 
[    0.000000] random: crng init done
[    0.000000] secureboot: Secure boot disabled
[    0.000000] esrt: Reserving ESRT space from 0x0000000468420518 to 0x0000000468420550.
[    0.000000] Reserved memory: created CMA memory pool at 0x0000000449000000, size 256 MiB
[    0.000000] OF: reserved mem: initialized node linux,cma, compatible id shared-dma-pool
[    0.000000] NUMA: No NUMA configuration found
[    0.000000] NUMA: Faking a node at [mem 0x0000000080000000-0x0000000477ffffff]
[    0.000000] NUMA: NODE_DATA [mem 0x4702fc800-0x4702fefff]
[    0.000000] Zone ranges:
[    0.000000]   DMA      [mem 0x0000000080000000-0x00000000ffffffff]
[    0.000000]   DMA32    empty
[    0.000000]   Normal   [mem 0x0000000100000000-0x0000000477ffffff]
[    0.000000] Movable zone start for each node
[    0.000000] Early memory node ranges
[    0.000000]   node   0: [mem 0x0000000080000000-0x00000000bdffffff]
[    0.000000]   node   0: [mem 0x00000000c2000000-0x00000000fffdffff]
[    0.000000]   node   0: [mem 0x00000000fffe0000-0x00000000ffffffff]
[    0.000000]   node   0: [mem 0x0000000100000000-0x000000045d48ffff]
[    0.000000]   node   0: [mem 0x000000045d490000-0x000000045e0bffff]
[    0.000000]   node   0: [mem 0x000000045e0c0000-0x000000045e0effff]
[    0.000000]   node   0: [mem 0x000000045e0f0000-0x000000045e0fffff]
[    0.000000]   node   0: [mem 0x000000045e100000-0x000000045e14ffff]
[    0.000000]   node   0: [mem 0x000000045e150000-0x000000045e30ffff]
[    0.000000]   node   0: [mem 0x000000045e310000-0x000000045e8effff]
[    0.000000]   node   0: [mem 0x000000045e8f0000-0x000000045e8fffff]
[    0.000000]   node   0: [mem 0x000000045e900000-0x000000046bedffff]
[    0.000000]   node   0: [mem 0x000000046bee0000-0x000000046de1ffff]
[    0.000000]   node   0: [mem 0x000000046de20000-0x0000000471dfffff]
[    0.000000]   node   0: [mem 0x0000000471e00000-0x0000000471ffffff]
[    0.000000]   node   0: [mem 0x0000000472000000-0x000000047259ffff]
[    0.000000]   node   0: [mem 0x0000000476000000-0x0000000477ffffff]
[    0.000000] mminit::pageflags_layout_widths Section 0 Node 4 Zone 2 Lastcpupid 16 Kasantag 0 Flags 24
[    0.000000] mminit::pageflags_layout_shifts Section 21 Node 4 Zone 2 Lastcpupid 16 Kasantag 0
[    0.000000] mminit::pageflags_layout_pgshifts Section 0 Node 60 Zone 58 Lastcpupid 42 Kasantag 0
[    0.000000] mminit::pageflags_layout_nodezoneid Node/Zone ID: 64 -> 58
[    0.000000] mminit::pageflags_layout_usage location: 64 -> 42 layout 42 -> 24 unused 24 -> 0 page-flags
[    0.000000] Initmem setup node 0 [mem 0x0000000080000000-0x0000000477ffffff]
[    0.000000] mminit::memmap_init Initialising map node 0 zone 0 pfns 524288 -> 1048576
[    0.000000] mminit::memmap_init Initialising map node 0 zone 2 pfns 1048576 -> 4685824
[    0.000000] On node 0, zone DMA: 16384 pages in unavailable ranges
[    0.000000] On node 0, zone Normal: 14944 pages in unavailable ranges
[    0.000000] psci: probing for conduit method from DT.
[    0.000000] psci: PSCIv1.1 detected in firmware.
[    0.000000] psci: Using standard PSCI v0.2 function IDs
[    0.000000] psci: Trusted OS migration not required
[    0.000000] psci: SMC Calling Convention v1.2
[    0.000000] percpu: Embedded 30 pages/cpu s83480 r8192 d31208 u122880
[    0.000000] pcpu-alloc: s83480 r8192 d31208 u122880 alloc=30*4096
[    0.000000] pcpu-alloc: [0] 0 [0] 1 [0] 2 [0] 3 [0] 4 [0] 5 [0] 6 [0] 7 
[    0.000000] Detected PIPT I-cache on CPU0
[    0.000000] CPU features: detected: Address authentication (architected algorithm)
[    0.000000] CPU features: detected: GIC system register CPU interface
[    0.000000] CPU features: detected: Virtualization Host Extensions
[    0.000000] CPU features: detected: Hardware dirty bit management
[    0.000000] CPU features: detected: Spectre-v4
[    0.000000] CPU features: detected: Spectre-BHB
[    0.000000] CPU features: kernel page table isolation forced ON by KASLR
[    0.000000] CPU features: detected: Kernel page table isolation (KPTI)
[    0.000000] alternatives: patching kernel code
[    0.000000] mminit::zonelist general 0:DMA = 0:DMA 
[    0.000000] mminit::zonelist general 0:Normal = 0:Normal 0:DMA 
[    0.000000] mminit::zonelist thisnode 0:DMA = 0:DMA 
[    0.000000] mminit::zonelist thisnode 0:Normal = 0:Normal 0:DMA 
[    0.000000] Built 1 zonelists, mobility grouping on.  Total pages: 4065184
[    0.000000] Policy zone: Normal
[    0.000000] Kernel command line: root=PARTUUID=03f3e885-a6e9-47ba-b7e1-ccc5bf71a344 rw rootwait rootfstype=ext4 mminit_loglevel=4 console=ttyTCU0,115200 firmware_class.path=/etc/firmware fbcon=map:0 video=efifb:off console=tty0 efi=runtime pci=pcie_bus_perf nvme.use_threaded_interrupts=1 boot_profile=ov5647-dev bl_prof_dataptr=2031616@0x471E10000 bl_prof_ro_ptr=65536@0x471E00000 
[    0.000000] Unknown kernel command line parameters "boot_profile=ov5647-dev bl_prof_dataptr=2031616@0x471E10000 bl_prof_ro_ptr=65536@0x471E00000", will be passed to user space.
[    0.000000] Dentry cache hash table entries: 2097152 (order: 12, 16777216 bytes, linear)
[    0.000000] Inode-cache hash table entries: 1048576 (order: 11, 8388608 bytes, linear)
[    0.000000] mem auto-init: stack:off, heap alloc:off, heap free:off
[    0.000000] software IO TLB: mapped [mem 0x00000000fbfe0000-0x00000000fffe0000] (64MB)
[    0.000000] Memory: 15732952K/16520832K available (20480K kernel code, 4086K rwdata, 10172K rodata, 7744K init, 529K bss, 525736K reserved, 262144K cma-reserved)
[    0.000000] SLUB: HWalign=64, Order=0-3, MinObjects=0, CPUs=8, Nodes=1
[    0.000000] trace event string verifier disabled
[    0.000000] rcu: Preemptible hierarchical RCU implementation.
[    0.000000] rcu: 	RCU event tracing is enabled.
[    0.000000] rcu: 	RCU restricting CPUs from NR_CPUS=256 to nr_cpu_ids=8.
[    0.000000] 	Trampoline variant of Tasks RCU enabled.
[    0.000000] 	Rude variant of Tasks RCU enabled.
[    0.000000] 	Tracing variant of Tasks RCU enabled.
[    0.000000] rcu: RCU calculated value of scheduler-enlistment delay is 25 jiffies.
[    0.000000] rcu: Adjusting geometry for rcu_fanout_leaf=16, nr_cpu_ids=8
[    0.000000] NR_IRQS: 64, nr_irqs: 64, preallocated irqs: 0
[    0.000000] GICv3: GIC: Using split EOI/Deactivate mode
[    0.000000] GICv3: 960 SPIs implemented
[    0.000000] GICv3: 0 Extended SPIs implemented
[    0.000000] GICv3: Distributor has no Range Selector support
[    0.000000] Root IRQ handler: gic_handle_irq
[    0.000000] GICv3: 16 PPIs implemented
[    0.000000] GICv3: CPU0: found redistributor 0 region 0:0x000000000f440000
[    0.000000] arch_timer: cp15 timer(s) running at 31.25MHz (phys).
[    0.000000] clocksource: arch_sys_counter: mask: 0xffffffffffffff max_cycles: 0xe6a171046, max_idle_ns: 881590405314 ns
[    0.000001] sched_clock: 56 bits at 31MHz, resolution 32ns, wraps every 4398046511088ns
[    0.000340] Console: colour dummy device 80x25
[    0.000345] printk: console [tty0] enabled
[    0.000387] Calibrating delay loop (skipped), value calculated using timer frequency.. 62.50 BogoMIPS (lpj=125000)
[    0.000392] pid_max: default: 32768 minimum: 301
[    0.000423] LSM: Security Framework initializing
[    0.000441] Yama: becoming mindful.
[    0.000452] SELinux:  Initializing.
[    0.000518] Mount-cache hash table entries: 32768 (order: 6, 262144 bytes, linear)
[    0.000537] Mountpoint-cache hash table entries: 32768 (order: 6, 262144 bytes, linear)
[    0.001392] rcu: Hierarchical SRCU implementation.
[    0.003577] Tegra Revision: A01 SKU: 211 CPU Process: 0 SoC Process: 0
[    0.003829] Remapping and enabling EFI services.
[    0.004831] smp: Bringing up secondary CPUs ...
[    0.005196] Detected PIPT I-cache on CPU1
[    0.005224] GICv3: CPU1: found redistributor 100 region 0:0x000000000f460000
[    0.005248] CPU1: Booted secondary processor 0x0000000100 [0x410fd421]
[    0.005596] Detected PIPT I-cache on CPU2
[    0.005608] GICv3: CPU2: found redistributor 200 region 0:0x000000000f480000
[    0.005621] CPU2: Booted secondary processor 0x0000000200 [0x410fd421]
[    0.005934] Detected PIPT I-cache on CPU3
[    0.005943] GICv3: CPU3: found redistributor 300 region 0:0x000000000f4a0000
[    0.005955] CPU3: Booted secondary processor 0x0000000300 [0x410fd421]
[    0.008360] Detected PIPT I-cache on CPU4
[    0.008388] GICv3: CPU4: found redistributor 10000 region 0:0x000000000f4c0000
[    0.008414] CPU4: Booted secondary processor 0x0000010000 [0x410fd421]
[    0.008892] Detected PIPT I-cache on CPU5
[    0.008903] GICv3: CPU5: found redistributor 10100 region 0:0x000000000f4e0000
[    0.008917] CPU5: Booted secondary processor 0x0000010100 [0x410fd421]
[    0.009349] Detected PIPT I-cache on CPU6
[    0.009360] GICv3: CPU6: found redistributor 10200 region 0:0x000000000f500000
[    0.009373] CPU6: Booted secondary processor 0x0000010200 [0x410fd421]
[    0.009812] Detected PIPT I-cache on CPU7
[    0.009824] GICv3: CPU7: found redistributor 10300 region 0:0x000000000f520000
[    0.009838] CPU7: Booted secondary processor 0x0000010300 [0x410fd421]
[    0.009892] smp: Brought up 1 node, 8 CPUs
[    0.009897] SMP: Total of 8 processors activated.
[    0.009899] CPU features: detected: 32-bit EL0 Support
[    0.009901] CPU features: detected: Data cache clean to the PoU not required for I/D coherence
[    0.009904] CPU features: detected: Common not Private translations
[    0.009904] CPU features: detected: CRC32 instructions
[    0.009905] CPU features: detected: Data cache clean to Point of Persistence
[    0.009906] CPU features: detected: Generic authentication (architected algorithm)
[    0.009907] CPU features: detected: RCpc load-acquire (LDAPR)
[    0.009908] CPU features: detected: LSE atomic instructions
[    0.009909] CPU features: detected: Privileged Access Never
[    0.009910] CPU features: detected: RAS Extension Support
[    0.009913] CPU features: detected: Speculative Store Bypassing Safe (SSBS)
[    0.039622] CPU: All CPU(s) started at EL2
[    0.041317] devtmpfs: initialized
[    0.052504] KASLR enabled
[    0.052606] clocksource: jiffies: mask: 0xffffffff max_cycles: 0xffffffff, max_idle_ns: 7645041785100000 ns
[    0.052618] futex hash table entries: 2048 (order: 5, 131072 bytes, linear)
[    0.054740] pinctrl core: initialized pinctrl subsystem
[    0.055233] SMBIOS 3.6.0 present.
[    0.055242] DMI: NVIDIA NVIDIA Jetson Orin NX Engineering Reference Developer Kit/Jetson, BIOS 36.5.0-gcid-43688277 01/16/2026
[    0.055529] NET: Registered PF_NETLINK/PF_ROUTE protocol family
[    0.056721] DMA: preallocated 2048 KiB GFP_KERNEL pool for atomic allocations
[    0.056855] DMA: preallocated 2048 KiB GFP_KERNEL|GFP_DMA pool for atomic allocations
[    0.056973] DMA: preallocated 2048 KiB GFP_KERNEL|GFP_DMA32 pool for atomic allocations
[    0.057003] audit: initializing netlink subsys (disabled)
[    0.057091] audit: type=2000 audit(0.056:1): state=initialized audit_enabled=0 res=1
[    0.058164] thermal_sys: Registered thermal governor 'step_wise'
[    0.058167] thermal_sys: Registered thermal governor 'user_space'
[    0.058169] thermal_sys: Registered thermal governor 'power_allocator'
[    0.060197] cpuidle: using governor menu
[    0.060328] hw-breakpoint: found 6 breakpoint and 4 watchpoint registers.
[    0.060423] ASID allocator initialised with 32768 entries
[    0.061514] Serial: AMBA PL011 UART driver
[    0.069903] 31d0000.serial: ttyAMA0 at MMIO 0x31d0000 (irq = 117, base_baud = 0) is a SBSA
[    0.077750] platform bpmp: Fixing up cyclic dependency with 2c60000.external-memory-controller
[    0.084483] HugeTLB registered 1.00 GiB page size, pre-allocated 0 pages
[    0.084488] HugeTLB registered 32.0 MiB page size, pre-allocated 0 pages
[    0.084489] HugeTLB registered 2.00 MiB page size, pre-allocated 0 pages
[    0.084490] HugeTLB registered 64.0 KiB page size, pre-allocated 0 pages
[    0.085104] cryptd: max_cpu_qlen set to 1000
[    0.086395] ACPI: Interpreter disabled.
[    0.087262] VDD_1V8_AO: supplied by VDD_5V0_SYS
[    0.087348] VDD_3V3_AO: supplied by VDD_5V0_SYS
[    0.087487] VDD_AV10_HUB: supplied by VDD_5V0_SYS
[    0.087815] iommu: Default domain type: Translated 
[    0.087821] iommu: DMA domain TLB invalidation policy: strict mode 
[    0.088237] SCSI subsystem initialized
[    0.088343] libata version 3.00 loaded.
[    0.088436] vgaarb: loaded
[    0.088650] usbcore: registered new interface driver usbfs
[    0.088676] usbcore: registered new interface driver hub
[    0.088692] usbcore: registered new device driver usb
[    0.089135] pps_core: LinuxPPS API ver. 1 registered
[    0.089139] pps_core: Software ver. 5.3.6 - Copyright 2005-2007 Rodolfo Giometti <giometti@linux.it>
[    0.089151] PTP clock support registered
[    0.089222] EDAC MC: Ver: 3.0.0
[    0.090558] Registered efivars operations
[    0.091209] FPGA manager framework
[    0.091290] Advanced Linux Sound Architecture Driver Initialized.
[    0.091857] Bluetooth: Core ver 2.22
[    0.091888] NET: Registered PF_BLUETOOTH protocol family
[    0.091894] Bluetooth: HCI device and connection manager initialized
[    0.091907] Bluetooth: HCI socket layer initialized
[    0.091915] Bluetooth: L2CAP socket layer initialized
[    0.091931] Bluetooth: SCO socket layer initialized
[    0.092424] clocksource: Switched to clocksource arch_sys_counter
[    0.127746] VFS: Disk quotas dquot_6.6.0
[    0.127790] VFS: Dquot-cache hash table entries: 512 (order 0, 4096 bytes)
[    0.128026] pnp: PnP ACPI: disabled
[    0.131404] NET: Registered PF_INET protocol family
[    0.131957] IP idents hash table entries: 262144 (order: 9, 2097152 bytes, linear)
[    0.134420] tcp_listen_portaddr_hash hash table entries: 8192 (order: 5, 131072 bytes, linear)
[    0.134614] Table-perturb hash table entries: 65536 (order: 6, 262144 bytes, linear)
[    0.134640] TCP established hash table entries: 131072 (order: 8, 1048576 bytes, linear)
[    0.135058] TCP bind hash table entries: 65536 (order: 8, 1048576 bytes, linear)
[    0.136511] TCP: Hash tables configured (established 131072 bind 65536)
[    0.136719] UDP hash table entries: 8192 (order: 6, 262144 bytes, linear)
[    0.136886] UDP-Lite hash table entries: 8192 (order: 6, 262144 bytes, linear)
[    0.137276] NET: Registered PF_UNIX/PF_LOCAL protocol family
[    0.137735] RPC: Registered named UNIX socket transport module.
[    0.137740] RPC: Registered udp transport module.
[    0.137742] RPC: Registered tcp transport module.
[    0.137744] RPC: Registered tcp NFSv4.1 backchannel transport module.
[    0.137763] PCI: CLS 0 bytes, default 64
[    0.138026] Unpacking initramfs...
[    0.145472] hw perfevents: enabled with armv8_cortex_a78 PMU driver, 7 counters available
[    0.145773] kvm [1]: IPA Size Limit: 48 bits
[    0.145812] kvm [1]: GICv3: no GICV resource entry
[    0.145822] kvm [1]: disabling GICv2 emulation
[    0.145841] kvm [1]: GIC system register CPU interface enabled
[    0.145927] kvm [1]: vgic interrupt IRQ9
[    0.146096] kvm [1]: VHE mode initialized successfully
[    0.149388] Initialise system trusted keyrings
[    0.149437] Key type blacklist registered
[    0.149571] workingset: timestamp_bits=42 max_order=22 bucket_order=0
[    0.153624] squashfs: version 4.0 (2009/01/31) Phillip Lougher
[    0.154137] NFS: Registering the id_resolver key type
[    0.154161] Key type id_resolver registered
[    0.154163] Key type id_legacy registered
[    0.154212] nfs4filelayout_init: NFSv4 File Layout Driver Registering...
[    0.154231] nfs4flexfilelayout_init: NFSv4 Flexfile Layout Driver Registering...
[    0.154256] ntfs: driver 2.1.32 [Flags: R/O].
[    0.154490] 9p: Installing v9fs 9p2000 file system support
[    0.155250] integrity: Platform Keyring initialized
[    0.166810] Key type asymmetric registered
[    0.166816] Asymmetric key parser 'x509' registered
[    0.166899] Block layer SCSI generic (bsg) driver version 0.4 loaded (major 245)
[    0.166909] io scheduler mq-deadline registered
[    0.166916] io scheduler kyber registered
[    0.177320] EINJ: ACPI disabled.
[    0.190011] Serial: 8250/16550 driver, 4 ports, IRQ sharing enabled
[    0.191771] SuperH (H)SCI(F) driver initialized
[    0.192110] msm_serial: driver initialized
[    0.192835] printk: console [ttyTCU0] enabled
[    0.193766] arm-smmu 8000000.iommu: probing hardware configuration...
[    0.193773] arm-smmu 8000000.iommu: SMMUv2 with:
[    0.193780] arm-smmu 8000000.iommu: 	stage 1 translation
[    0.193782] arm-smmu 8000000.iommu: 	stage 2 translation
[    0.193785] arm-smmu 8000000.iommu: 	nested translation
[    0.193789] arm-smmu 8000000.iommu: 	stream matching with 128 register groups
[    0.193793] arm-smmu 8000000.iommu: 	128 context banks (0 stage-2 only)
[    0.193822] arm-smmu 8000000.iommu: 	Supported page sizes: 0x61311000
[    0.193825] arm-smmu 8000000.iommu: 	Stage-1: 48-bit VA -> 48-bit IPA
[    0.193827] arm-smmu 8000000.iommu: 	Stage-2: 48-bit IPA -> 48-bit PA
[    0.194815] arm-smmu 10000000.iommu: probing hardware configuration...
[    0.194818] arm-smmu 10000000.iommu: SMMUv2 with:
[    0.194820] arm-smmu 10000000.iommu: 	stage 1 translation
[    0.194820] arm-smmu 10000000.iommu: 	stage 2 translation
[    0.194821] arm-smmu 10000000.iommu: 	nested translation
[    0.194824] arm-smmu 10000000.iommu: 	stream matching with 128 register groups
[    0.194826] arm-smmu 10000000.iommu: 	128 context banks (0 stage-2 only)
[    0.194836] arm-smmu 10000000.iommu: 	Supported page sizes: 0x61311000
[    0.194839] arm-smmu 10000000.iommu: 	Stage-1: 48-bit VA -> 48-bit IPA
[    0.194840] arm-smmu 10000000.iommu: 	Stage-2: 48-bit IPA -> 48-bit PA
[    0.195194] arm-smmu 12000000.iommu: probing hardware configuration...
[    0.195199] arm-smmu 12000000.iommu: SMMUv2 with:
[    0.195200] arm-smmu 12000000.iommu: 	stage 1 translation
[    0.195202] arm-smmu 12000000.iommu: 	stage 2 translation
[    0.195203] arm-smmu 12000000.iommu: 	nested translation
[    0.195205] arm-smmu 12000000.iommu: 	stream matching with 128 register groups
[    0.195209] arm-smmu 12000000.iommu: 	128 context banks (0 stage-2 only)
[    0.195214] arm-smmu 12000000.iommu: 	Supported page sizes: 0x61311000
[    0.195215] arm-smmu 12000000.iommu: 	Stage-1: 48-bit VA -> 48-bit IPA
[    0.195217] arm-smmu 12000000.iommu: 	Stage-2: 48-bit IPA -> 48-bit PA
[    0.203760] loop: module loaded
[    0.204830] megasas: 07.727.03.00-rc1
[    0.209000] tun: Universal TUN/TAP device driver, 1.6
[    0.209548] thunder_xcv, ver 1.0
[    0.209576] thunder_bgx, ver 1.0
[    0.209608] nicpf, ver 1.0
[    0.210478] hns3: Hisilicon Ethernet Network Driver for Hip08 Family - version
[    0.210486] hns3: Copyright (c) 2017 Huawei Corporation.
[    0.210530] hclge is initializing
[    0.210562] e1000: Intel(R) PRO/1000 Network Driver
[    0.210567] e1000: Copyright (c) 1999-2006 Intel Corporation.
[    0.210600] e1000e: Intel(R) PRO/1000 Network Driver
[    0.210604] e1000e: Copyright(c) 1999 - 2015 Intel Corporation.
[    0.210636] igb: Intel(R) Gigabit Ethernet Network Driver
[    0.210642] igb: Copyright (c) 2007-2014 Intel Corporation.
[    0.210657] igbvf: Intel(R) Gigabit Virtual Function Network Driver
[    0.210662] igbvf: Copyright (c) 2009 - 2012 Intel Corporation.
[    0.210859] sky2: driver version 1.30
[    0.211536] VFIO - User Level meta-driver version: 0.3
[    0.213156] ehci_hcd: USB 2.0 'Enhanced' Host Controller (EHCI) Driver
[    0.213169] ehci-pci: EHCI PCI platform driver
[    0.213195] ehci-platform: EHCI generic platform driver
[    0.213267] ehci-orion: EHCI orion driver
[    0.213342] ehci-exynos: EHCI Exynos driver
[    0.213401] ohci_hcd: USB 1.1 'Open' Host Controller (OHCI) Driver
[    0.213421] ohci-pci: OHCI PCI platform driver
[    0.213455] ohci-platform: OHCI generic platform driver
[    0.213526] ohci-exynos: OHCI Exynos driver
[    0.213974] usbcore: registered new interface driver usb-storage
[    0.215851] i2c_dev: i2c /dev entries driver
[    0.217158] pps_ldisc: PPS line discipline registered
[    0.219580] device-mapper: ioctl: 4.45.0-ioctl (2021-03-22) initialised: dm-devel@redhat.com
[    0.221754] sdhci: Secure Digital Host Controller Interface driver
[    0.221758] sdhci: Copyright(c) Pierre Ossman
[    0.222209] Synopsys Designware Multimedia Card Interface Driver
[    0.222830] sdhci-pltfm: SDHCI platform and OF driver helper
[    0.223975] ledtrig-cpu: registered to indicate activity on CPUs
[    0.225014] SMCCC: SOC_ID: ID = jep106:036b:0234 Revision = 0x00000401
[    0.225714] tegra-bpmp bpmp: Adding to iommu group 0
[    0.227191] tegra-bpmp bpmp: firmware: 40c4ded2a7425760713a-68f126a8abf
[    0.393219] Freeing initrd memory: 15548K
[    1.719329] clocksource: tsc: mask: 0xffffffffffffff max_cycles: 0xe6a171046, max_idle_ns: 881590405314 ns
[    1.719355] clocksource: osc: mask: 0xffffffff max_cycles: 0xffffffff, max_idle_ns: 49772407460 ns
[    1.719361] clocksource: usec: mask: 0xffffffff max_cycles: 0xffffffff, max_idle_ns: 1911260446275 ns
[    1.719672] hid: raw HID events driver (C) Jiri Kosina
[    1.720024] usbcore: registered new interface driver usbhid
[    1.720029] usbhid: USB HID core driver
[    1.723734] optee: probing for conduit method.
[    1.723793] optee: revision 4.2 (5ef90dab)
[    1.783206] optee: dynamic shared memory is enabled
[    1.783477] optee: initialized driver
[    1.786359] usbcore: registered new interface driver snd-usb-audio
[    1.787918] NET: Registered PF_PACKET protocol family
[    1.788728] Bluetooth: RFCOMM TTY layer initialized
[    1.788737] Bluetooth: RFCOMM socket layer initialized
[    1.788756] Bluetooth: RFCOMM ver 1.11
[    1.788991] 9pnet: Installing 9P2000 support
[    1.789093] Key type dns_resolver registered
[    1.790147] printk: console [tty0]: printing thread started
[    1.790926] printk: console [ttyTCU0]: printing thread started
[    1.790998] Loading compiled-in X.509 certificates
[    1.794970] Loaded X.509 cert 'Build time autogenerated kernel key: d77ad5d0e7e5d02a2dc9cf8ec8dfa4a966aa85ba'
[    1.828373] tegra-gpcdma 2600000.dma-controller: Adding to iommu group 1
[    1.829996] tegra-gpcdma 2600000.dma-controller: GPC DMA driver register 31 channels
[    1.831806] 3100000.serial: ttyTHS1 at MMIO 0x3100000 (irq = 112, base_baud = 0) is a TEGRA_UART
[    1.832992] 3140000.serial: ttyTHS2 at MMIO 0x3140000 (irq = 113, base_baud = 0) is a TEGRA_UART
[    1.835504] tegra_rtc c2a0000.rtc: registered as rtc1
[    1.835514] tegra_rtc c2a0000.rtc: Tegra internal Real Time Clock
[    1.835989] tegra-i2c 3160000.i2c: Adding to iommu group 1
[    1.839397] tegra-i2c 3180000.i2c: Adding to iommu group 1
[    1.841766] tegra-i2c 31b0000.i2c: Adding to iommu group 1
[    1.843759] tegra-i2c c240000.i2c: Adding to iommu group 1
[    1.845151] i2c 1-0025: Fixing up cyclic dependency with 3520000.padctl
[    1.845958] tegra-i2c c250000.i2c: Adding to iommu group 1
[    1.848499] i2c i2c-2: Added multiplexed i2c bus 9
[    1.848507] i2c-mux-gpio bus@0:cam_i2cmux: 1 port mux on 3180000.i2c adapter
[    1.868428] cpufreq: cpufreq_online: CPU4: Running at unlisted initial frequency: 1994000 KHz, changing to: 1984000 KHz
[    1.870730] tegra-xusb 3610000.usb: Adding to iommu group 2
[    1.885517] tegra-xusb 3610000.usb: Firmware timestamp: 2023-02-10 03:48:10 UTC
[    1.885523] tegra-xusb 3610000.usb: xHCI Host Controller
[    1.885534] tegra-xusb 3610000.usb: new USB bus registered, assigned bus number 1
[    1.886271] tegra-xusb 3610000.usb: hcc params 0x0180ff05 hci version 0x120 quirks 0x0000000000010810
[    1.886288] tegra-xusb 3610000.usb: irq 123, io mem 0x03610000
[    1.886392] tegra-xusb 3610000.usb: xHCI Host Controller
[    1.886396] tegra-xusb 3610000.usb: new USB bus registered, assigned bus number 2
[    1.886398] tegra-xusb 3610000.usb: Host supports USB 3.1 Enhanced SuperSpeed
[    1.886824] hub 1-0:1.0: USB hub found
[    1.886838] hub 1-0:1.0: 4 ports detected
[    1.887103] hub 2-0:1.0: USB hub found
[    1.887114] hub 2-0:1.0: 4 ports detected
[    1.888528] irq: IRQ227: trimming hierarchy from :bus@0:pmc@c360000
[    1.888582] irq: IRQ228: trimming hierarchy from :bus@0:interrupt-controller@f400000-1
[    1.888642] input: gpio-keys as /devices/platform/gpio-keys/input/input0
[    1.889356] clk: Disabling unused clocks
[    1.930171] ALSA device list:
[    1.930174]   No soundcards found.
[    1.939648] Freeing unused kernel memory: 7744K
[    1.939726] Run /init as init process
[    1.939727]   with arguments:
[    1.939728]     /init
[    1.939728]   with environment:
[    1.939728]     HOME=/
[    1.939729]     TERM=linux
[    1.939730]     boot_profile=ov5647-dev
[    1.939730]     bl_prof_dataptr=2031616@0x471E10000
[    1.939731]     bl_prof_ro_ptr=65536@0x471E00000
[    1.953802] Checking overlayfs setting...
[    1.962654] Overlayfs is disabled...
[    1.969449] Root device found: PARTUUID=03f3e885-a6e9-47ba-b7e1-ccc5bf71a344
[    2.228405] usb 1-2: new high-speed USB device number 2 using tegra-xusb
[    2.400780] hub 1-2:1.0: USB hub found
[    2.402408] hub 1-2:1.0: 4 ports detected
[    2.517793] usb 2-1: new SuperSpeed Plus Gen 2x1 USB device number 2 using tegra-xusb
[    2.570371] hub 2-1:1.0: USB hub found
[    2.572770] hub 2-1:1.0: 4 ports detected
[    2.676404] usb 1-3: new full-speed USB device number 3 using tegra-xusb
[    3.104402] usb 1-2.4: new low-speed USB device number 4 using tegra-xusb
[    3.223789] input: Lenovo Lenovo Calliope USB Keyboard as /devices/platform/bus@0/3610000.usb/usb1/1-2/1-2.4/1-2.4:1.0/0003:17EF:608C.0001/input/input1
[    3.356457] hid-generic 0003:17EF:608C.0001: input,hidraw0: USB HID v1.11 Keyboard [Lenovo Lenovo Calliope USB Keyboard] on usb-3610000.usb-2.4/input0
[    3.362710] input: Lenovo Lenovo Calliope USB Keyboard System Control as /devices/platform/bus@0/3610000.usb/usb1/1-2/1-2.4/1-2.4:1.1/0003:17EF:608C.0002/input/input2
[    3.420453] input: Lenovo Lenovo Calliope USB Keyboard Consumer Control as /devices/platform/bus@0/3610000.usb/usb1/1-2/1-2.4/1-2.4:1.1/0003:17EF:608C.0002/input/input3
[    3.420497] hid-generic 0003:17EF:608C.0002: input,hidraw1: USB HID v1.11 Device [Lenovo Lenovo Calliope USB Keyboard] on usb-3610000.usb-2.4/input1
[    5.479340] tegra194-pcie 14100000.pcie: Adding to iommu group 3
[    5.480200] irq: IRQ229: trimming hierarchy from :bus@0:interrupt-controller@f400000-1
[    5.481266] tegra194-pcie 14100000.pcie: host bridge /bus@0/pcie@14100000 ranges:
[    5.481282] tegra194-pcie 14100000.pcie:      MEM 0x2080000000..0x20a7ffffff -> 0x2080000000
[    5.481287] tegra194-pcie 14100000.pcie:      MEM 0x20a8000000..0x20afffffff -> 0x0040000000
[    5.481290] tegra194-pcie 14100000.pcie:       IO 0x0030100000..0x00301fffff -> 0x0030100000
[    5.481611] tegra194-pcie 14100000.pcie: iATU unroll: enabled
[    5.481612] tegra194-pcie 14100000.pcie: Detected iATU regions: 8 outbound, 2 inbound
[    5.501015] tegra-xudc 3550000.usb: Adding to iommu group 4
[    5.588408] tegra194-pcie 14100000.pcie: Link up
[    5.591061] tegra194-pcie 14100000.pcie: Link up
[    5.591380] tegra194-pcie 14100000.pcie: PCI host bridge to bus 0001:00
[    5.591384] pci_bus 0001:00: root bus resource [bus 00-ff]
[    5.591388] pci_bus 0001:00: root bus resource [mem 0x2080000000-0x20a7ffffff pref]
[    5.591390] pci_bus 0001:00: root bus resource [mem 0x20a8000000-0x20afffffff] (bus address [0x40000000-0x47ffffff])
[    5.591392] pci_bus 0001:00: root bus resource [io  0x0000-0xfffff] (bus address [0x30100000-0x301fffff])
[    5.591443] pci 0001:00:00.0: [10de:229e] type 01 class 0x060400
[    5.591609] pci 0001:00:00.0: PME# supported from D0 D3hot
[    5.595097] pci 0001:01:00.0: [10ec:c822] type 00 class 0x028000
[    5.595630] pci 0001:01:00.0: reg 0x10: [io  0x0000-0x00ff]
[    5.595676] pci 0001:01:00.0: reg 0x18: [mem 0x20a8000000-0x20a800ffff 64bit]
[    5.596572] pci 0001:01:00.0: supports D1 D2
[    5.596574] pci 0001:01:00.0: PME# supported from D0 D1 D2 D3hot D3cold
[    5.611065] pci 0001:00:00.0: BAR 14: assigned [mem 0x20a8000000-0x20a80fffff]
[    5.611068] pci 0001:00:00.0: BAR 13: assigned [io  0x1000-0x1fff]
[    5.611072] pci 0001:01:00.0: BAR 2: assigned [mem 0x20a8000000-0x20a800ffff 64bit]
[    5.611174] pci 0001:01:00.0: BAR 0: assigned [io  0x1000-0x10ff]
[    5.611206] pci 0001:00:00.0: PCI bridge to [bus 01-ff]
[    5.611209] pci 0001:00:00.0:   bridge window [io  0x1000-0x1fff]
[    5.611214] pci 0001:00:00.0:   bridge window [mem 0x20a8000000-0x20a80fffff]
[    5.611234] pci 0001:00:00.0: Max Payload Size set to  256/ 256 (was  128), Max Read Rq  256
[    5.611381] pci 0001:01:00.0: Max Payload Size set to  128/ 128 (was  128), Max Read Rq  128
[    5.611480] pcieport 0001:00:00.0: Adding to iommu group 3
[    5.611578] pcieport 0001:00:00.0: PME: Signaling with IRQ 190
[    5.611875] pcieport 0001:00:00.0: AER: enabled with IRQ 190
[    5.612573] tegra194-pcie 14160000.pcie: Adding to iommu group 5
[    5.614130] tegra194-pcie 14160000.pcie: host bridge /bus@0/pcie@14160000 ranges:
[    5.614142] tegra194-pcie 14160000.pcie:      MEM 0x2140000000..0x2427ffffff -> 0x2140000000
[    5.614148] tegra194-pcie 14160000.pcie:      MEM 0x2428000000..0x242fffffff -> 0x0040000000
[    5.614151] tegra194-pcie 14160000.pcie:       IO 0x0036100000..0x00361fffff -> 0x0036100000
[    5.614451] tegra194-pcie 14160000.pcie: iATU unroll: enabled
[    5.614453] tegra194-pcie 14160000.pcie: Detected iATU regions: 8 outbound, 2 inbound
[    5.720584] tegra194-pcie 14160000.pcie: Link up
[    5.721835] tegra194-pcie 14160000.pcie: Link up
[    5.721909] tegra194-pcie 14160000.pcie: PCI host bridge to bus 0004:00
[    5.721911] pci_bus 0004:00: root bus resource [bus 00-ff]
[    5.721914] pci_bus 0004:00: root bus resource [mem 0x2140000000-0x2427ffffff pref]
[    5.721916] pci_bus 0004:00: root bus resource [mem 0x2428000000-0x242fffffff] (bus address [0x40000000-0x47ffffff])
[    5.721919] pci_bus 0004:00: root bus resource [io  0x100000-0x1fffff] (bus address [0x36100000-0x361fffff])
[    5.721959] pci 0004:00:00.0: [10de:229c] type 01 class 0x060400
[    5.722106] pci 0004:00:00.0: PME# supported from D0 D3hot
[    5.725308] pci 0004:01:00.0: [4321:2263] type 00 class 0x010802
[    5.725771] pci 0004:01:00.0: reg 0x10: [mem 0x00000000-0x00003fff 64bit]
[    5.739066] pci 0004:00:00.0: BAR 14: assigned [mem 0x2428000000-0x24280fffff]
[    5.739071] pci 0004:01:00.0: BAR 0: assigned [mem 0x2428000000-0x2428003fff 64bit]
[    5.739157] pci 0004:00:00.0: PCI bridge to [bus 01-ff]
[    5.739161] pci 0004:00:00.0:   bridge window [mem 0x2428000000-0x24280fffff]
[    5.739180] pci 0004:00:00.0: Max Payload Size set to  256/ 256 (was  128), Max Read Rq  256
[    5.739304] pci 0004:01:00.0: Max Payload Size set to  128/ 128 (was  128), Max Read Rq  128
[    5.739394] pcieport 0004:00:00.0: Adding to iommu group 5
[    5.739481] pcieport 0004:00:00.0: PME: Signaling with IRQ 192
[    5.739761] pcieport 0004:00:00.0: AER: enabled with IRQ 192
[    5.739937] nvme 0004:01:00.0: Adding to iommu group 5
[    5.740119] nvme nvme0: pci function 0004:01:00.0
[    5.740173] nvme 0004:01:00.0: enabling device (0000 -> 0002)
[    5.740760] tegra194-pcie 141e0000.pcie: Adding to iommu group 6
[    5.742094] tegra194-pcie 141e0000.pcie: host bridge /bus@0/pcie@141e0000 ranges:
[    5.742105] tegra194-pcie 141e0000.pcie:      MEM 0x3000000000..0x3227ffffff -> 0x3000000000
[    5.742111] tegra194-pcie 141e0000.pcie:      MEM 0x3228000000..0x322fffffff -> 0x0040000000
[    5.742114] tegra194-pcie 141e0000.pcie:       IO 0x003e100000..0x003e1fffff -> 0x003e100000
[    5.742410] tegra194-pcie 141e0000.pcie: iATU unroll: enabled
[    5.742412] tegra194-pcie 141e0000.pcie: Detected iATU regions: 8 outbound, 2 inbound
[    5.758674] nvme nvme0: allocated 64 MiB host memory buffer.
[    5.777108] nvme nvme0: 8/0/0 default/read/poll queues
[    5.785246]  nvme0n1: p1 p2 p3 p4 p5 p6 p7 p8 p9 p10 p11 p12 p13 p14 p15
[    6.045633] EXT4-fs (nvme0n1p1): mounted filesystem with ordered data mode. Opts: (null). Quota mode: none.
[    6.051481] Rootfs mounted over PARTUUID=03f3e885-a6e9-47ba-b7e1-ccc5bf71a344
[    6.059329] Switching from initrd to actual rootfs
[    6.108243] systemd[1]: System time before build time, advancing clock.
[    6.126046] NET: Registered PF_INET6 protocol family
[    6.126444] Segment Routing with IPv6
[    6.126450] In-situ OAM (IOAM) with IPv6
[    6.140246] systemd[1]: systemd 249.11-0ubuntu3.17 running in system mode (+PAM +AUDIT +SELINUX +APPARMOR +IMA +SMACK +SECCOMP +GCRYPT +GNUTLS +OPENSSL +ACL +BLKID +CURL +ELFUTILS +FIDO2 +IDN2 -IDN +IPTC +KMOD +LIBCRYPTSETUP +LIBFDISK +PCRE2 -PWQUALITY -P11KIT -QRENCODE +BZIP2 +LZ4 +XZ +ZLIB +ZSTD -XKBCOMMON +UTMP +SYSVINIT default-hierarchy=unified)
[    6.140616] systemd[1]: Detected architecture arm64.
[    6.141738] systemd[1]: Hostname set to <cam-desktop>.
[    6.148749] systemd[1]: Using hardware watchdog 'NVIDIA Tegra186 WDT', version 0, device /dev/watchdog
[    6.148766] systemd[1]: Set hardware watchdog to 2min.
[    6.294340] systemd[1]: /lib/systemd/system/snapd.service:23: Unknown key name 'RestartMode' in section 'Service', ignoring.
[    6.305049] systemd[1]: /etc/systemd/system/nvs-service.service:41: Standard output type syslog is obsolete, automatically updating to journal. Please update your unit file, and consider removing the setting altogether.
[    6.307883] systemd[1]: /etc/systemd/system/nvargus-daemon.service:42: Standard output type syslog is obsolete, automatically updating to journal. Please update your unit file, and consider removing the setting altogether.
[    6.347463] systemd[1]: Queued start job for default target Graphical Interface.
[    6.349038] systemd[1]: Created slice Slice /system/modprobe.
[    6.349662] systemd[1]: Created slice Slice /system/openvpn.
[    6.350150] systemd[1]: Created slice Slice /system/serial-getty.
[    6.350566] systemd[1]: Created slice Slice /system/systemd-fsck.
[    6.350886] systemd[1]: Created slice User and Session Slice.
[    6.351051] systemd[1]: Started Forward Password Requests to Wall Directory Watch.
[    6.351404] systemd[1]: Set up automount Arbitrary Executable File Formats File System Automount Point.
[    6.351568] systemd[1]: Reached target Slice Units.
[    6.351628] systemd[1]: Reached target Mounting snaps.
[    6.351683] systemd[1]: Reached target Swaps.
[    6.351739] systemd[1]: Reached target Local Verity Protected Volumes.
[    6.351887] systemd[1]: Listening on Device-mapper event daemon FIFOs.
[    6.352107] systemd[1]: Listening on LVM2 poll daemon socket.
[    6.357908] systemd[1]: Listening on RPCbind Server Activation Socket.
[    6.358319] systemd[1]: Listening on Syslog Socket.
[    6.358549] systemd[1]: Listening on fsck to fsckd communication Socket.
[    6.358702] systemd[1]: Listening on initctl Compatibility Named Pipe.
[    6.359044] systemd[1]: Listening on Journal Audit Socket.
[    6.359233] systemd[1]: Listening on Journal Socket (/dev/log).
[    6.359472] systemd[1]: Listening on Journal Socket.
[    6.359886] systemd[1]: Listening on udev Control Socket.
[    6.360048] systemd[1]: Listening on udev Kernel Socket.
[    6.361326] systemd[1]: Mounting Huge Pages File System...
[    6.402748] systemd[1]: Mounting POSIX Message Queue File System...
[    6.404299] systemd[1]: Mounting Kernel Debug File System...
[    6.405561] systemd[1]: Mounting Kernel Trace File System...
[    6.422507] systemd[1]: Starting Journal Service...
[    6.422814] systemd[1]: Finished Availability of block devices.
[    6.424565] systemd[1]: Starting Set the console keyboard layout...
[    6.438283] systemd[1]: Starting Create List of Static Device Nodes...
[    6.439593] systemd[1]: Starting Monitoring of LVM2 mirrors, snapshots etc. using dmeventd or progress polling...
[    6.441286] systemd[1]: Starting Load Kernel Module configfs...
[    6.461611] systemd[1]: Starting Load Kernel Module drm...
[    6.463175] systemd[1]: Starting Load Kernel Module efi_pstore...
[    6.464676] systemd[1]: Starting Load Kernel Module fuse...
[    6.471295] fuse: init (API version 7.34)
[    6.482562] systemd[1]: Starting NVIDIA specific first-boot udev script...
[    6.483992] systemd[1]: Started Nameserver information manager.
[    6.484266] systemd[1]: Reached target Preparation for Network.
[    6.484599] systemd[1]: Condition check resulted in File System Check on Root Device being skipped.
[    6.486967] systemd[1]: Starting Load Kernel Modules...
[    6.493835] nvsciipc: loading out-of-tree module taints kernel.
[    6.494867] nvsciipc: loaded module
[    6.500095] nvmap_heap_init: nvmap_heap_init: created heap block cache
[    6.500621] nvmap_page_pool_init: Total RAM pages: 4004597
[    6.500624] nvmap_page_pool_init: nvmap page pool size: 500574 pages (1955 MB)
[    6.500693] nvmap_background_zero_thread: PP zeroing thread starting.
[    6.507051] tegra-host1x 13e00000.host1x: Adding to iommu group 7
[    6.508338] host1x-context host1x-ctx.0: Adding to iommu group 8
[    6.508453] host1x-context host1x-ctx.1: Adding to iommu group 9
[    6.508542] host1x-context host1x-ctx.2: Adding to iommu group 10
[    6.508631] host1x-context host1x-ctx.3: Adding to iommu group 11
[    6.508722] host1x-context host1x-ctx.4: Adding to iommu group 12
[    6.508814] host1x-context host1x-ctx.5: Adding to iommu group 13
[    6.508900] host1x-context host1x-ctx.6: Adding to iommu group 14
[    6.508992] host1x-context host1x-ctx.7: Adding to iommu group 15
[    6.509083] host1x-context host1x-ctx.8: Adding to iommu group 16
[    6.509178] host1x-context host1x-ctx.9: Adding to iommu group 17
[    6.509268] host1x-context host1x-ctx.10: Adding to iommu group 18
[    6.509362] host1x-context host1x-ctx.11: Adding to iommu group 19
[    6.509447] host1x-context host1x-ctx.12: Adding to iommu group 20
[    6.509539] host1x-context host1x-ctx.13: Adding to iommu group 21
[    6.509627] host1x-context host1x-ctx.14: Adding to iommu group 22
[    6.509722] host1x-context host1x-ctx.15: Adding to iommu group 23
[    6.517511] platform 13e00000.host1x:nvcsi@15a00000: Fixing up cyclic dependency with 9-0036
[    6.517528] platform 13e00000.host1x:nvcsi@15a00000: Fixing up cyclic dependency with tegra-capture-vi
[    6.522193] systemd[1]: Starting Remount Root and Kernel File Systems...
[    6.529680] EXT4-fs (nvme0n1p1): re-mounted. Opts: (null). Quota mode: none.
[    6.554978] nvgpu: 17000000.gpu          nvgpu_nvhost_syncpt_init:122  [INFO]  syncpt_unit_base 60000000 syncpt_unit_size 4000000 size 10000

[    6.557162] systemd[1]: Starting Coldplug All udev Devices...
[    6.613323] systemd[1]: Mounted Huge Pages File System.
[    6.663115] systemd[1]: Mounted POSIX Message Queue File System.
[    6.716487] systemd[1]: Mounted Kernel Debug File System.
[    6.716658] systemd[1]: Mounted Kernel Trace File System.
[    6.717168] systemd[1]: Finished Set the console keyboard layout.
[    6.717659] systemd[1]: Finished Create List of Static Device Nodes.
[    6.718019] systemd[1]: modprobe@configfs.service: Deactivated successfully.
[    6.718294] systemd[1]: Finished Load Kernel Module configfs.
[    6.718665] systemd[1]: modprobe@drm.service: Deactivated successfully.
[    6.718936] systemd[1]: Finished Load Kernel Module drm.
[    6.719297] systemd[1]: modprobe@efi_pstore.service: Deactivated successfully.
[    6.719558] systemd[1]: Finished Load Kernel Module efi_pstore.
[    6.719913] systemd[1]: modprobe@fuse.service: Deactivated successfully.
[    6.720162] systemd[1]: Finished Load Kernel Module fuse.
[    6.720647] systemd[1]: Finished NVIDIA specific first-boot udev script.
[    6.765742] systemd[1]: Finished Load Kernel Modules.
[    6.802846] systemd[1]: Finished Remount Root and Kernel File Systems.
[    6.805605] systemd[1]: Mounting FUSE Control File System...
[    6.815690] systemd[1]: Mounting Kernel Configuration File System...
[    6.817634] systemd[1]: Starting OP-TEE Client Supplicant...
[    6.826949] systemd[1]: Condition check resulted in Platform Persistent Storage Archival being skipped.
[    6.828156] systemd[1]: Starting Load/Save Random Seed...
[    6.829352] systemd[1]: Starting Apply Kernel Variables...
[    6.848427] tegra194-pcie 141e0000.pcie: Phy link never came up
[    6.874998] systemd[1]: Starting Create System Users...
[    6.877290] systemd[1]: Mounted FUSE Control File System.
[    6.877552] systemd[1]: Mounted Kernel Configuration File System.
[    6.878106] systemd[1]: Finished Load/Save Random Seed.
[    6.878688] systemd[1]: Finished Apply Kernel Variables.
[    6.878933] systemd[1]: Condition check resulted in First Boot Complete being skipped.
[    6.888292] systemd[1]: Finished Create System Users.
[    6.889872] systemd[1]: Starting Create Static Device Nodes in /dev...
[    6.900269] systemd[1]: Finished Create Static Device Nodes in /dev.
[    6.902612] systemd[1]: Starting Rule-based Manager for Device Events and Files...
[    6.962877] systemd[1]: Started Rule-based Manager for Device Events and Files.
[    7.008590] tegra-se 15820000.crypto: Adding to iommu group 24
[    7.009438] tegra-se 15840000.crypto: Adding to iommu group 25
[    7.258887] mc: Linux media interface: v0.10
[    7.280802] systemd[1]: Started OP-TEE Client Supplicant.
[    7.282682] tegra-soc-hwpm f100000.hwpm: Adding to iommu group 26
[    7.283924] videodev: Linux video capture interface: v2.00
[    7.297182] scare-pigeon 13e00000.host1x:vi0-thi@15f00000: Adding to iommu group 27
[    7.314240] scare-pigeon 13e00000.host1x:vi0-thi@15f00000: syncpt_unit_base 60000000 syncpt_unit_size 4000000 size 10000
[    7.318384] scare-pigeon 13e00000.host1x:vi1-thi@14f00000: Adding to iommu group 28
[    7.319000] nvdla 15880000.nvdla0: Adding to iommu group 29
[    7.323859] pva 16000000.pva0: Adding to iommu group 30
[    7.324022] scare-pigeon 13e00000.host1x:vi1-thi@14f00000: syncpt_unit_base 60000000 syncpt_unit_size 4000000 size 10000
[    7.324145] nvdla 15880000.nvdla0: syncpt_unit_base 60000000 syncpt_unit_size 4000000 size 10000
[    7.325407] scare-pigeon 13e00000.host1x:isp-thi@14b00000: Adding to iommu group 31
[    7.326317] nvdla 158c0000.nvdla1: Adding to iommu group 32
[    7.327143] tegra-vic 15340000.vic: Adding to iommu group 33
[    7.327228] pva_iommu_context_dev 16000000.pva0:pva0_niso1_ctx0: Adding to iommu group 34
[    7.327825] pva_iommu_context_dev 16000000.pva0:pva0_niso1_ctx0: initialized (streamid=18, iommu=smmu.0x0000000008000000)
[    7.330285] scare-pigeon 13e00000.host1x:isp-thi@14b00000: syncpt_unit_base 60000000 syncpt_unit_size 4000000 size 10000
[    7.331074] nvdla 158c0000.nvdla1: syncpt_unit_base 60000000 syncpt_unit_size 4000000 size 10000
[    7.336363] pva_iommu_context_dev 16000000.pva0:pva0_niso1_ctx1: Adding to iommu group 35
[    7.337407] pva_iommu_context_dev 16000000.pva0:pva0_niso1_ctx1: initialized (streamid=19, iommu=smmu.0x0000000008000000)
[    7.338918] pva_iommu_context_dev 16000000.pva0:pva0_niso1_ctx2: Adding to iommu group 36
[    7.338996] pva_iommu_context_dev 16000000.pva0:pva0_niso1_ctx2: initialized (streamid=20, iommu=smmu.0x0000000008000000)
[    7.339450] pva_iommu_context_dev 16000000.pva0:pva0_niso1_ctx3: Adding to iommu group 37
[    7.339519] pva_iommu_context_dev 16000000.pva0:pva0_niso1_ctx3: initialized (streamid=21, iommu=smmu.0x0000000008000000)
[    7.339817] pva_iommu_context_dev 16000000.pva0:pva0_niso1_ctx4: Adding to iommu group 38
[    7.339880] pva_iommu_context_dev 16000000.pva0:pva0_niso1_ctx4: initialized (streamid=22, iommu=smmu.0x0000000008000000)
[    7.340159] pva_iommu_context_dev 16000000.pva0:pva0_niso1_ctx5: Adding to iommu group 39
[    7.340219] pva_iommu_context_dev 16000000.pva0:pva0_niso1_ctx5: initialized (streamid=23, iommu=smmu.0x0000000008000000)
[    7.340494] pva_iommu_context_dev 16000000.pva0:pva0_niso1_ctx6: Adding to iommu group 40
[    7.340553] pva_iommu_context_dev 16000000.pva0:pva0_niso1_ctx6: initialized (streamid=24, iommu=smmu.0x0000000008000000)
[    7.343967] tegra-nvdec 15480000.nvdec: Adding to iommu group 41
[    7.354948] pva_iommu_context_dev 16000000.pva0:pva0_niso1_ctx7: Adding to iommu group 42
[    7.355306] Inserting ivc_ext.ko module
[    7.359247] pva_iommu_context_dev 16000000.pva0:pva0_niso1_ctx7: initialized (streamid=25, iommu=smmu.0x0000000008000000)
[    7.360973] pva 16000000.pva0: pdata->version is HW_GEN2
[    7.361497] tegra-nvenc 154c0000.nvenc: Adding to iommu group 43
[    7.370113] pva 16000000.pva0: Completed nvhost_client_device_init
[    7.371130] pva 16000000.pva0: syncpt_unit_base 60000000 syncpt_unit_size 4000000 size 10000
[    7.384366] tegra-nvjpg 15380000.nvjpg: Adding to iommu group 44
[    7.403128] tegra-nvjpg 15540000.nvjpg: Adding to iommu group 45
[    7.404626] tegra186-cam-rtcpu bc00000.rtcpu: Adding to iommu group 46
[    7.409149] tegra186-cam-rtcpu bc00000.rtcpu: Trace buffer configured at IOVA=0xbff00000
[    7.414007] tegra-ofa 15a50000.ofa: Adding to iommu group 47
[    7.414541] tegra-ivc-bus bc00000.rtcpu:ivc-bus: region 0: iova=0xbfec0000-0xbfee027f size=131712
[    7.417339] tegra-ivc-bus bc00000.rtcpu:ivc-bus:echo@0: echo: ver=0 grp=1 RX[16x64]=0x1000-0x1480 TX[16x64]=0x1480-0x1900
[    7.417849] tegra-ivc-bus bc00000.rtcpu:ivc-bus:dbg@1: dbg: ver=0 grp=1 RX[1x512]=0x1900-0x1b80 TX[1x512]=0x1b80-0x1e00
[    7.419724] tegra-ivc-bus bc00000.rtcpu:ivc-bus:dbg@2: dbg: ver=0 grp=1 RX[1x8192]=0x1e00-0x3e80 TX[1x8192]=0x3e80-0x5f00
[    7.421075] tegra-ivc-bus bc00000.rtcpu:ivc-bus:ivccontrol@3: ivccontrol: ver=0 grp=1 RX[64x320]=0x5f00-0xaf80 TX[64x320]=0xaf80-0x10000
[    7.422119] tegra-ivc-bus bc00000.rtcpu:ivc-bus:ivccapture@4: ivccapture: ver=0 grp=1 RX[512x64]=0x10000-0x18080 TX[512x64]=0x18080-0x20100
[    7.423659] tegra-ivc-bus bc00000.rtcpu:ivc-bus:diag@5: diag: ver=0 grp=1 RX[1x64]=0x20100-0x201c0 TX[1x64]=0x201c0-0x20280
[    7.425533] tegra186-cam-rtcpu bc00000.rtcpu: using cam RTCPU IRQ (218)
[    7.425537] tegra186-cam-rtcpu bc00000.rtcpu: tegra_camrtc_mon_create is successful
[    7.426656] tegra186-cam-rtcpu bc00000.rtcpu: firmware version cpu=rce cmd=6 sha1=04ea869968864dcb132a50cad9712bd529a09ee2
[    7.426807] tegra-ivc-bus bc00000.rtcpu:ivc-bus:echo@0: ivc channel driver missing
[    7.426809] tegra-ivc-bus bc00000.rtcpu:ivc-bus:dbg@1: ivc channel driver missing
[    7.426812] tegra-ivc-bus bc00000.rtcpu:ivc-bus:dbg@2: ivc channel driver missing
[    7.426814] tegra-ivc-bus bc00000.rtcpu:ivc-bus:ivccontrol@3: ivc channel driver missing
[    7.426816] tegra-ivc-bus bc00000.rtcpu:ivc-bus:ivccapture@4: ivc channel driver missing
[    7.426817] tegra-ivc-bus bc00000.rtcpu:ivc-bus:diag@5: ivc channel driver missing
[    7.426874] [drm] Initialized tegra 1.0.99 20120330 for drm on minor 0
[    7.426890] drm drm: [drm] Cannot find any crtc or sizes
[    7.464436] [RCE] TCU debug prints will be routed to traces.
[    7.551507] tegra194-vi5 13e00000.host1x:vi0@15c00000: Adding to iommu group 27
[    7.555948] tegra194-isp5 14800000.isp: Adding to iommu group 31
[    7.556038] tegra-camrtc-capture-vi tegra-capture-vi: subdev 13e00000.host1x:nvcsi@15a00000- bound
[    7.556247] tegra194-vi5 13e00000.host1x:vi1@14c00000: Adding to iommu group 28
[    7.556424] (NULL device *): fops function table already registered
[    7.848649] tegra194-pcie 141e0000.pcie: Phy link never came up
[    7.848767] tegra194-pcie 141e0000.pcie: PCI host bridge to bus 0007:00
[    7.848771] pci_bus 0007:00: root bus resource [bus 00-ff]
[    7.848775] pci_bus 0007:00: root bus resource [mem 0x3000000000-0x3227ffffff pref]
[    7.848778] pci_bus 0007:00: root bus resource [mem 0x3228000000-0x322fffffff] (bus address [0x40000000-0x47ffffff])
[    7.848781] pci_bus 0007:00: root bus resource [io  0x200000-0x2fffff] (bus address [0x3e100000-0x3e1fffff])
[    7.848830] pci 0007:00:00.0: [10de:229a] type 01 class 0x060400
[    7.848980] pci 0007:00:00.0: PME# supported from D0 D3hot
[    7.854753] pci 0007:00:00.0: PCI bridge to [bus 01-ff]
[    7.854778] pci 0007:00:00.0: Max Payload Size set to  256/ 256 (was  128), Max Read Rq  256
[    7.854917] pcieport 0007:00:00.0: Adding to iommu group 6
[    7.855068] pcieport 0007:00:00.0: PME: Signaling with IRQ 194
[    7.855428] pcieport 0007:00:00.0: AER: enabled with IRQ 194
[    7.855706] pci_bus 0007:01: busn_res: [bus 01-ff] is released
[    7.855848] pci 0007:00:00.0: Removing from iommu group 6
[    7.855865] pci_bus 0007:00: busn_res: [bus 00-ff] is released
[    7.857704] tegra194-pcie 140a0000.pcie: Adding to iommu group 48
[    7.959411] nvvrs_pseq 4-003c: NVVRS Vendor ID: 0x9
[    7.959900] nvvrs_pseq 4-003c: NVVRS Model Rev: 0x82
[    7.961776] tegra-dce d800000.dce: Adding to iommu group 49
[    7.962707] dce: dce_ipc_channel_init:311  Invalid Channel State [0x0] for ch_type [2]
[    7.964484] dce: tegra_dce_probe:247  Found display consumer device
[    7.964886] dce: dce_mailbox_set_full_interrupt:157  Intr bit set multiple times for MB : [0x5]
[    7.964893] dce: dce_mailbox_set_full_interrupt:157  Intr bit set multiple times for MB : [0x5]
[    7.965165] dce: dce_admin_send_cmd_ver:456  version : [0x3] err : [0x0]
[    7.965374] dce: dce_mailbox_set_full_interrupt:157  Intr bit set multiple times for MB : [0x1]
[    7.965380] dce: dce_admin_setup_clients_ipc:585  Channel Reset Complete for Type [1] ...
[    7.965381] dce: dce_admin_setup_clients_ipc:561  Get queue info failed for [2]
[    7.965460] tegra194-pcie 140a0000.pcie: host bridge /bus@0/pcie@140a0000 ranges:
[    7.965493] tegra194-pcie 140a0000.pcie:      MEM 0x3240000000..0x3527ffffff -> 0x3240000000
[    7.965501] tegra194-pcie 140a0000.pcie:      MEM 0x3528000000..0x352fffffff -> 0x0040000000
[    7.965505] tegra194-pcie 140a0000.pcie:       IO 0x002a100000..0x002a1fffff -> 0x002a100000
[    7.965581] dce: dce_mailbox_set_full_interrupt:157  Intr bit set multiple times for MB : [0x2]
[    7.965588] dce: dce_admin_setup_clients_ipc:585  Channel Reset Complete for Type [3] ...
[    7.965832] tegra194-pcie 140a0000.pcie: iATU unroll: enabled
[    7.965837] tegra194-pcie 140a0000.pcie: Detected iATU regions: 8 outbound, 2 inbound
[    7.966556] dce: dce_start_boot_flow:166  DCE_BOOT_DONE
[    7.973564] nvvrs_pseq 4-003c: NVVRS PSEQ probe successful
[    7.995415] systemd[1]: Finished Coldplug All udev Devices.
[    7.995798] systemd[1]: Condition check resulted in Show Plymouth Boot Screen being skipped.
[    7.995944] systemd[1]: Started Dispatch Password Requests to Console Directory Watch.
[    7.996019] systemd[1]: Condition check resulted in Forward Password Requests to Plymouth Directory Watch being skipped.
[    7.996042] systemd[1]: Reached target Local Encrypted Volumes.
[    8.003795] nv_platform 13800000.display: Adding to iommu group 50
[    8.007660] platform 13800000.display:nvdisplay-niso: Adding to iommu group 51
[    8.072415] tegra194-pcie 140a0000.pcie: Link up
[    8.073861] tegra194-pcie 140a0000.pcie: Link up
[    8.073950] tegra194-pcie 140a0000.pcie: PCI host bridge to bus 0008:00
[    8.073955] pci_bus 0008:00: root bus resource [bus 00-ff]
[    8.073959] pci_bus 0008:00: root bus resource [mem 0x3240000000-0x3527ffffff pref]
[    8.073961] pci_bus 0008:00: root bus resource [mem 0x3528000000-0x352fffffff] (bus address [0x40000000-0x47ffffff])
[    8.073963] pci_bus 0008:00: root bus resource [io  0x300000-0x3fffff] (bus address [0x2a100000-0x2a1fffff])
[    8.074012] pci 0008:00:00.0: [10de:229c] type 01 class 0x060400
[    8.074163] pci 0008:00:00.0: PME# supported from D0 D3hot
[    8.077500] pci 0008:01:00.0: [10ec:8168] type 00 class 0x020000
[    8.077980] pci 0008:01:00.0: reg 0x10: [io  0x0000-0x00ff]
[    8.078021] pci 0008:01:00.0: reg 0x18: [mem 0x00000000-0x00000fff 64bit]
[    8.078048] pci 0008:01:00.0: reg 0x20: [mem 0x00000000-0x00003fff 64bit]
[    8.078970] pci 0008:01:00.0: supports D1 D2
[    8.078972] pci 0008:01:00.0: PME# supported from D0 D1 D2 D3hot D3cold
[    8.091056] pci 0008:00:00.0: BAR 14: assigned [mem 0x3528000000-0x35280fffff]
[    8.091059] pci 0008:00:00.0: BAR 13: assigned [io  0x300000-0x300fff]
[    8.091063] pci 0008:01:00.0: BAR 4: assigned [mem 0x3528000000-0x3528003fff 64bit]
[    8.091156] pci 0008:01:00.0: BAR 2: assigned [mem 0x3528004000-0x3528004fff 64bit]
[    8.091247] pci 0008:01:00.0: BAR 0: assigned [io  0x300000-0x3000ff]
[    8.091276] pci 0008:00:00.0: PCI bridge to [bus 01-ff]
[    8.091279] pci 0008:00:00.0:   bridge window [io  0x300000-0x300fff]
[    8.091283] pci 0008:00:00.0:   bridge window [mem 0x3528000000-0x35280fffff]
[    8.091302] pci 0008:00:00.0: Max Payload Size set to  256/ 256 (was  128), Max Read Rq  256
[    8.091435] pci 0008:01:00.0: Max Payload Size set to  128/ 128 (was  128), Max Read Rq  128
[    8.091556] pcieport 0008:00:00.0: Adding to iommu group 48
[    8.091651] pcieport 0008:00:00.0: PME: Signaling with IRQ 188
[    8.091776] pcieport 0008:00:00.0: AER: enabled with IRQ 188
[    8.100590] systemd[1]: Started Journal Service.
[    8.120316] systemd-journald[265]: Received client request to flush runtime journal.
[    8.125371] cfg80211: Loading compiled-in X.509 certificates for regulatory database
[    8.131431] cfg80211: Loaded X.509 cert 'sforshee: 00b28ddf47aef9cea7'
[    8.131633] cfg80211: Loaded X.509 cert 'wens: 61c038651aabdcf94bd0ac7ff06c7248db18c600'
[    8.147174] spi-tegra114 3210000.spi: Adding to iommu group 1
[    8.148952] at24 0-0050: 256 byte 24c02 EEPROM, read-only
[    8.149252] spi-tegra114 3230000.spi: Adding to iommu group 1
[    8.149460] at24 0-0057: 256 byte 24c02 EEPROM, read-only
[    8.163210] tegra-hda 3510000.hda: Adding to iommu group 52
[    8.199334] rtl88x2ce 0001:01:00.0: Adding to iommu group 3
[    8.199511] rtl88x2ce 0001:01:00.0: enabling device (0000 -> 0003)
[    8.240619] irq: IRQ253: trimming hierarchy from :bus@0:pmc@c360000
[    8.240726] tegra234-aon c000000.aon: Adding to iommu group 53
[    8.240851] input: NVIDIA Jetson Orin NX HDA HDMI/DP,pcm=3 as /devices/platform/bus@0/3510000.hda/sound/card0/input4
[    8.241152] fusb301 1-0025: device id: 0x12
[    8.242660]  c000000.aon:hsp: probed
[    8.243231] input: NVIDIA Jetson Orin NX HDA HDMI/DP,pcm=7 as /devices/platform/bus@0/3510000.hda/sound/card0/input5
[    8.243410] fusb301 1-0025: fusb301_work_handler: int_sts[0x00]
[    8.243629] input: NVIDIA Jetson Orin NX HDA HDMI/DP,pcm=8 as /devices/platform/bus@0/3510000.hda/sound/card0/input6
[    8.243697] tegra234-aon c000000.aon: init done
[    8.250375] input: NVIDIA Jetson Orin NX HDA HDMI/DP,pcm=9 as /devices/platform/bus@0/3510000.hda/sound/card0/input7
[    8.256946] gic 2a41000.interrupt-controller: GIC IRQ controller registered
[    8.257212] tegra-aconnect bus@0:aconnect@2900000: Tegra ACONNECT bus registered
[    8.262283] thermal-trip-event cpu-throttle-alert: cooling device registered.
[    8.262713] thermal-trip-event gpu-throttle-alert: cooling device registered.
[    8.263845] thermal-trip-event cv0-throttle-alert: cooling device registered.
[    8.266960] CAN device driver interface
[    8.270469] fusb301 1-0025: toggle_time(0) is not updated
[    8.270674] thermal-trip-event cv1-throttle-alert: cooling device registered.
[    8.270831] fusb301 1-0025: fusb301_set_mode: mode (32)(32)
[    8.270887] thermal-trip-event cv2-throttle-alert: cooling device registered.
[    8.271039] thermal-trip-event soc0-throttle-alert: cooling device registered.
[    8.271166] fusb301 1-0025: fusb301_detach: type[0x00] chipstate[0x01]
[    8.271170] fusb301 1-0025: fusb_update_state: 1
[    8.271190] thermal-trip-event soc1-throttle-alert: cooling device registered.
[    8.271962] fusb301 1-0025: mode[0x20], host_cur[0x02], dttime[0x00]
[    8.274145] thermal-trip-event soc2-throttle-alert: cooling device registered.
[    8.298712] TT CAN feature is not supported
[    8.299266] 	 Message RAM Configuration
               	| base addr   |0x0c312000|
               	| sidfc_flssa |0x00000000|
               	| xidfc_flesa |0x00000040|
               	| rxf0c_f0sa  |0x000000c0|
               	| rxf1c_f1sa  |0x000009c0|
               	| rxbc_rbsa   |0x000009c0|
               	| txefc_efsa  |0x000009c0|
               	| txbc_tbsa   |0x00000a40|
               	| tmc_tmsa    |0x00000ec0|
               	| mram size   |0x00001000|
[    8.300682] Release 3.2.3 from 09.06.2018
[    8.300802] thermal-trip-event hot-surface-alert: cooling device registered.
[    8.337441] usbcore: registered new interface driver btusb
[    8.337975] Bluetooth: hci0: RTL: examining hci_ver=0a hci_rev=000c lmp_ver=0a lmp_subver=8822
[    8.338958] Bluetooth: hci0: RTL: rom_version status=0 version=3
[    8.338962] Bluetooth: hci0: RTL: loading rtl_bt/rtl8822cu_fw.bin
[    8.339587] Bluetooth: hci0: RTL: loading rtl_bt/rtl8822cu_config.bin
[    8.339749] Bluetooth: hci0: RTL: cfg_sz 6, total sz 35086
[    8.348898] net can0: mttcan device registered (regs=00000000c6c3f9c5, irq=200)
[    8.361362] rtk_btusb: Realtek Bluetooth USB driver ver 3.1.65ab490.20240531-141726
[    8.361371] rtk_btcoex: rtk_btcoex_init: version: 1.2
[    8.361373] rtk_btcoex: create workqueue
[    8.367852] rtk_btcoex: alloc buffers 1792, 2432 for ev and l2
[    8.378989] usbcore: registered new interface driver rtk_btusb
[    8.406418] nvvrs-pseq-rtc nvvrs-pseq-rtc: registered as rtc0
[    8.411283] nvvrs-pseq-rtc nvvrs-pseq-rtc: setting system clock to 2026-04-22T14:03:41 UTC (1776866621)
[    8.440490] fusb301 1-0025: fusb301_work_handler: int_sts[0x05]
[    8.441053] fusb301 1-0025: sts[0x2f], type[0x08]
[    8.441057] fusb301 1-0025: fusb_update_state: 6
[    8.485702] loop0: detected capacity change from 0 to 8
[    8.500078] loop1: detected capacity change from 0 to 373072
[    8.510471] loop2: detected capacity change from 0 to 141232
[    8.514553] loop3: detected capacity change from 0 to 126776
[    8.517840] r8168 0008:01:00.0: Adding to iommu group 48
[    8.519803] r8168 Gigabit Ethernet driver 8.053.00-NAPI loaded
[    8.519878] r8168 0008:01:00.0: enabling device (0000 -> 0003)
[    8.530561] loop4: detected capacity change from 0 to 95512
[    8.541220] loop5: detected capacity change from 0 to 1132440
[    8.541807] r8168: This product is covered by one or more of the following patents: US6,570,884, US6,115,776, and US6,327,625.
[    8.543879] r8168  Copyright (C) 2024 Realtek NIC software team <nicfae@realtek.com> 
                This program comes with ABSOLUTELY NO WARRANTY; for details, please see <http://www.gnu.org/licenses/>. 
                This is free software, and you are welcome to redistribute it under certain conditions; see <http://www.gnu.org/licenses/>. 
[    8.544940] loop6: detected capacity change from 0 to 357512
[    8.557609] loop7: detected capacity change from 0 to 85664
[    8.565714] loop8: detected capacity change from 0 to 187776
[    8.573210] rtl88x2ce 0001:01:00.0 wlP1p1s0: renamed from wlan0
[    8.624384] r8168 0008:01:00.0 enP8p1s0: renamed from eth0
[    8.648908] tegra-adma 2930000.dma-controller: Tegra210 ADMA driver registered 32 channels
[    8.749248] tegra210-admaif 290f000.admaif: Adding to iommu group 54
[    8.858955] Bluetooth: hci0: RTL: fw version 0x19b76d7d
[   10.867020] using random self ethernet address
[   10.867027] using random host ethernet address
[   10.896714] Bluetooth: BNEP (Ethernet Emulation) ver 1.3
[   10.896723] Bluetooth: BNEP filters: protocol multicast
[   10.896734] Bluetooth: BNEP socket layer initialized
[   10.906615] loop9: detected capacity change from 0 to 32768
[   10.907540] NET: Registered PF_ALG protocol family
[   11.001623] nv_nvsciipc_init.sh[945]: found /dev/nvsciipc
[   11.023267] nvsciipc: set_db start
[   11.023300] nvsciipc: set_db done
[   11.084977] IRQ230: set affinity failed(-22).
[   11.085011] IRQ255: set affinity failed(-22).
[   11.085181] psci: CPU4 killed (polled 0 ms)
[   11.089245] enP8p1s0: 0xffff800009035000, 3c:6d:66:0d:53:d9, IRQ 256
[   11.118032] Mass Storage Function, version: 2009/09/11
[   11.118040] LUN: removable file: (no medium)
[   11.180766] IRQ230: set affinity failed(-22).
[   11.180800] IRQ255: set affinity failed(-22).
[   11.180804] IRQ256: set affinity failed(-22).
[   11.181070] psci: CPU5 killed (polled 0 ms)
[   11.202426] using random self ethernet address
[   11.202433] using random host ethernet address
[   11.248815] IRQ230: set affinity failed(-22).
[   11.248850] IRQ255: set affinity failed(-22).
[   11.248854] IRQ256: set affinity failed(-22).
[   11.249129] psci: CPU6 killed (polled 0 ms)
[   11.313834] IRQ230: set affinity failed(-22).
[   11.313942] IRQ255: set affinity failed(-22).
[   11.314398] psci: CPU7 killed (polled 0 ms)
[   11.363829] pstore: Using crash dump compression: deflate
[   11.364078] printk: console [ramoops-1]: printing thread started
[   11.364091] printk: console [ramoops-1] enabled
[   11.364093] pstore: Registered ramoops as persistent store backend
[   11.364095] ramoops: using 0x200000@0x4725f0000, ecc: 0
[   11.515188] bridge: filtering via arp/ip/ip6tables is no longer available by default. Update your scripts to load br_netfilter if you need this.
[   11.524503] usb0: HOST MAC c2:d6:da:8f:db:b0
[   11.524512] usb0: MAC c2:d6:da:8f:db:b1
[   11.524731] usb1: HOST MAC c2:d6:da:8f:db:b2
[   11.524733] usb1: MAC c2:d6:da:8f:db:b3
[   11.524750] tegra-xudc 3550000.usb: EP 0 (type: ctrl, dir: out) enabled
[   11.538029] nvgpu: 17000000.gpu                  gk20a_scale_init:541  [INFO]  enabled scaling for GPU

[   11.539314] l4tbr0: port 1(usb0) entered blocking state
[   11.539331] l4tbr0: port 1(usb0) entered disabled state
[   11.539847] device usb0 entered promiscuous mode
[   11.554359] l4tbr0: port 2(usb1) entered blocking state
[   11.554379] l4tbr0: port 2(usb1) entered disabled state
[   11.554864] device usb1 entered promiscuous mode
[   11.567143] loop9: detected capacity change from 0 to 32768
[   11.675581] zram: Added device: zram0
[   11.677729] zram: Added device: zram1
[   11.680840] zram: Added device: zram2
[   11.683899] zram: Added device: zram3
[   11.775020] zram0: detected capacity change from 0 to 4004600
[   11.803302] Adding 2002296k swap on /dev/zram0.  Priority:5 extents:1 across:2002296k SS
[   11.809482] zram1: detected capacity change from 0 to 4004600
[   11.823981] Adding 2002296k swap on /dev/zram1.  Priority:5 extents:1 across:2002296k SS
[   11.832826] zram2: detected capacity change from 0 to 4004600
[   11.848025] Adding 2002296k swap on /dev/zram2.  Priority:5 extents:1 across:2002296k SS
[   11.854018] zram3: detected capacity change from 0 to 4004600
[   11.882771] Adding 2002296k swap on /dev/zram3.  Priority:5 extents:1 across:2002296k SS
[   12.048070] tegra-xudc 3550000.usb: EP 5 (type: intr, dir: in) enabled
[   12.048093] tegra-xudc 3550000.usb: EP 3 (type: bulk, dir: in) enabled
[   12.048106] tegra-xudc 3550000.usb: EP 2 (type: bulk, dir: out) enabled
[   12.048192] tegra-xudc 3550000.usb: EP 9 (type: intr, dir: in) enabled
[   12.048207] tegra-xudc 3550000.usb: EP 7 (type: bulk, dir: in) enabled
[   12.048218] tegra-xudc 3550000.usb: EP 4 (type: bulk, dir: out) enabled
[   12.048248] tegra-xudc 3550000.usb: EP 15 (type: intr, dir: in) enabled
[   12.048263] tegra-xudc 3550000.usb: EP 11 (type: bulk, dir: in) enabled
[   12.048282] tegra-xudc 3550000.usb: EP 6 (type: bulk, dir: out) enabled
[   12.048330] IPv6: ADDRCONF(NETDEV_CHANGE): usb0: link becomes ready
[   12.056873] tegra-xudc 3550000.usb: EP 13 (type: bulk, dir: in) enabled
[   12.056894] tegra-xudc 3550000.usb: EP 8 (type: bulk, dir: out) enabled
[   12.057005] IPv6: ADDRCONF(NETDEV_CHANGE): usb1: link becomes ready
[   12.058557] tegra-xudc 3550000.usb: ep 13 disabled
[   12.058649] tegra-xudc 3550000.usb: ep 8 disabled
[   12.077942] tegra-xudc 3550000.usb: EP 13 (type: bulk, dir: in) enabled
[   12.077965] tegra-xudc 3550000.usb: EP 8 (type: bulk, dir: out) enabled
[   13.909487] l4tbr0: port 2(usb1) entered blocking state
[   13.909502] l4tbr0: port 2(usb1) entered forwarding state
[   13.909569] l4tbr0: port 1(usb0) entered blocking state
[   13.909574] l4tbr0: port 1(usb0) entered forwarding state
[   13.919527] IPv6: ADDRCONF(NETDEV_CHANGE): l4tbr0: link becomes ready
[   14.117609] nvidia-modeset: Loading NVIDIA UNIX Open Kernel Mode Setting Driver for aarch64  540.5.0  Release Build  (buildbrain@239549d1-8639-491a-b9e7-120e21430986-l1eu-vqrkv)  Thu Jan 15 19:36:45 PST 2026
[   14.124116] [drm] [nvidia-drm] [GPU ID 0x00020000] Loading driver
[   14.413621] NVRM rpcRmApiControl_dce: NVRM_RPC_DCE: Failed RM ctrl call cmd:0x731341 result 0xffff:
[   14.414748] NVRM rpcRmApiControl_dce: NVRM_RPC_DCE: Failed RM ctrl call cmd:0x730282 result 0x1f:
[   14.467282] [drm] Initialized nvidia-drm 0.0.0 20160202 for 13800000.display on minor 1
[   14.548236] Console: switching to colour frame buffer device 240x67
[   14.548258] nv_platform 13800000.display: [drm] fb0: nvidia-drmdrmfb frame buffer device
[   15.868779] ACK 04 d4
[   15.871327] ACK 04 d4
[   15.873689] IPv6: ADDRCONF(NETDEV_CHANGE): wlP1p1s0: link becomes ready
[   17.838878] loop10: detected capacity change from 0 to 8
[   19.515935] audit: type=1326 audit(1776866632.600:2): auid=4294967295 uid=0 gid=0 ses=4294967295 subj=kernel pid=2169 comm="cupsd" exe="/snap/cups/1184/sbin/cupsd" sig=0 arch=c00000b7 syscall=55 compat=0 ip=0xffff87ebce0c code=0x50000
[   19.986631] audit: type=1326 audit(1776866633.072:3): auid=4294967295 uid=0 gid=0 ses=4294967295 subj=kernel pid=2169 comm="cupsd" exe="/snap/cups/1184/sbin/cupsd" sig=0 arch=c00000b7 syscall=55 compat=0 ip=0xffff87ebce0c code=0x50000
[   20.023994] audit: type=1326 audit(1776866633.108:4): auid=4294967295 uid=0 gid=0 ses=4294967295 subj=kernel pid=2181 comm="cups-browsed" exe="/snap/cups/1184/sbin/cups-browsed" sig=0 arch=c00000b7 syscall=274 compat=0 ip=0xffff8bda5b68 code=0x50000
[   20.763740] rfkill: input handler disabled
[  237.002340] nv_ov5647: module verification failed: signature and/or required key missing - tainting kernel
[  237.002994] nv_ov5647: module init register_i2c_driver=1 allow_hw_probe=1 skip_v4l2_register=0 skip_v4l2_unregister=0 split_v4l2_unregister=0 unload_marker_delay_ms=500
[  237.003000] nv_ov5647: diagnostics dump_stream_regs=1
[  237.003001] nv_ov5647: diagnostics continuous_mipi_clock=1
[  237.003254] nv_ov5647 9-0036: ov5647_probe: enter client=ov5647 addr=0x36
[  237.003333] nv_ov5647 9-0036: ov5647_parse_dt: enter
[  237.003353] nv_ov5647 9-0036: ov5647_parse_dt: pdata=00000000b492252f mclk=extperiph1 reset_gpio=-1 pwdn_gpio=397 avdd=vana dvdd=vdig iovdd=vif
[  237.003358] nv_ov5647 9-0036: ov5647_power_get: enter priv=00000000711f4175 s_data=0000000018b0c86d pdata=00000000b492252f
[  237.003383] nv_ov5647 9-0036: supply vana not found, using dummy regulator
[  237.003513] nv_ov5647 9-0036: supply vdig not found, using dummy regulator
[  237.003540] nv_ov5647 9-0036: supply vif not found, using dummy regulator
[  237.003578] nv_ov5647 9-0036: ov5647_power_get: mclk get ok name=extperiph1 current_rate=51000000 def_clk_freq=0
[  237.003609] nv_ov5647 9-0036: ov5647_power_get: exit
[  237.003657] nv_ov5647 9-0036: tegracam sensor driver:nv_ov5647_v2.0.6
[  237.003659] nv_ov5647 9-0036: ov5647_probe: private data linked tc_dev=000000005ac88147 tc_dev->priv=00000000711f4175 s_data=0000000018b0c86d s_data->priv=00000000711f4175
[  237.003680] nv_ov5647 9-0036: ov5647_board_setup: enter
[  237.003681] nv_ov5647 9-0036: ov5647_power_on: enter
[  237.003686] nv_ov5647 9-0036: ov5647_power_on: overriding def_clk_freq 24000000 -> 24000000 Hz
[  237.003689] nv_ov5647 9-0036: ov5647_power_on: enabling mclk def_clk_freq=24000000 current_rate=51000000
[  237.005516] nv_ov5647 9-0036: ov5647_power_on: mclk enabled rate=24000000
[  237.013056] nv_ov5647 9-0036: ov5647_power_on: stream-stop LP-11 setup complete
[  237.013060] nv_ov5647 9-0036: ov5647_dump_stream_regs: begin phase=power_on_lp11
[  237.013251] nv_ov5647 9-0036: ov5647_dump_stream_regs: phase=power_on_lp11 reg=0x0100 name=mode_select val=0x00
[  237.013445] nv_ov5647 9-0036: ov5647_dump_stream_regs: phase=power_on_lp11 reg=0x0103 name=sw_reset val=0x00
[  237.013634] nv_ov5647 9-0036: ov5647_dump_stream_regs: phase=power_on_lp11 reg=0x3000 name=sys_ctrl0 val=0x0f
[  237.013824] nv_ov5647 9-0036: ov5647_dump_stream_regs: phase=power_on_lp11 reg=0x3001 name=sys_ctrl1 val=0xff
[  237.014013] nv_ov5647 9-0036: ov5647_dump_stream_regs: phase=power_on_lp11 reg=0x3002 name=sys_ctrl2 val=0xe4
[  237.014202] nv_ov5647 9-0036: ov5647_dump_stream_regs: phase=power_on_lp11 reg=0x300d name=pad_out val=0x01
[  237.014391] nv_ov5647 9-0036: ov5647_dump_stream_regs: phase=power_on_lp11 reg=0x3016 name=mipi_ctrl16 val=0x00
[  237.014580] nv_ov5647 9-0036: ov5647_dump_stream_regs: phase=power_on_lp11 reg=0x3017 name=mipi_ctrl17 val=0x10
[  237.014769] nv_ov5647 9-0036: ov5647_dump_stream_regs: phase=power_on_lp11 reg=0x3018 name=mipi_ctrl18 val=0x58
[  237.014958] nv_ov5647 9-0036: ov5647_dump_stream_regs: phase=power_on_lp11 reg=0x3034 name=pll_ctrl34 val=0x1a
[  237.015146] nv_ov5647 9-0036: ov5647_dump_stream_regs: phase=power_on_lp11 reg=0x3035 name=pll_ctrl35 val=0x11
[  237.015335] nv_ov5647 9-0036: ov5647_dump_stream_regs: phase=power_on_lp11 reg=0x3036 name=pll_ctrl36 val=0x69
[  237.015524] nv_ov5647 9-0036: ov5647_dump_stream_regs: phase=power_on_lp11 reg=0x303c name=pll_ctrl3c val=0x11
[  237.015712] nv_ov5647 9-0036: ov5647_dump_stream_regs: phase=power_on_lp11 reg=0x3808 name=x_output_size_h val=0x0a
[  237.015900] nv_ov5647 9-0036: ov5647_dump_stream_regs: phase=power_on_lp11 reg=0x3809 name=x_output_size_l val=0x20
[  237.016142] nv_ov5647 9-0036: ov5647_dump_stream_regs: phase=power_on_lp11 reg=0x380a name=y_output_size_h val=0x07
[  237.016335] nv_ov5647 9-0036: ov5647_dump_stream_regs: phase=power_on_lp11 reg=0x380b name=y_output_size_l val=0x98
[  237.016524] nv_ov5647 9-0036: ov5647_dump_stream_regs: phase=power_on_lp11 reg=0x380c name=hts_h val=0x0a
[  237.016713] nv_ov5647 9-0036: ov5647_dump_stream_regs: phase=power_on_lp11 reg=0x380d name=hts_l val=0x8c
[  237.016901] nv_ov5647 9-0036: ov5647_dump_stream_regs: phase=power_on_lp11 reg=0x380e name=vts_h val=0x07
[  237.017090] nv_ov5647 9-0036: ov5647_dump_stream_regs: phase=power_on_lp11 reg=0x380f name=vts_l val=0xb0
[  237.017278] nv_ov5647 9-0036: ov5647_dump_stream_regs: phase=power_on_lp11 reg=0x3820 name=timing_format1 val=0x40
[  237.017466] nv_ov5647 9-0036: ov5647_dump_stream_regs: phase=power_on_lp11 reg=0x3821 name=timing_format2 val=0x00
[  237.017654] nv_ov5647 9-0036: ov5647_dump_stream_regs: phase=power_on_lp11 reg=0x4202 name=frame_off_number val=0x0f
[  237.017843] nv_ov5647 9-0036: ov5647_dump_stream_regs: phase=power_on_lp11 reg=0x4800 name=mipi_ctrl00 val=0x25
[  237.018031] nv_ov5647 9-0036: ov5647_dump_stream_regs: phase=power_on_lp11 reg=0x4814 name=mipi_ctrl14 val=0x2a
[  237.018033] nv_ov5647 9-0036: ov5647_dump_stream_regs: end phase=power_on_lp11
[  237.018034] nv_ov5647 9-0036: ov5647_power_on: exit success
[  237.018408] nv_ov5647 9-0036: ov5647_board_setup: detected chip_id=0x5647
[  237.018410] nv_ov5647 9-0036: ov5647_power_off: enter
[  237.018821] nv_ov5647 9-0036: ov5647_power_off: disabling mclk rate=24000000
[  237.019040] nv_ov5647 9-0036: ov5647_power_off: exit success
[  237.019041] nv_ov5647 9-0036: ov5647_board_setup: exit success
[  237.019101] tegra-camrtc-capture-vi tegra-capture-vi: subdev nv_ov5647 9-0036 bound
[  237.020361] nv_ov5647 9-0036: ov5647_probe: v4l2 registered tc_dev=000000005ac88147 tc_dev->priv=00000000711f4175 s_data=0000000018b0c86d s_data->priv=00000000711f4175 v4l2_registered=1
[  237.020368] nv_ov5647 9-0036: ov5647_probe: exit success
[  237.025378] nv_ov5647: i2c driver registered
[  365.070362] nv_ov5647 9-0036: ov5647_power_on: enter
[  365.070377] nv_ov5647 9-0036: ov5647_power_on: overriding def_clk_freq 24000000 -> 24000000 Hz
[  365.070383] nv_ov5647 9-0036: ov5647_power_on: enabling mclk def_clk_freq=24000000 current_rate=24000000
[  365.071561] nv_ov5647 9-0036: ov5647_power_on: mclk enabled rate=24000000
[  365.079993] nv_ov5647 9-0036: ov5647_power_on: stream-stop LP-11 setup complete
[  365.079999] nv_ov5647 9-0036: ov5647_dump_stream_regs: begin phase=power_on_lp11
[  365.080200] nv_ov5647 9-0036: ov5647_dump_stream_regs: phase=power_on_lp11 reg=0x0100 name=mode_select val=0x00
[  365.080391] nv_ov5647 9-0036: ov5647_dump_stream_regs: phase=power_on_lp11 reg=0x0103 name=sw_reset val=0x00
[  365.080579] nv_ov5647 9-0036: ov5647_dump_stream_regs: phase=power_on_lp11 reg=0x3000 name=sys_ctrl0 val=0x0f
[  365.080767] nv_ov5647 9-0036: ov5647_dump_stream_regs: phase=power_on_lp11 reg=0x3001 name=sys_ctrl1 val=0xff
[  365.080955] nv_ov5647 9-0036: ov5647_dump_stream_regs: phase=power_on_lp11 reg=0x3002 name=sys_ctrl2 val=0xe4
[  365.081142] nv_ov5647 9-0036: ov5647_dump_stream_regs: phase=power_on_lp11 reg=0x300d name=pad_out val=0x01
[  365.081330] nv_ov5647 9-0036: ov5647_dump_stream_regs: phase=power_on_lp11 reg=0x3016 name=mipi_ctrl16 val=0x00
[  365.081517] nv_ov5647 9-0036: ov5647_dump_stream_regs: phase=power_on_lp11 reg=0x3017 name=mipi_ctrl17 val=0x10
[  365.081704] nv_ov5647 9-0036: ov5647_dump_stream_regs: phase=power_on_lp11 reg=0x3018 name=mipi_ctrl18 val=0x58
[  365.081891] nv_ov5647 9-0036: ov5647_dump_stream_regs: phase=power_on_lp11 reg=0x3034 name=pll_ctrl34 val=0x1a
[  365.082168] nv_ov5647 9-0036: ov5647_dump_stream_regs: phase=power_on_lp11 reg=0x3035 name=pll_ctrl35 val=0x11
[  365.082381] nv_ov5647 9-0036: ov5647_dump_stream_regs: phase=power_on_lp11 reg=0x3036 name=pll_ctrl36 val=0x69
[  365.082583] nv_ov5647 9-0036: ov5647_dump_stream_regs: phase=power_on_lp11 reg=0x303c name=pll_ctrl3c val=0x11
[  365.082783] nv_ov5647 9-0036: ov5647_dump_stream_regs: phase=power_on_lp11 reg=0x3808 name=x_output_size_h val=0x0a
[  365.082979] nv_ov5647 9-0036: ov5647_dump_stream_regs: phase=power_on_lp11 reg=0x3809 name=x_output_size_l val=0x20
[  365.083171] nv_ov5647 9-0036: ov5647_dump_stream_regs: phase=power_on_lp11 reg=0x380a name=y_output_size_h val=0x07
[  365.083367] nv_ov5647 9-0036: ov5647_dump_stream_regs: phase=power_on_lp11 reg=0x380b name=y_output_size_l val=0x98
[  365.083562] nv_ov5647 9-0036: ov5647_dump_stream_regs: phase=power_on_lp11 reg=0x380c name=hts_h val=0x0a
[  365.083756] nv_ov5647 9-0036: ov5647_dump_stream_regs: phase=power_on_lp11 reg=0x380d name=hts_l val=0x8c
[  365.083950] nv_ov5647 9-0036: ov5647_dump_stream_regs: phase=power_on_lp11 reg=0x380e name=vts_h val=0x07
[  365.084144] nv_ov5647 9-0036: ov5647_dump_stream_regs: phase=power_on_lp11 reg=0x380f name=vts_l val=0xb0
[  365.084334] nv_ov5647 9-0036: ov5647_dump_stream_regs: phase=power_on_lp11 reg=0x3820 name=timing_format1 val=0x40
[  365.084522] nv_ov5647 9-0036: ov5647_dump_stream_regs: phase=power_on_lp11 reg=0x3821 name=timing_format2 val=0x00
[  365.084709] nv_ov5647 9-0036: ov5647_dump_stream_regs: phase=power_on_lp11 reg=0x4202 name=frame_off_number val=0x0f
[  365.084897] nv_ov5647 9-0036: ov5647_dump_stream_regs: phase=power_on_lp11 reg=0x4800 name=mipi_ctrl00 val=0x25
[  365.085084] nv_ov5647 9-0036: ov5647_dump_stream_regs: phase=power_on_lp11 reg=0x4814 name=mipi_ctrl14 val=0x2a
[  365.085086] nv_ov5647 9-0036: ov5647_dump_stream_regs: end phase=power_on_lp11
[  365.085087] nv_ov5647 9-0036: ov5647_power_on: exit success
[  365.097051] nv_ov5647 9-0036: ov5647_set_mode: applying mode=0 name=640x480-10bpp-30fps 640x480
[  365.109157] nv_ov5647 9-0036: ov5647_set_mode: sensor output-enable restored after mode programming
[  365.109161] nv_ov5647 9-0036: ov5647_dump_stream_regs: begin phase=after_set_mode
[  365.109348] nv_ov5647 9-0036: ov5647_dump_stream_regs: phase=after_set_mode reg=0x0100 name=mode_select val=0x00
[  365.109536] nv_ov5647 9-0036: ov5647_dump_stream_regs: phase=after_set_mode reg=0x0103 name=sw_reset val=0x00
[  365.109723] nv_ov5647 9-0036: ov5647_dump_stream_regs: phase=after_set_mode reg=0x3000 name=sys_ctrl0 val=0x0f
[  365.109910] nv_ov5647 9-0036: ov5647_dump_stream_regs: phase=after_set_mode reg=0x3001 name=sys_ctrl1 val=0xff
[  365.110251] nv_ov5647 9-0036: ov5647_dump_stream_regs: phase=after_set_mode reg=0x3002 name=sys_ctrl2 val=0xe4
[  365.110450] nv_ov5647 9-0036: ov5647_dump_stream_regs: phase=after_set_mode reg=0x300d name=pad_out val=0x00
[  365.110646] nv_ov5647 9-0036: ov5647_dump_stream_regs: phase=after_set_mode reg=0x3016 name=mipi_ctrl16 val=0x08
[  365.110847] nv_ov5647 9-0036: ov5647_dump_stream_regs: phase=after_set_mode reg=0x3017 name=mipi_ctrl17 val=0xe0
[  365.111042] nv_ov5647 9-0036: ov5647_dump_stream_regs: phase=after_set_mode reg=0x3018 name=mipi_ctrl18 val=0x44
[  365.111236] nv_ov5647 9-0036: ov5647_dump_stream_regs: phase=after_set_mode reg=0x3034 name=pll_ctrl34 val=0x1a
[  365.111426] nv_ov5647 9-0036: ov5647_dump_stream_regs: phase=after_set_mode reg=0x3035 name=pll_ctrl35 val=0x21
[  365.111615] nv_ov5647 9-0036: ov5647_dump_stream_regs: phase=after_set_mode reg=0x3036 name=pll_ctrl36 val=0x46
[  365.111804] nv_ov5647 9-0036: ov5647_dump_stream_regs: phase=after_set_mode reg=0x303c name=pll_ctrl3c val=0x11
[  365.111994] nv_ov5647 9-0036: ov5647_dump_stream_regs: phase=after_set_mode reg=0x3808 name=x_output_size_h val=0x02
[  365.112183] nv_ov5647 9-0036: ov5647_dump_stream_regs: phase=after_set_mode reg=0x3809 name=x_output_size_l val=0x80
[  365.112380] nv_ov5647 9-0036: ov5647_dump_stream_regs: phase=after_set_mode reg=0x380a name=y_output_size_h val=0x01
[  365.112568] nv_ov5647 9-0036: ov5647_dump_stream_regs: phase=after_set_mode reg=0x380b name=y_output_size_l val=0xe0
[  365.112755] nv_ov5647 9-0036: ov5647_dump_stream_regs: phase=after_set_mode reg=0x380c name=hts_h val=0x07
[  365.112943] nv_ov5647 9-0036: ov5647_dump_stream_regs: phase=after_set_mode reg=0x380d name=hts_l val=0x3c
[  365.113131] nv_ov5647 9-0036: ov5647_dump_stream_regs: phase=after_set_mode reg=0x380e name=vts_h val=0x01
[  365.113320] nv_ov5647 9-0036: ov5647_dump_stream_regs: phase=after_set_mode reg=0x380f name=vts_l val=0xf8
[  365.113507] nv_ov5647 9-0036: ov5647_dump_stream_regs: phase=after_set_mode reg=0x3820 name=timing_format1 val=0x41
[  365.113694] nv_ov5647 9-0036: ov5647_dump_stream_regs: phase=after_set_mode reg=0x3821 name=timing_format2 val=0x01
[  365.113882] nv_ov5647 9-0036: ov5647_dump_stream_regs: phase=after_set_mode reg=0x4202 name=frame_off_number val=0x00
[  365.114069] nv_ov5647 9-0036: ov5647_dump_stream_regs: phase=after_set_mode reg=0x4800 name=mipi_ctrl00 val=0x34
[  365.114314] nv_ov5647 9-0036: ov5647_dump_stream_regs: phase=after_set_mode reg=0x4814 name=mipi_ctrl14 val=0x2a
[  365.114321] nv_ov5647 9-0036: ov5647_dump_stream_regs: end phase=after_set_mode
[  365.114325] nv_ov5647 9-0036: ov5647_set_mode: mode applied, sensor remains in standby
[  365.114333] nv_ov5647 9-0036: ov5647_start_streaming: enter
[  365.114336] nv_ov5647 9-0036: ov5647_start_streaming: using mode already applied by tegracam set_mode
[  365.114339] nv_ov5647 9-0036: ov5647_start_streaming: mipi_ctrl00 stream value=0x04 continuous_mipi_clock=1
[  365.114789] nv_ov5647 9-0036: ov5647_start_streaming: sensor output-enable restored before stream
[  365.115351] nv_ov5647 9-0036: ov5647_dump_stream_regs: begin phase=after_stream_on
[  365.115541] nv_ov5647 9-0036: ov5647_dump_stream_regs: phase=after_stream_on reg=0x0100 name=mode_select val=0x01
[  365.115731] nv_ov5647 9-0036: ov5647_dump_stream_regs: phase=after_stream_on reg=0x0103 name=sw_reset val=0x00
[  365.115920] nv_ov5647 9-0036: ov5647_dump_stream_regs: phase=after_stream_on reg=0x3000 name=sys_ctrl0 val=0x0f
[  365.116109] nv_ov5647 9-0036: ov5647_dump_stream_regs: phase=after_stream_on reg=0x3001 name=sys_ctrl1 val=0xff
[  365.116299] nv_ov5647 9-0036: ov5647_dump_stream_regs: phase=after_stream_on reg=0x3002 name=sys_ctrl2 val=0xe4
[  365.116488] nv_ov5647 9-0036: ov5647_dump_stream_regs: phase=after_stream_on reg=0x300d name=pad_out val=0x00
[  365.116676] nv_ov5647 9-0036: ov5647_dump_stream_regs: phase=after_stream_on reg=0x3016 name=mipi_ctrl16 val=0x08
[  365.116864] nv_ov5647 9-0036: ov5647_dump_stream_regs: phase=after_stream_on reg=0x3017 name=mipi_ctrl17 val=0xe0
[  365.117052] nv_ov5647 9-0036: ov5647_dump_stream_regs: phase=after_stream_on reg=0x3018 name=mipi_ctrl18 val=0x44
[  365.117241] nv_ov5647 9-0036: ov5647_dump_stream_regs: phase=after_stream_on reg=0x3034 name=pll_ctrl34 val=0x1a
[  365.117430] nv_ov5647 9-0036: ov5647_dump_stream_regs: phase=after_stream_on reg=0x3035 name=pll_ctrl35 val=0x21
[  365.117618] nv_ov5647 9-0036: ov5647_dump_stream_regs: phase=after_stream_on reg=0x3036 name=pll_ctrl36 val=0x46
[  365.117806] nv_ov5647 9-0036: ov5647_dump_stream_regs: phase=after_stream_on reg=0x303c name=pll_ctrl3c val=0x11
[  365.117994] nv_ov5647 9-0036: ov5647_dump_stream_regs: phase=after_stream_on reg=0x3808 name=x_output_size_h val=0x02
[  365.118259] nv_ov5647 9-0036: ov5647_dump_stream_regs: phase=after_stream_on reg=0x3809 name=x_output_size_l val=0x80
[  365.118460] nv_ov5647 9-0036: ov5647_dump_stream_regs: phase=after_stream_on reg=0x380a name=y_output_size_h val=0x01
[  365.118651] nv_ov5647 9-0036: ov5647_dump_stream_regs: phase=after_stream_on reg=0x380b name=y_output_size_l val=0xe0
[  365.118840] nv_ov5647 9-0036: ov5647_dump_stream_regs: phase=after_stream_on reg=0x380c name=hts_h val=0x07
[  365.119029] nv_ov5647 9-0036: ov5647_dump_stream_regs: phase=after_stream_on reg=0x380d name=hts_l val=0x3c
[  365.119217] nv_ov5647 9-0036: ov5647_dump_stream_regs: phase=after_stream_on reg=0x380e name=vts_h val=0x01
[  365.119407] nv_ov5647 9-0036: ov5647_dump_stream_regs: phase=after_stream_on reg=0x380f name=vts_l val=0xf8
[  365.119595] nv_ov5647 9-0036: ov5647_dump_stream_regs: phase=after_stream_on reg=0x3820 name=timing_format1 val=0x41
[  365.119783] nv_ov5647 9-0036: ov5647_dump_stream_regs: phase=after_stream_on reg=0x3821 name=timing_format2 val=0x01
[  365.119971] nv_ov5647 9-0036: ov5647_dump_stream_regs: phase=after_stream_on reg=0x4202 name=frame_off_number val=0x00
[  365.120160] nv_ov5647 9-0036: ov5647_dump_stream_regs: phase=after_stream_on reg=0x4800 name=mipi_ctrl00 val=0x04
[  365.120347] nv_ov5647 9-0036: ov5647_dump_stream_regs: phase=after_stream_on reg=0x4814 name=mipi_ctrl14 val=0x2a
[  365.120349] nv_ov5647 9-0036: ov5647_dump_stream_regs: end phase=after_stream_on
[  365.120351] nv_ov5647 9-0036: ov5647_start_streaming: exit success
[  367.834322] tegra-camrtc-capture-vi tegra-capture-vi: uncorr_err: request timed out after 2500 ms
[  370.394229] tegra-camrtc-capture-vi tegra-capture-vi: uncorr_err: request timed out after 2500 ms
[  372.954148] tegra-camrtc-capture-vi tegra-capture-vi: uncorr_err: request timed out after 2500 ms
[  375.513927] tegra-camrtc-capture-vi tegra-capture-vi: uncorr_err: request timed out after 2500 ms
[  395.057691] nv_ov5647 9-0036: ov5647_stop_streaming: enter
[  395.058278] nv_ov5647 9-0036: ov5647_stop_streaming: exit success
[  395.060369] nv_ov5647 9-0036: ov5647_power_off: enter
[  395.060843] nv_ov5647 9-0036: ov5647_power_off: disabling mclk rate=24000000
[  395.061063] nv_ov5647 9-0036: ov5647_power_off: exit success
