diff --git a/artifacts/captures/20260423T105442Z/ov5647-640x480-bg10.raw b/artifacts/captures/20260423T105442Z/ov5647-640x480-bg10.raw
new file mode 100644
index 0000000..e69de29
diff --git a/artifacts/traces/20260423T105442Z/after-set_event.log b/artifacts/traces/20260423T105442Z/after-set_event.log
new file mode 100644
index 0000000..e3913c6
--- /dev/null
+++ b/artifacts/traces/20260423T105442Z/after-set_event.log
@@ -0,0 +1,22 @@
+camera_common:tegra_channel_notify_status_callback
+camera_common:tegra_channel_set_stream
+camera_common:csi_s_stream
+camera_common:tegra_channel_set_power
+camera_common:camera_common_s_power
+camera_common:csi_s_power
+camera_common:tegra_channel_capture_setup
+camera_common:tegra_channel_capture_frame
+camera_common:tegra_channel_capture_done
+camera_common:vi_task_submit
+tegra_rtcpu:rtcpu_vinotify_event_ts64
+tegra_rtcpu:rtcpu_vinotify_event
+tegra_rtcpu:rtcpu_vinotify_error
+tegra_rtcpu:vi_frame_begin
+tegra_rtcpu:vi_frame_end
+tegra_rtcpu:rtcpu_nvcsi_intr
+tegra_capture:capture_ivc_recv
+tegra_capture:capture_ivc_send
+tegra_capture:capture_event_sof
+tegra_capture:capture_event_eof
+tegra_capture:capture_event_error
+tegra_capture:capture_event_wdt
diff --git a/artifacts/traces/20260423T105442Z/after-trace.log b/artifacts/traces/20260423T105442Z/after-trace.log
new file mode 100644
index 0000000..47af608
--- /dev/null
+++ b/artifacts/traces/20260423T105442Z/after-trace.log
@@ -0,0 +1,50 @@
+# tracer: nop
+#
+# entries-in-buffer/entries-written: 36/36   #P:4
+#
+#                                _-------=> irqs-off
+#                               / _------=> need-resched
+#                              | / _-----=> need-resched-lazy
+#                              || / _----=> hardirq/softirq
+#                              ||| / _---=> preempt-depth
+#                              |||| / _--=> preempt-lazy-depth
+#                              ||||| / _-=> migrate-disable
+#                              |||||| /     delay
+#           TASK-PID     CPU#  |||||||  TIMESTAMP  FUNCTION
+#              | |         |   |||||||      |         |
+        v4l2-ctl-4339    [003] .......   253.195117: tegra_channel_set_power: nv_ov5647 9-0036 : 0x1
+        v4l2-ctl-4339    [003] .......   253.195125: camera_common_s_power: status : 0x1
+        v4l2-ctl-4339    [002] .......   253.209404: tegra_channel_set_power: 13e00000.host1x:nvcsi@15a00000- : 0x1
+        v4l2-ctl-4339    [002] .......   253.209409: csi_s_power: enable : 0x1
+        v4l2-ctl-4339    [002] .......   253.209943: tegra_channel_capture_setup: vnc_id 0 W 640 H 480 fmt c4
+        v4l2-ctl-4339    [003] .......   253.216187: capture_ivc_send: ivc:"bc00000.rtcpu:i" msg:0x1e ch:0x58
+ capture-control-449     [000] .......   253.216597: capture_ivc_recv: ivc:"bc00000.rtcpu:i" msg:0x11 ch:0x58
+ vi-output, nv_o-4340    [001] .......   253.216703: vi_task_submit: class_id:48 ch:0 syncpt_id:37 syncpt_thresh:0 pid:4340 tid:4340
+ vi-output, nv_o-4340    [001] .......   253.216712: capture_ivc_send: ivc:"bc00000.rtcpu:i" msg:0x01 ch:0x00
+ vi-output, nv_o-4340    [001] .......   253.216716: vi_task_submit: class_id:48 ch:0 syncpt_id:37 syncpt_thresh:0 pid:4340 tid:4340
+ vi-output, nv_o-4340    [001] .......   253.216717: capture_ivc_send: ivc:"bc00000.rtcpu:i" msg:0x01 ch:0x00
+ vi-output, nv_o-4340    [001] .......   253.216719: vi_task_submit: class_id:48 ch:0 syncpt_id:37 syncpt_thresh:0 pid:4340 tid:4340
+ vi-output, nv_o-4340    [001] .......   253.216719: capture_ivc_send: ivc:"bc00000.rtcpu:i" msg:0x01 ch:0x00
+ vi-output, nv_o-4340    [001] .......   253.216721: vi_task_submit: class_id:48 ch:0 syncpt_id:37 syncpt_thresh:0 pid:4340 tid:4340
+ vi-output, nv_o-4340    [001] .......   253.216722: capture_ivc_send: ivc:"bc00000.rtcpu:i" msg:0x01 ch:0x00
+        v4l2-ctl-4339    [003] .......   253.216750: tegra_channel_set_stream: enable : 0x1
+        v4l2-ctl-4339    [003] .......   253.219560: tegra_channel_set_stream: 13e00000.host1x:nvcsi@15a00000- : 0x1
+        v4l2-ctl-4339    [003] .......   253.219562: csi_s_stream: enable : 0x1
+        v4l2-ctl-4339    [003] .......   253.219570: capture_ivc_send: ivc:"bc00000.rtcpu:i" msg:0x40 ch:0x00
+ capture-control-449     [000] .......   253.219604: capture_ivc_recv: ivc:"bc00000.rtcpu:i" msg:0x41 ch:0x00
+        v4l2-ctl-4339    [003] .......   253.219614: capture_ivc_send: ivc:"bc00000.rtcpu:i" msg:0x36 ch:0x00
+ capture-control-449     [000] .......   253.219906: capture_ivc_recv: ivc:"bc00000.rtcpu:i" msg:0x37 ch:0x00
+        v4l2-ctl-4339    [003] .......   253.219910: tegra_channel_set_stream: nv_ov5647 9-0036 : 0x1
+        v4l2-ctl-4339    [001] .......   283.183901: tegra_channel_set_stream: enable : 0x0
+        v4l2-ctl-4339    [001] .......   283.183904: tegra_channel_set_stream: nv_ov5647 9-0036 : 0x0
+        v4l2-ctl-4339    [002] .......   283.184766: tegra_channel_set_stream: 13e00000.host1x:nvcsi@15a00000- : 0x0
+        v4l2-ctl-4339    [002] .......   283.184770: csi_s_stream: enable : 0x0
+        v4l2-ctl-4339    [002] .......   283.184792: capture_ivc_send: ivc:"bc00000.rtcpu:i" msg:0x38 ch:0x00
+ capture-control-449     [000] .......   283.184881: capture_ivc_recv: ivc:"bc00000.rtcpu:i" msg:0x39 ch:0x00
+        v4l2-ctl-4339    [002] .......   283.186289: capture_ivc_send: ivc:"bc00000.rtcpu:i" msg:0x14 ch:0x00
+ capture-control-449     [000] .......   283.186630: capture_ivc_recv: ivc:"bc00000.rtcpu:i" msg:0x15 ch:0x00
+        v4l2-ctl-4339    [002] .......   283.186715: tegra_channel_set_power: nv_ov5647 9-0036 : 0x0
+        v4l2-ctl-4339    [002] .......   283.186723: camera_common_s_power: status : 0x0
+        v4l2-ctl-4339    [002] .......   283.187412: tegra_channel_set_power: 13e00000.host1x:nvcsi@15a00000- : 0x0
+        v4l2-ctl-4339    [002] .......   283.187415: csi_s_power: enable : 0x0
+            bash-4297    [001] .......   283.188675: tracing_mark_write: ov5647_rtcpu_trace_capture_end 20260423T105442Z rc=124
diff --git a/artifacts/traces/20260423T105442Z/after-trace_clock.log b/artifacts/traces/20260423T105442Z/after-trace_clock.log
new file mode 100644
index 0000000..6c71398
--- /dev/null
+++ b/artifacts/traces/20260423T105442Z/after-trace_clock.log
@@ -0,0 +1 @@
+local global counter uptime perf [mono] mono_raw boot
diff --git a/artifacts/traces/20260423T105442Z/after-tracing_on.log b/artifacts/traces/20260423T105442Z/after-tracing_on.log
new file mode 100644
index 0000000..573541a
--- /dev/null
+++ b/artifacts/traces/20260423T105442Z/after-tracing_on.log
@@ -0,0 +1 @@
+0
diff --git a/artifacts/traces/20260423T105442Z/before-set_event.log b/artifacts/traces/20260423T105442Z/before-set_event.log
new file mode 100644
index 0000000..e3913c6
--- /dev/null
+++ b/artifacts/traces/20260423T105442Z/before-set_event.log
@@ -0,0 +1,22 @@
+camera_common:tegra_channel_notify_status_callback
+camera_common:tegra_channel_set_stream
+camera_common:csi_s_stream
+camera_common:tegra_channel_set_power
+camera_common:camera_common_s_power
+camera_common:csi_s_power
+camera_common:tegra_channel_capture_setup
+camera_common:tegra_channel_capture_frame
+camera_common:tegra_channel_capture_done
+camera_common:vi_task_submit
+tegra_rtcpu:rtcpu_vinotify_event_ts64
+tegra_rtcpu:rtcpu_vinotify_event
+tegra_rtcpu:rtcpu_vinotify_error
+tegra_rtcpu:vi_frame_begin
+tegra_rtcpu:vi_frame_end
+tegra_rtcpu:rtcpu_nvcsi_intr
+tegra_capture:capture_ivc_recv
+tegra_capture:capture_ivc_send
+tegra_capture:capture_event_sof
+tegra_capture:capture_event_eof
+tegra_capture:capture_event_error
+tegra_capture:capture_event_wdt
diff --git a/artifacts/traces/20260423T105442Z/before-trace.log b/artifacts/traces/20260423T105442Z/before-trace.log
new file mode 100644
index 0000000..ae1e569
--- /dev/null
+++ b/artifacts/traces/20260423T105442Z/before-trace.log
@@ -0,0 +1,14 @@
+# tracer: nop
+#
+# entries-in-buffer/entries-written: 0/0   #P:4
+#
+#                                _-------=> irqs-off
+#                               / _------=> need-resched
+#                              | / _-----=> need-resched-lazy
+#                              || / _----=> hardirq/softirq
+#                              ||| / _---=> preempt-depth
+#                              |||| / _--=> preempt-lazy-depth
+#                              ||||| / _-=> migrate-disable
+#                              |||||| /     delay
+#           TASK-PID     CPU#  |||||||  TIMESTAMP  FUNCTION
+#              | |         |   |||||||      |         |
diff --git a/artifacts/traces/20260423T105442Z/before-trace_clock.log b/artifacts/traces/20260423T105442Z/before-trace_clock.log
new file mode 100644
index 0000000..6c71398
--- /dev/null
+++ b/artifacts/traces/20260423T105442Z/before-trace_clock.log
@@ -0,0 +1 @@
+local global counter uptime perf [mono] mono_raw boot
diff --git a/artifacts/traces/20260423T105442Z/before-tracing_on.log b/artifacts/traces/20260423T105442Z/before-tracing_on.log
new file mode 100644
index 0000000..573541a
--- /dev/null
+++ b/artifacts/traces/20260423T105442Z/before-tracing_on.log
@@ -0,0 +1 @@
+0
diff --git a/artifacts/traces/20260423T105442Z/enabled-events.log b/artifacts/traces/20260423T105442Z/enabled-events.log
new file mode 100644
index 0000000..c7de3ac
--- /dev/null
+++ b/artifacts/traces/20260423T105442Z/enabled-events.log
@@ -0,0 +1,22 @@
+camera_common/camera_common_s_power
+camera_common/csi_s_power
+camera_common/csi_s_stream
+camera_common/tegra_channel_capture_done
+camera_common/tegra_channel_capture_frame
+camera_common/tegra_channel_capture_setup
+camera_common/tegra_channel_notify_status_callback
+camera_common/tegra_channel_set_power
+camera_common/tegra_channel_set_stream
+camera_common/vi_task_submit
+tegra_capture/capture_event_eof
+tegra_capture/capture_event_error
+tegra_capture/capture_event_sof
+tegra_capture/capture_event_wdt
+tegra_capture/capture_ivc_recv
+tegra_capture/capture_ivc_send
+tegra_rtcpu/rtcpu_nvcsi_intr
+tegra_rtcpu/rtcpu_vinotify_error
+tegra_rtcpu/rtcpu_vinotify_event
+tegra_rtcpu/rtcpu_vinotify_event_ts64
+tegra_rtcpu/vi_frame_begin
+tegra_rtcpu/vi_frame_end
diff --git a/artifacts/traces/20260423T105442Z/final-set_event.log b/artifacts/traces/20260423T105442Z/final-set_event.log
new file mode 100644
index 0000000..e3913c6
--- /dev/null
+++ b/artifacts/traces/20260423T105442Z/final-set_event.log
@@ -0,0 +1,22 @@
+camera_common:tegra_channel_notify_status_callback
+camera_common:tegra_channel_set_stream
+camera_common:csi_s_stream
+camera_common:tegra_channel_set_power
+camera_common:camera_common_s_power
+camera_common:csi_s_power
+camera_common:tegra_channel_capture_setup
+camera_common:tegra_channel_capture_frame
+camera_common:tegra_channel_capture_done
+camera_common:vi_task_submit
+tegra_rtcpu:rtcpu_vinotify_event_ts64
+tegra_rtcpu:rtcpu_vinotify_event
+tegra_rtcpu:rtcpu_vinotify_error
+tegra_rtcpu:vi_frame_begin
+tegra_rtcpu:vi_frame_end
+tegra_rtcpu:rtcpu_nvcsi_intr
+tegra_capture:capture_ivc_recv
+tegra_capture:capture_ivc_send
+tegra_capture:capture_event_sof
+tegra_capture:capture_event_eof
+tegra_capture:capture_event_error
+tegra_capture:capture_event_wdt
diff --git a/artifacts/traces/20260423T105442Z/final-trace.log b/artifacts/traces/20260423T105442Z/final-trace.log
new file mode 100644
index 0000000..47af608
--- /dev/null
+++ b/artifacts/traces/20260423T105442Z/final-trace.log
@@ -0,0 +1,50 @@
+# tracer: nop
+#
+# entries-in-buffer/entries-written: 36/36   #P:4
+#
+#                                _-------=> irqs-off
+#                               / _------=> need-resched
+#                              | / _-----=> need-resched-lazy
+#                              || / _----=> hardirq/softirq
+#                              ||| / _---=> preempt-depth
+#                              |||| / _--=> preempt-lazy-depth
+#                              ||||| / _-=> migrate-disable
+#                              |||||| /     delay
+#           TASK-PID     CPU#  |||||||  TIMESTAMP  FUNCTION
+#              | |         |   |||||||      |         |
+        v4l2-ctl-4339    [003] .......   253.195117: tegra_channel_set_power: nv_ov5647 9-0036 : 0x1
+        v4l2-ctl-4339    [003] .......   253.195125: camera_common_s_power: status : 0x1
+        v4l2-ctl-4339    [002] .......   253.209404: tegra_channel_set_power: 13e00000.host1x:nvcsi@15a00000- : 0x1
+        v4l2-ctl-4339    [002] .......   253.209409: csi_s_power: enable : 0x1
+        v4l2-ctl-4339    [002] .......   253.209943: tegra_channel_capture_setup: vnc_id 0 W 640 H 480 fmt c4
+        v4l2-ctl-4339    [003] .......   253.216187: capture_ivc_send: ivc:"bc00000.rtcpu:i" msg:0x1e ch:0x58
+ capture-control-449     [000] .......   253.216597: capture_ivc_recv: ivc:"bc00000.rtcpu:i" msg:0x11 ch:0x58
+ vi-output, nv_o-4340    [001] .......   253.216703: vi_task_submit: class_id:48 ch:0 syncpt_id:37 syncpt_thresh:0 pid:4340 tid:4340
+ vi-output, nv_o-4340    [001] .......   253.216712: capture_ivc_send: ivc:"bc00000.rtcpu:i" msg:0x01 ch:0x00
+ vi-output, nv_o-4340    [001] .......   253.216716: vi_task_submit: class_id:48 ch:0 syncpt_id:37 syncpt_thresh:0 pid:4340 tid:4340
+ vi-output, nv_o-4340    [001] .......   253.216717: capture_ivc_send: ivc:"bc00000.rtcpu:i" msg:0x01 ch:0x00
+ vi-output, nv_o-4340    [001] .......   253.216719: vi_task_submit: class_id:48 ch:0 syncpt_id:37 syncpt_thresh:0 pid:4340 tid:4340
+ vi-output, nv_o-4340    [001] .......   253.216719: capture_ivc_send: ivc:"bc00000.rtcpu:i" msg:0x01 ch:0x00
+ vi-output, nv_o-4340    [001] .......   253.216721: vi_task_submit: class_id:48 ch:0 syncpt_id:37 syncpt_thresh:0 pid:4340 tid:4340
+ vi-output, nv_o-4340    [001] .......   253.216722: capture_ivc_send: ivc:"bc00000.rtcpu:i" msg:0x01 ch:0x00
+        v4l2-ctl-4339    [003] .......   253.216750: tegra_channel_set_stream: enable : 0x1
+        v4l2-ctl-4339    [003] .......   253.219560: tegra_channel_set_stream: 13e00000.host1x:nvcsi@15a00000- : 0x1
+        v4l2-ctl-4339    [003] .......   253.219562: csi_s_stream: enable : 0x1
+        v4l2-ctl-4339    [003] .......   253.219570: capture_ivc_send: ivc:"bc00000.rtcpu:i" msg:0x40 ch:0x00
+ capture-control-449     [000] .......   253.219604: capture_ivc_recv: ivc:"bc00000.rtcpu:i" msg:0x41 ch:0x00
+        v4l2-ctl-4339    [003] .......   253.219614: capture_ivc_send: ivc:"bc00000.rtcpu:i" msg:0x36 ch:0x00
+ capture-control-449     [000] .......   253.219906: capture_ivc_recv: ivc:"bc00000.rtcpu:i" msg:0x37 ch:0x00
+        v4l2-ctl-4339    [003] .......   253.219910: tegra_channel_set_stream: nv_ov5647 9-0036 : 0x1
+        v4l2-ctl-4339    [001] .......   283.183901: tegra_channel_set_stream: enable : 0x0
+        v4l2-ctl-4339    [001] .......   283.183904: tegra_channel_set_stream: nv_ov5647 9-0036 : 0x0
+        v4l2-ctl-4339    [002] .......   283.184766: tegra_channel_set_stream: 13e00000.host1x:nvcsi@15a00000- : 0x0
+        v4l2-ctl-4339    [002] .......   283.184770: csi_s_stream: enable : 0x0
+        v4l2-ctl-4339    [002] .......   283.184792: capture_ivc_send: ivc:"bc00000.rtcpu:i" msg:0x38 ch:0x00
+ capture-control-449     [000] .......   283.184881: capture_ivc_recv: ivc:"bc00000.rtcpu:i" msg:0x39 ch:0x00
+        v4l2-ctl-4339    [002] .......   283.186289: capture_ivc_send: ivc:"bc00000.rtcpu:i" msg:0x14 ch:0x00
+ capture-control-449     [000] .......   283.186630: capture_ivc_recv: ivc:"bc00000.rtcpu:i" msg:0x15 ch:0x00
+        v4l2-ctl-4339    [002] .......   283.186715: tegra_channel_set_power: nv_ov5647 9-0036 : 0x0
+        v4l2-ctl-4339    [002] .......   283.186723: camera_common_s_power: status : 0x0
+        v4l2-ctl-4339    [002] .......   283.187412: tegra_channel_set_power: 13e00000.host1x:nvcsi@15a00000- : 0x0
+        v4l2-ctl-4339    [002] .......   283.187415: csi_s_power: enable : 0x0
+            bash-4297    [001] .......   283.188675: tracing_mark_write: ov5647_rtcpu_trace_capture_end 20260423T105442Z rc=124
diff --git a/artifacts/traces/20260423T105442Z/final-trace_clock.log b/artifacts/traces/20260423T105442Z/final-trace_clock.log
new file mode 100644
index 0000000..6c71398
--- /dev/null
+++ b/artifacts/traces/20260423T105442Z/final-trace_clock.log
@@ -0,0 +1 @@
+local global counter uptime perf [mono] mono_raw boot
diff --git a/artifacts/traces/20260423T105442Z/final-tracing_on.log b/artifacts/traces/20260423T105442Z/final-tracing_on.log
new file mode 100644
index 0000000..573541a
--- /dev/null
+++ b/artifacts/traces/20260423T105442Z/final-tracing_on.log
@@ -0,0 +1 @@
+0
diff --git a/artifacts/traces/20260423T105442Z/last_event b/artifacts/traces/20260423T105442Z/last_event
new file mode 100644
index 0000000..18d024d
--- /dev/null
+++ b/artifacts/traces/20260423T105442Z/last_event
@@ -0,0 +1,4 @@
+Len: 16
+ID: 0x03010000
+Timestamp: 1685555971
+Start.
diff --git a/artifacts/traces/20260423T105442Z/last_exception b/artifacts/traces/20260423T105442Z/last_exception
new file mode 100644
index 0000000..e69de29
diff --git a/artifacts/traces/20260423T105442Z/missing-events.log b/artifacts/traces/20260423T105442Z/missing-events.log
new file mode 100644
index 0000000..e69de29
diff --git a/artifacts/traces/20260423T105442Z/pre-capture-state.log b/artifacts/traces/20260423T105442Z/pre-capture-state.log
new file mode 100644
index 0000000..b5b931c
--- /dev/null
+++ b/artifacts/traces/20260423T105442Z/pre-capture-state.log
@@ -0,0 +1,142 @@
+# cmdline
+root=PARTUUID=03f3e885-a6e9-47ba-b7e1-ccc5bf71a344 rw rootwait rootfstype=ext4 mminit_loglevel=4 console=ttyTCU0,115200 firmware_class.path=/etc/firmware fbcon=map:0 video=efifb:off console=tty0 efi=runtime pci=pcie_bus_perf nvme.use_threaded_interrupts=1 boot_profile=ov5647-dev bl_prof_dataptr=2031616@0x471E10000 bl_prof_ro_ptr=65536@0x471E00000 
+
+# module state
+nv_ov5647              36864  0
+tegra_camera          221184  4 nvhost_isp5,nvhost_nvcsi_t194,nv_ov5647,nvhost_vi5
+v4l2_async             20480  3 v4l2_fwnode,nv_ov5647,tegra_camera
+videodev              249856  5 v4l2_async,videobuf2_v4l2,nv_ov5647,tegra_camera,videobuf2_common
+
+# module params
+/sys/module/nv_ov5647/parameters/allow_hw_probe=Y
+/sys/module/nv_ov5647/parameters/continuous_mipi_clock=N
+/sys/module/nv_ov5647/parameters/dump_stream_regs=Y
+/sys/module/nv_ov5647/parameters/mclk_override_hz=24000000
+/sys/module/nv_ov5647/parameters/ov5647_test_pattern=1
+/sys/module/nv_ov5647/parameters/register_i2c_driver=Y
+/sys/module/nv_ov5647/parameters/skip_v4l2_register=N
+/sys/module/nv_ov5647/parameters/skip_v4l2_unregister=N
+/sys/module/nv_ov5647/parameters/split_v4l2_unregister=N
+/sys/module/nv_ov5647/parameters/unload_marker_delay_ms=500
+
+# video nodes
+crw-rw----+ 1 root video 500, 0 авг 26  2025 /dev/media0
+crw-rw----+ 1 root video  81, 1 апр 23 13:54 /dev/v4l-subdev0
+crw-rw----+ 1 root video  81, 2 апр 23 13:54 /dev/v4l-subdev1
+crw-rw----+ 1 root video  81, 0 апр 23 13:54 /dev/video0
+
+# v4l2
+Driver Info:
+	Driver name      : tegra-video
+	Card type        : vi-output, nv_ov5647 9-0036
+	Bus info         : platform:tegra-capture-vi:1
+	Driver version   : 5.15.185
+	Capabilities     : 0x84200001
+		Video Capture
+		Streaming
+		Extended Pix Format
+		Device Capabilities
+	Device Caps      : 0x04200001
+		Video Capture
+		Streaming
+		Extended Pix Format
+Media Driver Info:
+	Driver name      : tegra-camrtc-ca
+	Model            : NVIDIA Tegra Video Input Device
+	Serial           : 
+	Bus info         : 
+	Media version    : 5.15.185
+	Hardware revision: 0x00000003 (3)
+	Driver version   : 5.15.185
+Interface Info:
+	ID               : 0x03000008
+	Type             : V4L Video
+Entity Info:
+	ID               : 0x00000006 (6)
+	Name             : vi-output, nv_ov5647 9-0036
+	Function         : V4L2 I/O
+	Pad 0x01000007   : 0: Sink
+	  Link 0x0200000c: from remote pad 0x1000003 of entity '13e00000.host1x:nvcsi@15a00000-' (Unknown sub-device (0002000a)): Data, Enabled
+Priority: 2
+Video input : 0 (Camera 1: ok)
+Format Video Capture:
+	Width/Height      : 640/480
+	Pixel Format      : 'BG10' (10-bit Bayer BGBG/GRGR)
+	Field             : None
+	Bytes per Line    : 1280
+	Size Image        : 614400
+	Colorspace        : sRGB
+	Transfer Function : Default (maps to sRGB)
+	YCbCr/HSV Encoding: Default (maps to ITU-R 601)
+	Quantization      : Default (maps to Full Range)
+	Flags             : 
+Streaming Parameters Video Capture:
+	Capabilities     : timeperframe
+	Frames per second: 30.000 (30/1)
+	Read buffers     : 0
+
+Camera Controls
+
+                     group_hold 0x009a2003 (bool)   : default=0 value=0 flags=execute-on-write
+                    sensor_mode 0x009a2008 (int64)  : min=0 max=1 step=1 default=0 value=0 flags=slider
+                           gain 0x009a2009 (int64)  : min=16 max=1024 step=1 default=32 value=16 flags=slider
+                       exposure 0x009a200a (int64)  : min=13 max=16001 step=1 default=1000 value=13 flags=slider
+                     frame_rate 0x009a200b (int64)  : min=5000000 max=60000000 step=1 default=60000000 value=5000000 flags=slider
+           sensor_configuration 0x009a2032 (u32)    : min=0 max=4294967295 step=1 default=0 dims=[22] flags=read-only, volatile, has-payload
+         sensor_mode_i2c_packet 0x009a2033 (u32)    : min=0 max=4294967295 step=1 default=0 dims=[1026] flags=read-only, volatile, has-payload
+      sensor_control_i2c_packet 0x009a2034 (u32)    : min=0 max=4294967295 step=1 default=0 dims=[1026] flags=read-only, volatile, has-payload
+                    bypass_mode 0x009a2064 (intmenu): min=0 max=1 default=0 value=0 (0 0x0)
+				0: 0 (0x0)
+				1: 1 (0x1)
+                override_enable 0x009a2065 (intmenu): min=0 max=1 default=0 value=0 (0 0x0)
+				0: 0 (0x0)
+				1: 1 (0x1)
+                   height_align 0x009a2066 (int)    : min=1 max=16 step=1 default=1 value=1
+                     size_align 0x009a2067 (intmenu): min=0 max=2 default=0 value=0 (1 0x1)
+				0: 1 (0x1)
+				1: 65536 (0x10000)
+				2: 131072 (0x20000)
+               write_isp_format 0x009a2068 (int)    : min=1 max=1 step=1 default=1 value=1
+       sensor_signal_properties 0x009a2069 (u32)    : min=0 max=4294967295 step=1 default=0 dims=[30][18] flags=read-only, has-payload
+        sensor_image_properties 0x009a206a (u32)    : min=0 max=4294967295 step=1 default=0 dims=[30][16] flags=read-only, has-payload
+      sensor_control_properties 0x009a206b (u32)    : min=0 max=4294967295 step=1 default=0 dims=[30][36] flags=read-only, has-payload
+              sensor_dv_timings 0x009a206c (u32)    : min=0 max=4294967295 step=1 default=0 dims=[30][16] flags=read-only, has-payload
+               low_latency_mode 0x009a206d (bool)   : default=0 value=0
+               preferred_stride 0x009a206e (int)    : min=0 max=65535 step=1 default=0 value=0
+    override_capture_timeout_ms 0x009a206f (int)    : min=-1 max=2147483647 step=1 default=2500 value=2500
+                   sensor_modes 0x009a2082 (int)    : min=0 max=30 step=1 default=30 value=1 flags=read-only
+
+# media
+Media controller API version 5.15.185
+
+Media device information
+------------------------
+driver          tegra-camrtc-ca
+model           NVIDIA Tegra Video Input Device
+serial          
+bus info        
+hw revision     0x3
+driver version  5.15.185
+
+Device topology
+- entity 1: 13e00000.host1x:nvcsi@15a00000- (2 pads, 2 links)
+            type V4L2 subdev subtype Unknown flags 0
+            device node name /dev/v4l-subdev0
+	pad0: Sink
+		<- "nv_ov5647 9-0036":0 [ENABLED]
+	pad1: Source
+		-> "vi-output, nv_ov5647 9-0036":0 [ENABLED]
+
+- entity 4: nv_ov5647 9-0036 (1 pad, 1 link)
+            type V4L2 subdev subtype Sensor flags 0
+            device node name /dev/v4l-subdev1
+	pad0: Source
+		[fmt:SBGGR10_1X10/640x480@1/30 field:none colorspace:srgb]
+		-> "13e00000.host1x:nvcsi@15a00000-":0 [ENABLED]
+
+- entity 6: vi-output, nv_ov5647 9-0036 (1 pad, 1 link)
+            type Node subtype V4L flags 0
+            device node name /dev/video0
+	pad0: Sink
+		<- "13e00000.host1x:nvcsi@15a00000-":1 [ENABLED]
+
diff --git a/artifacts/traces/20260423T105442Z/stats b/artifacts/traces/20260423T105442Z/stats
new file mode 100644
index 0000000..ef727e0
--- /dev/null
+++ b/artifacts/traces/20260423T105442Z/stats
@@ -0,0 +1,2 @@
+Exceptions: 0
+Events: 3
diff --git a/docs/10-results-and-status.md b/docs/10-results-and-status.md
index 7ed160b..5c96989 100644
--- a/docs/10-results-and-status.md
+++ b/docs/10-results-and-status.md
@@ -759,3 +759,27 @@ Updated next smallest safe step:
 - reboot once to guarantee the old loaded module is gone;
 - manually load the corrected module with `full-delay-dump-mclk24-testpat`;
 - run one traced capture and inspect `0x503d` plus RTCPU/NVCSI events.
+
+Corrected upstream test-pattern runtime result on 2026-04-23:
+
+- user loaded the corrected module:
+  - `srcversion=A0015C1CFA665DFD8D8A041`
+  - `ov5647_test_pattern=1`
+- diagnostic readback now confirms built-in color bars were actually enabled:
+  - `phase=after_set_mode reg=0x503d val=0x80`
+  - `phase=after_stream_on reg=0x503d val=0x80`
+- sensor stream state remained internally consistent:
+  - `0x0100 = 0x01`
+  - `0x3000 = 0x0f`, `0x3001 = 0xff`, `0x3002 = 0xe4`
+  - `0x4800 = 0x34`
+- capture still failed exactly the same way:
+  - `VIDIOC_STREAMON` returned success
+  - raw output stayed zero bytes
+  - VI logged repeated `uncorr_err: request timed out after 2500 ms`
+  - RTCPU/NVCSI trace still showed no SOF/EOF and no receiver interrupt events
+
+Current conclusion:
+
+- this is the strongest software-side falsification obtained so far;
+- even sensor-generated synthetic frames do not reach NVCSI/VI;
+- the dominant blocker is now the physical CSI path on the current CLB/makerobo plus `JT-ZERO-V2.0` setup, not OV5647 exposure/mode/live-scene programming.
diff --git a/docs/11-known-issues.md b/docs/11-known-issues.md
index ab3f81d..92cbd67 100644
--- a/docs/11-known-issues.md
+++ b/docs/11-known-issues.md
@@ -41,6 +41,11 @@
   - earlier code used `0x0600/0x0601` from community material;
   - upstream Linux OV5647 uses `0x503d` for test-pattern selection;
   - local driver is now corrected to the upstream register map, but that corrected build is not yet runtime-validated.
+- Corrected upstream-style test pattern is now runtime-validated and still does not produce SOF:
+  - live module parameter `ov5647_test_pattern=1` is confirmed;
+  - sensor register `0x503d` reads back as `0x80` after `set_mode` and after `STREAMON`;
+  - raw output remains zero bytes and RTCPU/NVCSI still shows no SOF or receiver interrupt;
+  - this sharply lowers the value of further live-scene or exposure-related tuning on the current hardware path.
 - Local `nvidia-oot` headers are present, but full local sample sensor source files are not installed under `/usr/src/nvidia/`.
 - Unprivileged `dmesg` access is restricted, so full kernel-buffer capture requires elevated privileges.
 - `journalctl --list-boots` and `uptime -s` disagree about the current boot start time, so timestamp interpretation needs care.
diff --git a/logs/20260423T105410Z-collect-camera-route-state-before-upstream-testpat.log b/logs/20260423T105410Z-collect-camera-route-state-before-upstream-testpat.log
new file mode 100644
index 0000000..9188984
--- /dev/null
+++ b/logs/20260423T105410Z-collect-camera-route-state-before-upstream-testpat.log
@@ -0,0 +1,7 @@
+[2026-04-23T10:54:11Z] Starting read-only camera route state collection
+[2026-04-23T10:54:11Z] Repository root: /home/cam/ov5647_driver_codex
+[2026-04-23T10:54:11Z] Boot profile token: ov5647-dev
+[2026-04-23T10:54:11Z] State directory: /home/cam/ov5647_driver_codex/artifacts/camera-route-state/20260423T105411Z
+[2026-04-23T10:54:11Z] Camera route state collection finished
+[2026-04-23T10:54:11Z] Saved state under /home/cam/ov5647_driver_codex/artifacts/camera-route-state/20260423T105411Z
+[2026-04-23T10:54:11Z] No module load, unload, streaming, or reboot was performed
diff --git a/logs/20260423T105410Z-post-reboot-before-upstream-testpat-state.log b/logs/20260423T105410Z-post-reboot-before-upstream-testpat-state.log
new file mode 100644
index 0000000..f605daa
--- /dev/null
+++ b/logs/20260423T105410Z-post-reboot-before-upstream-testpat-state.log
@@ -0,0 +1,6 @@
+# cmdline
+root=PARTUUID=03f3e885-a6e9-47ba-b7e1-ccc5bf71a344 rw rootwait rootfstype=ext4 mminit_loglevel=4 console=ttyTCU0,115200 firmware_class.path=/etc/firmware fbcon=map:0 video=efifb:off console=tty0 efi=runtime pci=pcie_bus_perf nvme.use_threaded_interrupts=1 boot_profile=ov5647-dev bl_prof_dataptr=2031616@0x471E10000 bl_prof_ro_ptr=65536@0x471E00000 
+
+# lsmod
+
+# video
diff --git a/logs/20260423T105411Z-collect_camera_route_state.log b/logs/20260423T105411Z-collect_camera_route_state.log
new file mode 100644
index 0000000..9188984
--- /dev/null
+++ b/logs/20260423T105411Z-collect_camera_route_state.log
@@ -0,0 +1,7 @@
+[2026-04-23T10:54:11Z] Starting read-only camera route state collection
+[2026-04-23T10:54:11Z] Repository root: /home/cam/ov5647_driver_codex
+[2026-04-23T10:54:11Z] Boot profile token: ov5647-dev
+[2026-04-23T10:54:11Z] State directory: /home/cam/ov5647_driver_codex/artifacts/camera-route-state/20260423T105411Z
+[2026-04-23T10:54:11Z] Camera route state collection finished
+[2026-04-23T10:54:11Z] Saved state under /home/cam/ov5647_driver_codex/artifacts/camera-route-state/20260423T105411Z
+[2026-04-23T10:54:11Z] No module load, unload, streaming, or reboot was performed
diff --git a/logs/20260423T105431Z-manual-insmod-full-delay-dump-mclk24-testpat.dmesg-tail.log b/logs/20260423T105431Z-manual-insmod-full-delay-dump-mclk24-testpat.dmesg-tail.log
new file mode 100644
index 0000000..df0bef2
--- /dev/null
+++ b/logs/20260423T105431Z-manual-insmod-full-delay-dump-mclk24-testpat.dmesg-tail.log
@@ -0,0 +1,160 @@
+[   12.199898] pstore: Using crash dump compression: deflate
+[   12.199980] printk: console [ramoops-1]: printing thread started
+[   12.199989] printk: console [ramoops-1] enabled
+[   12.199991] pstore: Registered ramoops as persistent store backend
+[   12.199993] ramoops: using 0x200000@0x4725f0000, ecc: 0
+[   12.347973] nvgpu: 17000000.gpu                  gk20a_scale_init:541  [INFO]  enabled scaling for GPU
+
+[   12.355338] bridge: filtering via arp/ip/ip6tables is no longer available by default. Update your scripts to load br_netfilter if you need this.
+[   12.367871] usb0: HOST MAC c2:d6:da:8f:db:b0
+[   12.367881] usb0: MAC c2:d6:da:8f:db:b1
+[   12.373348] usb1: HOST MAC c2:d6:da:8f:db:b2
+[   12.373356] usb1: MAC c2:d6:da:8f:db:b3
+[   12.373384] tegra-xudc 3550000.usb: EP 0 (type: ctrl, dir: out) enabled
+[   12.407052] l4tbr0: port 1(usb0) entered blocking state
+[   12.407076] l4tbr0: port 1(usb0) entered disabled state
+[   12.407928] device usb0 entered promiscuous mode
+[   12.429415] l4tbr0: port 2(usb1) entered blocking state
+[   12.429437] l4tbr0: port 2(usb1) entered disabled state
+[   12.430355] device usb1 entered promiscuous mode
+[   12.469902] loop9: detected capacity change from 0 to 32768
+[   12.478328] zram: Added device: zram0
+[   12.492325] zram: Added device: zram1
+[   12.498641] zram: Added device: zram2
+[   12.504137] zram: Added device: zram3
+[   12.562131] zram0: detected capacity change from 0 to 4004600
+[   12.601450] Adding 2002296k swap on /dev/zram0.  Priority:5 extents:1 across:2002296k SS
+[   12.608470] zram1: detected capacity change from 0 to 4004600
+[   12.620220] Adding 2002296k swap on /dev/zram1.  Priority:5 extents:1 across:2002296k SS
+[   12.624557] zram2: detected capacity change from 0 to 4004600
+[   12.654366] Adding 2002296k swap on /dev/zram2.  Priority:5 extents:1 across:2002296k SS
+[   12.660391] zram3: detected capacity change from 0 to 4004600
+[   12.676080] Adding 2002296k swap on /dev/zram3.  Priority:5 extents:1 across:2002296k SS
+[   12.902588] tegra-xudc 3550000.usb: EP 5 (type: intr, dir: in) enabled
+[   12.902610] tegra-xudc 3550000.usb: EP 3 (type: bulk, dir: in) enabled
+[   12.902623] tegra-xudc 3550000.usb: EP 2 (type: bulk, dir: out) enabled
+[   12.902704] tegra-xudc 3550000.usb: EP 9 (type: intr, dir: in) enabled
+[   12.902719] tegra-xudc 3550000.usb: EP 7 (type: bulk, dir: in) enabled
+[   12.902730] tegra-xudc 3550000.usb: EP 4 (type: bulk, dir: out) enabled
+[   12.902757] tegra-xudc 3550000.usb: EP 15 (type: intr, dir: in) enabled
+[   12.902771] tegra-xudc 3550000.usb: EP 11 (type: bulk, dir: in) enabled
+[   12.902790] tegra-xudc 3550000.usb: EP 6 (type: bulk, dir: out) enabled
+[   12.902837] IPv6: ADDRCONF(NETDEV_CHANGE): usb0: link becomes ready
+[   12.908952] tegra-xudc 3550000.usb: EP 13 (type: bulk, dir: in) enabled
+[   12.908972] tegra-xudc 3550000.usb: EP 8 (type: bulk, dir: out) enabled
+[   12.909081] IPv6: ADDRCONF(NETDEV_CHANGE): usb1: link becomes ready
+[   12.910827] tegra-xudc 3550000.usb: ep 13 disabled
+[   12.910916] tegra-xudc 3550000.usb: ep 8 disabled
+[   12.929576] tegra-xudc 3550000.usb: EP 13 (type: bulk, dir: in) enabled
+[   12.929594] tegra-xudc 3550000.usb: EP 8 (type: bulk, dir: out) enabled
+[   14.770840] l4tbr0: port 2(usb1) entered blocking state
+[   14.770852] l4tbr0: port 2(usb1) entered forwarding state
+[   14.770913] l4tbr0: port 1(usb0) entered blocking state
+[   14.770917] l4tbr0: port 1(usb0) entered forwarding state
+[   14.779335] IPv6: ADDRCONF(NETDEV_CHANGE): l4tbr0: link becomes ready
+[   14.984786] nvidia-modeset: Loading NVIDIA UNIX Open Kernel Mode Setting Driver for aarch64  540.5.0  Release Build  (buildbrain@239549d1-8639-491a-b9e7-120e21430986-l1eu-vqrkv)  Thu Jan 15 19:36:45 PST 2026
+[   14.992112] [drm] [nvidia-drm] [GPU ID 0x00020000] Loading driver
+[   15.279724] NVRM rpcRmApiControl_dce: NVRM_RPC_DCE: Failed RM ctrl call cmd:0x731341 result 0xffff:
+[   15.280817] NVRM rpcRmApiControl_dce: NVRM_RPC_DCE: Failed RM ctrl call cmd:0x730282 result 0x1f:
+[   15.333347] [drm] Initialized nvidia-drm 0.0.0 20160202 for 13800000.display on minor 1
+[   15.414136] Console: switching to colour frame buffer device 240x67
+[   15.414157] nv_platform 13800000.display: [drm] fb0: nvidia-drmdrmfb frame buffer device
+[   16.806493] ACK 04 d4
+[   16.807235] ACK 04 d4
+[   16.813448] ACK 04 d4
+[   16.815590] IPv6: ADDRCONF(NETDEV_CHANGE): wlP1p1s0: link becomes ready
+[   19.942994] rfkill: input handler disabled
+[   20.360515] loop10: detected capacity change from 0 to 8
+[   23.881957] audit: type=1326 audit(1776941456.016:2): auid=4294967295 uid=0 gid=0 ses=4294967295 subj=kernel pid=2575 comm="cupsd" exe="/snap/cups/1184/sbin/cupsd" sig=0 arch=c00000b7 syscall=55 compat=0 ip=0xffff8101ce0c code=0x50000
+[   24.343986] audit: type=1326 audit(1776941456.480:3): auid=4294967295 uid=0 gid=0 ses=4294967295 subj=kernel pid=2575 comm="cupsd" exe="/snap/cups/1184/sbin/cupsd" sig=0 arch=c00000b7 syscall=55 compat=0 ip=0xffff8101ce0c code=0x50000
+[   24.377013] audit: type=1326 audit(1776941456.512:4): auid=4294967295 uid=0 gid=0 ses=4294967295 subj=kernel pid=2591 comm="cups-browsed" exe="/snap/cups/1184/sbin/cups-browsed" sig=0 arch=c00000b7 syscall=274 compat=0 ip=0xffff9d575b68 code=0x50000
+[  193.792990] l4tbr0: port 1(usb0) entered disabled state
+[  193.845486] tegra-xudc 3550000.usb: ep 13 disabled
+[  193.845585] tegra-xudc 3550000.usb: ep 8 disabled
+[  193.904487] tegra-xudc 3550000.usb: ep 3 disabled
+[  193.904515] tegra-xudc 3550000.usb: ep 2 disabled
+[  193.904529] tegra-xudc 3550000.usb: ep 5 disabled
+[  193.904545] tegra-xudc 3550000.usb: ep 4 disabled
+[  193.904557] tegra-xudc 3550000.usb: ep 7 disabled
+[  193.904584] tegra-xudc 3550000.usb: ep 9 disabled
+[  193.904602] tegra-xudc 3550000.usb: ep 15 disabled
+[  193.904733] tegra-xudc 3550000.usb: ep 11 disabled
+[  193.904747] tegra-xudc 3550000.usb: ep 6 disabled
+[  194.126808] tegra-xudc 3550000.usb: EP 5 (type: intr, dir: in) enabled
+[  194.126832] tegra-xudc 3550000.usb: EP 3 (type: bulk, dir: in) enabled
+[  194.126844] tegra-xudc 3550000.usb: EP 2 (type: bulk, dir: out) enabled
+[  194.126916] tegra-xudc 3550000.usb: EP 9 (type: intr, dir: in) enabled
+[  194.126929] tegra-xudc 3550000.usb: EP 7 (type: bulk, dir: in) enabled
+[  194.126941] tegra-xudc 3550000.usb: EP 4 (type: bulk, dir: out) enabled
+[  194.126947] l4tbr0: port 1(usb0) entered blocking state
+[  194.126958] l4tbr0: port 1(usb0) entered forwarding state
+[  194.127020] tegra-xudc 3550000.usb: EP 15 (type: intr, dir: in) enabled
+[  194.127068] tegra-xudc 3550000.usb: EP 11 (type: bulk, dir: in) enabled
+[  194.127081] tegra-xudc 3550000.usb: EP 6 (type: bulk, dir: out) enabled
+[  194.130796] tegra-xudc 3550000.usb: EP 13 (type: bulk, dir: in) enabled
+[  194.130816] tegra-xudc 3550000.usb: EP 8 (type: bulk, dir: out) enabled
+[  194.132682] tegra-xudc 3550000.usb: ep 13 disabled
+[  194.132761] tegra-xudc 3550000.usb: ep 8 disabled
+[  194.153685] tegra-xudc 3550000.usb: EP 13 (type: bulk, dir: in) enabled
+[  194.153711] tegra-xudc 3550000.usb: EP 8 (type: bulk, dir: out) enabled
+[  240.374406] nv_ov5647: module verification failed: signature and/or required key missing - tainting kernel
+[  240.375122] nv_ov5647: module init register_i2c_driver=1 allow_hw_probe=1 skip_v4l2_register=0 skip_v4l2_unregister=0 split_v4l2_unregister=0 unload_marker_delay_ms=500
+[  240.375128] nv_ov5647: diagnostics dump_stream_regs=1
+[  240.375129] nv_ov5647: diagnostics continuous_mipi_clock=0
+[  240.375130] nv_ov5647: diagnostics ov5647_test_pattern=1
+[  240.375348] nv_ov5647 9-0036: ov5647_probe: enter client=ov5647 addr=0x36
+[  240.375424] nv_ov5647 9-0036: ov5647_parse_dt: enter
+[  240.375443] nv_ov5647 9-0036: ov5647_parse_dt: pdata=000000007c347cf2 mclk=extperiph1 reset_gpio=-1 pwdn_gpio=397 avdd=vana dvdd=vdig iovdd=vif
+[  240.375449] nv_ov5647 9-0036: ov5647_power_get: enter priv=00000000650f3d63 s_data=000000002250c2a8 pdata=000000007c347cf2
+[  240.375470] nv_ov5647 9-0036: supply vana not found, using dummy regulator
+[  240.375596] nv_ov5647 9-0036: supply vdig not found, using dummy regulator
+[  240.375631] nv_ov5647 9-0036: supply vif not found, using dummy regulator
+[  240.375675] nv_ov5647 9-0036: ov5647_power_get: mclk get ok name=extperiph1 current_rate=51000000 def_clk_freq=0
+[  240.375707] nv_ov5647 9-0036: ov5647_power_get: exit
+[  240.375753] nv_ov5647 9-0036: tegracam sensor driver:nv_ov5647_v2.0.6
+[  240.375755] nv_ov5647 9-0036: ov5647_probe: private data linked tc_dev=000000001c5a7c7f tc_dev->priv=00000000650f3d63 s_data=000000002250c2a8 s_data->priv=00000000650f3d63
+[  240.375776] nv_ov5647 9-0036: ov5647_board_setup: enter
+[  240.375777] nv_ov5647 9-0036: ov5647_power_on: enter
+[  240.375781] nv_ov5647 9-0036: ov5647_power_on: overriding def_clk_freq 24000000 -> 24000000 Hz
+[  240.375783] nv_ov5647 9-0036: ov5647_power_on: enabling mclk def_clk_freq=24000000 current_rate=51000000
+[  240.376741] nv_ov5647 9-0036: ov5647_power_on: mclk enabled rate=24000000
+[  240.384886] nv_ov5647 9-0036: ov5647_power_on: stream-stop LP-11 setup complete
+[  240.384890] nv_ov5647 9-0036: ov5647_dump_stream_regs: begin phase=power_on_lp11
+[  240.385083] nv_ov5647 9-0036: ov5647_dump_stream_regs: phase=power_on_lp11 reg=0x0100 name=mode_select val=0x00
+[  240.385276] nv_ov5647 9-0036: ov5647_dump_stream_regs: phase=power_on_lp11 reg=0x0103 name=sw_reset val=0x00
+[  240.385464] nv_ov5647 9-0036: ov5647_dump_stream_regs: phase=power_on_lp11 reg=0x3000 name=sys_ctrl0 val=0x0f
+[  240.385655] nv_ov5647 9-0036: ov5647_dump_stream_regs: phase=power_on_lp11 reg=0x3001 name=sys_ctrl1 val=0xff
+[  240.385845] nv_ov5647 9-0036: ov5647_dump_stream_regs: phase=power_on_lp11 reg=0x3002 name=sys_ctrl2 val=0xe4
+[  240.386139] nv_ov5647 9-0036: ov5647_dump_stream_regs: phase=power_on_lp11 reg=0x300d name=pad_out val=0x01
+[  240.386333] nv_ov5647 9-0036: ov5647_dump_stream_regs: phase=power_on_lp11 reg=0x3016 name=mipi_ctrl16 val=0x00
+[  240.386528] nv_ov5647 9-0036: ov5647_dump_stream_regs: phase=power_on_lp11 reg=0x3017 name=mipi_ctrl17 val=0x10
+[  240.386720] nv_ov5647 9-0036: ov5647_dump_stream_regs: phase=power_on_lp11 reg=0x3018 name=mipi_ctrl18 val=0x58
+[  240.386912] nv_ov5647 9-0036: ov5647_dump_stream_regs: phase=power_on_lp11 reg=0x3034 name=pll_ctrl34 val=0x1a
+[  240.387102] nv_ov5647 9-0036: ov5647_dump_stream_regs: phase=power_on_lp11 reg=0x3035 name=pll_ctrl35 val=0x11
+[  240.387293] nv_ov5647 9-0036: ov5647_dump_stream_regs: phase=power_on_lp11 reg=0x3036 name=pll_ctrl36 val=0x69
+[  240.387487] nv_ov5647 9-0036: ov5647_dump_stream_regs: phase=power_on_lp11 reg=0x303c name=pll_ctrl3c val=0x11
+[  240.387676] nv_ov5647 9-0036: ov5647_dump_stream_regs: phase=power_on_lp11 reg=0x3808 name=x_output_size_h val=0x0a
+[  240.387866] nv_ov5647 9-0036: ov5647_dump_stream_regs: phase=power_on_lp11 reg=0x3809 name=x_output_size_l val=0x20
+[  240.388056] nv_ov5647 9-0036: ov5647_dump_stream_regs: phase=power_on_lp11 reg=0x380a name=y_output_size_h val=0x07
+[  240.388245] nv_ov5647 9-0036: ov5647_dump_stream_regs: phase=power_on_lp11 reg=0x380b name=y_output_size_l val=0x98
+[  240.388437] nv_ov5647 9-0036: ov5647_dump_stream_regs: phase=power_on_lp11 reg=0x380c name=hts_h val=0x0a
+[  240.388628] nv_ov5647 9-0036: ov5647_dump_stream_regs: phase=power_on_lp11 reg=0x380d name=hts_l val=0x8c
+[  240.388817] nv_ov5647 9-0036: ov5647_dump_stream_regs: phase=power_on_lp11 reg=0x380e name=vts_h val=0x07
+[  240.389006] nv_ov5647 9-0036: ov5647_dump_stream_regs: phase=power_on_lp11 reg=0x380f name=vts_l val=0xb0
+[  240.389195] nv_ov5647 9-0036: ov5647_dump_stream_regs: phase=power_on_lp11 reg=0x3820 name=timing_format1 val=0x40
+[  240.389387] nv_ov5647 9-0036: ov5647_dump_stream_regs: phase=power_on_lp11 reg=0x3821 name=timing_format2 val=0x00
+[  240.389576] nv_ov5647 9-0036: ov5647_dump_stream_regs: phase=power_on_lp11 reg=0x4202 name=frame_off_number val=0x0f
+[  240.389766] nv_ov5647 9-0036: ov5647_dump_stream_regs: phase=power_on_lp11 reg=0x4800 name=mipi_ctrl00 val=0x25
+[  240.389954] nv_ov5647 9-0036: ov5647_dump_stream_regs: phase=power_on_lp11 reg=0x4814 name=mipi_ctrl14 val=0x2a
+[  240.390162] nv_ov5647 9-0036: ov5647_dump_stream_regs: phase=power_on_lp11 reg=0x503d name=ispctrl3d_test_pattern val=0x00
+[  240.390164] nv_ov5647 9-0036: ov5647_dump_stream_regs: end phase=power_on_lp11
+[  240.390166] nv_ov5647 9-0036: ov5647_power_on: exit success
+[  240.390547] nv_ov5647 9-0036: ov5647_board_setup: detected chip_id=0x5647
+[  240.390549] nv_ov5647 9-0036: ov5647_power_off: enter
+[  240.390967] nv_ov5647 9-0036: ov5647_power_off: disabling mclk rate=24000000
+[  240.391179] nv_ov5647 9-0036: ov5647_power_off: exit success
+[  240.391181] nv_ov5647 9-0036: ov5647_board_setup: exit success
+[  240.391232] tegra-camrtc-capture-vi tegra-capture-vi: subdev nv_ov5647 9-0036 bound
+[  240.391743] nv_ov5647 9-0036: ov5647_probe: v4l2 registered tc_dev=000000001c5a7c7f tc_dev->priv=00000000650f3d63 s_data=000000002250c2a8 s_data->priv=00000000650f3d63 v4l2_registered=1
+[  240.391748] nv_ov5647 9-0036: ov5647_probe: exit success
+[  240.391977] nv_ov5647: i2c driver registered
diff --git a/logs/20260423T105431Z-manual-insmod-full-delay-dump-mclk24-testpat.log b/logs/20260423T105431Z-manual-insmod-full-delay-dump-mclk24-testpat.log
new file mode 100644
index 0000000..fa7dba3
--- /dev/null
+++ b/logs/20260423T105431Z-manual-insmod-full-delay-dump-mclk24-testpat.log
@@ -0,0 +1,6 @@
+[20260423T105431Z] manual insmod profile=full-delay-dump-mclk24-testpat
+[20260423T105431Z] module=/home/cam/ov5647_driver_codex/src/nv_ov5647/nv_ov5647.ko
+[20260423T105431Z] params=register_i2c_driver=1 allow_hw_probe=1 dump_stream_regs=1 mclk_override_hz=24000000 ov5647_test_pattern=1 unload_marker_delay_ms=500
+[20260423T105431Z] cmdline=root=PARTUUID=03f3e885-a6e9-47ba-b7e1-ccc5bf71a344 rw rootwait rootfstype=ext4 mminit_loglevel=4 console=ttyTCU0,115200 firmware_class.path=/etc/firmware fbcon=map:0 video=efifb:off console=tty0 efi=runtime pci=pcie_bus_perf nvme.use_threaded_interrupts=1 boot_profile=ov5647-dev bl_prof_dataptr=2031616@0x471E10000 bl_prof_ro_ptr=65536@0x471E00000 
+[20260423T105431Z] running insmod
+[20260423T105431Z] insmod rc=0
diff --git a/logs/20260423T105431Z-manual-insmod-full-delay-dump-mclk24-testpat.modinfo.log b/logs/20260423T105431Z-manual-insmod-full-delay-dump-mclk24-testpat.modinfo.log
new file mode 100644
index 0000000..3829aa5
--- /dev/null
+++ b/logs/20260423T105431Z-manual-insmod-full-delay-dump-mclk24-testpat.modinfo.log
@@ -0,0 +1,22 @@
+filename:       /home/cam/ov5647_driver_codex/src/nv_ov5647/nv_ov5647.ko
+version:        0.1.0
+license:        GPL v2
+description:    OV5647 Jetson bring-up scaffold for Jetson Linux r36.5
+author:         OpenAI Codex
+srcversion:     A0015C1CFA665DFD8D8A041
+alias:          of:N*T*Covti,ov5647C*
+alias:          of:N*T*Covti,ov5647
+alias:          i2c:ov5647
+depends:        tegra-camera,v4l2-async,videodev
+name:           nv_ov5647
+vermagic:       5.15.185-tegra SMP preempt mod_unload modversions aarch64
+parm:           register_i2c_driver:Register the OV5647 i2c driver on module load. Default: false (bool)
+parm:           allow_hw_probe:Allow real OV5647 probe and board setup when a DT match exists. Default: false (bool)
+parm:           skip_v4l2_register:Probe sensor and chip ID but skip tegracam_v4l2subdev_register(). Default: false (bool)
+parm:           skip_v4l2_unregister:Diagnostic only: skip tegracam_v4l2subdev_unregister() in remove(). Default: false (bool)
+parm:           split_v4l2_unregister:Diagnostic only: inline V4L2 unregister phases with markers. Default: false (bool)
+parm:           unload_marker_delay_ms:Optional delay after unload markers to let userspace persist logs. Default: 0 (uint)
+parm:           dump_stream_regs:Diagnostic only: read back key OV5647 registers around stream start. Default: false (bool)
+parm:           continuous_mipi_clock:Diagnostic only: use upstream default continuous MIPI clock stream-on value 0x04 instead of 0x34. Default: false (bool)
+parm:           mclk_override_hz:Diagnostic only: override tegracam DT-derived MCLK rate in Hz before power-on. Default: 0 (uint)
+parm:           ov5647_test_pattern:Diagnostic only: OV5647 built-in test pattern. 0=off, 1=colorbars. Default: 0 (uint)
diff --git a/logs/20260423T105442Z-single-frame-rtcpu-live-dmesg.log b/logs/20260423T105442Z-single-frame-rtcpu-live-dmesg.log
new file mode 100644
index 0000000..7934f7a
--- /dev/null
+++ b/logs/20260423T105442Z-single-frame-rtcpu-live-dmesg.log
@@ -0,0 +1,1130 @@
+[    0.000000] Booting Linux on physical CPU 0x0000000000 [0x410fd421]
+[    0.000000] Linux version 5.15.185-tegra (buildbrain@239549d1-8639-491a-b9e7-120e21430986-l1eu-vqrkv) (aarch64-buildroot-linux-gnu-gcc.br_real (Buildroot 2022.08) 11.3.0, GNU ld (GNU Binutils) 2.38) #1 SMP PREEMPT Thu Jan 15 19:24:38 PST 2026 ()
+[    0.000000] Machine model: NVIDIA Jetson Orin NX Engineering Reference Developer Kit
+[    0.000000] efi: EFI v2.70 by EDK II
+[    0.000000] efi: RTPROP=0x46de1e698 TPMFinalLog=0x45e8f0000 SMBIOS=0xffff0000 SMBIOS 3.0=0x46da40000 MEMATTR=0x467efe018 ESRT=0x468420518 TPMEventLog=0x45e0cc018 RNG=0x45e900018 MEMRESERVE=0x45e901f98 
+[    0.000000] random: crng init done
+[    0.000000] secureboot: Secure boot disabled
+[    0.000000] esrt: Reserving ESRT space from 0x0000000468420518 to 0x0000000468420550.
+[    0.000000] Reserved memory: created CMA memory pool at 0x0000000449000000, size 256 MiB
+[    0.000000] OF: reserved mem: initialized node linux,cma, compatible id shared-dma-pool
+[    0.000000] NUMA: No NUMA configuration found
+[    0.000000] NUMA: Faking a node at [mem 0x0000000080000000-0x0000000477ffffff]
+[    0.000000] NUMA: NODE_DATA [mem 0x4702fd800-0x4702fffff]
+[    0.000000] Zone ranges:
+[    0.000000]   DMA      [mem 0x0000000080000000-0x00000000ffffffff]
+[    0.000000]   DMA32    empty
+[    0.000000]   Normal   [mem 0x0000000100000000-0x0000000477ffffff]
+[    0.000000] Movable zone start for each node
+[    0.000000] Early memory node ranges
+[    0.000000]   node   0: [mem 0x0000000080000000-0x00000000bdffffff]
+[    0.000000]   node   0: [mem 0x00000000c2000000-0x00000000fffdffff]
+[    0.000000]   node   0: [mem 0x00000000fffe0000-0x00000000ffffffff]
+[    0.000000]   node   0: [mem 0x0000000100000000-0x000000045d48ffff]
+[    0.000000]   node   0: [mem 0x000000045d490000-0x000000045e0bffff]
+[    0.000000]   node   0: [mem 0x000000045e0c0000-0x000000045e0effff]
+[    0.000000]   node   0: [mem 0x000000045e0f0000-0x000000045e0fffff]
+[    0.000000]   node   0: [mem 0x000000045e100000-0x000000045e14ffff]
+[    0.000000]   node   0: [mem 0x000000045e150000-0x000000045e30ffff]
+[    0.000000]   node   0: [mem 0x000000045e310000-0x000000045e8effff]
+[    0.000000]   node   0: [mem 0x000000045e8f0000-0x000000045e8fffff]
+[    0.000000]   node   0: [mem 0x000000045e900000-0x000000046bedffff]
+[    0.000000]   node   0: [mem 0x000000046bee0000-0x000000046de1ffff]
+[    0.000000]   node   0: [mem 0x000000046de20000-0x0000000471dfffff]
+[    0.000000]   node   0: [mem 0x0000000471e00000-0x0000000471ffffff]
+[    0.000000]   node   0: [mem 0x0000000472000000-0x000000047259ffff]
+[    0.000000]   node   0: [mem 0x0000000476000000-0x0000000477ffffff]
+[    0.000000] mminit::pageflags_layout_widths Section 0 Node 4 Zone 2 Lastcpupid 16 Kasantag 0 Flags 24
+[    0.000000] mminit::pageflags_layout_shifts Section 21 Node 4 Zone 2 Lastcpupid 16 Kasantag 0
+[    0.000000] mminit::pageflags_layout_pgshifts Section 0 Node 60 Zone 58 Lastcpupid 42 Kasantag 0
+[    0.000000] mminit::pageflags_layout_nodezoneid Node/Zone ID: 64 -> 58
+[    0.000000] mminit::pageflags_layout_usage location: 64 -> 42 layout 42 -> 24 unused 24 -> 0 page-flags
+[    0.000000] Initmem setup node 0 [mem 0x0000000080000000-0x0000000477ffffff]
+[    0.000000] mminit::memmap_init Initialising map node 0 zone 0 pfns 524288 -> 1048576
+[    0.000000] mminit::memmap_init Initialising map node 0 zone 2 pfns 1048576 -> 4685824
+[    0.000000] On node 0, zone DMA: 16384 pages in unavailable ranges
+[    0.000000] On node 0, zone Normal: 14944 pages in unavailable ranges
+[    0.000000] psci: probing for conduit method from DT.
+[    0.000000] psci: PSCIv1.1 detected in firmware.
+[    0.000000] psci: Using standard PSCI v0.2 function IDs
+[    0.000000] psci: Trusted OS migration not required
+[    0.000000] psci: SMC Calling Convention v1.2
+[    0.000000] percpu: Embedded 30 pages/cpu s83480 r8192 d31208 u122880
+[    0.000000] pcpu-alloc: s83480 r8192 d31208 u122880 alloc=30*4096
+[    0.000000] pcpu-alloc: [0] 0 [0] 1 [0] 2 [0] 3 [0] 4 [0] 5 [0] 6 [0] 7 
+[    0.000000] Detected PIPT I-cache on CPU0
+[    0.000000] CPU features: detected: Address authentication (architected algorithm)
+[    0.000000] CPU features: detected: GIC system register CPU interface
+[    0.000000] CPU features: detected: Virtualization Host Extensions
+[    0.000000] CPU features: detected: Hardware dirty bit management
+[    0.000000] CPU features: detected: Spectre-v4
+[    0.000000] CPU features: detected: Spectre-BHB
+[    0.000000] CPU features: kernel page table isolation forced ON by KASLR
+[    0.000000] CPU features: detected: Kernel page table isolation (KPTI)
+[    0.000000] alternatives: patching kernel code
+[    0.000000] mminit::zonelist general 0:DMA = 0:DMA 
+[    0.000000] mminit::zonelist general 0:Normal = 0:Normal 0:DMA 
+[    0.000000] mminit::zonelist thisnode 0:DMA = 0:DMA 
+[    0.000000] mminit::zonelist thisnode 0:Normal = 0:Normal 0:DMA 
+[    0.000000] Built 1 zonelists, mobility grouping on.  Total pages: 4065184
+[    0.000000] Policy zone: Normal
+[    0.000000] Kernel command line: root=PARTUUID=03f3e885-a6e9-47ba-b7e1-ccc5bf71a344 rw rootwait rootfstype=ext4 mminit_loglevel=4 console=ttyTCU0,115200 firmware_class.path=/etc/firmware fbcon=map:0 video=efifb:off console=tty0 efi=runtime pci=pcie_bus_perf nvme.use_threaded_interrupts=1 boot_profile=ov5647-dev bl_prof_dataptr=2031616@0x471E10000 bl_prof_ro_ptr=65536@0x471E00000 
+[    0.000000] Unknown kernel command line parameters "boot_profile=ov5647-dev bl_prof_dataptr=2031616@0x471E10000 bl_prof_ro_ptr=65536@0x471E00000", will be passed to user space.
+[    0.000000] Dentry cache hash table entries: 2097152 (order: 12, 16777216 bytes, linear)
+[    0.000000] Inode-cache hash table entries: 1048576 (order: 11, 8388608 bytes, linear)
+[    0.000000] mem auto-init: stack:off, heap alloc:off, heap free:off
+[    0.000000] software IO TLB: mapped [mem 0x00000000fbfe0000-0x00000000fffe0000] (64MB)
+[    0.000000] Memory: 15732956K/16520832K available (20480K kernel code, 4086K rwdata, 10172K rodata, 7744K init, 529K bss, 525732K reserved, 262144K cma-reserved)
+[    0.000000] SLUB: HWalign=64, Order=0-3, MinObjects=0, CPUs=8, Nodes=1
+[    0.000000] trace event string verifier disabled
+[    0.000000] rcu: Preemptible hierarchical RCU implementation.
+[    0.000000] rcu: 	RCU event tracing is enabled.
+[    0.000000] rcu: 	RCU restricting CPUs from NR_CPUS=256 to nr_cpu_ids=8.
+[    0.000000] 	Trampoline variant of Tasks RCU enabled.
+[    0.000000] 	Rude variant of Tasks RCU enabled.
+[    0.000000] 	Tracing variant of Tasks RCU enabled.
+[    0.000000] rcu: RCU calculated value of scheduler-enlistment delay is 25 jiffies.
+[    0.000000] rcu: Adjusting geometry for rcu_fanout_leaf=16, nr_cpu_ids=8
+[    0.000000] NR_IRQS: 64, nr_irqs: 64, preallocated irqs: 0
+[    0.000000] GICv3: GIC: Using split EOI/Deactivate mode
+[    0.000000] GICv3: 960 SPIs implemented
+[    0.000000] GICv3: 0 Extended SPIs implemented
+[    0.000000] GICv3: Distributor has no Range Selector support
+[    0.000000] Root IRQ handler: gic_handle_irq
+[    0.000000] GICv3: 16 PPIs implemented
+[    0.000000] GICv3: CPU0: found redistributor 0 region 0:0x000000000f440000
+[    0.000000] arch_timer: cp15 timer(s) running at 31.25MHz (phys).
+[    0.000000] clocksource: arch_sys_counter: mask: 0xffffffffffffff max_cycles: 0xe6a171046, max_idle_ns: 881590405314 ns
+[    0.000001] sched_clock: 56 bits at 31MHz, resolution 32ns, wraps every 4398046511088ns
+[    0.000343] Console: colour dummy device 80x25
+[    0.000349] printk: console [tty0] enabled
+[    0.000393] Calibrating delay loop (skipped), value calculated using timer frequency.. 62.50 BogoMIPS (lpj=125000)
+[    0.000398] pid_max: default: 32768 minimum: 301
+[    0.000428] LSM: Security Framework initializing
+[    0.000446] Yama: becoming mindful.
+[    0.000457] SELinux:  Initializing.
+[    0.000521] Mount-cache hash table entries: 32768 (order: 6, 262144 bytes, linear)
+[    0.000540] Mountpoint-cache hash table entries: 32768 (order: 6, 262144 bytes, linear)
+[    0.001402] rcu: Hierarchical SRCU implementation.
+[    0.003598] Tegra Revision: A01 SKU: 211 CPU Process: 0 SoC Process: 0
+[    0.003855] Remapping and enabling EFI services.
+[    0.004879] smp: Bringing up secondary CPUs ...
+[    0.005249] Detected PIPT I-cache on CPU1
+[    0.005277] GICv3: CPU1: found redistributor 100 region 0:0x000000000f460000
+[    0.005302] CPU1: Booted secondary processor 0x0000000100 [0x410fd421]
+[    0.005655] Detected PIPT I-cache on CPU2
+[    0.005667] GICv3: CPU2: found redistributor 200 region 0:0x000000000f480000
+[    0.005679] CPU2: Booted secondary processor 0x0000000200 [0x410fd421]
+[    0.005993] Detected PIPT I-cache on CPU3
+[    0.006003] GICv3: CPU3: found redistributor 300 region 0:0x000000000f4a0000
+[    0.006014] CPU3: Booted secondary processor 0x0000000300 [0x410fd421]
+[    0.008305] Detected PIPT I-cache on CPU4
+[    0.008326] GICv3: CPU4: found redistributor 10000 region 0:0x000000000f4c0000
+[    0.008347] CPU4: Booted secondary processor 0x0000010000 [0x410fd421]
+[    0.008712] Detected PIPT I-cache on CPU5
+[    0.008722] GICv3: CPU5: found redistributor 10100 region 0:0x000000000f4e0000
+[    0.008733] CPU5: Booted secondary processor 0x0000010100 [0x410fd421]
+[    0.009060] Detected PIPT I-cache on CPU6
+[    0.009070] GICv3: CPU6: found redistributor 10200 region 0:0x000000000f500000
+[    0.009082] CPU6: Booted secondary processor 0x0000010200 [0x410fd421]
+[    0.009415] Detected PIPT I-cache on CPU7
+[    0.009425] GICv3: CPU7: found redistributor 10300 region 0:0x000000000f520000
+[    0.009437] CPU7: Booted secondary processor 0x0000010300 [0x410fd421]
+[    0.009482] smp: Brought up 1 node, 8 CPUs
+[    0.009486] SMP: Total of 8 processors activated.
+[    0.009488] CPU features: detected: 32-bit EL0 Support
+[    0.009489] CPU features: detected: Data cache clean to the PoU not required for I/D coherence
+[    0.009491] CPU features: detected: Common not Private translations
+[    0.009491] CPU features: detected: CRC32 instructions
+[    0.009492] CPU features: detected: Data cache clean to Point of Persistence
+[    0.009493] CPU features: detected: Generic authentication (architected algorithm)
+[    0.009494] CPU features: detected: RCpc load-acquire (LDAPR)
+[    0.009494] CPU features: detected: LSE atomic instructions
+[    0.009495] CPU features: detected: Privileged Access Never
+[    0.009496] CPU features: detected: RAS Extension Support
+[    0.009498] CPU features: detected: Speculative Store Bypassing Safe (SSBS)
+[    0.036221] CPU: All CPU(s) started at EL2
+[    0.037925] devtmpfs: initialized
+[    0.049169] KASLR enabled
+[    0.049266] clocksource: jiffies: mask: 0xffffffff max_cycles: 0xffffffff, max_idle_ns: 7645041785100000 ns
+[    0.049278] futex hash table entries: 2048 (order: 5, 131072 bytes, linear)
+[    0.051416] pinctrl core: initialized pinctrl subsystem
+[    0.051931] SMBIOS 3.6.0 present.
+[    0.051939] DMI: NVIDIA NVIDIA Jetson Orin NX Engineering Reference Developer Kit/Jetson, BIOS 36.5.0-gcid-43688277 01/16/2026
+[    0.052246] NET: Registered PF_NETLINK/PF_ROUTE protocol family
+[    0.053417] DMA: preallocated 2048 KiB GFP_KERNEL pool for atomic allocations
+[    0.053548] DMA: preallocated 2048 KiB GFP_KERNEL|GFP_DMA pool for atomic allocations
+[    0.053668] DMA: preallocated 2048 KiB GFP_KERNEL|GFP_DMA32 pool for atomic allocations
+[    0.053704] audit: initializing netlink subsys (disabled)
+[    0.053794] audit: type=2000 audit(0.052:1): state=initialized audit_enabled=0 res=1
+[    0.054843] thermal_sys: Registered thermal governor 'step_wise'
+[    0.054845] thermal_sys: Registered thermal governor 'user_space'
+[    0.054846] thermal_sys: Registered thermal governor 'power_allocator'
+[    0.056944] cpuidle: using governor menu
+[    0.057081] hw-breakpoint: found 6 breakpoint and 4 watchpoint registers.
+[    0.057167] ASID allocator initialised with 32768 entries
+[    0.058312] Serial: AMBA PL011 UART driver
+[    0.066807] 31d0000.serial: ttyAMA0 at MMIO 0x31d0000 (irq = 117, base_baud = 0) is a SBSA
+[    0.074627] platform bpmp: Fixing up cyclic dependency with 2c60000.external-memory-controller
+[    0.081330] HugeTLB registered 1.00 GiB page size, pre-allocated 0 pages
+[    0.081335] HugeTLB registered 32.0 MiB page size, pre-allocated 0 pages
+[    0.081336] HugeTLB registered 2.00 MiB page size, pre-allocated 0 pages
+[    0.081337] HugeTLB registered 64.0 KiB page size, pre-allocated 0 pages
+[    0.081994] cryptd: max_cpu_qlen set to 1000
+[    0.083304] ACPI: Interpreter disabled.
+[    0.084208] VDD_1V8_AO: supplied by VDD_5V0_SYS
+[    0.084300] VDD_3V3_AO: supplied by VDD_5V0_SYS
+[    0.084454] VDD_AV10_HUB: supplied by VDD_5V0_SYS
+[    0.084764] iommu: Default domain type: Translated 
+[    0.084766] iommu: DMA domain TLB invalidation policy: strict mode 
+[    0.084945] SCSI subsystem initialized
+[    0.084996] libata version 3.00 loaded.
+[    0.085046] vgaarb: loaded
+[    0.085136] usbcore: registered new interface driver usbfs
+[    0.085151] usbcore: registered new interface driver hub
+[    0.085161] usbcore: registered new device driver usb
+[    0.085476] pps_core: LinuxPPS API ver. 1 registered
+[    0.085478] pps_core: Software ver. 5.3.6 - Copyright 2005-2007 Rodolfo Giometti <giometti@linux.it>
+[    0.085484] PTP clock support registered
+[    0.085530] EDAC MC: Ver: 3.0.0
+[    0.086240] Registered efivars operations
+[    0.086655] FPGA manager framework
+[    0.086690] Advanced Linux Sound Architecture Driver Initialized.
+[    0.086962] Bluetooth: Core ver 2.22
+[    0.086979] NET: Registered PF_BLUETOOTH protocol family
+[    0.086981] Bluetooth: HCI device and connection manager initialized
+[    0.086987] Bluetooth: HCI socket layer initialized
+[    0.086991] Bluetooth: L2CAP socket layer initialized
+[    0.087000] Bluetooth: SCO socket layer initialized
+[    0.087281] clocksource: Switched to clocksource arch_sys_counter
+[    0.113037] VFS: Disk quotas dquot_6.6.0
+[    0.113083] VFS: Dquot-cache hash table entries: 512 (order 0, 4096 bytes)
+[    0.113326] pnp: PnP ACPI: disabled
+[    0.116794] NET: Registered PF_INET protocol family
+[    0.117363] IP idents hash table entries: 262144 (order: 9, 2097152 bytes, linear)
+[    0.119859] tcp_listen_portaddr_hash hash table entries: 8192 (order: 5, 131072 bytes, linear)
+[    0.120048] Table-perturb hash table entries: 65536 (order: 6, 262144 bytes, linear)
+[    0.120068] TCP established hash table entries: 131072 (order: 8, 1048576 bytes, linear)
+[    0.120490] TCP bind hash table entries: 65536 (order: 8, 1048576 bytes, linear)
+[    0.121898] TCP: Hash tables configured (established 131072 bind 65536)
+[    0.122119] UDP hash table entries: 8192 (order: 6, 262144 bytes, linear)
+[    0.122292] UDP-Lite hash table entries: 8192 (order: 6, 262144 bytes, linear)
+[    0.122678] NET: Registered PF_UNIX/PF_LOCAL protocol family
+[    0.123148] RPC: Registered named UNIX socket transport module.
+[    0.123154] RPC: Registered udp transport module.
+[    0.123156] RPC: Registered tcp transport module.
+[    0.123159] RPC: Registered tcp NFSv4.1 backchannel transport module.
+[    0.123176] PCI: CLS 0 bytes, default 64
+[    0.123454] Unpacking initramfs...
+[    0.132291] hw perfevents: enabled with armv8_cortex_a78 PMU driver, 7 counters available
+[    0.132624] kvm [1]: IPA Size Limit: 48 bits
+[    0.132664] kvm [1]: GICv3: no GICV resource entry
+[    0.132672] kvm [1]: disabling GICv2 emulation
+[    0.132709] kvm [1]: GIC system register CPU interface enabled
+[    0.132800] kvm [1]: vgic interrupt IRQ9
+[    0.132978] kvm [1]: VHE mode initialized successfully
+[    0.136298] Initialise system trusted keyrings
+[    0.136340] Key type blacklist registered
+[    0.136446] workingset: timestamp_bits=42 max_order=22 bucket_order=0
+[    0.140475] squashfs: version 4.0 (2009/01/31) Phillip Lougher
+[    0.141012] NFS: Registering the id_resolver key type
+[    0.141044] Key type id_resolver registered
+[    0.141048] Key type id_legacy registered
+[    0.141103] nfs4filelayout_init: NFSv4 File Layout Driver Registering...
+[    0.141117] nfs4flexfilelayout_init: NFSv4 Flexfile Layout Driver Registering...
+[    0.141142] ntfs: driver 2.1.32 [Flags: R/O].
+[    0.141375] 9p: Installing v9fs 9p2000 file system support
+[    0.142120] integrity: Platform Keyring initialized
+[    0.153571] Key type asymmetric registered
+[    0.153577] Asymmetric key parser 'x509' registered
+[    0.153659] Block layer SCSI generic (bsg) driver version 0.4 loaded (major 245)
+[    0.153671] io scheduler mq-deadline registered
+[    0.153681] io scheduler kyber registered
+[    0.163912] EINJ: ACPI disabled.
+[    0.175732] Serial: 8250/16550 driver, 4 ports, IRQ sharing enabled
+[    0.177592] SuperH (H)SCI(F) driver initialized
+[    0.177916] msm_serial: driver initialized
+[    0.178620] printk: console [ttyTCU0] enabled
+[    0.179540] arm-smmu 8000000.iommu: probing hardware configuration...
+[    0.179549] arm-smmu 8000000.iommu: SMMUv2 with:
+[    0.179556] arm-smmu 8000000.iommu: 	stage 1 translation
+[    0.179558] arm-smmu 8000000.iommu: 	stage 2 translation
+[    0.179562] arm-smmu 8000000.iommu: 	nested translation
+[    0.179569] arm-smmu 8000000.iommu: 	stream matching with 128 register groups
+[    0.179575] arm-smmu 8000000.iommu: 	128 context banks (0 stage-2 only)
+[    0.179596] arm-smmu 8000000.iommu: 	Supported page sizes: 0x61311000
+[    0.179599] arm-smmu 8000000.iommu: 	Stage-1: 48-bit VA -> 48-bit IPA
+[    0.179600] arm-smmu 8000000.iommu: 	Stage-2: 48-bit IPA -> 48-bit PA
+[    0.180554] arm-smmu 10000000.iommu: probing hardware configuration...
+[    0.180558] arm-smmu 10000000.iommu: SMMUv2 with:
+[    0.180561] arm-smmu 10000000.iommu: 	stage 1 translation
+[    0.180562] arm-smmu 10000000.iommu: 	stage 2 translation
+[    0.180562] arm-smmu 10000000.iommu: 	nested translation
+[    0.180566] arm-smmu 10000000.iommu: 	stream matching with 128 register groups
+[    0.180568] arm-smmu 10000000.iommu: 	128 context banks (0 stage-2 only)
+[    0.180576] arm-smmu 10000000.iommu: 	Supported page sizes: 0x61311000
+[    0.180577] arm-smmu 10000000.iommu: 	Stage-1: 48-bit VA -> 48-bit IPA
+[    0.180579] arm-smmu 10000000.iommu: 	Stage-2: 48-bit IPA -> 48-bit PA
+[    0.180937] arm-smmu 12000000.iommu: probing hardware configuration...
+[    0.180941] arm-smmu 12000000.iommu: SMMUv2 with:
+[    0.180945] arm-smmu 12000000.iommu: 	stage 1 translation
+[    0.180946] arm-smmu 12000000.iommu: 	stage 2 translation
+[    0.180947] arm-smmu 12000000.iommu: 	nested translation
+[    0.180949] arm-smmu 12000000.iommu: 	stream matching with 128 register groups
+[    0.180951] arm-smmu 12000000.iommu: 	128 context banks (0 stage-2 only)
+[    0.180956] arm-smmu 12000000.iommu: 	Supported page sizes: 0x61311000
+[    0.180958] arm-smmu 12000000.iommu: 	Stage-1: 48-bit VA -> 48-bit IPA
+[    0.180959] arm-smmu 12000000.iommu: 	Stage-2: 48-bit IPA -> 48-bit PA
+[    0.189691] loop: module loaded
+[    0.190652] megasas: 07.727.03.00-rc1
+[    0.194740] tun: Universal TUN/TAP device driver, 1.6
+[    0.195351] thunder_xcv, ver 1.0
+[    0.195380] thunder_bgx, ver 1.0
+[    0.195415] nicpf, ver 1.0
+[    0.196239] hns3: Hisilicon Ethernet Network Driver for Hip08 Family - version
+[    0.196246] hns3: Copyright (c) 2017 Huawei Corporation.
+[    0.196289] hclge is initializing
+[    0.196322] e1000: Intel(R) PRO/1000 Network Driver
+[    0.196327] e1000: Copyright (c) 1999-2006 Intel Corporation.
+[    0.196358] e1000e: Intel(R) PRO/1000 Network Driver
+[    0.196362] e1000e: Copyright(c) 1999 - 2015 Intel Corporation.
+[    0.196394] igb: Intel(R) Gigabit Ethernet Network Driver
+[    0.196401] igb: Copyright (c) 2007-2014 Intel Corporation.
+[    0.196417] igbvf: Intel(R) Gigabit Virtual Function Network Driver
+[    0.196423] igbvf: Copyright (c) 2009 - 2012 Intel Corporation.
+[    0.196623] sky2: driver version 1.30
+[    0.197284] VFIO - User Level meta-driver version: 0.3
+[    0.198878] ehci_hcd: USB 2.0 'Enhanced' Host Controller (EHCI) Driver
+[    0.198888] ehci-pci: EHCI PCI platform driver
+[    0.198912] ehci-platform: EHCI generic platform driver
+[    0.198984] ehci-orion: EHCI orion driver
+[    0.199045] ehci-exynos: EHCI Exynos driver
+[    0.199105] ohci_hcd: USB 1.1 'Open' Host Controller (OHCI) Driver
+[    0.199127] ohci-pci: OHCI PCI platform driver
+[    0.199156] ohci-platform: OHCI generic platform driver
+[    0.199222] ohci-exynos: OHCI Exynos driver
+[    0.199665] usbcore: registered new interface driver usb-storage
+[    0.201476] i2c_dev: i2c /dev entries driver
+[    0.202733] pps_ldisc: PPS line discipline registered
+[    0.205185] device-mapper: ioctl: 4.45.0-ioctl (2021-03-22) initialised: dm-devel@redhat.com
+[    0.207364] sdhci: Secure Digital Host Controller Interface driver
+[    0.207369] sdhci: Copyright(c) Pierre Ossman
+[    0.207788] Synopsys Designware Multimedia Card Interface Driver
+[    0.208370] sdhci-pltfm: SDHCI platform and OF driver helper
+[    0.209978] ledtrig-cpu: registered to indicate activity on CPUs
+[    0.211040] SMCCC: SOC_ID: ID = jep106:036b:0234 Revision = 0x00000401
+[    0.211676] tegra-bpmp bpmp: Adding to iommu group 0
+[    0.213287] tegra-bpmp bpmp: firmware: 40c4ded2a7425760713a-68f126a8abf
+[    0.379421] Freeing initrd memory: 15548K
+[    2.439343] clocksource: tsc: mask: 0xffffffffffffff max_cycles: 0xe6a171046, max_idle_ns: 881590405314 ns
+[    2.439362] clocksource: osc: mask: 0xffffffff max_cycles: 0xffffffff, max_idle_ns: 49772407460 ns
+[    2.439364] clocksource: usec: mask: 0xffffffff max_cycles: 0xffffffff, max_idle_ns: 1911260446275 ns
+[    2.439713] hid: raw HID events driver (C) Jiri Kosina
+[    2.440110] usbcore: registered new interface driver usbhid
+[    2.440115] usbhid: USB HID core driver
+[    2.444966] optee: probing for conduit method.
+[    2.445021] optee: revision 4.2 (5ef90dab)
+[    2.504428] optee: dynamic shared memory is enabled
+[    2.504693] optee: initialized driver
+[    2.507619] usbcore: registered new interface driver snd-usb-audio
+[    2.509059] NET: Registered PF_PACKET protocol family
+[    2.509739] Bluetooth: RFCOMM TTY layer initialized
+[    2.509757] Bluetooth: RFCOMM socket layer initialized
+[    2.509778] Bluetooth: RFCOMM ver 1.11
+[    2.510030] 9pnet: Installing 9P2000 support
+[    2.510150] Key type dns_resolver registered
+[    2.511180] printk: console [tty0]: printing thread started
+[    2.511976] printk: console [ttyTCU0]: printing thread started
+[    2.512060] Loading compiled-in X.509 certificates
+[    2.513747] Loaded X.509 cert 'Build time autogenerated kernel key: d77ad5d0e7e5d02a2dc9cf8ec8dfa4a966aa85ba'
+[    2.547679] tegra-gpcdma 2600000.dma-controller: Adding to iommu group 1
+[    2.549684] tegra-gpcdma 2600000.dma-controller: GPC DMA driver register 31 channels
+[    2.552031] 3100000.serial: ttyTHS1 at MMIO 0x3100000 (irq = 112, base_baud = 0) is a TEGRA_UART
+[    2.552646] 3140000.serial: ttyTHS2 at MMIO 0x3140000 (irq = 113, base_baud = 0) is a TEGRA_UART
+[    2.554429] tegra_rtc c2a0000.rtc: registered as rtc1
+[    2.554439] tegra_rtc c2a0000.rtc: Tegra internal Real Time Clock
+[    2.554883] tegra-i2c 3160000.i2c: Adding to iommu group 1
+[    2.561083] tegra-i2c 3180000.i2c: Adding to iommu group 1
+[    2.563495] tegra-i2c 31b0000.i2c: Adding to iommu group 1
+[    2.565109] tegra-i2c c240000.i2c: Adding to iommu group 1
+[    2.566429] i2c 1-0025: Fixing up cyclic dependency with 3520000.padctl
+[    2.567006] tegra-i2c c250000.i2c: Adding to iommu group 1
+[    2.568948] i2c i2c-2: Added multiplexed i2c bus 9
+[    2.568952] i2c-mux-gpio bus@0:cam_i2cmux: 1 port mux on 3180000.i2c adapter
+[    2.586992] cpufreq: cpufreq_online: CPU4: Running at unlisted initial frequency: 1995000 KHz, changing to: 1984000 KHz
+[    2.588978] tegra-xusb 3610000.usb: Adding to iommu group 2
+[    2.603758] tegra-xusb 3610000.usb: Firmware timestamp: 2023-02-10 03:48:10 UTC
+[    2.603765] tegra-xusb 3610000.usb: xHCI Host Controller
+[    2.603774] tegra-xusb 3610000.usb: new USB bus registered, assigned bus number 1
+[    2.604492] tegra-xusb 3610000.usb: hcc params 0x0180ff05 hci version 0x120 quirks 0x0000000000010810
+[    2.604509] tegra-xusb 3610000.usb: irq 123, io mem 0x03610000
+[    2.604612] tegra-xusb 3610000.usb: xHCI Host Controller
+[    2.604616] tegra-xusb 3610000.usb: new USB bus registered, assigned bus number 2
+[    2.604619] tegra-xusb 3610000.usb: Host supports USB 3.1 Enhanced SuperSpeed
+[    2.605880] hub 1-0:1.0: USB hub found
+[    2.605900] hub 1-0:1.0: 4 ports detected
+[    2.606259] hub 2-0:1.0: USB hub found
+[    2.606273] hub 2-0:1.0: 4 ports detected
+[    2.608005] irq: IRQ227: trimming hierarchy from :bus@0:pmc@c360000
+[    2.608061] irq: IRQ228: trimming hierarchy from :bus@0:interrupt-controller@f400000-1
+[    2.608125] input: gpio-keys as /devices/platform/gpio-keys/input/input0
+[    2.608845] clk: Disabling unused clocks
+[    2.649368] ALSA device list:
+[    2.649371]   No soundcards found.
+[    2.660746] Freeing unused kernel memory: 7744K
+[    2.660810] Run /init as init process
+[    2.660812]   with arguments:
+[    2.660812]     /init
+[    2.660813]   with environment:
+[    2.660813]     HOME=/
+[    2.660814]     TERM=linux
+[    2.660814]     boot_profile=ov5647-dev
+[    2.660815]     bl_prof_dataptr=2031616@0x471E10000
+[    2.660816]     bl_prof_ro_ptr=65536@0x471E00000
+[    2.675135] Checking overlayfs setting...
+[    2.684235] Overlayfs is disabled...
+[    2.690698] Root device found: PARTUUID=03f3e885-a6e9-47ba-b7e1-ccc5bf71a344
+[    2.943282] usb 1-2: new high-speed USB device number 2 using tegra-xusb
+[    3.114553] hub 1-2:1.0: USB hub found
+[    3.115887] hub 1-2:1.0: 4 ports detected
+[    3.228146] usb 2-1: new SuperSpeed Plus Gen 2x1 USB device number 2 using tegra-xusb
+[    3.277098] hub 2-1:1.0: USB hub found
+[    3.279347] hub 2-1:1.0: 4 ports detected
+[    3.383286] usb 1-3: new full-speed USB device number 3 using tegra-xusb
+[    3.839283] usb 1-2.4: new low-speed USB device number 4 using tegra-xusb
+[    3.958393] input: Lenovo Lenovo Calliope USB Keyboard as /devices/platform/bus@0/3610000.usb/usb1/1-2/1-2.4/1-2.4:1.0/0003:17EF:608C.0001/input/input1
+[    4.095871] hid-generic 0003:17EF:608C.0001: input,hidraw0: USB HID v1.11 Keyboard [Lenovo Lenovo Calliope USB Keyboard] on usb-3610000.usb-2.4/input0
+[    4.101556] input: Lenovo Lenovo Calliope USB Keyboard System Control as /devices/platform/bus@0/3610000.usb/usb1/1-2/1-2.4/1-2.4:1.1/0003:17EF:608C.0002/input/input2
+[    4.160036] input: Lenovo Lenovo Calliope USB Keyboard Consumer Control as /devices/platform/bus@0/3610000.usb/usb1/1-2/1-2.4/1-2.4:1.1/0003:17EF:608C.0002/input/input3
+[    4.160437] hid-generic 0003:17EF:608C.0002: input,hidraw1: USB HID v1.11 Device [Lenovo Lenovo Calliope USB Keyboard] on usb-3610000.usb-2.4/input1
+[    6.254402] tegra194-pcie 14100000.pcie: Adding to iommu group 3
+[    6.255645] irq: IRQ229: trimming hierarchy from :bus@0:interrupt-controller@f400000-1
+[    6.256524] tegra194-pcie 14100000.pcie: host bridge /bus@0/pcie@14100000 ranges:
+[    6.256543] tegra194-pcie 14100000.pcie:      MEM 0x2080000000..0x20a7ffffff -> 0x2080000000
+[    6.256552] tegra194-pcie 14100000.pcie:      MEM 0x20a8000000..0x20afffffff -> 0x0040000000
+[    6.256558] tegra194-pcie 14100000.pcie:       IO 0x0030100000..0x00301fffff -> 0x0030100000
+[    6.256872] tegra194-pcie 14100000.pcie: iATU unroll: enabled
+[    6.256875] tegra194-pcie 14100000.pcie: Detected iATU regions: 8 outbound, 2 inbound
+[    6.277612] tegra-xudc 3550000.usb: Adding to iommu group 4
+[    6.363287] tegra194-pcie 14100000.pcie: Link up
+[    6.365926] tegra194-pcie 14100000.pcie: Link up
+[    6.366236] tegra194-pcie 14100000.pcie: PCI host bridge to bus 0001:00
+[    6.366239] pci_bus 0001:00: root bus resource [bus 00-ff]
+[    6.366243] pci_bus 0001:00: root bus resource [mem 0x2080000000-0x20a7ffffff pref]
+[    6.366247] pci_bus 0001:00: root bus resource [mem 0x20a8000000-0x20afffffff] (bus address [0x40000000-0x47ffffff])
+[    6.366250] pci_bus 0001:00: root bus resource [io  0x0000-0xfffff] (bus address [0x30100000-0x301fffff])
+[    6.366301] pci 0001:00:00.0: [10de:229e] type 01 class 0x060400
+[    6.366466] pci 0001:00:00.0: PME# supported from D0 D3hot
+[    6.369941] pci 0001:01:00.0: [10ec:c822] type 00 class 0x028000
+[    6.370475] pci 0001:01:00.0: reg 0x10: [io  0x0000-0x00ff]
+[    6.370522] pci 0001:01:00.0: reg 0x18: [mem 0x20a8000000-0x20a800ffff 64bit]
+[    6.371416] pci 0001:01:00.0: supports D1 D2
+[    6.371418] pci 0001:01:00.0: PME# supported from D0 D1 D2 D3hot D3cold
+[    6.385960] pci 0001:00:00.0: BAR 14: assigned [mem 0x20a8000000-0x20a80fffff]
+[    6.385964] pci 0001:00:00.0: BAR 13: assigned [io  0x1000-0x1fff]
+[    6.385968] pci 0001:01:00.0: BAR 2: assigned [mem 0x20a8000000-0x20a800ffff 64bit]
+[    6.386070] pci 0001:01:00.0: BAR 0: assigned [io  0x1000-0x10ff]
+[    6.386101] pci 0001:00:00.0: PCI bridge to [bus 01-ff]
+[    6.386105] pci 0001:00:00.0:   bridge window [io  0x1000-0x1fff]
+[    6.386109] pci 0001:00:00.0:   bridge window [mem 0x20a8000000-0x20a80fffff]
+[    6.386129] pci 0001:00:00.0: Max Payload Size set to  256/ 256 (was  128), Max Read Rq  256
+[    6.386276] pci 0001:01:00.0: Max Payload Size set to  128/ 128 (was  128), Max Read Rq  128
+[    6.386376] pcieport 0001:00:00.0: Adding to iommu group 3
+[    6.386474] pcieport 0001:00:00.0: PME: Signaling with IRQ 190
+[    6.386786] pcieport 0001:00:00.0: AER: enabled with IRQ 190
+[    6.387609] tegra194-pcie 14160000.pcie: Adding to iommu group 5
+[    6.389238] tegra194-pcie 14160000.pcie: host bridge /bus@0/pcie@14160000 ranges:
+[    6.389251] tegra194-pcie 14160000.pcie:      MEM 0x2140000000..0x2427ffffff -> 0x2140000000
+[    6.389257] tegra194-pcie 14160000.pcie:      MEM 0x2428000000..0x242fffffff -> 0x0040000000
+[    6.389260] tegra194-pcie 14160000.pcie:       IO 0x0036100000..0x00361fffff -> 0x0036100000
+[    6.389562] tegra194-pcie 14160000.pcie: iATU unroll: enabled
+[    6.389564] tegra194-pcie 14160000.pcie: Detected iATU regions: 8 outbound, 2 inbound
+[    6.495465] tegra194-pcie 14160000.pcie: Link up
+[    6.497322] tegra194-pcie 14160000.pcie: Link up
+[    6.497369] tegra194-pcie 14160000.pcie: PCI host bridge to bus 0004:00
+[    6.497373] pci_bus 0004:00: root bus resource [bus 00-ff]
+[    6.497376] pci_bus 0004:00: root bus resource [mem 0x2140000000-0x2427ffffff pref]
+[    6.497379] pci_bus 0004:00: root bus resource [mem 0x2428000000-0x242fffffff] (bus address [0x40000000-0x47ffffff])
+[    6.497382] pci_bus 0004:00: root bus resource [io  0x100000-0x1fffff] (bus address [0x36100000-0x361fffff])
+[    6.497426] pci 0004:00:00.0: [10de:229c] type 01 class 0x060400
+[    6.497574] pci 0004:00:00.0: PME# supported from D0 D3hot
+[    6.500802] pci 0004:01:00.0: [4321:2263] type 00 class 0x010802
+[    6.501268] pci 0004:01:00.0: reg 0x10: [mem 0x00000000-0x00003fff 64bit]
+[    6.513943] pci 0004:00:00.0: BAR 14: assigned [mem 0x2428000000-0x24280fffff]
+[    6.513947] pci 0004:01:00.0: BAR 0: assigned [mem 0x2428000000-0x2428003fff 64bit]
+[    6.514033] pci 0004:00:00.0: PCI bridge to [bus 01-ff]
+[    6.514038] pci 0004:00:00.0:   bridge window [mem 0x2428000000-0x24280fffff]
+[    6.514056] pci 0004:00:00.0: Max Payload Size set to  256/ 256 (was  128), Max Read Rq  256
+[    6.514180] pci 0004:01:00.0: Max Payload Size set to  128/ 128 (was  128), Max Read Rq  128
+[    6.514275] pcieport 0004:00:00.0: Adding to iommu group 5
+[    6.514361] pcieport 0004:00:00.0: PME: Signaling with IRQ 192
+[    6.514759] pcieport 0004:00:00.0: AER: enabled with IRQ 192
+[    6.515005] nvme 0004:01:00.0: Adding to iommu group 5
+[    6.515197] nvme nvme0: pci function 0004:01:00.0
+[    6.515255] nvme 0004:01:00.0: enabling device (0000 -> 0002)
+[    6.515805] tegra194-pcie 141e0000.pcie: Adding to iommu group 6
+[    6.516987] tegra194-pcie 141e0000.pcie: host bridge /bus@0/pcie@141e0000 ranges:
+[    6.517003] tegra194-pcie 141e0000.pcie:      MEM 0x3000000000..0x3227ffffff -> 0x3000000000
+[    6.517010] tegra194-pcie 141e0000.pcie:      MEM 0x3228000000..0x322fffffff -> 0x0040000000
+[    6.517014] tegra194-pcie 141e0000.pcie:       IO 0x003e100000..0x003e1fffff -> 0x003e100000
+[    6.517323] tegra194-pcie 141e0000.pcie: iATU unroll: enabled
+[    6.517325] tegra194-pcie 141e0000.pcie: Detected iATU regions: 8 outbound, 2 inbound
+[    6.533594] nvme nvme0: allocated 64 MiB host memory buffer.
+[    6.552067] nvme nvme0: 8/0/0 default/read/poll queues
+[    6.560798]  nvme0n1: p1 p2 p3 p4 p5 p6 p7 p8 p9 p10 p11 p12 p13 p14 p15
+[    6.910518] EXT4-fs (nvme0n1p1): mounted filesystem with ordered data mode. Opts: (null). Quota mode: none.
+[    6.916686] Rootfs mounted over PARTUUID=03f3e885-a6e9-47ba-b7e1-ccc5bf71a344
+[    6.925187] Switching from initrd to actual rootfs
+[    6.975211] systemd[1]: System time before build time, advancing clock.
+[    6.993129] NET: Registered PF_INET6 protocol family
+[    6.993554] Segment Routing with IPv6
+[    6.993560] In-situ OAM (IOAM) with IPv6
+[    7.007186] systemd[1]: systemd 249.11-0ubuntu3.17 running in system mode (+PAM +AUDIT +SELINUX +APPARMOR +IMA +SMACK +SECCOMP +GCRYPT +GNUTLS +OPENSSL +ACL +BLKID +CURL +ELFUTILS +FIDO2 +IDN2 -IDN +IPTC +KMOD +LIBCRYPTSETUP +LIBFDISK +PCRE2 -PWQUALITY -P11KIT -QRENCODE +BZIP2 +LZ4 +XZ +ZLIB +ZSTD -XKBCOMMON +UTMP +SYSVINIT default-hierarchy=unified)
+[    7.007601] systemd[1]: Detected architecture arm64.
+[    7.008650] systemd[1]: Hostname set to <cam-desktop>.
+[    7.015703] systemd[1]: Using hardware watchdog 'NVIDIA Tegra186 WDT', version 0, device /dev/watchdog
+[    7.015720] systemd[1]: Set hardware watchdog to 2min.
+[    7.172712] systemd[1]: /lib/systemd/system/snapd.service:23: Unknown key name 'RestartMode' in section 'Service', ignoring.
+[    7.183748] systemd[1]: /etc/systemd/system/nvs-service.service:41: Standard output type syslog is obsolete, automatically updating to journal. Please update your unit file, and consider removing the setting altogether.
+[    7.186628] systemd[1]: /etc/systemd/system/nvargus-daemon.service:42: Standard output type syslog is obsolete, automatically updating to journal. Please update your unit file, and consider removing the setting altogether.
+[    7.227019] systemd[1]: Queued start job for default target Graphical Interface.
+[    7.228668] systemd[1]: Created slice Slice /system/modprobe.
+[    7.229265] systemd[1]: Created slice Slice /system/openvpn.
+[    7.229731] systemd[1]: Created slice Slice /system/serial-getty.
+[    7.230126] systemd[1]: Created slice Slice /system/systemd-fsck.
+[    7.230452] systemd[1]: Created slice User and Session Slice.
+[    7.230615] systemd[1]: Started Forward Password Requests to Wall Directory Watch.
+[    7.230979] systemd[1]: Set up automount Arbitrary Executable File Formats File System Automount Point.
+[    7.231139] systemd[1]: Reached target Slice Units.
+[    7.231200] systemd[1]: Reached target Mounting snaps.
+[    7.231259] systemd[1]: Reached target Swaps.
+[    7.232401] systemd[1]: Reached target Local Verity Protected Volumes.
+[    7.233360] systemd[1]: Listening on Device-mapper event daemon FIFOs.
+[    7.233582] systemd[1]: Listening on LVM2 poll daemon socket.
+[    7.239562] systemd[1]: Listening on RPCbind Server Activation Socket.
+[    7.239978] systemd[1]: Listening on Syslog Socket.
+[    7.240204] systemd[1]: Listening on fsck to fsckd communication Socket.
+[    7.240359] systemd[1]: Listening on initctl Compatibility Named Pipe.
+[    7.240692] systemd[1]: Listening on Journal Audit Socket.
+[    7.240875] systemd[1]: Listening on Journal Socket (/dev/log).
+[    7.241111] systemd[1]: Listening on Journal Socket.
+[    7.241855] systemd[1]: Listening on udev Control Socket.
+[    7.242059] systemd[1]: Listening on udev Kernel Socket.
+[    7.243165] systemd[1]: Mounting Huge Pages File System...
+[    7.244336] systemd[1]: Mounting POSIX Message Queue File System...
+[    7.287901] systemd[1]: Mounting Kernel Debug File System...
+[    7.289237] systemd[1]: Mounting Kernel Trace File System...
+[    7.291479] systemd[1]: Starting Journal Service...
+[    7.303376] systemd[1]: Finished Availability of block devices.
+[    7.305165] systemd[1]: Starting Set the console keyboard layout...
+[    7.306508] systemd[1]: Starting Create List of Static Device Nodes...
+[    7.307931] systemd[1]: Starting Monitoring of LVM2 mirrors, snapshots etc. using dmeventd or progress polling...
+[    7.334121] systemd[1]: Starting Load Kernel Module configfs...
+[    7.335439] systemd[1]: Starting Load Kernel Module drm...
+[    7.344966] systemd[1]: Starting Load Kernel Module efi_pstore...
+[    7.346451] systemd[1]: Starting Load Kernel Module fuse...
+[    7.347782] systemd[1]: Starting NVIDIA specific first-boot udev script...
+[    7.352981] fuse: init (API version 7.34)
+[    7.368390] systemd[1]: Started Nameserver information manager.
+[    7.368620] systemd[1]: Reached target Preparation for Network.
+[    7.368856] systemd[1]: Condition check resulted in File System Check on Root Device being skipped.
+[    7.370898] systemd[1]: Starting Load Kernel Modules...
+[    7.372161] systemd[1]: Starting Remount Root and Kernel File Systems...
+[    7.377714] nvsciipc: loading out-of-tree module taints kernel.
+[    7.378760] nvsciipc: loaded module
+[    7.379134] EXT4-fs (nvme0n1p1): re-mounted. Opts: (null). Quota mode: none.
+[    7.384264] nvmap_heap_init: nvmap_heap_init: created heap block cache
+[    7.384767] nvmap_page_pool_init: Total RAM pages: 4004598
+[    7.384769] nvmap_page_pool_init: nvmap page pool size: 500574 pages (1955 MB)
+[    7.384825] nvmap_background_zero_thread: PP zeroing thread starting.
+[    7.391176] tegra-host1x 13e00000.host1x: Adding to iommu group 7
+[    7.392388] host1x-context host1x-ctx.0: Adding to iommu group 8
+[    7.392500] host1x-context host1x-ctx.1: Adding to iommu group 9
+[    7.392592] host1x-context host1x-ctx.2: Adding to iommu group 10
+[    7.392694] host1x-context host1x-ctx.3: Adding to iommu group 11
+[    7.392783] host1x-context host1x-ctx.4: Adding to iommu group 12
+[    7.392869] host1x-context host1x-ctx.5: Adding to iommu group 13
+[    7.392959] host1x-context host1x-ctx.6: Adding to iommu group 14
+[    7.393053] host1x-context host1x-ctx.7: Adding to iommu group 15
+[    7.393145] host1x-context host1x-ctx.8: Adding to iommu group 16
+[    7.393231] host1x-context host1x-ctx.9: Adding to iommu group 17
+[    7.393323] host1x-context host1x-ctx.10: Adding to iommu group 18
+[    7.393412] host1x-context host1x-ctx.11: Adding to iommu group 19
+[    7.393505] host1x-context host1x-ctx.12: Adding to iommu group 20
+[    7.393594] host1x-context host1x-ctx.13: Adding to iommu group 21
+[    7.393708] host1x-context host1x-ctx.14: Adding to iommu group 22
+[    7.393794] host1x-context host1x-ctx.15: Adding to iommu group 23
+[    7.401724] platform 13e00000.host1x:nvcsi@15a00000: Fixing up cyclic dependency with 9-0036
+[    7.401740] platform 13e00000.host1x:nvcsi@15a00000: Fixing up cyclic dependency with tegra-capture-vi
+[    7.408367] systemd[1]: Starting Coldplug All udev Devices...
+[    7.439118] nvgpu: 17000000.gpu          nvgpu_nvhost_syncpt_init:122  [INFO]  syncpt_unit_base 60000000 syncpt_unit_size 4000000 size 10000
+
+[    7.444363] systemd[1]: Mounted Huge Pages File System.
+[    7.497769] systemd[1]: Mounted POSIX Message Queue File System.
+[    7.547226] systemd[1]: Mounted Kernel Debug File System.
+[    7.600678] systemd[1]: Mounted Kernel Trace File System.
+[    7.601195] systemd[1]: Finished Set the console keyboard layout.
+[    7.601726] systemd[1]: Finished Create List of Static Device Nodes.
+[    7.602101] systemd[1]: modprobe@configfs.service: Deactivated successfully.
+[    7.602385] systemd[1]: Finished Load Kernel Module configfs.
+[    7.602772] systemd[1]: modprobe@drm.service: Deactivated successfully.
+[    7.603034] systemd[1]: Finished Load Kernel Module drm.
+[    7.603422] systemd[1]: modprobe@efi_pstore.service: Deactivated successfully.
+[    7.603691] systemd[1]: Finished Load Kernel Module efi_pstore.
+[    7.623307] tegra194-pcie 141e0000.pcie: Phy link never came up
+[    7.651358] systemd[1]: modprobe@fuse.service: Deactivated successfully.
+[    7.651623] systemd[1]: Finished Load Kernel Module fuse.
+[    7.675773] systemd[1]: Finished NVIDIA specific first-boot udev script.
+[    7.676552] systemd[1]: Finished Load Kernel Modules.
+[    7.676985] systemd[1]: Finished Remount Root and Kernel File Systems.
+[    7.679629] systemd[1]: Mounting FUSE Control File System...
+[    7.700618] systemd[1]: Mounting Kernel Configuration File System...
+[    7.702584] systemd[1]: Starting OP-TEE Client Supplicant...
+[    7.702783] systemd[1]: Condition check resulted in Platform Persistent Storage Archival being skipped.
+[    7.703899] systemd[1]: Starting Load/Save Random Seed...
+[    7.732135] systemd[1]: Starting Apply Kernel Variables...
+[    7.733335] systemd[1]: Starting Create System Users...
+[    7.735453] systemd[1]: Mounted FUSE Control File System.
+[    7.762382] systemd[1]: Mounted Kernel Configuration File System.
+[    7.762967] systemd[1]: Finished Load/Save Random Seed.
+[    7.763668] systemd[1]: Finished Apply Kernel Variables.
+[    7.764066] systemd[1]: Condition check resulted in First Boot Complete being skipped.
+[    7.767532] systemd[1]: Finished Create System Users.
+[    7.769298] systemd[1]: Starting Create Static Device Nodes in /dev...
+[    7.779876] systemd[1]: Finished Create Static Device Nodes in /dev.
+[    7.782221] systemd[1]: Starting Rule-based Manager for Device Events and Files...
+[    7.843587] systemd[1]: Started Rule-based Manager for Device Events and Files.
+[    7.932973] tegra-se 15820000.crypto: Adding to iommu group 24
+[    7.934946] tegra-soc-hwpm f100000.hwpm: Adding to iommu group 25
+[    7.941700] tegra-se 15840000.crypto: Adding to iommu group 26
+[    8.141003] scare-pigeon 13e00000.host1x:vi0-thi@15f00000: Adding to iommu group 27
+[    8.141760] scare-pigeon 13e00000.host1x:vi0-thi@15f00000: syncpt_unit_base 60000000 syncpt_unit_size 4000000 size 10000
+[    8.141856] scare-pigeon 13e00000.host1x:vi1-thi@14f00000: Adding to iommu group 28
+[    8.142188] systemd[1]: Started OP-TEE Client Supplicant.
+[    8.142480] mc: Linux media interface: v0.10
+[    8.142555] scare-pigeon 13e00000.host1x:vi1-thi@14f00000: syncpt_unit_base 60000000 syncpt_unit_size 4000000 size 10000
+[    8.142640] scare-pigeon 13e00000.host1x:isp-thi@14b00000: Adding to iommu group 29
+[    8.143088] scare-pigeon 13e00000.host1x:isp-thi@14b00000: syncpt_unit_base 60000000 syncpt_unit_size 4000000 size 10000
+[    8.153690] nvdla 15880000.nvdla0: Adding to iommu group 30
+[    8.157848] pva 16000000.pva0: Adding to iommu group 31
+[    8.160237] nvdla 15880000.nvdla0: syncpt_unit_base 60000000 syncpt_unit_size 4000000 size 10000
+[    8.162675] pva_iommu_context_dev 16000000.pva0:pva0_niso1_ctx0: Adding to iommu group 32
+[    8.162908] videodev: Linux video capture interface: v2.00
+[    8.162958] pva_iommu_context_dev 16000000.pva0:pva0_niso1_ctx0: initialized (streamid=18, iommu=smmu.0x0000000008000000)
+[    8.168721] nvdla 158c0000.nvdla1: Adding to iommu group 33
+[    8.173849] pva_iommu_context_dev 16000000.pva0:pva0_niso1_ctx1: Adding to iommu group 34
+[    8.177777] pva_iommu_context_dev 16000000.pva0:pva0_niso1_ctx1: initialized (streamid=19, iommu=smmu.0x0000000008000000)
+[    8.178426] nvdla 158c0000.nvdla1: syncpt_unit_base 60000000 syncpt_unit_size 4000000 size 10000
+[    8.192332] pva_iommu_context_dev 16000000.pva0:pva0_niso1_ctx2: Adding to iommu group 35
+[    8.193244] pva_iommu_context_dev 16000000.pva0:pva0_niso1_ctx2: initialized (streamid=20, iommu=smmu.0x0000000008000000)
+[    8.194980] tegra-vic 15340000.vic: Adding to iommu group 36
+[    8.203147] pva_iommu_context_dev 16000000.pva0:pva0_niso1_ctx3: Adding to iommu group 37
+[    8.204596] pva_iommu_context_dev 16000000.pva0:pva0_niso1_ctx3: initialized (streamid=21, iommu=smmu.0x0000000008000000)
+[    8.209166] pva_iommu_context_dev 16000000.pva0:pva0_niso1_ctx4: Adding to iommu group 38
+[    8.212315] pva_iommu_context_dev 16000000.pva0:pva0_niso1_ctx4: initialized (streamid=22, iommu=smmu.0x0000000008000000)
+[    8.213419] tegra-nvdec 15480000.nvdec: Adding to iommu group 39
+[    8.214842] pva_iommu_context_dev 16000000.pva0:pva0_niso1_ctx5: Adding to iommu group 40
+[    8.214914] pva_iommu_context_dev 16000000.pva0:pva0_niso1_ctx5: initialized (streamid=23, iommu=smmu.0x0000000008000000)
+[    8.215376] pva_iommu_context_dev 16000000.pva0:pva0_niso1_ctx6: Adding to iommu group 41
+[    8.215440] pva_iommu_context_dev 16000000.pva0:pva0_niso1_ctx6: initialized (streamid=24, iommu=smmu.0x0000000008000000)
+[    8.215810] pva_iommu_context_dev 16000000.pva0:pva0_niso1_ctx7: Adding to iommu group 42
+[    8.215876] pva_iommu_context_dev 16000000.pva0:pva0_niso1_ctx7: initialized (streamid=25, iommu=smmu.0x0000000008000000)
+[    8.215894] pva 16000000.pva0: pdata->version is HW_GEN2
+[    8.224104] Inserting ivc_ext.ko module
+[    8.224128] pva 16000000.pva0: Completed nvhost_client_device_init
+[    8.225064] pva 16000000.pva0: syncpt_unit_base 60000000 syncpt_unit_size 4000000 size 10000
+[    8.232129] tegra-nvenc 154c0000.nvenc: Adding to iommu group 43
+[    8.241451] tegra-nvjpg 15380000.nvjpg: Adding to iommu group 44
+[    8.245739] tegra-nvjpg 15540000.nvjpg: Adding to iommu group 45
+[    8.270590] tegra-ofa 15a50000.ofa: Adding to iommu group 46
+[    8.271298] tegra186-cam-rtcpu bc00000.rtcpu: Adding to iommu group 47
+[    8.272252] tegra186-cam-rtcpu bc00000.rtcpu: Trace buffer configured at IOVA=0xbff00000
+[    8.272417] [drm] Initialized tegra 1.0.99 20120330 for drm on minor 0
+[    8.272433] drm drm: [drm] Cannot find any crtc or sizes
+[    8.278827] tegra-ivc-bus bc00000.rtcpu:ivc-bus: region 0: iova=0xbfec0000-0xbfee027f size=131712
+[    8.279468] tegra-ivc-bus bc00000.rtcpu:ivc-bus:echo@0: echo: ver=0 grp=1 RX[16x64]=0x1000-0x1480 TX[16x64]=0x1480-0x1900
+[    8.279588] tegra-ivc-bus bc00000.rtcpu:ivc-bus:dbg@1: dbg: ver=0 grp=1 RX[1x512]=0x1900-0x1b80 TX[1x512]=0x1b80-0x1e00
+[    8.279614] tegra-ivc-bus bc00000.rtcpu:ivc-bus:dbg@2: dbg: ver=0 grp=1 RX[1x8192]=0x1e00-0x3e80 TX[1x8192]=0x3e80-0x5f00
+[    8.279655] tegra-ivc-bus bc00000.rtcpu:ivc-bus:ivccontrol@3: ivccontrol: ver=0 grp=1 RX[64x320]=0x5f00-0xaf80 TX[64x320]=0xaf80-0x10000
+[    8.279724] tegra-ivc-bus bc00000.rtcpu:ivc-bus:ivccapture@4: ivccapture: ver=0 grp=1 RX[512x64]=0x10000-0x18080 TX[512x64]=0x18080-0x20100
+[    8.279778] tegra-ivc-bus bc00000.rtcpu:ivc-bus:diag@5: diag: ver=0 grp=1 RX[1x64]=0x20100-0x201c0 TX[1x64]=0x201c0-0x20280
+[    8.279944] tegra186-cam-rtcpu bc00000.rtcpu: using cam RTCPU IRQ (218)
+[    8.279947] tegra186-cam-rtcpu bc00000.rtcpu: tegra_camrtc_mon_create is successful
+[    8.280261] tegra186-cam-rtcpu bc00000.rtcpu: firmware version cpu=rce cmd=6 sha1=04ea869968864dcb132a50cad9712bd529a09ee2
+[    8.280402] tegra-ivc-bus bc00000.rtcpu:ivc-bus:echo@0: ivc channel driver missing
+[    8.280405] tegra-ivc-bus bc00000.rtcpu:ivc-bus:dbg@1: ivc channel driver missing
+[    8.280407] tegra-ivc-bus bc00000.rtcpu:ivc-bus:dbg@2: ivc channel driver missing
+[    8.280408] tegra-ivc-bus bc00000.rtcpu:ivc-bus:ivccontrol@3: ivc channel driver missing
+[    8.280410] tegra-ivc-bus bc00000.rtcpu:ivc-bus:ivccapture@4: ivc channel driver missing
+[    8.280413] tegra-ivc-bus bc00000.rtcpu:ivc-bus:diag@5: ivc channel driver missing
+[    8.280424] tegra-hsp b950000.tegra-hsp: Try increasing MBOX_TX_QUEUE_LEN
+[    8.327310] [RCE] TCU debug prints will be routed to traces.
+[    8.429572] tegra194-isp5 14800000.isp: Adding to iommu group 29
+[    8.434846] tegra194-vi5 13e00000.host1x:vi0@15c00000: Adding to iommu group 27
+[    8.436381] tegra-camrtc-capture-vi tegra-capture-vi: subdev 13e00000.host1x:nvcsi@15a00000- bound
+[    8.437804] tegra194-vi5 13e00000.host1x:vi1@14c00000: Adding to iommu group 28
+[    8.437888] (NULL device *): fops function table already registered
+[    8.631296] tegra194-pcie 141e0000.pcie: Phy link never came up
+[    8.631402] tegra194-pcie 141e0000.pcie: PCI host bridge to bus 0007:00
+[    8.631406] pci_bus 0007:00: root bus resource [bus 00-ff]
+[    8.631410] pci_bus 0007:00: root bus resource [mem 0x3000000000-0x3227ffffff pref]
+[    8.631412] pci_bus 0007:00: root bus resource [mem 0x3228000000-0x322fffffff] (bus address [0x40000000-0x47ffffff])
+[    8.631414] pci_bus 0007:00: root bus resource [io  0x200000-0x2fffff] (bus address [0x3e100000-0x3e1fffff])
+[    8.631460] pci 0007:00:00.0: [10de:229a] type 01 class 0x060400
+[    8.631612] pci 0007:00:00.0: PME# supported from D0 D3hot
+[    8.637550] pci 0007:00:00.0: PCI bridge to [bus 01-ff]
+[    8.637577] pci 0007:00:00.0: Max Payload Size set to  256/ 256 (was  128), Max Read Rq  256
+[    8.637725] pcieport 0007:00:00.0: Adding to iommu group 6
+[    8.637848] pcieport 0007:00:00.0: PME: Signaling with IRQ 194
+[    8.638002] pcieport 0007:00:00.0: AER: enabled with IRQ 194
+[    8.638318] pci_bus 0007:01: busn_res: [bus 01-ff] is released
+[    8.638468] pci 0007:00:00.0: Removing from iommu group 6
+[    8.638488] pci_bus 0007:00: busn_res: [bus 00-ff] is released
+[    8.640307] tegra194-pcie 140a0000.pcie: Adding to iommu group 48
+[    8.740073] tegra-dce d800000.dce: Adding to iommu group 49
+[    8.740490] dce: dce_ipc_channel_init:311  Invalid Channel State [0x0] for ch_type [2]
+[    8.740656] dce: tegra_dce_probe:247  Found display consumer device
+[    8.741474] dce: dce_mailbox_set_full_interrupt:157  Intr bit set multiple times for MB : [0x5]
+[    8.741481] dce: dce_mailbox_set_full_interrupt:157  Intr bit set multiple times for MB : [0x5]
+[    8.741733] dce: dce_admin_send_cmd_ver:456  version : [0x3] err : [0x0]
+[    8.741928] dce: dce_mailbox_set_full_interrupt:157  Intr bit set multiple times for MB : [0x1]
+[    8.741933] dce: dce_mailbox_set_full_interrupt:157  Intr bit set multiple times for MB : [0x1]
+[    8.741939] dce: dce_admin_setup_clients_ipc:585  Channel Reset Complete for Type [1] ...
+[    8.741941] dce: dce_admin_setup_clients_ipc:561  Get queue info failed for [2]
+[    8.742135] dce: dce_mailbox_set_full_interrupt:157  Intr bit set multiple times for MB : [0x2]
+[    8.742141] dce: dce_admin_setup_clients_ipc:585  Channel Reset Complete for Type [3] ...
+[    8.743103] dce: dce_start_boot_flow:166  DCE_BOOT_DONE
+[    8.748298] nvvrs_pseq 4-003c: NVVRS Vendor ID: 0x9
+[    8.751574] nvvrs_pseq 4-003c: NVVRS Model Rev: 0x82
+[    8.752074] tegra194-pcie 140a0000.pcie: host bridge /bus@0/pcie@140a0000 ranges:
+[    8.752104] tegra194-pcie 140a0000.pcie:      MEM 0x3240000000..0x3527ffffff -> 0x3240000000
+[    8.752111] tegra194-pcie 140a0000.pcie:      MEM 0x3528000000..0x352fffffff -> 0x0040000000
+[    8.752115] tegra194-pcie 140a0000.pcie:       IO 0x002a100000..0x002a1fffff -> 0x002a100000
+[    8.752489] tegra194-pcie 140a0000.pcie: iATU unroll: enabled
+[    8.752492] tegra194-pcie 140a0000.pcie: Detected iATU regions: 8 outbound, 2 inbound
+[    8.760388] nvvrs_pseq 4-003c: NVVRS PSEQ probe successful
+[    8.762185] systemd[1]: Finished Coldplug All udev Devices.
+[    8.762638] systemd[1]: Condition check resulted in Show Plymouth Boot Screen being skipped.
+[    8.762801] systemd[1]: Started Dispatch Password Requests to Console Directory Watch.
+[    8.762891] systemd[1]: Condition check resulted in Forward Password Requests to Plymouth Directory Watch being skipped.
+[    8.762918] systemd[1]: Reached target Local Encrypted Volumes.
+[    8.777366] nv_platform 13800000.display: Adding to iommu group 50
+[    8.781199] platform 13800000.display:nvdisplay-niso: Adding to iommu group 51
+[    8.859289] tegra194-pcie 140a0000.pcie: Link up
+[    8.860691] tegra194-pcie 140a0000.pcie: Link up
+[    8.860766] tegra194-pcie 140a0000.pcie: PCI host bridge to bus 0008:00
+[    8.860771] pci_bus 0008:00: root bus resource [bus 00-ff]
+[    8.860774] pci_bus 0008:00: root bus resource [mem 0x3240000000-0x3527ffffff pref]
+[    8.860777] pci_bus 0008:00: root bus resource [mem 0x3528000000-0x352fffffff] (bus address [0x40000000-0x47ffffff])
+[    8.860779] pci_bus 0008:00: root bus resource [io  0x300000-0x3fffff] (bus address [0x2a100000-0x2a1fffff])
+[    8.860827] pci 0008:00:00.0: [10de:229c] type 01 class 0x060400
+[    8.860982] pci 0008:00:00.0: PME# supported from D0 D3hot
+[    8.864438] pci 0008:01:00.0: [10ec:8168] type 00 class 0x020000
