[    0.000000] Booting Linux on physical CPU 0x0000000000 [0x410fd421]
[    0.000000] Linux version 5.15.185-tegra (buildbrain@239549d1-8639-491a-b9e7-120e21430986-l1eu-vqrkv) (aarch64-buildroot-linux-gnu-gcc.br_real (Buildroot 2022.08) 11.3.0, GNU ld (GNU Binutils) 2.38) #1 SMP PREEMPT Thu Jan 15 19:24:38 PST 2026 ()
[    0.000000] Machine model: NVIDIA Jetson Orin NX Engineering Reference Developer Kit
[    0.000000] efi: EFI v2.70 by EDK II
[    0.000000] efi: RTPROP=0x46de1e698 TPMFinalLog=0x45e8f0000 SMBIOS=0xffff0000 SMBIOS 3.0=0x46da40000 MEMATTR=0x467efe018 ESRT=0x468420518 TPMEventLog=0x45e0cc018 RNG=0x45e900018 MEMRESERVE=0x45e901f98 
[    0.000000] random: crng init done
[    0.000000] secureboot: Secure boot disabled
[    0.000000] esrt: Reserving ESRT space from 0x0000000468420518 to 0x0000000468420550.
[    0.000000] Reserved memory: created CMA memory pool at 0x0000000449000000, size 256 MiB
[    0.000000] OF: reserved mem: initialized node linux,cma, compatible id shared-dma-pool
[    0.000000] NUMA: No NUMA configuration found
[    0.000000] NUMA: Faking a node at [mem 0x0000000080000000-0x0000000477ffffff]
[    0.000000] NUMA: NODE_DATA [mem 0x4702fc800-0x4702fefff]
[    0.000000] Zone ranges:
[    0.000000]   DMA      [mem 0x0000000080000000-0x00000000ffffffff]
[    0.000000]   DMA32    empty
[    0.000000]   Normal   [mem 0x0000000100000000-0x0000000477ffffff]
[    0.000000] Movable zone start for each node
[    0.000000] Early memory node ranges
[    0.000000]   node   0: [mem 0x0000000080000000-0x00000000bdffffff]
[    0.000000]   node   0: [mem 0x00000000c2000000-0x00000000fffdffff]
[    0.000000]   node   0: [mem 0x00000000fffe0000-0x00000000ffffffff]
[    0.000000]   node   0: [mem 0x0000000100000000-0x000000045d48ffff]
[    0.000000]   node   0: [mem 0x000000045d490000-0x000000045e0bffff]
[    0.000000]   node   0: [mem 0x000000045e0c0000-0x000000045e0effff]
[    0.000000]   node   0: [mem 0x000000045e0f0000-0x000000045e0fffff]
[    0.000000]   node   0: [mem 0x000000045e100000-0x000000045e14ffff]
[    0.000000]   node   0: [mem 0x000000045e150000-0x000000045e30ffff]
[    0.000000]   node   0: [mem 0x000000045e310000-0x000000045e8effff]
[    0.000000]   node   0: [mem 0x000000045e8f0000-0x000000045e8fffff]
[    0.000000]   node   0: [mem 0x000000045e900000-0x000000046bedffff]
[    0.000000]   node   0: [mem 0x000000046bee0000-0x000000046de1ffff]
[    0.000000]   node   0: [mem 0x000000046de20000-0x0000000471dfffff]
[    0.000000]   node   0: [mem 0x0000000471e00000-0x0000000471ffffff]
[    0.000000]   node   0: [mem 0x0000000472000000-0x000000047259ffff]
[    0.000000]   node   0: [mem 0x0000000476000000-0x0000000477ffffff]
[    0.000000] mminit::pageflags_layout_widths Section 0 Node 4 Zone 2 Lastcpupid 16 Kasantag 0 Flags 24
[    0.000000] mminit::pageflags_layout_shifts Section 21 Node 4 Zone 2 Lastcpupid 16 Kasantag 0
[    0.000000] mminit::pageflags_layout_pgshifts Section 0 Node 60 Zone 58 Lastcpupid 42 Kasantag 0
[    0.000000] mminit::pageflags_layout_nodezoneid Node/Zone ID: 64 -> 58
[    0.000000] mminit::pageflags_layout_usage location: 64 -> 42 layout 42 -> 24 unused 24 -> 0 page-flags
[    0.000000] Initmem setup node 0 [mem 0x0000000080000000-0x0000000477ffffff]
[    0.000000] mminit::memmap_init Initialising map node 0 zone 0 pfns 524288 -> 1048576
[    0.000000] mminit::memmap_init Initialising map node 0 zone 2 pfns 1048576 -> 4685824
[    0.000000] On node 0, zone DMA: 16384 pages in unavailable ranges
[    0.000000] On node 0, zone Normal: 14944 pages in unavailable ranges
[    0.000000] psci: probing for conduit method from DT.
[    0.000000] psci: PSCIv1.1 detected in firmware.
[    0.000000] psci: Using standard PSCI v0.2 function IDs
[    0.000000] psci: Trusted OS migration not required
[    0.000000] psci: SMC Calling Convention v1.2
[    0.000000] percpu: Embedded 30 pages/cpu s83480 r8192 d31208 u122880
[    0.000000] pcpu-alloc: s83480 r8192 d31208 u122880 alloc=30*4096
[    0.000000] pcpu-alloc: [0] 0 [0] 1 [0] 2 [0] 3 [0] 4 [0] 5 [0] 6 [0] 7 
[    0.000000] Detected PIPT I-cache on CPU0
[    0.000000] CPU features: detected: Address authentication (architected algorithm)
[    0.000000] CPU features: detected: GIC system register CPU interface
[    0.000000] CPU features: detected: Virtualization Host Extensions
[    0.000000] CPU features: detected: Hardware dirty bit management
[    0.000000] CPU features: detected: Spectre-v4
[    0.000000] CPU features: detected: Spectre-BHB
[    0.000000] CPU features: kernel page table isolation forced ON by KASLR
[    0.000000] CPU features: detected: Kernel page table isolation (KPTI)
[    0.000000] alternatives: patching kernel code
[    0.000000] mminit::zonelist general 0:DMA = 0:DMA 
[    0.000000] mminit::zonelist general 0:Normal = 0:Normal 0:DMA 
[    0.000000] mminit::zonelist thisnode 0:DMA = 0:DMA 
[    0.000000] mminit::zonelist thisnode 0:Normal = 0:Normal 0:DMA 
[    0.000000] Built 1 zonelists, mobility grouping on.  Total pages: 4065184
[    0.000000] Policy zone: Normal
[    0.000000] Kernel command line: root=PARTUUID=03f3e885-a6e9-47ba-b7e1-ccc5bf71a344 rw rootwait rootfstype=ext4 mminit_loglevel=4 console=ttyTCU0,115200 firmware_class.path=/etc/firmware fbcon=map:0 video=efifb:off console=tty0 efi=runtime pci=pcie_bus_perf nvme.use_threaded_interrupts=1 boot_profile=ov5647-dev bl_prof_dataptr=2031616@0x471E10000 bl_prof_ro_ptr=65536@0x471E00000 
[    0.000000] Unknown kernel command line parameters "boot_profile=ov5647-dev bl_prof_dataptr=2031616@0x471E10000 bl_prof_ro_ptr=65536@0x471E00000", will be passed to user space.
[    0.000000] Dentry cache hash table entries: 2097152 (order: 12, 16777216 bytes, linear)
[    0.000000] Inode-cache hash table entries: 1048576 (order: 11, 8388608 bytes, linear)
[    0.000000] mem auto-init: stack:off, heap alloc:off, heap free:off
[    0.000000] software IO TLB: mapped [mem 0x00000000fbfe0000-0x00000000fffe0000] (64MB)
[    0.000000] Memory: 15732952K/16520832K available (20480K kernel code, 4086K rwdata, 10172K rodata, 7744K init, 529K bss, 525736K reserved, 262144K cma-reserved)
[    0.000000] SLUB: HWalign=64, Order=0-3, MinObjects=0, CPUs=8, Nodes=1
[    0.000000] trace event string verifier disabled
[    0.000000] rcu: Preemptible hierarchical RCU implementation.
[    0.000000] rcu: 	RCU event tracing is enabled.
[    0.000000] rcu: 	RCU restricting CPUs from NR_CPUS=256 to nr_cpu_ids=8.
[    0.000000] 	Trampoline variant of Tasks RCU enabled.
[    0.000000] 	Rude variant of Tasks RCU enabled.
[    0.000000] 	Tracing variant of Tasks RCU enabled.
[    0.000000] rcu: RCU calculated value of scheduler-enlistment delay is 25 jiffies.
[    0.000000] rcu: Adjusting geometry for rcu_fanout_leaf=16, nr_cpu_ids=8
[    0.000000] NR_IRQS: 64, nr_irqs: 64, preallocated irqs: 0
[    0.000000] GICv3: GIC: Using split EOI/Deactivate mode
[    0.000000] GICv3: 960 SPIs implemented
[    0.000000] GICv3: 0 Extended SPIs implemented
[    0.000000] GICv3: Distributor has no Range Selector support
[    0.000000] Root IRQ handler: gic_handle_irq
[    0.000000] GICv3: 16 PPIs implemented
[    0.000000] GICv3: CPU0: found redistributor 0 region 0:0x000000000f440000
[    0.000000] arch_timer: cp15 timer(s) running at 31.25MHz (phys).
[    0.000000] clocksource: arch_sys_counter: mask: 0xffffffffffffff max_cycles: 0xe6a171046, max_idle_ns: 881590405314 ns
[    0.000000] sched_clock: 56 bits at 31MHz, resolution 32ns, wraps every 4398046511088ns
[    0.000352] Console: colour dummy device 80x25
[    0.000358] printk: console [tty0] enabled
[    0.000404] Calibrating delay loop (skipped), value calculated using timer frequency.. 62.50 BogoMIPS (lpj=125000)
[    0.000410] pid_max: default: 32768 minimum: 301
[    0.000439] LSM: Security Framework initializing
[    0.000456] Yama: becoming mindful.
[    0.000467] SELinux:  Initializing.
[    0.000531] Mount-cache hash table entries: 32768 (order: 6, 262144 bytes, linear)
[    0.000550] Mountpoint-cache hash table entries: 32768 (order: 6, 262144 bytes, linear)
[    0.001417] rcu: Hierarchical SRCU implementation.
[    0.003613] Tegra Revision: A01 SKU: 211 CPU Process: 0 SoC Process: 0
[    0.003871] Remapping and enabling EFI services.
[    0.004888] smp: Bringing up secondary CPUs ...
[    0.005254] Detected PIPT I-cache on CPU1
[    0.005283] GICv3: CPU1: found redistributor 100 region 0:0x000000000f460000
[    0.005310] CPU1: Booted secondary processor 0x0000000100 [0x410fd421]
[    0.005664] Detected PIPT I-cache on CPU2
[    0.005674] GICv3: CPU2: found redistributor 200 region 0:0x000000000f480000
[    0.005687] CPU2: Booted secondary processor 0x0000000200 [0x410fd421]
[    0.006000] Detected PIPT I-cache on CPU3
[    0.006009] GICv3: CPU3: found redistributor 300 region 0:0x000000000f4a0000
[    0.006020] CPU3: Booted secondary processor 0x0000000300 [0x410fd421]
[    0.008312] Detected PIPT I-cache on CPU4
[    0.008335] GICv3: CPU4: found redistributor 10000 region 0:0x000000000f4c0000
[    0.008356] CPU4: Booted secondary processor 0x0000010000 [0x410fd421]
[    0.008723] Detected PIPT I-cache on CPU5
[    0.008733] GICv3: CPU5: found redistributor 10100 region 0:0x000000000f4e0000
[    0.008745] CPU5: Booted secondary processor 0x0000010100 [0x410fd421]
[    0.009074] Detected PIPT I-cache on CPU6
[    0.009085] GICv3: CPU6: found redistributor 10200 region 0:0x000000000f500000
[    0.009097] CPU6: Booted secondary processor 0x0000010200 [0x410fd421]
[    0.009430] Detected PIPT I-cache on CPU7
[    0.009440] GICv3: CPU7: found redistributor 10300 region 0:0x000000000f520000
[    0.009452] CPU7: Booted secondary processor 0x0000010300 [0x410fd421]
[    0.009497] smp: Brought up 1 node, 8 CPUs
[    0.009500] SMP: Total of 8 processors activated.
[    0.009502] CPU features: detected: 32-bit EL0 Support
[    0.009503] CPU features: detected: Data cache clean to the PoU not required for I/D coherence
[    0.009505] CPU features: detected: Common not Private translations
[    0.009506] CPU features: detected: CRC32 instructions
[    0.009507] CPU features: detected: Data cache clean to Point of Persistence
[    0.009508] CPU features: detected: Generic authentication (architected algorithm)
[    0.009508] CPU features: detected: RCpc load-acquire (LDAPR)
[    0.009509] CPU features: detected: LSE atomic instructions
[    0.009510] CPU features: detected: Privileged Access Never
[    0.009510] CPU features: detected: RAS Extension Support
[    0.009512] CPU features: detected: Speculative Store Bypassing Safe (SSBS)
[    0.036542] CPU: All CPU(s) started at EL2
[    0.038243] devtmpfs: initialized
[    0.049608] KASLR enabled
[    0.049712] clocksource: jiffies: mask: 0xffffffff max_cycles: 0xffffffff, max_idle_ns: 7645041785100000 ns
[    0.049724] futex hash table entries: 2048 (order: 5, 131072 bytes, linear)
[    0.051857] pinctrl core: initialized pinctrl subsystem
[    0.052402] SMBIOS 3.6.0 present.
[    0.052410] DMI: NVIDIA NVIDIA Jetson Orin NX Engineering Reference Developer Kit/Jetson, BIOS 36.5.0-gcid-43688277 01/16/2026
[    0.052704] NET: Registered PF_NETLINK/PF_ROUTE protocol family
[    0.053891] DMA: preallocated 2048 KiB GFP_KERNEL pool for atomic allocations
[    0.054023] DMA: preallocated 2048 KiB GFP_KERNEL|GFP_DMA pool for atomic allocations
[    0.054142] DMA: preallocated 2048 KiB GFP_KERNEL|GFP_DMA32 pool for atomic allocations
[    0.054175] audit: initializing netlink subsys (disabled)
[    0.054267] audit: type=2000 audit(0.052:1): state=initialized audit_enabled=0 res=1
[    0.055317] thermal_sys: Registered thermal governor 'step_wise'
[    0.055321] thermal_sys: Registered thermal governor 'user_space'
[    0.055322] thermal_sys: Registered thermal governor 'power_allocator'
[    0.057333] cpuidle: using governor menu
[    0.057469] hw-breakpoint: found 6 breakpoint and 4 watchpoint registers.
[    0.057552] ASID allocator initialised with 32768 entries
[    0.058645] Serial: AMBA PL011 UART driver
[    0.067101] 31d0000.serial: ttyAMA0 at MMIO 0x31d0000 (irq = 117, base_baud = 0) is a SBSA
[    0.074984] platform bpmp: Fixing up cyclic dependency with 2c60000.external-memory-controller
[    0.081768] HugeTLB registered 1.00 GiB page size, pre-allocated 0 pages
[    0.081772] HugeTLB registered 32.0 MiB page size, pre-allocated 0 pages
[    0.081774] HugeTLB registered 2.00 MiB page size, pre-allocated 0 pages
[    0.081775] HugeTLB registered 64.0 KiB page size, pre-allocated 0 pages
[    0.082408] cryptd: max_cpu_qlen set to 1000
[    0.083707] ACPI: Interpreter disabled.
[    0.084602] VDD_1V8_AO: supplied by VDD_5V0_SYS
[    0.084696] VDD_3V3_AO: supplied by VDD_5V0_SYS
[    0.084855] VDD_AV10_HUB: supplied by VDD_5V0_SYS
[    0.085176] iommu: Default domain type: Translated 
[    0.085178] iommu: DMA domain TLB invalidation policy: strict mode 
[    0.085356] SCSI subsystem initialized
[    0.085407] libata version 3.00 loaded.
[    0.085454] vgaarb: loaded
[    0.085551] usbcore: registered new interface driver usbfs
[    0.085566] usbcore: registered new interface driver hub
[    0.085577] usbcore: registered new device driver usb
[    0.085897] pps_core: LinuxPPS API ver. 1 registered
[    0.085899] pps_core: Software ver. 5.3.6 - Copyright 2005-2007 Rodolfo Giometti <giometti@linux.it>
[    0.085905] PTP clock support registered
[    0.085952] EDAC MC: Ver: 3.0.0
[    0.086595] Registered efivars operations
[    0.087000] FPGA manager framework
[    0.087037] Advanced Linux Sound Architecture Driver Initialized.
[    0.087319] Bluetooth: Core ver 2.22
[    0.087336] NET: Registered PF_BLUETOOTH protocol family
[    0.087338] Bluetooth: HCI device and connection manager initialized
[    0.087342] Bluetooth: HCI socket layer initialized
[    0.087345] Bluetooth: L2CAP socket layer initialized
[    0.087353] Bluetooth: SCO socket layer initialized
[    0.087615] clocksource: Switched to clocksource arch_sys_counter
[    0.114660] VFS: Disk quotas dquot_6.6.0
[    0.114712] VFS: Dquot-cache hash table entries: 512 (order 0, 4096 bytes)
[    0.114958] pnp: PnP ACPI: disabled
[    0.118297] NET: Registered PF_INET protocol family
[    0.118832] IP idents hash table entries: 262144 (order: 9, 2097152 bytes, linear)
[    0.121424] tcp_listen_portaddr_hash hash table entries: 8192 (order: 5, 131072 bytes, linear)
[    0.121620] Table-perturb hash table entries: 65536 (order: 6, 262144 bytes, linear)
[    0.121646] TCP established hash table entries: 131072 (order: 8, 1048576 bytes, linear)
[    0.122072] TCP bind hash table entries: 65536 (order: 8, 1048576 bytes, linear)
[    0.123505] TCP: Hash tables configured (established 131072 bind 65536)
[    0.123756] UDP hash table entries: 8192 (order: 6, 262144 bytes, linear)
[    0.123926] UDP-Lite hash table entries: 8192 (order: 6, 262144 bytes, linear)
[    0.124315] NET: Registered PF_UNIX/PF_LOCAL protocol family
[    0.124806] RPC: Registered named UNIX socket transport module.
[    0.124810] RPC: Registered udp transport module.
[    0.124812] RPC: Registered tcp transport module.
[    0.124814] RPC: Registered tcp NFSv4.1 backchannel transport module.
[    0.124833] PCI: CLS 0 bytes, default 64
[    0.125103] Unpacking initramfs...
[    0.132751] hw perfevents: enabled with armv8_cortex_a78 PMU driver, 7 counters available
[    0.133083] kvm [1]: IPA Size Limit: 48 bits
[    0.133120] kvm [1]: GICv3: no GICV resource entry
[    0.133128] kvm [1]: disabling GICv2 emulation
[    0.133155] kvm [1]: GIC system register CPU interface enabled
[    0.133248] kvm [1]: vgic interrupt IRQ9
[    0.133421] kvm [1]: VHE mode initialized successfully
[    0.137008] Initialise system trusted keyrings
[    0.137053] Key type blacklist registered
[    0.137161] workingset: timestamp_bits=42 max_order=22 bucket_order=0
[    0.140892] squashfs: version 4.0 (2009/01/31) Phillip Lougher
[    0.141479] NFS: Registering the id_resolver key type
[    0.141523] Key type id_resolver registered
[    0.141528] Key type id_legacy registered
[    0.141585] nfs4filelayout_init: NFSv4 File Layout Driver Registering...
[    0.141605] nfs4flexfilelayout_init: NFSv4 Flexfile Layout Driver Registering...
[    0.141630] ntfs: driver 2.1.32 [Flags: R/O].
[    0.141875] 9p: Installing v9fs 9p2000 file system support
[    0.142657] integrity: Platform Keyring initialized
[    0.154043] Key type asymmetric registered
[    0.154051] Asymmetric key parser 'x509' registered
[    0.154138] Block layer SCSI generic (bsg) driver version 0.4 loaded (major 245)
[    0.154148] io scheduler mq-deadline registered
[    0.154154] io scheduler kyber registered
[    0.164911] EINJ: ACPI disabled.
[    0.177086] Serial: 8250/16550 driver, 4 ports, IRQ sharing enabled
[    0.178874] SuperH (H)SCI(F) driver initialized
[    0.179201] msm_serial: driver initialized
[    0.179906] printk: console [ttyTCU0] enabled
[    0.180850] arm-smmu 8000000.iommu: probing hardware configuration...
[    0.180857] arm-smmu 8000000.iommu: SMMUv2 with:
[    0.180864] arm-smmu 8000000.iommu: 	stage 1 translation
[    0.180865] arm-smmu 8000000.iommu: 	stage 2 translation
[    0.180865] arm-smmu 8000000.iommu: 	nested translation
[    0.180870] arm-smmu 8000000.iommu: 	stream matching with 128 register groups
[    0.180874] arm-smmu 8000000.iommu: 	128 context banks (0 stage-2 only)
[    0.180893] arm-smmu 8000000.iommu: 	Supported page sizes: 0x61311000
[    0.180894] arm-smmu 8000000.iommu: 	Stage-1: 48-bit VA -> 48-bit IPA
[    0.180895] arm-smmu 8000000.iommu: 	Stage-2: 48-bit IPA -> 48-bit PA
[    0.181861] arm-smmu 10000000.iommu: probing hardware configuration...
[    0.181864] arm-smmu 10000000.iommu: SMMUv2 with:
[    0.181866] arm-smmu 10000000.iommu: 	stage 1 translation
[    0.181867] arm-smmu 10000000.iommu: 	stage 2 translation
[    0.181867] arm-smmu 10000000.iommu: 	nested translation
[    0.181871] arm-smmu 10000000.iommu: 	stream matching with 128 register groups
[    0.181873] arm-smmu 10000000.iommu: 	128 context banks (0 stage-2 only)
[    0.181880] arm-smmu 10000000.iommu: 	Supported page sizes: 0x61311000
[    0.181881] arm-smmu 10000000.iommu: 	Stage-1: 48-bit VA -> 48-bit IPA
[    0.181883] arm-smmu 10000000.iommu: 	Stage-2: 48-bit IPA -> 48-bit PA
[    0.182242] arm-smmu 12000000.iommu: probing hardware configuration...
[    0.182246] arm-smmu 12000000.iommu: SMMUv2 with:
[    0.182249] arm-smmu 12000000.iommu: 	stage 1 translation
[    0.182250] arm-smmu 12000000.iommu: 	stage 2 translation
[    0.182251] arm-smmu 12000000.iommu: 	nested translation
[    0.182254] arm-smmu 12000000.iommu: 	stream matching with 128 register groups
[    0.182256] arm-smmu 12000000.iommu: 	128 context banks (0 stage-2 only)
[    0.182266] arm-smmu 12000000.iommu: 	Supported page sizes: 0x61311000
[    0.182267] arm-smmu 12000000.iommu: 	Stage-1: 48-bit VA -> 48-bit IPA
[    0.182268] arm-smmu 12000000.iommu: 	Stage-2: 48-bit IPA -> 48-bit PA
[    0.190689] loop: module loaded
[    0.191713] megasas: 07.727.03.00-rc1
[    0.195943] tun: Universal TUN/TAP device driver, 1.6
[    0.196519] thunder_xcv, ver 1.0
[    0.196547] thunder_bgx, ver 1.0
[    0.196573] nicpf, ver 1.0
[    0.197387] hns3: Hisilicon Ethernet Network Driver for Hip08 Family - version
[    0.197395] hns3: Copyright (c) 2017 Huawei Corporation.
[    0.197439] hclge is initializing
[    0.197468] e1000: Intel(R) PRO/1000 Network Driver
[    0.197473] e1000: Copyright (c) 1999-2006 Intel Corporation.
[    0.197507] e1000e: Intel(R) PRO/1000 Network Driver
[    0.197511] e1000e: Copyright(c) 1999 - 2015 Intel Corporation.
[    0.197540] igb: Intel(R) Gigabit Ethernet Network Driver
[    0.197546] igb: Copyright (c) 2007-2014 Intel Corporation.
[    0.197564] igbvf: Intel(R) Gigabit Virtual Function Network Driver
[    0.197567] igbvf: Copyright (c) 2009 - 2012 Intel Corporation.
[    0.197780] sky2: driver version 1.30
[    0.198438] VFIO - User Level meta-driver version: 0.3
[    0.200052] ehci_hcd: USB 2.0 'Enhanced' Host Controller (EHCI) Driver
[    0.200063] ehci-pci: EHCI PCI platform driver
[    0.200088] ehci-platform: EHCI generic platform driver
[    0.200161] ehci-orion: EHCI orion driver
[    0.200231] ehci-exynos: EHCI Exynos driver
[    0.200285] ohci_hcd: USB 1.1 'Open' Host Controller (OHCI) Driver
[    0.200308] ohci-pci: OHCI PCI platform driver
[    0.200339] ohci-platform: OHCI generic platform driver
[    0.200402] ohci-exynos: OHCI Exynos driver
[    0.200829] usbcore: registered new interface driver usb-storage
[    0.202693] i2c_dev: i2c /dev entries driver
[    0.203971] pps_ldisc: PPS line discipline registered
[    0.206327] device-mapper: ioctl: 4.45.0-ioctl (2021-03-22) initialised: dm-devel@redhat.com
[    0.208529] sdhci: Secure Digital Host Controller Interface driver
[    0.208535] sdhci: Copyright(c) Pierre Ossman
[    0.208985] Synopsys Designware Multimedia Card Interface Driver
[    0.209578] sdhci-pltfm: SDHCI platform and OF driver helper
[    0.210643] ledtrig-cpu: registered to indicate activity on CPUs
[    0.211575] SMCCC: SOC_ID: ID = jep106:036b:0234 Revision = 0x00000401
[    0.212196] tegra-bpmp bpmp: Adding to iommu group 0
[    0.213681] tegra-bpmp bpmp: firmware: 40c4ded2a7425760713a-68f126a8abf
[    0.381489] Freeing initrd memory: 15548K
[    1.713441] clocksource: tsc: mask: 0xffffffffffffff max_cycles: 0xe6a171046, max_idle_ns: 881590405314 ns
[    1.713473] clocksource: osc: mask: 0xffffffff max_cycles: 0xffffffff, max_idle_ns: 49772407460 ns
[    1.713476] clocksource: usec: mask: 0xffffffff max_cycles: 0xffffffff, max_idle_ns: 1911260446275 ns
[    1.713787] hid: raw HID events driver (C) Jiri Kosina
[    1.714117] usbcore: registered new interface driver usbhid
[    1.714123] usbhid: USB HID core driver
[    1.717909] optee: probing for conduit method.
[    1.717965] optee: revision 4.2 (5ef90dab)
[    1.777369] optee: dynamic shared memory is enabled
[    1.777625] optee: initialized driver
[    1.780593] usbcore: registered new interface driver snd-usb-audio
[    1.782318] NET: Registered PF_PACKET protocol family
[    1.783090] Bluetooth: RFCOMM TTY layer initialized
[    1.783101] Bluetooth: RFCOMM socket layer initialized
[    1.783125] Bluetooth: RFCOMM ver 1.11
[    1.783367] 9pnet: Installing 9P2000 support
[    1.783470] Key type dns_resolver registered
[    1.784499] printk: console [tty0]: printing thread started
[    1.785314] printk: console [ttyTCU0]: printing thread started
[    1.785390] Loading compiled-in X.509 certificates
[    1.788682] Loaded X.509 cert 'Build time autogenerated kernel key: d77ad5d0e7e5d02a2dc9cf8ec8dfa4a966aa85ba'
[    1.825639] tegra-gpcdma 2600000.dma-controller: Adding to iommu group 1
[    1.827986] tegra-gpcdma 2600000.dma-controller: GPC DMA driver register 31 channels
[    1.830125] 3100000.serial: ttyTHS1 at MMIO 0x3100000 (irq = 112, base_baud = 0) is a TEGRA_UART
[    1.831252] 3140000.serial: ttyTHS2 at MMIO 0x3140000 (irq = 113, base_baud = 0) is a TEGRA_UART
[    1.834240] tegra_rtc c2a0000.rtc: registered as rtc1
[    1.834252] tegra_rtc c2a0000.rtc: Tegra internal Real Time Clock
[    1.834821] tegra-i2c 3160000.i2c: Adding to iommu group 1
[    1.838407] tegra-i2c 3180000.i2c: Adding to iommu group 1
[    1.840112] tegra-i2c 31b0000.i2c: Adding to iommu group 1
[    1.841611] tegra-i2c c240000.i2c: Adding to iommu group 1
[    1.842928] i2c 1-0025: Fixing up cyclic dependency with 3520000.padctl
[    1.843485] tegra-i2c c250000.i2c: Adding to iommu group 1
[    1.846162] i2c i2c-2: Added multiplexed i2c bus 9
[    1.846169] i2c-mux-gpio bus@0:cam_i2cmux: 1 port mux on 3180000.i2c adapter
[    1.864688] cpufreq: cpufreq_online: CPU4: Running at unlisted initial frequency: 1991000 KHz, changing to: 1984000 KHz
[    1.866994] tegra-xusb 3610000.usb: Adding to iommu group 2
[    1.881749] tegra-xusb 3610000.usb: Firmware timestamp: 2023-02-10 03:48:10 UTC
[    1.881756] tegra-xusb 3610000.usb: xHCI Host Controller
[    1.881765] tegra-xusb 3610000.usb: new USB bus registered, assigned bus number 1
[    1.882483] tegra-xusb 3610000.usb: hcc params 0x0180ff05 hci version 0x120 quirks 0x0000000000010810
[    1.882500] tegra-xusb 3610000.usb: irq 123, io mem 0x03610000
[    1.882603] tegra-xusb 3610000.usb: xHCI Host Controller
[    1.882606] tegra-xusb 3610000.usb: new USB bus registered, assigned bus number 2
[    1.882609] tegra-xusb 3610000.usb: Host supports USB 3.1 Enhanced SuperSpeed
[    1.883020] hub 1-0:1.0: USB hub found
[    1.883038] hub 1-0:1.0: 4 ports detected
[    1.883295] hub 2-0:1.0: USB hub found
[    1.883306] hub 2-0:1.0: 4 ports detected
[    1.885203] irq: IRQ227: trimming hierarchy from :bus@0:pmc@c360000
[    1.885255] irq: IRQ228: trimming hierarchy from :bus@0:interrupt-controller@f400000-1
[    1.885315] input: gpio-keys as /devices/platform/gpio-keys/input/input0
[    1.886054] clk: Disabling unused clocks
[    1.926306] ALSA device list:
[    1.926310]   No soundcards found.
[    1.933919] Freeing unused kernel memory: 7744K
[    1.933988] Run /init as init process
[    1.933990]   with arguments:
[    1.933990]     /init
[    1.933991]   with environment:
[    1.933991]     HOME=/
[    1.933991]     TERM=linux
[    1.933992]     boot_profile=ov5647-dev
[    1.933993]     bl_prof_dataptr=2031616@0x471E10000
[    1.933993]     bl_prof_ro_ptr=65536@0x471E00000
[    1.948797] Checking overlayfs setting...
[    1.957517] Overlayfs is disabled...
[    1.964144] Root device found: PARTUUID=03f3e885-a6e9-47ba-b7e1-ccc5bf71a344
[    2.219800] usb 1-2: new high-speed USB device number 2 using tegra-xusb
[    2.392653] hub 1-2:1.0: USB hub found
[    2.393967] hub 1-2:1.0: 4 ports detected
[    2.509195] usb 2-1: new SuperSpeed Plus Gen 2x1 USB device number 2 using tegra-xusb
[    2.560515] hub 2-1:1.0: USB hub found
[    2.562808] hub 2-1:1.0: 4 ports detected
[    2.667859] usb 1-3: new full-speed USB device number 3 using tegra-xusb
[    3.103619] usb 1-2.4: new low-speed USB device number 4 using tegra-xusb
[    3.223002] input: Lenovo Lenovo Calliope USB Keyboard as /devices/platform/bus@0/3610000.usb/usb1/1-2/1-2.4/1-2.4:1.0/0003:17EF:608C.0001/input/input1
[    3.343672] hid-generic 0003:17EF:608C.0001: input,hidraw0: USB HID v1.11 Keyboard [Lenovo Lenovo Calliope USB Keyboard] on usb-3610000.usb-2.4/input0
[    3.350163] input: Lenovo Lenovo Calliope USB Keyboard System Control as /devices/platform/bus@0/3610000.usb/usb1/1-2/1-2.4/1-2.4:1.1/0003:17EF:608C.0002/input/input2
[    3.407949] input: Lenovo Lenovo Calliope USB Keyboard Consumer Control as /devices/platform/bus@0/3610000.usb/usb1/1-2/1-2.4/1-2.4:1.1/0003:17EF:608C.0002/input/input3
[    3.408006] hid-generic 0003:17EF:608C.0002: input,hidraw1: USB HID v1.11 Device [Lenovo Lenovo Calliope USB Keyboard] on usb-3610000.usb-2.4/input1
[    5.476166] tegra194-pcie 14100000.pcie: Adding to iommu group 3
[    5.477165] irq: IRQ229: trimming hierarchy from :bus@0:interrupt-controller@f400000-1
[    5.478236] tegra194-pcie 14100000.pcie: host bridge /bus@0/pcie@14100000 ranges:
[    5.478254] tegra194-pcie 14100000.pcie:      MEM 0x2080000000..0x20a7ffffff -> 0x2080000000
[    5.478260] tegra194-pcie 14100000.pcie:      MEM 0x20a8000000..0x20afffffff -> 0x0040000000
[    5.478263] tegra194-pcie 14100000.pcie:       IO 0x0030100000..0x00301fffff -> 0x0030100000
[    5.478582] tegra194-pcie 14100000.pcie: iATU unroll: enabled
[    5.478585] tegra194-pcie 14100000.pcie: Detected iATU regions: 8 outbound, 2 inbound
[    5.496285] tegra-xudc 3550000.usb: Adding to iommu group 4
[    5.583619] tegra194-pcie 14100000.pcie: Link up
[    5.586256] tegra194-pcie 14100000.pcie: Link up
[    5.586570] tegra194-pcie 14100000.pcie: PCI host bridge to bus 0001:00
[    5.586574] pci_bus 0001:00: root bus resource [bus 00-ff]
[    5.586578] pci_bus 0001:00: root bus resource [mem 0x2080000000-0x20a7ffffff pref]
[    5.586580] pci_bus 0001:00: root bus resource [mem 0x20a8000000-0x20afffffff] (bus address [0x40000000-0x47ffffff])
[    5.586582] pci_bus 0001:00: root bus resource [io  0x0000-0xfffff] (bus address [0x30100000-0x301fffff])
[    5.586633] pci 0001:00:00.0: [10de:229e] type 01 class 0x060400
[    5.586800] pci 0001:00:00.0: PME# supported from D0 D3hot
[    5.590001] pci 0001:01:00.0: [10ec:c822] type 00 class 0x028000
[    5.590533] pci 0001:01:00.0: reg 0x10: [io  0x0000-0x00ff]
[    5.590579] pci 0001:01:00.0: reg 0x18: [mem 0x20a8000000-0x20a800ffff 64bit]
[    5.591459] pci 0001:01:00.0: supports D1 D2
[    5.591461] pci 0001:01:00.0: PME# supported from D0 D1 D2 D3hot D3cold
[    5.606272] pci 0001:00:00.0: BAR 14: assigned [mem 0x20a8000000-0x20a80fffff]
[    5.606276] pci 0001:00:00.0: BAR 13: assigned [io  0x1000-0x1fff]
[    5.606280] pci 0001:01:00.0: BAR 2: assigned [mem 0x20a8000000-0x20a800ffff 64bit]
[    5.606382] pci 0001:01:00.0: BAR 0: assigned [io  0x1000-0x10ff]
[    5.606414] pci 0001:00:00.0: PCI bridge to [bus 01-ff]
[    5.606418] pci 0001:00:00.0:   bridge window [io  0x1000-0x1fff]
[    5.606422] pci 0001:00:00.0:   bridge window [mem 0x20a8000000-0x20a80fffff]
[    5.606442] pci 0001:00:00.0: Max Payload Size set to  256/ 256 (was  128), Max Read Rq  256
[    5.606589] pci 0001:01:00.0: Max Payload Size set to  128/ 128 (was  128), Max Read Rq  128
[    5.606678] pcieport 0001:00:00.0: Adding to iommu group 3
[    5.606773] pcieport 0001:00:00.0: PME: Signaling with IRQ 190
[    5.607252] pcieport 0001:00:00.0: AER: enabled with IRQ 190
[    5.608097] tegra194-pcie 14160000.pcie: Adding to iommu group 5
[    5.610175] tegra194-pcie 14160000.pcie: host bridge /bus@0/pcie@14160000 ranges:
[    5.610188] tegra194-pcie 14160000.pcie:      MEM 0x2140000000..0x2427ffffff -> 0x2140000000
[    5.610196] tegra194-pcie 14160000.pcie:      MEM 0x2428000000..0x242fffffff -> 0x0040000000
[    5.610199] tegra194-pcie 14160000.pcie:       IO 0x0036100000..0x00361fffff -> 0x0036100000
[    5.610495] tegra194-pcie 14160000.pcie: iATU unroll: enabled
[    5.610497] tegra194-pcie 14160000.pcie: Detected iATU regions: 8 outbound, 2 inbound
[    5.715794] tegra194-pcie 14160000.pcie: Link up
[    5.717025] tegra194-pcie 14160000.pcie: Link up
[    5.717079] tegra194-pcie 14160000.pcie: PCI host bridge to bus 0004:00
[    5.717082] pci_bus 0004:00: root bus resource [bus 00-ff]
[    5.717084] pci_bus 0004:00: root bus resource [mem 0x2140000000-0x2427ffffff pref]
[    5.717087] pci_bus 0004:00: root bus resource [mem 0x2428000000-0x242fffffff] (bus address [0x40000000-0x47ffffff])
[    5.717089] pci_bus 0004:00: root bus resource [io  0x100000-0x1fffff] (bus address [0x36100000-0x361fffff])
[    5.717132] pci 0004:00:00.0: [10de:229c] type 01 class 0x060400
[    5.717275] pci 0004:00:00.0: PME# supported from D0 D3hot
[    5.720345] pci 0004:01:00.0: [4321:2263] type 00 class 0x010802
[    5.720807] pci 0004:01:00.0: reg 0x10: [mem 0x00000000-0x00003fff 64bit]
[    5.734240] pci 0004:00:00.0: BAR 14: assigned [mem 0x2428000000-0x24280fffff]
[    5.734245] pci 0004:01:00.0: BAR 0: assigned [mem 0x2428000000-0x2428003fff 64bit]
[    5.734331] pci 0004:00:00.0: PCI bridge to [bus 01-ff]
[    5.734335] pci 0004:00:00.0:   bridge window [mem 0x2428000000-0x24280fffff]
[    5.734353] pci 0004:00:00.0: Max Payload Size set to  256/ 256 (was  128), Max Read Rq  256
[    5.734477] pci 0004:01:00.0: Max Payload Size set to  128/ 128 (was  128), Max Read Rq  128
[    5.734551] pcieport 0004:00:00.0: Adding to iommu group 5
[    5.734630] pcieport 0004:00:00.0: PME: Signaling with IRQ 192
[    5.734914] pcieport 0004:00:00.0: AER: enabled with IRQ 192
[    5.735086] nvme 0004:01:00.0: Adding to iommu group 5
[    5.735260] nvme nvme0: pci function 0004:01:00.0
[    5.735322] nvme 0004:01:00.0: enabling device (0000 -> 0002)
[    5.735847] tegra194-pcie 141e0000.pcie: Adding to iommu group 6
[    5.737318] tegra194-pcie 141e0000.pcie: host bridge /bus@0/pcie@141e0000 ranges:
[    5.737332] tegra194-pcie 141e0000.pcie:      MEM 0x3000000000..0x3227ffffff -> 0x3000000000
[    5.737337] tegra194-pcie 141e0000.pcie:      MEM 0x3228000000..0x322fffffff -> 0x0040000000
[    5.737341] tegra194-pcie 141e0000.pcie:       IO 0x003e100000..0x003e1fffff -> 0x003e100000
[    5.737646] tegra194-pcie 141e0000.pcie: iATU unroll: enabled
[    5.737648] tegra194-pcie 141e0000.pcie: Detected iATU regions: 8 outbound, 2 inbound
[    5.753737] nvme nvme0: allocated 64 MiB host memory buffer.
[    5.772138] nvme nvme0: 8/0/0 default/read/poll queues
[    5.780264]  nvme0n1: p1 p2 p3 p4 p5 p6 p7 p8 p9 p10 p11 p12 p13 p14 p15
[    6.124329] EXT4-fs (nvme0n1p1): mounted filesystem with ordered data mode. Opts: (null). Quota mode: none.
[    6.131039] Rootfs mounted over PARTUUID=03f3e885-a6e9-47ba-b7e1-ccc5bf71a344
[    6.140575] Switching from initrd to actual rootfs
[    6.218196] systemd[1]: System time before build time, advancing clock.
[    6.245454] NET: Registered PF_INET6 protocol family
[    6.246427] Segment Routing with IPv6
[    6.246434] In-situ OAM (IOAM) with IPv6
[    6.261783] systemd[1]: systemd 249.11-0ubuntu3.17 running in system mode (+PAM +AUDIT +SELINUX +APPARMOR +IMA +SMACK +SECCOMP +GCRYPT +GNUTLS +OPENSSL +ACL +BLKID +CURL +ELFUTILS +FIDO2 +IDN2 -IDN +IPTC +KMOD +LIBCRYPTSETUP +LIBFDISK +PCRE2 -PWQUALITY -P11KIT -QRENCODE +BZIP2 +LZ4 +XZ +ZLIB +ZSTD -XKBCOMMON +UTMP +SYSVINIT default-hierarchy=unified)
[    6.262151] systemd[1]: Detected architecture arm64.
[    6.262812] systemd[1]: Hostname set to <cam-desktop>.
[    6.269742] systemd[1]: Using hardware watchdog 'NVIDIA Tegra186 WDT', version 0, device /dev/watchdog
[    6.269758] systemd[1]: Set hardware watchdog to 2min.
[    6.418882] systemd[1]: /lib/systemd/system/snapd.service:23: Unknown key name 'RestartMode' in section 'Service', ignoring.
[    6.429747] systemd[1]: /etc/systemd/system/nvs-service.service:41: Standard output type syslog is obsolete, automatically updating to journal. Please update your unit file, and consider removing the setting altogether.
[    6.432680] systemd[1]: /etc/systemd/system/nvargus-daemon.service:42: Standard output type syslog is obsolete, automatically updating to journal. Please update your unit file, and consider removing the setting altogether.
[    6.473139] systemd[1]: Queued start job for default target Graphical Interface.
[    6.474665] systemd[1]: Created slice Slice /system/modprobe.
[    6.475257] systemd[1]: Created slice Slice /system/openvpn.
[    6.475787] systemd[1]: Created slice Slice /system/serial-getty.
[    6.477319] systemd[1]: Created slice Slice /system/systemd-fsck.
[    6.477661] systemd[1]: Created slice User and Session Slice.
[    6.477827] systemd[1]: Started Forward Password Requests to Wall Directory Watch.
[    6.478171] systemd[1]: Set up automount Arbitrary Executable File Formats File System Automount Point.
[    6.478334] systemd[1]: Reached target Slice Units.
[    6.478401] systemd[1]: Reached target Mounting snaps.
[    6.478458] systemd[1]: Reached target Swaps.
[    6.478519] systemd[1]: Reached target Local Verity Protected Volumes.
[    6.478669] systemd[1]: Listening on Device-mapper event daemon FIFOs.
[    6.478886] systemd[1]: Listening on LVM2 poll daemon socket.
[    6.484556] systemd[1]: Listening on RPCbind Server Activation Socket.
[    6.484991] systemd[1]: Listening on Syslog Socket.
[    6.485207] systemd[1]: Listening on fsck to fsckd communication Socket.
[    6.485342] systemd[1]: Listening on initctl Compatibility Named Pipe.
[    6.485669] systemd[1]: Listening on Journal Audit Socket.
[    6.485839] systemd[1]: Listening on Journal Socket (/dev/log).
[    6.486055] systemd[1]: Listening on Journal Socket.
[    6.486495] systemd[1]: Listening on udev Control Socket.
[    6.486656] systemd[1]: Listening on udev Kernel Socket.
[    6.487766] systemd[1]: Mounting Huge Pages File System...
[    6.519120] systemd[1]: Mounting POSIX Message Queue File System...
[    6.536465] systemd[1]: Mounting Kernel Debug File System...
[    6.537680] systemd[1]: Mounting Kernel Trace File System...
[    6.539895] systemd[1]: Starting Journal Service...
[    6.552034] systemd[1]: Finished Availability of block devices.
[    6.553868] systemd[1]: Starting Set the console keyboard layout...
[    6.555314] systemd[1]: Starting Create List of Static Device Nodes...
[    6.556640] systemd[1]: Starting Monitoring of LVM2 mirrors, snapshots etc. using dmeventd or progress polling...
[    6.582506] systemd[1]: Starting Load Kernel Module configfs...
[    6.583836] systemd[1]: Starting Load Kernel Module drm...
[    6.593578] systemd[1]: Starting Load Kernel Module efi_pstore...
[    6.595040] systemd[1]: Starting Load Kernel Module fuse...
[    6.596484] systemd[1]: Starting NVIDIA specific first-boot udev script...
[    6.601672] fuse: init (API version 7.34)
[    6.616772] systemd[1]: Started Nameserver information manager.
[    6.616983] systemd[1]: Reached target Preparation for Network.
[    6.617212] systemd[1]: Condition check resulted in File System Check on Root Device being skipped.
[    6.618978] systemd[1]: Starting Load Kernel Modules...
[    6.620309] systemd[1]: Starting Remount Root and Kernel File Systems...
[    6.625975] nvsciipc: loading out-of-tree module taints kernel.
[    6.627053] nvsciipc: loaded module
[    6.627067] EXT4-fs (nvme0n1p1): re-mounted. Opts: (null). Quota mode: none.
[    6.632406] nvmap_heap_init: nvmap_heap_init: created heap block cache
[    6.632905] nvmap_page_pool_init: Total RAM pages: 4004597
[    6.632908] nvmap_page_pool_init: nvmap page pool size: 500574 pages (1955 MB)
[    6.632968] nvmap_background_zero_thread: PP zeroing thread starting.
[    6.639298] tegra-host1x 13e00000.host1x: Adding to iommu group 7
[    6.640495] host1x-context host1x-ctx.0: Adding to iommu group 8
[    6.640610] host1x-context host1x-ctx.1: Adding to iommu group 9
[    6.640711] host1x-context host1x-ctx.2: Adding to iommu group 10
[    6.640805] host1x-context host1x-ctx.3: Adding to iommu group 11
[    6.640896] host1x-context host1x-ctx.4: Adding to iommu group 12
[    6.640989] host1x-context host1x-ctx.5: Adding to iommu group 13
[    6.641085] host1x-context host1x-ctx.6: Adding to iommu group 14
[    6.641177] host1x-context host1x-ctx.7: Adding to iommu group 15
[    6.641270] host1x-context host1x-ctx.8: Adding to iommu group 16
[    6.641361] host1x-context host1x-ctx.9: Adding to iommu group 17
[    6.641451] host1x-context host1x-ctx.10: Adding to iommu group 18
[    6.641542] host1x-context host1x-ctx.11: Adding to iommu group 19
[    6.641631] host1x-context host1x-ctx.12: Adding to iommu group 20
[    6.641719] host1x-context host1x-ctx.13: Adding to iommu group 21
[    6.641839] host1x-context host1x-ctx.14: Adding to iommu group 22
[    6.641925] host1x-context host1x-ctx.15: Adding to iommu group 23
[    6.650047] platform 13e00000.host1x:nvcsi@15a00000: Fixing up cyclic dependency with 9-0036
[    6.650065] platform 13e00000.host1x:nvcsi@15a00000: Fixing up cyclic dependency with tegra-capture-vi
[    6.656142] systemd[1]: Starting Coldplug All udev Devices...
[    6.687542] nvgpu: 17000000.gpu          nvgpu_nvhost_syncpt_init:122  [INFO]  syncpt_unit_base 60000000 syncpt_unit_size 4000000 size 10000

[    6.692914] systemd[1]: Mounted Huge Pages File System.
[    6.746342] systemd[1]: Mounted POSIX Message Queue File System.
[    6.795600] systemd[1]: Mounted Kernel Debug File System.
[    6.835618] tegra194-pcie 141e0000.pcie: Phy link never came up
[    6.855177] systemd[1]: Mounted Kernel Trace File System.
[    6.855701] systemd[1]: Finished Set the console keyboard layout.
[    6.867267] systemd[1]: Finished Create List of Static Device Nodes.
[    6.867665] systemd[1]: modprobe@configfs.service: Deactivated successfully.
[    6.867954] systemd[1]: Finished Load Kernel Module configfs.
[    6.886293] systemd[1]: modprobe@drm.service: Deactivated successfully.
[    6.886562] systemd[1]: Finished Load Kernel Module drm.
[    6.886929] systemd[1]: modprobe@efi_pstore.service: Deactivated successfully.
[    6.887189] systemd[1]: Finished Load Kernel Module efi_pstore.
[    6.887547] systemd[1]: modprobe@fuse.service: Deactivated successfully.
[    6.887833] systemd[1]: Finished Load Kernel Module fuse.
[    6.924254] systemd[1]: Finished NVIDIA specific first-boot udev script.
[    6.925032] systemd[1]: Finished Load Kernel Modules.
[    6.925470] systemd[1]: Finished Remount Root and Kernel File Systems.
[    6.928220] systemd[1]: Mounting FUSE Control File System...
[    6.948810] systemd[1]: Mounting Kernel Configuration File System...
[    6.950765] systemd[1]: Starting OP-TEE Client Supplicant...
[    6.950968] systemd[1]: Condition check resulted in Platform Persistent Storage Archival being skipped.
[    6.952282] systemd[1]: Starting Load/Save Random Seed...
[    6.983139] systemd[1]: Starting Apply Kernel Variables...
[    6.984503] systemd[1]: Starting Create System Users...
[    7.001537] systemd[1]: Mounted FUSE Control File System.
[    7.001778] systemd[1]: Mounted Kernel Configuration File System.
[    7.002278] systemd[1]: Finished Load/Save Random Seed.
[    7.002801] systemd[1]: Finished Apply Kernel Variables.
[    7.003027] systemd[1]: Condition check resulted in First Boot Complete being skipped.
[    7.012456] systemd[1]: Finished Create System Users.
[    7.014112] systemd[1]: Starting Create Static Device Nodes in /dev...
[    7.024560] systemd[1]: Finished Create Static Device Nodes in /dev.
[    7.026750] systemd[1]: Starting Rule-based Manager for Device Events and Files...
[    7.090262] systemd[1]: Started Rule-based Manager for Device Events and Files.
[    7.128121] tegra-soc-hwpm f100000.hwpm: Adding to iommu group 24
[    7.135789] tegra-se 15820000.crypto: Adding to iommu group 25
[    7.138420] mc: Linux media interface: v0.10
[    7.139383] scare-pigeon 13e00000.host1x:vi0-thi@15f00000: Adding to iommu group 26
[    7.140317] scare-pigeon 13e00000.host1x:vi0-thi@15f00000: syncpt_unit_base 60000000 syncpt_unit_size 4000000 size 10000
[    7.141282] scare-pigeon 13e00000.host1x:vi1-thi@14f00000: Adding to iommu group 27
[    7.143745] scare-pigeon 13e00000.host1x:vi1-thi@14f00000: syncpt_unit_base 60000000 syncpt_unit_size 4000000 size 10000
[    7.144257] nvdla 15880000.nvdla0: Adding to iommu group 28
[    7.147500] scare-pigeon 13e00000.host1x:isp-thi@14b00000: Adding to iommu group 29
[    7.156650] videodev: Linux video capture interface: v2.00
[    7.161064] nvdla 15880000.nvdla0: syncpt_unit_base 60000000 syncpt_unit_size 4000000 size 10000
[    7.162397] tegra-se 15840000.crypto: Adding to iommu group 30
[    7.164865] nvdla 158c0000.nvdla1: Adding to iommu group 31
[    7.164874] scare-pigeon 13e00000.host1x:isp-thi@14b00000: syncpt_unit_base 60000000 syncpt_unit_size 4000000 size 10000
[    7.175054] pva 16000000.pva0: Adding to iommu group 32
[    7.181919] nvdla 158c0000.nvdla1: syncpt_unit_base 60000000 syncpt_unit_size 4000000 size 10000
[    7.209082] pva_iommu_context_dev 16000000.pva0:pva0_niso1_ctx0: Adding to iommu group 33
[    7.211263] pva_iommu_context_dev 16000000.pva0:pva0_niso1_ctx0: initialized (streamid=18, iommu=smmu.0x0000000008000000)
[    7.235043] pva_iommu_context_dev 16000000.pva0:pva0_niso1_ctx1: Adding to iommu group 34
[    7.239770] pva_iommu_context_dev 16000000.pva0:pva0_niso1_ctx1: initialized (streamid=19, iommu=smmu.0x0000000008000000)
[    7.250890] pva_iommu_context_dev 16000000.pva0:pva0_niso1_ctx2: Adding to iommu group 35
[    7.251474] pva_iommu_context_dev 16000000.pva0:pva0_niso1_ctx2: initialized (streamid=20, iommu=smmu.0x0000000008000000)
[    7.256334] pva_iommu_context_dev 16000000.pva0:pva0_niso1_ctx3: Adding to iommu group 36
[    7.257557] pva_iommu_context_dev 16000000.pva0:pva0_niso1_ctx3: initialized (streamid=21, iommu=smmu.0x0000000008000000)
[    7.262972] pva_iommu_context_dev 16000000.pva0:pva0_niso1_ctx4: Adding to iommu group 37
[    7.263532] pva_iommu_context_dev 16000000.pva0:pva0_niso1_ctx4: initialized (streamid=22, iommu=smmu.0x0000000008000000)
[    7.275232] pva_iommu_context_dev 16000000.pva0:pva0_niso1_ctx5: Adding to iommu group 38
[    7.276118] pva_iommu_context_dev 16000000.pva0:pva0_niso1_ctx5: initialized (streamid=23, iommu=smmu.0x0000000008000000)
[    7.282764] pva_iommu_context_dev 16000000.pva0:pva0_niso1_ctx6: Adding to iommu group 39
[    7.283541] pva_iommu_context_dev 16000000.pva0:pva0_niso1_ctx6: initialized (streamid=24, iommu=smmu.0x0000000008000000)
[    7.289449] pva_iommu_context_dev 16000000.pva0:pva0_niso1_ctx7: Adding to iommu group 40
[    7.290047] pva_iommu_context_dev 16000000.pva0:pva0_niso1_ctx7: initialized (streamid=25, iommu=smmu.0x0000000008000000)
[    7.290284] pva 16000000.pva0: pdata->version is HW_GEN2
[    7.294088] pva 16000000.pva0: Completed nvhost_client_device_init
[    7.295023] pva 16000000.pva0: syncpt_unit_base 60000000 syncpt_unit_size 4000000 size 10000
[    7.414693] tegra-vic 15340000.vic: Adding to iommu group 41
[    7.438498] tegra-nvdec 15480000.nvdec: Adding to iommu group 42
[    7.448756] systemd[1]: Started OP-TEE Client Supplicant.
[    7.452888] tegra-nvenc 154c0000.nvenc: Adding to iommu group 43
[    7.478527] tegra-nvjpg 15380000.nvjpg: Adding to iommu group 44
[    7.478882] Inserting ivc_ext.ko module
[    7.499213] tegra-nvjpg 15540000.nvjpg: Adding to iommu group 45
[    7.518407] tegra-ofa 15a50000.ofa: Adding to iommu group 46
[    7.527272] tegra186-cam-rtcpu bc00000.rtcpu: Adding to iommu group 47
[    7.529065] tegra186-cam-rtcpu bc00000.rtcpu: Trace buffer configured at IOVA=0xbff00000
[    7.533211] tegra-ivc-bus bc00000.rtcpu:ivc-bus: region 0: iova=0xbfec0000-0xbfee027f size=131712
[    7.535107] tegra-ivc-bus bc00000.rtcpu:ivc-bus:echo@0: echo: ver=0 grp=1 RX[16x64]=0x1000-0x1480 TX[16x64]=0x1480-0x1900
[    7.536213] [drm] Initialized tegra 1.0.99 20120330 for drm on minor 0
[    7.536232] drm drm: [drm] Cannot find any crtc or sizes
[    7.536392] tegra-ivc-bus bc00000.rtcpu:ivc-bus:dbg@1: dbg: ver=0 grp=1 RX[1x512]=0x1900-0x1b80 TX[1x512]=0x1b80-0x1e00
[    7.537189] tegra-ivc-bus bc00000.rtcpu:ivc-bus:dbg@2: dbg: ver=0 grp=1 RX[1x8192]=0x1e00-0x3e80 TX[1x8192]=0x3e80-0x5f00
[    7.538596] tegra-ivc-bus bc00000.rtcpu:ivc-bus:ivccontrol@3: ivccontrol: ver=0 grp=1 RX[64x320]=0x5f00-0xaf80 TX[64x320]=0xaf80-0x10000
[    7.540460] tegra-ivc-bus bc00000.rtcpu:ivc-bus:ivccapture@4: ivccapture: ver=0 grp=1 RX[512x64]=0x10000-0x18080 TX[512x64]=0x18080-0x20100
[    7.542577] tegra-ivc-bus bc00000.rtcpu:ivc-bus:diag@5: diag: ver=0 grp=1 RX[1x64]=0x20100-0x201c0 TX[1x64]=0x201c0-0x20280
[    7.544830] tegra186-cam-rtcpu bc00000.rtcpu: using cam RTCPU IRQ (218)
[    7.544833] tegra186-cam-rtcpu bc00000.rtcpu: tegra_camrtc_mon_create is successful
[    7.545090] tegra186-cam-rtcpu bc00000.rtcpu: firmware version cpu=rce cmd=6 sha1=04ea869968864dcb132a50cad9712bd529a09ee2
[    7.545215] tegra-ivc-bus bc00000.rtcpu:ivc-bus:echo@0: ivc channel driver missing
[    7.545216] tegra-ivc-bus bc00000.rtcpu:ivc-bus:dbg@1: ivc channel driver missing
[    7.545218] tegra-ivc-bus bc00000.rtcpu:ivc-bus:dbg@2: ivc channel driver missing
[    7.545219] tegra-ivc-bus bc00000.rtcpu:ivc-bus:ivccontrol@3: ivc channel driver missing
[    7.545220] tegra-ivc-bus bc00000.rtcpu:ivc-bus:ivccapture@4: ivc channel driver missing
[    7.545221] tegra-ivc-bus bc00000.rtcpu:ivc-bus:diag@5: ivc channel driver missing
[    7.545228] tegra-hsp b950000.tegra-hsp: Try increasing MBOX_TX_QUEUE_LEN
[    7.545232] tegra-hsp b950000.tegra-hsp: Try increasing MBOX_TX_QUEUE_LEN
[    7.545234] tegra-hsp b950000.tegra-hsp: Try increasing MBOX_TX_QUEUE_LEN
[    7.545235] tegra-hsp b950000.tegra-hsp: Try increasing MBOX_TX_QUEUE_LEN
[    7.545252] tegra-hsp b950000.tegra-hsp: Try increasing MBOX_TX_QUEUE_LEN
[    7.545253] tegra-hsp b950000.tegra-hsp: Try increasing MBOX_TX_QUEUE_LEN
[    7.545254] tegra-hsp b950000.tegra-hsp: Try increasing MBOX_TX_QUEUE_LEN
[    7.587641] [RCE] TCU debug prints will be routed to traces.
[    7.701831] tegra194-isp5 14800000.isp: Adding to iommu group 29
[    7.708264] tegra194-vi5 13e00000.host1x:vi0@15c00000: Adding to iommu group 26
[    7.709156] tegra-camrtc-capture-vi tegra-capture-vi: subdev 13e00000.host1x:nvcsi@15a00000- bound
[    7.716964] tegra194-vi5 13e00000.host1x:vi1@14c00000: Adding to iommu group 27
[    7.717875] (NULL device *): fops function table already registered
[    7.835620] tegra194-pcie 141e0000.pcie: Phy link never came up
[    7.835736] tegra194-pcie 141e0000.pcie: PCI host bridge to bus 0007:00
[    7.835741] pci_bus 0007:00: root bus resource [bus 00-ff]
[    7.835744] pci_bus 0007:00: root bus resource [mem 0x3000000000-0x3227ffffff pref]
[    7.835747] pci_bus 0007:00: root bus resource [mem 0x3228000000-0x322fffffff] (bus address [0x40000000-0x47ffffff])
[    7.835749] pci_bus 0007:00: root bus resource [io  0x200000-0x2fffff] (bus address [0x3e100000-0x3e1fffff])
[    7.835799] pci 0007:00:00.0: [10de:229a] type 01 class 0x060400
[    7.835954] pci 0007:00:00.0: PME# supported from D0 D3hot
[    7.841840] pci 0007:00:00.0: PCI bridge to [bus 01-ff]
[    7.841870] pci 0007:00:00.0: Max Payload Size set to  256/ 256 (was  128), Max Read Rq  256
[    7.842036] pcieport 0007:00:00.0: Adding to iommu group 6
[    7.842168] pcieport 0007:00:00.0: PME: Signaling with IRQ 194
[    7.842359] pcieport 0007:00:00.0: AER: enabled with IRQ 194
[    7.842692] pci_bus 0007:01: busn_res: [bus 01-ff] is released
[    7.842848] pci 0007:00:00.0: Removing from iommu group 6
[    7.842864] pci_bus 0007:00: busn_res: [bus 00-ff] is released
[    7.845882] tegra194-pcie 140a0000.pcie: Adding to iommu group 48
[    7.945348] nvvrs_pseq 4-003c: NVVRS Vendor ID: 0x9
[    7.945642] nvvrs_pseq 4-003c: NVVRS Model Rev: 0x82
[    7.948446] nvvrs_pseq 4-003c: NVVRS PSEQ probe successful
[    7.961612] tegra194-pcie 140a0000.pcie: host bridge /bus@0/pcie@140a0000 ranges:
[    7.961641] tegra194-pcie 140a0000.pcie:      MEM 0x3240000000..0x3527ffffff -> 0x3240000000
[    7.961649] tegra194-pcie 140a0000.pcie:      MEM 0x3528000000..0x352fffffff -> 0x0040000000
[    7.961652] tegra194-pcie 140a0000.pcie:       IO 0x002a100000..0x002a1fffff -> 0x002a100000
[    7.962153] tegra194-pcie 140a0000.pcie: iATU unroll: enabled
[    7.962158] tegra194-pcie 140a0000.pcie: Detected iATU regions: 8 outbound, 2 inbound
[    7.975006] tegra-dce d800000.dce: Adding to iommu group 49
[    7.976382] dce: dce_ipc_channel_init:311  Invalid Channel State [0x0] for ch_type [2]
[    7.976736] dce: tegra_dce_probe:247  Found display consumer device
[    7.977054] dce: dce_mailbox_set_full_interrupt:157  Intr bit set multiple times for MB : [0x5]
[    7.977342] dce: dce_admin_send_cmd_ver:456  version : [0x3] err : [0x0]
[    7.977545] dce: dce_mailbox_set_full_interrupt:157  Intr bit set multiple times for MB : [0x1]
[    7.977580] dce: dce_admin_setup_clients_ipc:585  Channel Reset Complete for Type [1] ...
[    7.977583] dce: dce_admin_setup_clients_ipc:561  Get queue info failed for [2]
[    7.977782] dce: dce_mailbox_set_full_interrupt:157  Intr bit set multiple times for MB : [0x2]
[    7.977812] dce: dce_admin_setup_clients_ipc:585  Channel Reset Complete for Type [3] ...
[    7.978772] dce: dce_start_boot_flow:166  DCE_BOOT_DONE
[    7.984607] systemd[1]: Finished Coldplug All udev Devices.
[    7.985074] systemd[1]: Condition check resulted in Show Plymouth Boot Screen being skipped.
[    7.985246] systemd[1]: Started Dispatch Password Requests to Console Directory Watch.
[    7.985363] systemd[1]: Condition check resulted in Forward Password Requests to Plymouth Directory Watch being skipped.
[    7.985395] systemd[1]: Reached target Local Encrypted Volumes.
[    8.001770] nv_platform 13800000.display: Adding to iommu group 50
[    8.005640] platform 13800000.display:nvdisplay-niso: Adding to iommu group 51
[    8.071620] tegra194-pcie 140a0000.pcie: Link up
[    8.074614] tegra194-pcie 140a0000.pcie: Link up
[    8.074677] tegra194-pcie 140a0000.pcie: PCI host bridge to bus 0008:00
[    8.074682] pci_bus 0008:00: root bus resource [bus 00-ff]
[    8.074685] pci_bus 0008:00: root bus resource [mem 0x3240000000-0x3527ffffff pref]
[    8.074687] pci_bus 0008:00: root bus resource [mem 0x3528000000-0x352fffffff] (bus address [0x40000000-0x47ffffff])
[    8.074689] pci_bus 0008:00: root bus resource [io  0x300000-0x3fffff] (bus address [0x2a100000-0x2a1fffff])
[    8.074737] pci 0008:00:00.0: [10de:229c] type 01 class 0x060400
[    8.074888] pci 0008:00:00.0: PME# supported from D0 D3hot
[    8.078239] pci 0008:01:00.0: [10ec:8168] type 00 class 0x020000
[    8.078720] pci 0008:01:00.0: reg 0x10: [io  0x0000-0x00ff]
[    8.078762] pci 0008:01:00.0: reg 0x18: [mem 0x00000000-0x00000fff 64bit]
[    8.078789] pci 0008:01:00.0: reg 0x20: [mem 0x00000000-0x00003fff 64bit]
[    8.079723] pci 0008:01:00.0: supports D1 D2
[    8.079725] pci 0008:01:00.0: PME# supported from D0 D1 D2 D3hot D3cold
[    8.098292] pci 0008:00:00.0: BAR 14: assigned [mem 0x3528000000-0x35280fffff]
[    8.098296] pci 0008:00:00.0: BAR 13: assigned [io  0x300000-0x300fff]
[    8.098299] pci 0008:01:00.0: BAR 4: assigned [mem 0x3528000000-0x3528003fff 64bit]
[    8.098392] pci 0008:01:00.0: BAR 2: assigned [mem 0x3528004000-0x3528004fff 64bit]
[    8.098483] pci 0008:01:00.0: BAR 0: assigned [io  0x300000-0x3000ff]
[    8.098512] pci 0008:00:00.0: PCI bridge to [bus 01-ff]
[    8.098515] pci 0008:00:00.0:   bridge window [io  0x300000-0x300fff]
[    8.098519] pci 0008:00:00.0:   bridge window [mem 0x3528000000-0x35280fffff]
[    8.098538] pci 0008:00:00.0: Max Payload Size set to  256/ 256 (was  128), Max Read Rq  256
[    8.098670] pci 0008:01:00.0: Max Payload Size set to  128/ 128 (was  128), Max Read Rq  128
[    8.098783] pcieport 0008:00:00.0: Adding to iommu group 48
[    8.098883] pcieport 0008:00:00.0: PME: Signaling with IRQ 188
[    8.098998] pcieport 0008:00:00.0: AER: enabled with IRQ 188
[    8.106759] systemd[1]: Started Journal Service.
[    8.115079] systemd-journald[273]: Received client request to flush runtime journal.
[    8.123647] cfg80211: Loading compiled-in X.509 certificates for regulatory database
[    8.124028] cfg80211: Loaded X.509 cert 'sforshee: 00b28ddf47aef9cea7'
[    8.124209] cfg80211: Loaded X.509 cert 'wens: 61c038651aabdcf94bd0ac7ff06c7248db18c600'
[    8.157695] spi-tegra114 3210000.spi: Adding to iommu group 1
[    8.157835] at24 0-0050: 256 byte 24c02 EEPROM, read-only
[    8.158676] at24 0-0057: 256 byte 24c02 EEPROM, read-only
[    8.183211] spi-tegra114 3230000.spi: Adding to iommu group 1
[    8.183566] tegra-hda 3510000.hda: Adding to iommu group 52
[    8.184692] rtl88x2ce 0001:01:00.0: Adding to iommu group 3
[    8.184869] rtl88x2ce 0001:01:00.0: enabling device (0000 -> 0003)
[    8.235888] CAN device driver interface
[    8.240815] tegra234-aon c000000.aon: Adding to iommu group 53
[    8.241359]  c000000.aon:hsp: probed
[    8.241484] tegra234-aon c000000.aon: init done
[    8.248546] TT CAN feature is not supported
[    8.249135] 	 Message RAM Configuration
               	| base addr   |0x0c312000|
               	| sidfc_flssa |0x00000000|
               	| xidfc_flesa |0x00000040|
               	| rxf0c_f0sa  |0x000000c0|
               	| rxf1c_f1sa  |0x000009c0|
               	| rxbc_rbsa   |0x000009c0|
               	| txefc_efsa  |0x000009c0|
               	| txbc_tbsa   |0x00000a40|
               	| tmc_tmsa    |0x00000ec0|
               	| mram size   |0x00001000|
[    8.250475] Release 3.2.3 from 09.06.2018
[    8.258351] gic 2a41000.interrupt-controller: GIC IRQ controller registered
[    8.258378] tegra-aconnect bus@0:aconnect@2900000: Tegra ACONNECT bus registered
[    8.264193] thermal-trip-event cpu-throttle-alert: cooling device registered.
[    8.267216] net can0: mttcan device registered (regs=00000000a173cbb9, irq=200)
[    8.270425] thermal-trip-event gpu-throttle-alert: cooling device registered.
[    8.278044] thermal-trip-event cv0-throttle-alert: cooling device registered.
[    8.286540] input: NVIDIA Jetson Orin NX HDA HDMI/DP,pcm=3 as /devices/platform/bus@0/3510000.hda/sound/card0/input4
[    8.287285] thermal-trip-event cv1-throttle-alert: cooling device registered.
[    8.287502] thermal-trip-event cv2-throttle-alert: cooling device registered.
[    8.287973] thermal-trip-event soc0-throttle-alert: cooling device registered.
[    8.293688] thermal-trip-event soc1-throttle-alert: cooling device registered.
[    8.295189] thermal-trip-event soc2-throttle-alert: cooling device registered.
[    8.296016] thermal-trip-event hot-surface-alert: cooling device registered.
[    8.296767] irq: IRQ255: trimming hierarchy from :bus@0:pmc@c360000
[    8.297272] fusb301 1-0025: device id: 0x12
[    8.310899] input: NVIDIA Jetson Orin NX HDA HDMI/DP,pcm=7 as /devices/platform/bus@0/3510000.hda/sound/card0/input5
[    8.327871] input: NVIDIA Jetson Orin NX HDA HDMI/DP,pcm=8 as /devices/platform/bus@0/3510000.hda/sound/card0/input6
[    8.336496] input: NVIDIA Jetson Orin NX HDA HDMI/DP,pcm=9 as /devices/platform/bus@0/3510000.hda/sound/card0/input7
[    8.337007] fusb301 1-0025: toggle_time(0) is not updated
[    8.337343] fusb301 1-0025: fusb301_set_mode: mode (32)(32)
[    8.337677] fusb301 1-0025: fusb301_detach: type[0x00] chipstate[0x01]
[    8.337682] fusb301 1-0025: fusb_update_state: 1
[    8.338488] fusb301 1-0025: mode[0x20], host_cur[0x02], dttime[0x00]
[    8.373873] usbcore: registered new interface driver btusb
[    8.375206] Bluetooth: hci0: RTL: examining hci_ver=0a hci_rev=000c lmp_ver=0a lmp_subver=8822
[    8.376186] Bluetooth: hci0: RTL: rom_version status=0 version=3
[    8.376193] Bluetooth: hci0: RTL: loading rtl_bt/rtl8822cu_fw.bin
[    8.376884] Bluetooth: hci0: RTL: loading rtl_bt/rtl8822cu_config.bin
[    8.377062] Bluetooth: hci0: RTL: cfg_sz 6, total sz 35086
[    8.394030] nvvrs-pseq-rtc nvvrs-pseq-rtc: registered as rtc0
[    8.394095] rtk_btusb: Realtek Bluetooth USB driver ver 3.1.65ab490.20240531-141726
[    8.394100] rtk_btcoex: rtk_btcoex_init: version: 1.2
[    8.394102] rtk_btcoex: create workqueue
[    8.396468] rtk_btcoex: alloc buffers 1792, 2432 for ev and l2
[    8.397864] nvvrs-pseq-rtc nvvrs-pseq-rtc: setting system clock to 1970-01-01T00:00:55 UTC (55)
[    8.399640] usbcore: registered new interface driver rtk_btusb
[    8.452083] loop0: detected capacity change from 0 to 8
[    8.452912] loop1: detected capacity change from 0 to 141232
[    8.455545] loop2: detected capacity change from 0 to 373072
[    8.459524] loop3: detected capacity change from 0 to 126776
[    8.463542] loop4: detected capacity change from 0 to 95512
[    8.466235] loop5: detected capacity change from 0 to 1132440
[    8.472618] loop6: detected capacity change from 0 to 187776
[    8.476534] loop7: detected capacity change from 0 to 357512
[    8.477952] loop8: detected capacity change from 0 to 85664
[    8.506394] fusb301 1-0025: fusb301_work_handler: int_sts[0x05]
[    8.506970] fusb301 1-0025: sts[0x2f], type[0x08]
[    8.506977] fusb301 1-0025: fusb_update_state: 6
[    8.555147] r8168 0008:01:00.0: Adding to iommu group 48
[    8.555795] r8168 Gigabit Ethernet driver 8.053.00-NAPI loaded
[    8.555866] r8168 0008:01:00.0: enabling device (0000 -> 0003)
[    8.571737] rtl88x2ce 0001:01:00.0 wlP1p1s0: renamed from wlan0
[    8.589548] tegra-adma 2930000.dma-controller: Tegra210 ADMA driver registered 32 channels
[    8.623071] r8168: This product is covered by one or more of the following patents: US6,570,884, US6,115,776, and US6,327,625.
[    8.625176] r8168  Copyright (C) 2024 Realtek NIC software team <nicfae@realtek.com> 
                This program comes with ABSOLUTELY NO WARRANTY; for details, please see <http://www.gnu.org/licenses/>. 
                This is free software, and you are welcome to redistribute it under certain conditions; see <http://www.gnu.org/licenses/>. 
[    8.684972] r8168 0008:01:00.0 enP8p1s0: renamed from eth0
[    8.758308] tegra210-admaif 290f000.admaif: Adding to iommu group 54
[    8.870166] Bluetooth: hci0: RTL: fw version 0x19b76d7d
[   10.708394] using random self ethernet address
[   10.708402] using random host ethernet address
[   10.727915] Bluetooth: BNEP (Ethernet Emulation) ver 1.3
[   10.727924] Bluetooth: BNEP filters: protocol multicast
[   10.727934] Bluetooth: BNEP socket layer initialized
[   10.746951] NET: Registered PF_ALG protocol family
[   10.768130] loop9: detected capacity change from 0 to 32768
[   10.848501] nv_nvsciipc_init.sh[944]: found /dev/nvsciipc
[   10.858781] nvsciipc: set_db start
[   10.858809] nvsciipc: set_db done
[   10.916060] IRQ230: set affinity failed(-22).
[   10.916092] IRQ253: set affinity failed(-22).
[   10.917209] psci: CPU4 killed (polled 0 ms)
[   10.922167] enP8p1s0: 0xffff800009015000, 3c:6d:66:0d:53:d9, IRQ 256
[   10.940885] Mass Storage Function, version: 2009/09/11
[   10.940893] LUN: removable file: (no medium)
[   11.007995] IRQ230: set affinity failed(-22).
[   11.008029] IRQ253: set affinity failed(-22).
[   11.008033] IRQ256: set affinity failed(-22).
[   11.009141] psci: CPU5 killed (polled 0 ms)
[   11.024983] using random self ethernet address
[   11.024989] using random host ethernet address
[   11.084040] IRQ230: set affinity failed(-22).
[   11.084077] IRQ253: set affinity failed(-22).
[   11.084082] IRQ256: set affinity failed(-22).
[   11.084324] psci: CPU6 killed (polled 0 ms)
[   11.160975] IRQ230: set affinity failed(-22).
[   11.161081] IRQ253: set affinity failed(-22).
[   11.161569] psci: CPU7 killed (polled 0 ms)
[   11.209101] pstore: Using crash dump compression: deflate
[   11.209165] printk: console [ramoops-1]: printing thread started
[   11.209180] printk: console [ramoops-1] enabled
[   11.209181] pstore: Registered ramoops as persistent store backend
[   11.209182] ramoops: using 0x200000@0x4725f0000, ecc: 0
[   11.355356] bridge: filtering via arp/ip/ip6tables is no longer available by default. Update your scripts to load br_netfilter if you need this.
[   11.356990] nvgpu: 17000000.gpu                  gk20a_scale_init:541  [INFO]  enabled scaling for GPU

[   11.362835] usb0: HOST MAC c2:d6:da:8f:db:b0
[   11.362843] usb0: MAC c2:d6:da:8f:db:b1
[   11.368609] usb1: HOST MAC c2:d6:da:8f:db:b2
[   11.368618] usb1: MAC c2:d6:da:8f:db:b3
[   11.368646] tegra-xudc 3550000.usb: EP 0 (type: ctrl, dir: out) enabled
[   11.378517] l4tbr0: port 1(usb0) entered blocking state
[   11.378536] l4tbr0: port 1(usb0) entered disabled state
[   11.378698] device usb0 entered promiscuous mode
[   11.387365] l4tbr0: port 2(usb1) entered blocking state
[   11.387385] l4tbr0: port 2(usb1) entered disabled state
[   11.388232] device usb1 entered promiscuous mode
[   11.399071] loop9: detected capacity change from 0 to 32768
[   11.545858] zram: Added device: zram0
[   11.548156] zram: Added device: zram1
[   11.549241] zram: Added device: zram2
[   11.551181] zram: Added device: zram3
[   11.630024] zram0: detected capacity change from 0 to 4004600
[   11.655640] Adding 2002296k swap on /dev/zram0.  Priority:5 extents:1 across:2002296k SS
[   11.662664] zram1: detected capacity change from 0 to 4004600
[   11.713832] Adding 2002296k swap on /dev/zram1.  Priority:5 extents:1 across:2002296k SS
[   11.719530] zram2: detected capacity change from 0 to 4004600
[   11.737484] Adding 2002296k swap on /dev/zram2.  Priority:5 extents:1 across:2002296k SS
[   11.743900] zram3: detected capacity change from 0 to 4004600
[   11.771005] Adding 2002296k swap on /dev/zram3.  Priority:5 extents:1 across:2002296k SS
[   11.916323] tegra-xudc 3550000.usb: EP 5 (type: intr, dir: in) enabled
[   11.916345] tegra-xudc 3550000.usb: EP 3 (type: bulk, dir: in) enabled
[   11.916358] tegra-xudc 3550000.usb: EP 2 (type: bulk, dir: out) enabled
[   11.916434] tegra-xudc 3550000.usb: EP 9 (type: intr, dir: in) enabled
[   11.916449] tegra-xudc 3550000.usb: EP 7 (type: bulk, dir: in) enabled
[   11.916460] tegra-xudc 3550000.usb: EP 4 (type: bulk, dir: out) enabled
[   11.916491] tegra-xudc 3550000.usb: EP 15 (type: intr, dir: in) enabled
[   11.916506] tegra-xudc 3550000.usb: EP 11 (type: bulk, dir: in) enabled
[   11.916524] tegra-xudc 3550000.usb: EP 6 (type: bulk, dir: out) enabled
[   11.916561] IPv6: ADDRCONF(NETDEV_CHANGE): usb0: link becomes ready
[   11.924568] tegra-xudc 3550000.usb: EP 13 (type: bulk, dir: in) enabled
[   11.924587] tegra-xudc 3550000.usb: EP 8 (type: bulk, dir: out) enabled
[   11.924766] IPv6: ADDRCONF(NETDEV_CHANGE): usb1: link becomes ready
[   11.926318] tegra-xudc 3550000.usb: ep 13 disabled
[   11.926410] tegra-xudc 3550000.usb: ep 8 disabled
[   11.946947] tegra-xudc 3550000.usb: EP 13 (type: bulk, dir: in) enabled
[   11.946967] tegra-xudc 3550000.usb: EP 8 (type: bulk, dir: out) enabled
[   13.770169] l4tbr0: port 2(usb1) entered blocking state
[   13.770182] l4tbr0: port 2(usb1) entered forwarding state
[   13.770242] l4tbr0: port 1(usb0) entered blocking state
[   13.770246] l4tbr0: port 1(usb0) entered forwarding state
[   13.777287] IPv6: ADDRCONF(NETDEV_CHANGE): l4tbr0: link becomes ready
[   13.980179] nvidia-modeset: Loading NVIDIA UNIX Open Kernel Mode Setting Driver for aarch64  540.5.0  Release Build  (buildbrain@239549d1-8639-491a-b9e7-120e21430986-l1eu-vqrkv)  Thu Jan 15 19:36:45 PST 2026
[   13.987193] [drm] [nvidia-drm] [GPU ID 0x00020000] Loading driver
[   14.281607] NVRM rpcRmApiControl_dce: NVRM_RPC_DCE: Failed RM ctrl call cmd:0x731341 result 0xffff:
[   14.282709] NVRM rpcRmApiControl_dce: NVRM_RPC_DCE: Failed RM ctrl call cmd:0x730282 result 0x1f:
[   14.337743] [drm] Initialized nvidia-drm 0.0.0 20160202 for 13800000.display on minor 1
[   14.418977] Console: switching to colour frame buffer device 240x67
[   14.418998] nv_platform 13800000.display: [drm] fb0: nvidia-drmdrmfb frame buffer device
[   15.735109] ACK 04 d4
[   15.736383] ACK 04 d4
[   15.738356] IPv6: ADDRCONF(NETDEV_CHANGE): wlP1p1s0: link becomes ready
[   18.517085] loop10: detected capacity change from 0 to 8
[   19.085846] rfkill: input handler disabled
[   22.232696] audit: type=1326 audit(1776870639.793:2): auid=4294967295 uid=0 gid=0 ses=4294967295 subj=kernel pid=2518 comm="cupsd" exe="/snap/cups/1184/sbin/cupsd" sig=0 arch=c00000b7 syscall=55 compat=0 ip=0xffffa774ce0c code=0x50000
[   23.345317] audit: type=1326 audit(1776870640.905:3): auid=4294967295 uid=0 gid=0 ses=4294967295 subj=kernel pid=2518 comm="cupsd" exe="/snap/cups/1184/sbin/cupsd" sig=0 arch=c00000b7 syscall=55 compat=0 ip=0xffffa774ce0c code=0x50000
[   23.374287] audit: type=1326 audit(1776870640.933:4): auid=4294967295 uid=0 gid=0 ses=4294967295 subj=kernel pid=2597 comm="cups-browsed" exe="/snap/cups/1184/sbin/cups-browsed" sig=0 arch=c00000b7 syscall=274 compat=0 ip=0xffffb31e5b68 code=0x50000
[  519.476487] nv_ov5647: module verification failed: signature and/or required key missing - tainting kernel
[  519.477179] nv_ov5647: module init register_i2c_driver=1 allow_hw_probe=1 skip_v4l2_register=0 skip_v4l2_unregister=0 split_v4l2_unregister=0 unload_marker_delay_ms=500
[  519.477187] nv_ov5647: diagnostics dump_stream_regs=1
[  519.477189] nv_ov5647: diagnostics continuous_mipi_clock=1
[  519.477502] nv_ov5647 9-0036: ov5647_probe: enter client=ov5647 addr=0x36
[  519.477583] nv_ov5647 9-0036: ov5647_parse_dt: enter
[  519.477604] nv_ov5647 9-0036: ov5647_parse_dt: pdata=00000000f3fdf48c mclk=extperiph1 reset_gpio=-1 pwdn_gpio=397 avdd=vana dvdd=vdig iovdd=vif
[  519.477611] nv_ov5647 9-0036: ov5647_power_get: enter priv=000000008cca6f4f s_data=000000000c2a2d87 pdata=00000000f3fdf48c
[  519.477639] nv_ov5647 9-0036: supply vana not found, using dummy regulator
[  519.478224] nv_ov5647 9-0036: supply vdig not found, using dummy regulator
[  519.478275] nv_ov5647 9-0036: supply vif not found, using dummy regulator
[  519.478319] nv_ov5647 9-0036: ov5647_power_get: mclk get ok name=extperiph1 current_rate=51000000 def_clk_freq=0
[  519.478351] nv_ov5647 9-0036: ov5647_power_get: exit
[  519.478400] nv_ov5647 9-0036: tegracam sensor driver:nv_ov5647_v2.0.6
[  519.478404] nv_ov5647 9-0036: ov5647_probe: private data linked tc_dev=00000000ad92348a tc_dev->priv=000000008cca6f4f s_data=000000000c2a2d87 s_data->priv=000000008cca6f4f
[  519.478425] nv_ov5647 9-0036: ov5647_board_setup: enter
[  519.478426] nv_ov5647 9-0036: ov5647_power_on: enter
[  519.478430] nv_ov5647 9-0036: ov5647_power_on: overriding def_clk_freq 24000000 -> 24000000 Hz
[  519.478432] nv_ov5647 9-0036: ov5647_power_on: enabling mclk def_clk_freq=24000000 current_rate=51000000
[  519.479500] nv_ov5647 9-0036: ov5647_power_on: mclk enabled rate=24000000
[  519.487983] nv_ov5647 9-0036: ov5647_power_on: stream-stop LP-11 setup complete
[  519.487987] nv_ov5647 9-0036: ov5647_dump_stream_regs: begin phase=power_on_lp11
[  519.488177] nv_ov5647 9-0036: ov5647_dump_stream_regs: phase=power_on_lp11 reg=0x0100 name=mode_select val=0x00
[  519.488368] nv_ov5647 9-0036: ov5647_dump_stream_regs: phase=power_on_lp11 reg=0x0103 name=sw_reset val=0x00
[  519.488558] nv_ov5647 9-0036: ov5647_dump_stream_regs: phase=power_on_lp11 reg=0x3000 name=sys_ctrl0 val=0x0f
[  519.488748] nv_ov5647 9-0036: ov5647_dump_stream_regs: phase=power_on_lp11 reg=0x3001 name=sys_ctrl1 val=0xff
[  519.488938] nv_ov5647 9-0036: ov5647_dump_stream_regs: phase=power_on_lp11 reg=0x3002 name=sys_ctrl2 val=0xe4
[  519.489127] nv_ov5647 9-0036: ov5647_dump_stream_regs: phase=power_on_lp11 reg=0x300d name=pad_out val=0x01
[  519.489348] nv_ov5647 9-0036: ov5647_dump_stream_regs: phase=power_on_lp11 reg=0x3016 name=mipi_ctrl16 val=0x00
[  519.489578] nv_ov5647 9-0036: ov5647_dump_stream_regs: phase=power_on_lp11 reg=0x3017 name=mipi_ctrl17 val=0x10
[  519.489787] nv_ov5647 9-0036: ov5647_dump_stream_regs: phase=power_on_lp11 reg=0x3018 name=mipi_ctrl18 val=0x58
[  519.489991] nv_ov5647 9-0036: ov5647_dump_stream_regs: phase=power_on_lp11 reg=0x3034 name=pll_ctrl34 val=0x1a
[  519.490185] nv_ov5647 9-0036: ov5647_dump_stream_regs: phase=power_on_lp11 reg=0x3035 name=pll_ctrl35 val=0x11
[  519.490377] nv_ov5647 9-0036: ov5647_dump_stream_regs: phase=power_on_lp11 reg=0x3036 name=pll_ctrl36 val=0x69
[  519.490566] nv_ov5647 9-0036: ov5647_dump_stream_regs: phase=power_on_lp11 reg=0x303c name=pll_ctrl3c val=0x11
[  519.490863] nv_ov5647 9-0036: ov5647_dump_stream_regs: phase=power_on_lp11 reg=0x3808 name=x_output_size_h val=0x0a
[  519.491073] nv_ov5647 9-0036: ov5647_dump_stream_regs: phase=power_on_lp11 reg=0x3809 name=x_output_size_l val=0x20
[  519.491270] nv_ov5647 9-0036: ov5647_dump_stream_regs: phase=power_on_lp11 reg=0x380a name=y_output_size_h val=0x07
[  519.491607] nv_ov5647 9-0036: ov5647_dump_stream_regs: phase=power_on_lp11 reg=0x380b name=y_output_size_l val=0x98
[  519.491827] nv_ov5647 9-0036: ov5647_dump_stream_regs: phase=power_on_lp11 reg=0x380c name=hts_h val=0x0a
[  519.492031] nv_ov5647 9-0036: ov5647_dump_stream_regs: phase=power_on_lp11 reg=0x380d name=hts_l val=0x8c
[  519.492225] nv_ov5647 9-0036: ov5647_dump_stream_regs: phase=power_on_lp11 reg=0x380e name=vts_h val=0x07
[  519.492509] nv_ov5647 9-0036: ov5647_dump_stream_regs: phase=power_on_lp11 reg=0x380f name=vts_l val=0xb0
[  519.492721] nv_ov5647 9-0036: ov5647_dump_stream_regs: phase=power_on_lp11 reg=0x3820 name=timing_format1 val=0x40
[  519.492920] nv_ov5647 9-0036: ov5647_dump_stream_regs: phase=power_on_lp11 reg=0x3821 name=timing_format2 val=0x00
[  519.493117] nv_ov5647 9-0036: ov5647_dump_stream_regs: phase=power_on_lp11 reg=0x4202 name=frame_off_number val=0x0f
[  519.493309] nv_ov5647 9-0036: ov5647_dump_stream_regs: phase=power_on_lp11 reg=0x4800 name=mipi_ctrl00 val=0x25
[  519.493545] nv_ov5647 9-0036: ov5647_dump_stream_regs: phase=power_on_lp11 reg=0x4814 name=mipi_ctrl14 val=0x2a
[  519.493548] nv_ov5647 9-0036: ov5647_dump_stream_regs: end phase=power_on_lp11
[  519.493550] nv_ov5647 9-0036: ov5647_power_on: exit success
[  519.493933] nv_ov5647 9-0036: ov5647_board_setup: detected chip_id=0x5647
[  519.493935] nv_ov5647 9-0036: ov5647_power_off: enter
[  519.494357] nv_ov5647 9-0036: ov5647_power_off: disabling mclk rate=24000000
[  519.494558] nv_ov5647 9-0036: ov5647_power_off: exit success
[  519.494559] nv_ov5647 9-0036: ov5647_board_setup: exit success
[  519.494624] tegra-camrtc-capture-vi tegra-capture-vi: subdev nv_ov5647 9-0036 bound
[  519.495125] nv_ov5647 9-0036: ov5647_probe: v4l2 registered tc_dev=00000000ad92348a tc_dev->priv=000000008cca6f4f s_data=000000000c2a2d87 s_data->priv=000000008cca6f4f v4l2_registered=1
[  519.495131] nv_ov5647 9-0036: ov5647_probe: exit success
[  519.496409] nv_ov5647: i2c driver registered
[  529.589349] nv_ov5647 9-0036: ov5647_power_on: enter
[  529.589364] nv_ov5647 9-0036: ov5647_power_on: overriding def_clk_freq 24000000 -> 24000000 Hz
[  529.589369] nv_ov5647 9-0036: ov5647_power_on: enabling mclk def_clk_freq=24000000 current_rate=24000000
[  529.590774] nv_ov5647 9-0036: ov5647_power_on: mclk enabled rate=24000000
[  529.599213] nv_ov5647 9-0036: ov5647_power_on: stream-stop LP-11 setup complete
[  529.599219] nv_ov5647 9-0036: ov5647_dump_stream_regs: begin phase=power_on_lp11
[  529.599412] nv_ov5647 9-0036: ov5647_dump_stream_regs: phase=power_on_lp11 reg=0x0100 name=mode_select val=0x00
[  529.599607] nv_ov5647 9-0036: ov5647_dump_stream_regs: phase=power_on_lp11 reg=0x0103 name=sw_reset val=0x00
[  529.599804] nv_ov5647 9-0036: ov5647_dump_stream_regs: phase=power_on_lp11 reg=0x3000 name=sys_ctrl0 val=0x0f
[  529.599998] nv_ov5647 9-0036: ov5647_dump_stream_regs: phase=power_on_lp11 reg=0x3001 name=sys_ctrl1 val=0xff
[  529.600191] nv_ov5647 9-0036: ov5647_dump_stream_regs: phase=power_on_lp11 reg=0x3002 name=sys_ctrl2 val=0xe4
[  529.600383] nv_ov5647 9-0036: ov5647_dump_stream_regs: phase=power_on_lp11 reg=0x300d name=pad_out val=0x01
[  529.600574] nv_ov5647 9-0036: ov5647_dump_stream_regs: phase=power_on_lp11 reg=0x3016 name=mipi_ctrl16 val=0x00
[  529.600761] nv_ov5647 9-0036: ov5647_dump_stream_regs: phase=power_on_lp11 reg=0x3017 name=mipi_ctrl17 val=0x10
[  529.600950] nv_ov5647 9-0036: ov5647_dump_stream_regs: phase=power_on_lp11 reg=0x3018 name=mipi_ctrl18 val=0x58
[  529.601138] nv_ov5647 9-0036: ov5647_dump_stream_regs: phase=power_on_lp11 reg=0x3034 name=pll_ctrl34 val=0x1a
[  529.601326] nv_ov5647 9-0036: ov5647_dump_stream_regs: phase=power_on_lp11 reg=0x3035 name=pll_ctrl35 val=0x11
[  529.601514] nv_ov5647 9-0036: ov5647_dump_stream_regs: phase=power_on_lp11 reg=0x3036 name=pll_ctrl36 val=0x69
[  529.601701] nv_ov5647 9-0036: ov5647_dump_stream_regs: phase=power_on_lp11 reg=0x303c name=pll_ctrl3c val=0x11
[  529.601889] nv_ov5647 9-0036: ov5647_dump_stream_regs: phase=power_on_lp11 reg=0x3808 name=x_output_size_h val=0x0a
[  529.602077] nv_ov5647 9-0036: ov5647_dump_stream_regs: phase=power_on_lp11 reg=0x3809 name=x_output_size_l val=0x20
[  529.602265] nv_ov5647 9-0036: ov5647_dump_stream_regs: phase=power_on_lp11 reg=0x380a name=y_output_size_h val=0x07
[  529.602453] nv_ov5647 9-0036: ov5647_dump_stream_regs: phase=power_on_lp11 reg=0x380b name=y_output_size_l val=0x98
[  529.602644] nv_ov5647 9-0036: ov5647_dump_stream_regs: phase=power_on_lp11 reg=0x380c name=hts_h val=0x0a
[  529.602835] nv_ov5647 9-0036: ov5647_dump_stream_regs: phase=power_on_lp11 reg=0x380d name=hts_l val=0x8c
[  529.603027] nv_ov5647 9-0036: ov5647_dump_stream_regs: phase=power_on_lp11 reg=0x380e name=vts_h val=0x07
[  529.603249] nv_ov5647 9-0036: ov5647_dump_stream_regs: phase=power_on_lp11 reg=0x380f name=vts_l val=0xb0
[  529.603644] nv_ov5647 9-0036: ov5647_dump_stream_regs: phase=power_on_lp11 reg=0x3820 name=timing_format1 val=0x40
[  529.603853] nv_ov5647 9-0036: ov5647_dump_stream_regs: phase=power_on_lp11 reg=0x3821 name=timing_format2 val=0x00
[  529.604053] nv_ov5647 9-0036: ov5647_dump_stream_regs: phase=power_on_lp11 reg=0x4202 name=frame_off_number val=0x0f
[  529.604252] nv_ov5647 9-0036: ov5647_dump_stream_regs: phase=power_on_lp11 reg=0x4800 name=mipi_ctrl00 val=0x25
[  529.604475] nv_ov5647 9-0036: ov5647_dump_stream_regs: phase=power_on_lp11 reg=0x4814 name=mipi_ctrl14 val=0x2a
[  529.604482] nv_ov5647 9-0036: ov5647_dump_stream_regs: end phase=power_on_lp11
[  529.604486] nv_ov5647 9-0036: ov5647_power_on: exit success
[  529.617058] nv_ov5647 9-0036: ov5647_set_mode: applying mode=0 name=640x480-10bpp-30fps 640x480
[  529.629197] nv_ov5647 9-0036: ov5647_set_mode: sensor output-enable restored after mode programming
[  529.629201] nv_ov5647 9-0036: ov5647_dump_stream_regs: begin phase=after_set_mode
[  529.629391] nv_ov5647 9-0036: ov5647_dump_stream_regs: phase=after_set_mode reg=0x0100 name=mode_select val=0x00
[  529.629581] nv_ov5647 9-0036: ov5647_dump_stream_regs: phase=after_set_mode reg=0x0103 name=sw_reset val=0x00
[  529.629770] nv_ov5647 9-0036: ov5647_dump_stream_regs: phase=after_set_mode reg=0x3000 name=sys_ctrl0 val=0x0f
[  529.629958] nv_ov5647 9-0036: ov5647_dump_stream_regs: phase=after_set_mode reg=0x3001 name=sys_ctrl1 val=0xff
[  529.630147] nv_ov5647 9-0036: ov5647_dump_stream_regs: phase=after_set_mode reg=0x3002 name=sys_ctrl2 val=0xe4
[  529.630335] nv_ov5647 9-0036: ov5647_dump_stream_regs: phase=after_set_mode reg=0x300d name=pad_out val=0x00
[  529.630522] nv_ov5647 9-0036: ov5647_dump_stream_regs: phase=after_set_mode reg=0x3016 name=mipi_ctrl16 val=0x08
[  529.630710] nv_ov5647 9-0036: ov5647_dump_stream_regs: phase=after_set_mode reg=0x3017 name=mipi_ctrl17 val=0xe0
[  529.630899] nv_ov5647 9-0036: ov5647_dump_stream_regs: phase=after_set_mode reg=0x3018 name=mipi_ctrl18 val=0x44
[  529.631087] nv_ov5647 9-0036: ov5647_dump_stream_regs: phase=after_set_mode reg=0x3034 name=pll_ctrl34 val=0x1a
[  529.631358] nv_ov5647 9-0036: ov5647_dump_stream_regs: phase=after_set_mode reg=0x3035 name=pll_ctrl35 val=0x21
[  529.631565] nv_ov5647 9-0036: ov5647_dump_stream_regs: phase=after_set_mode reg=0x3036 name=pll_ctrl36 val=0x46
[  529.631760] nv_ov5647 9-0036: ov5647_dump_stream_regs: phase=after_set_mode reg=0x303c name=pll_ctrl3c val=0x11
[  529.631951] nv_ov5647 9-0036: ov5647_dump_stream_regs: phase=after_set_mode reg=0x3808 name=x_output_size_h val=0x02
[  529.632140] nv_ov5647 9-0036: ov5647_dump_stream_regs: phase=after_set_mode reg=0x3809 name=x_output_size_l val=0x80
[  529.632329] nv_ov5647 9-0036: ov5647_dump_stream_regs: phase=after_set_mode reg=0x380a name=y_output_size_h val=0x01
[  529.632518] nv_ov5647 9-0036: ov5647_dump_stream_regs: phase=after_set_mode reg=0x380b name=y_output_size_l val=0xe0
[  529.632708] nv_ov5647 9-0036: ov5647_dump_stream_regs: phase=after_set_mode reg=0x380c name=hts_h val=0x07
[  529.632899] nv_ov5647 9-0036: ov5647_dump_stream_regs: phase=after_set_mode reg=0x380d name=hts_l val=0x3c
[  529.633094] nv_ov5647 9-0036: ov5647_dump_stream_regs: phase=after_set_mode reg=0x380e name=vts_h val=0x01
[  529.633284] nv_ov5647 9-0036: ov5647_dump_stream_regs: phase=after_set_mode reg=0x380f name=vts_l val=0xf8
[  529.633474] nv_ov5647 9-0036: ov5647_dump_stream_regs: phase=after_set_mode reg=0x3820 name=timing_format1 val=0x41
[  529.633663] nv_ov5647 9-0036: ov5647_dump_stream_regs: phase=after_set_mode reg=0x3821 name=timing_format2 val=0x03
[  529.633853] nv_ov5647 9-0036: ov5647_dump_stream_regs: phase=after_set_mode reg=0x4202 name=frame_off_number val=0x00
[  529.634043] nv_ov5647 9-0036: ov5647_dump_stream_regs: phase=after_set_mode reg=0x4800 name=mipi_ctrl00 val=0x34
[  529.634233] nv_ov5647 9-0036: ov5647_dump_stream_regs: phase=after_set_mode reg=0x4814 name=mipi_ctrl14 val=0x2a
[  529.634235] nv_ov5647 9-0036: ov5647_dump_stream_regs: end phase=after_set_mode
[  529.634237] nv_ov5647 9-0036: ov5647_set_mode: mode applied, sensor remains in standby
[  529.634244] nv_ov5647 9-0036: ov5647_start_streaming: enter
[  529.634245] nv_ov5647 9-0036: ov5647_start_streaming: using mode already applied by tegracam set_mode
[  529.634247] nv_ov5647 9-0036: ov5647_start_streaming: mipi_ctrl00 stream value=0x04 continuous_mipi_clock=1
[  529.634660] nv_ov5647 9-0036: ov5647_start_streaming: sensor output-enable restored before stream
[  529.635216] nv_ov5647 9-0036: ov5647_dump_stream_regs: begin phase=after_stream_on
[  529.635494] nv_ov5647 9-0036: ov5647_dump_stream_regs: phase=after_stream_on reg=0x0100 name=mode_select val=0x01
[  529.635693] nv_ov5647 9-0036: ov5647_dump_stream_regs: phase=after_stream_on reg=0x0103 name=sw_reset val=0x00
[  529.635949] nv_ov5647 9-0036: ov5647_dump_stream_regs: phase=after_stream_on reg=0x3000 name=sys_ctrl0 val=0x0f
[  529.636145] nv_ov5647 9-0036: ov5647_dump_stream_regs: phase=after_stream_on reg=0x3001 name=sys_ctrl1 val=0xff
[  529.636339] nv_ov5647 9-0036: ov5647_dump_stream_regs: phase=after_stream_on reg=0x3002 name=sys_ctrl2 val=0xe4
[  529.636534] nv_ov5647 9-0036: ov5647_dump_stream_regs: phase=after_stream_on reg=0x300d name=pad_out val=0x00
[  529.636730] nv_ov5647 9-0036: ov5647_dump_stream_regs: phase=after_stream_on reg=0x3016 name=mipi_ctrl16 val=0x08
[  529.636919] nv_ov5647 9-0036: ov5647_dump_stream_regs: phase=after_stream_on reg=0x3017 name=mipi_ctrl17 val=0xe0
[  529.637108] nv_ov5647 9-0036: ov5647_dump_stream_regs: phase=after_stream_on reg=0x3018 name=mipi_ctrl18 val=0x44
[  529.637296] nv_ov5647 9-0036: ov5647_dump_stream_regs: phase=after_stream_on reg=0x3034 name=pll_ctrl34 val=0x1a
[  529.637484] nv_ov5647 9-0036: ov5647_dump_stream_regs: phase=after_stream_on reg=0x3035 name=pll_ctrl35 val=0x21
[  529.637672] nv_ov5647 9-0036: ov5647_dump_stream_regs: phase=after_stream_on reg=0x3036 name=pll_ctrl36 val=0x46
[  529.637859] nv_ov5647 9-0036: ov5647_dump_stream_regs: phase=after_stream_on reg=0x303c name=pll_ctrl3c val=0x11
[  529.638047] nv_ov5647 9-0036: ov5647_dump_stream_regs: phase=after_stream_on reg=0x3808 name=x_output_size_h val=0x02
[  529.638234] nv_ov5647 9-0036: ov5647_dump_stream_regs: phase=after_stream_on reg=0x3809 name=x_output_size_l val=0x80
[  529.638421] nv_ov5647 9-0036: ov5647_dump_stream_regs: phase=after_stream_on reg=0x380a name=y_output_size_h val=0x01
[  529.638608] nv_ov5647 9-0036: ov5647_dump_stream_regs: phase=after_stream_on reg=0x380b name=y_output_size_l val=0xe0
[  529.638798] nv_ov5647 9-0036: ov5647_dump_stream_regs: phase=after_stream_on reg=0x380c name=hts_h val=0x07
[  529.638990] nv_ov5647 9-0036: ov5647_dump_stream_regs: phase=after_stream_on reg=0x380d name=hts_l val=0x3c
[  529.639195] nv_ov5647 9-0036: ov5647_dump_stream_regs: phase=after_stream_on reg=0x380e name=vts_h val=0x01
[  529.639470] nv_ov5647 9-0036: ov5647_dump_stream_regs: phase=after_stream_on reg=0x380f name=vts_l val=0xf8
[  529.639669] nv_ov5647 9-0036: ov5647_dump_stream_regs: phase=after_stream_on reg=0x3820 name=timing_format1 val=0x41
[  529.639861] nv_ov5647 9-0036: ov5647_dump_stream_regs: phase=after_stream_on reg=0x3821 name=timing_format2 val=0x03
[  529.640053] nv_ov5647 9-0036: ov5647_dump_stream_regs: phase=after_stream_on reg=0x4202 name=frame_off_number val=0x00
[  529.640246] nv_ov5647 9-0036: ov5647_dump_stream_regs: phase=after_stream_on reg=0x4800 name=mipi_ctrl00 val=0x04
[  529.640441] nv_ov5647 9-0036: ov5647_dump_stream_regs: phase=after_stream_on reg=0x4814 name=mipi_ctrl14 val=0x2a
[  529.640444] nv_ov5647 9-0036: ov5647_dump_stream_regs: end phase=after_stream_on
[  529.640446] nv_ov5647 9-0036: ov5647_start_streaming: exit success
[  532.126631] tegra-camrtc-capture-vi tegra-capture-vi: uncorr_err: request timed out after 2500 ms
[  534.686329] tegra-camrtc-capture-vi tegra-capture-vi: uncorr_err: request timed out after 2500 ms
[  537.245456] tegra-camrtc-capture-vi tegra-capture-vi: uncorr_err: request timed out after 2500 ms
[  539.804874] tegra-camrtc-capture-vi tegra-capture-vi: uncorr_err: request timed out after 2500 ms
[  559.571124] nv_ov5647 9-0036: ov5647_stop_streaming: enter
[  559.571717] nv_ov5647 9-0036: ov5647_stop_streaming: exit success
[  559.573950] nv_ov5647 9-0036: ov5647_power_off: enter
[  559.574434] nv_ov5647 9-0036: ov5647_power_off: disabling mclk rate=24000000
[  559.575084] nv_ov5647 9-0036: ov5647_power_off: exit success
