[    0.000000] Booting Linux on physical CPU 0x0000000000 [0x410fd421]
[    0.000000] Linux version 5.15.185-tegra (buildbrain@239549d1-8639-491a-b9e7-120e21430986-l1eu-vqrkv) (aarch64-buildroot-linux-gnu-gcc.br_real (Buildroot 2022.08) 11.3.0, GNU ld (GNU Binutils) 2.38) #1 SMP PREEMPT Thu Jan 15 19:24:38 PST 2026 ()
[    0.000000] Machine model: NVIDIA Jetson Orin NX Engineering Reference Developer Kit
[    0.000000] efi: EFI v2.70 by EDK II
[    0.000000] efi: RTPROP=0x46de1e698 TPMFinalLog=0x45e8f0000 SMBIOS=0xffff0000 SMBIOS 3.0=0x46da40000 MEMATTR=0x467efe018 ESRT=0x468420518 TPMEventLog=0x45e0cc018 RNG=0x45e900018 MEMRESERVE=0x45e901f98 
[    0.000000] random: crng init done
[    0.000000] secureboot: Secure boot disabled
[    0.000000] esrt: Reserving ESRT space from 0x0000000468420518 to 0x0000000468420550.
[    0.000000] Reserved memory: created CMA memory pool at 0x0000000449000000, size 256 MiB
[    0.000000] OF: reserved mem: initialized node linux,cma, compatible id shared-dma-pool
[    0.000000] NUMA: No NUMA configuration found
[    0.000000] NUMA: Faking a node at [mem 0x0000000080000000-0x0000000477ffffff]
[    0.000000] NUMA: NODE_DATA [mem 0x4702fc800-0x4702fefff]
[    0.000000] Zone ranges:
[    0.000000]   DMA      [mem 0x0000000080000000-0x00000000ffffffff]
[    0.000000]   DMA32    empty
[    0.000000]   Normal   [mem 0x0000000100000000-0x0000000477ffffff]
[    0.000000] Movable zone start for each node
[    0.000000] Early memory node ranges
[    0.000000]   node   0: [mem 0x0000000080000000-0x00000000bdffffff]
[    0.000000]   node   0: [mem 0x00000000c2000000-0x00000000fffdffff]
[    0.000000]   node   0: [mem 0x00000000fffe0000-0x00000000ffffffff]
[    0.000000]   node   0: [mem 0x0000000100000000-0x000000045d48ffff]
[    0.000000]   node   0: [mem 0x000000045d490000-0x000000045e0bffff]
[    0.000000]   node   0: [mem 0x000000045e0c0000-0x000000045e0effff]
[    0.000000]   node   0: [mem 0x000000045e0f0000-0x000000045e0fffff]
[    0.000000]   node   0: [mem 0x000000045e100000-0x000000045e14ffff]
[    0.000000]   node   0: [mem 0x000000045e150000-0x000000045e30ffff]
[    0.000000]   node   0: [mem 0x000000045e310000-0x000000045e8effff]
[    0.000000]   node   0: [mem 0x000000045e8f0000-0x000000045e8fffff]
[    0.000000]   node   0: [mem 0x000000045e900000-0x000000046bedffff]
[    0.000000]   node   0: [mem 0x000000046bee0000-0x000000046de1ffff]
[    0.000000]   node   0: [mem 0x000000046de20000-0x0000000471dfffff]
[    0.000000]   node   0: [mem 0x0000000471e00000-0x0000000471ffffff]
[    0.000000]   node   0: [mem 0x0000000472000000-0x000000047259ffff]
[    0.000000]   node   0: [mem 0x0000000476000000-0x0000000477ffffff]
[    0.000000] mminit::pageflags_layout_widths Section 0 Node 4 Zone 2 Lastcpupid 16 Kasantag 0 Flags 24
[    0.000000] mminit::pageflags_layout_shifts Section 21 Node 4 Zone 2 Lastcpupid 16 Kasantag 0
[    0.000000] mminit::pageflags_layout_pgshifts Section 0 Node 60 Zone 58 Lastcpupid 42 Kasantag 0
[    0.000000] mminit::pageflags_layout_nodezoneid Node/Zone ID: 64 -> 58
[    0.000000] mminit::pageflags_layout_usage location: 64 -> 42 layout 42 -> 24 unused 24 -> 0 page-flags
[    0.000000] Initmem setup node 0 [mem 0x0000000080000000-0x0000000477ffffff]
[    0.000000] mminit::memmap_init Initialising map node 0 zone 0 pfns 524288 -> 1048576
[    0.000000] mminit::memmap_init Initialising map node 0 zone 2 pfns 1048576 -> 4685824
[    0.000000] On node 0, zone DMA: 16384 pages in unavailable ranges
[    0.000000] On node 0, zone Normal: 14944 pages in unavailable ranges
[    0.000000] psci: probing for conduit method from DT.
[    0.000000] psci: PSCIv1.1 detected in firmware.
[    0.000000] psci: Using standard PSCI v0.2 function IDs
[    0.000000] psci: Trusted OS migration not required
[    0.000000] psci: SMC Calling Convention v1.2
[    0.000000] percpu: Embedded 30 pages/cpu s83480 r8192 d31208 u122880
[    0.000000] pcpu-alloc: s83480 r8192 d31208 u122880 alloc=30*4096
[    0.000000] pcpu-alloc: [0] 0 [0] 1 [0] 2 [0] 3 [0] 4 [0] 5 [0] 6 [0] 7 
[    0.000000] Detected PIPT I-cache on CPU0
[    0.000000] CPU features: detected: Address authentication (architected algorithm)
[    0.000000] CPU features: detected: GIC system register CPU interface
[    0.000000] CPU features: detected: Virtualization Host Extensions
[    0.000000] CPU features: detected: Hardware dirty bit management
[    0.000000] CPU features: detected: Spectre-v4
[    0.000000] CPU features: detected: Spectre-BHB
[    0.000000] CPU features: kernel page table isolation forced ON by KASLR
[    0.000000] CPU features: detected: Kernel page table isolation (KPTI)
[    0.000000] alternatives: patching kernel code
[    0.000000] mminit::zonelist general 0:DMA = 0:DMA 
[    0.000000] mminit::zonelist general 0:Normal = 0:Normal 0:DMA 
[    0.000000] mminit::zonelist thisnode 0:DMA = 0:DMA 
[    0.000000] mminit::zonelist thisnode 0:Normal = 0:Normal 0:DMA 
[    0.000000] Built 1 zonelists, mobility grouping on.  Total pages: 4065184
[    0.000000] Policy zone: Normal
[    0.000000] Kernel command line: root=PARTUUID=03f3e885-a6e9-47ba-b7e1-ccc5bf71a344 rw rootwait rootfstype=ext4 mminit_loglevel=4 console=ttyTCU0,115200 firmware_class.path=/etc/firmware fbcon=map:0 video=efifb:off console=tty0 efi=runtime pci=pcie_bus_perf nvme.use_threaded_interrupts=1 boot_profile=ov5647-dev bl_prof_dataptr=2031616@0x471E10000 bl_prof_ro_ptr=65536@0x471E00000 
[    0.000000] Unknown kernel command line parameters "boot_profile=ov5647-dev bl_prof_dataptr=2031616@0x471E10000 bl_prof_ro_ptr=65536@0x471E00000", will be passed to user space.
[    0.000000] Dentry cache hash table entries: 2097152 (order: 12, 16777216 bytes, linear)
[    0.000000] Inode-cache hash table entries: 1048576 (order: 11, 8388608 bytes, linear)
[    0.000000] mem auto-init: stack:off, heap alloc:off, heap free:off
[    0.000000] software IO TLB: mapped [mem 0x00000000fbfe0000-0x00000000fffe0000] (64MB)
[    0.000000] Memory: 15732952K/16520832K available (20480K kernel code, 4086K rwdata, 10172K rodata, 7744K init, 529K bss, 525736K reserved, 262144K cma-reserved)
[    0.000000] SLUB: HWalign=64, Order=0-3, MinObjects=0, CPUs=8, Nodes=1
[    0.000000] trace event string verifier disabled
[    0.000000] rcu: Preemptible hierarchical RCU implementation.
[    0.000000] rcu: 	RCU event tracing is enabled.
[    0.000000] rcu: 	RCU restricting CPUs from NR_CPUS=256 to nr_cpu_ids=8.
[    0.000000] 	Trampoline variant of Tasks RCU enabled.
[    0.000000] 	Rude variant of Tasks RCU enabled.
[    0.000000] 	Tracing variant of Tasks RCU enabled.
[    0.000000] rcu: RCU calculated value of scheduler-enlistment delay is 25 jiffies.
[    0.000000] rcu: Adjusting geometry for rcu_fanout_leaf=16, nr_cpu_ids=8
[    0.000000] NR_IRQS: 64, nr_irqs: 64, preallocated irqs: 0
[    0.000000] GICv3: GIC: Using split EOI/Deactivate mode
[    0.000000] GICv3: 960 SPIs implemented
[    0.000000] GICv3: 0 Extended SPIs implemented
[    0.000000] GICv3: Distributor has no Range Selector support
[    0.000000] Root IRQ handler: gic_handle_irq
[    0.000000] GICv3: 16 PPIs implemented
[    0.000000] GICv3: CPU0: found redistributor 0 region 0:0x000000000f440000
[    0.000000] arch_timer: cp15 timer(s) running at 31.25MHz (phys).
[    0.000000] clocksource: arch_sys_counter: mask: 0xffffffffffffff max_cycles: 0xe6a171046, max_idle_ns: 881590405314 ns
[    0.000000] sched_clock: 56 bits at 31MHz, resolution 32ns, wraps every 4398046511088ns
[    0.000342] Console: colour dummy device 80x25
[    0.000348] printk: console [tty0] enabled
[    0.000391] Calibrating delay loop (skipped), value calculated using timer frequency.. 62.50 BogoMIPS (lpj=125000)
[    0.000396] pid_max: default: 32768 minimum: 301
[    0.000426] LSM: Security Framework initializing
[    0.000444] Yama: becoming mindful.
[    0.000455] SELinux:  Initializing.
[    0.000519] Mount-cache hash table entries: 32768 (order: 6, 262144 bytes, linear)
[    0.000538] Mountpoint-cache hash table entries: 32768 (order: 6, 262144 bytes, linear)
[    0.001397] rcu: Hierarchical SRCU implementation.
[    0.003587] Tegra Revision: A01 SKU: 211 CPU Process: 0 SoC Process: 0
[    0.003842] Remapping and enabling EFI services.
[    0.004843] smp: Bringing up secondary CPUs ...
[    0.005206] Detected PIPT I-cache on CPU1
[    0.005234] GICv3: CPU1: found redistributor 100 region 0:0x000000000f460000
[    0.005256] CPU1: Booted secondary processor 0x0000000100 [0x410fd421]
[    0.005603] Detected PIPT I-cache on CPU2
[    0.005616] GICv3: CPU2: found redistributor 200 region 0:0x000000000f480000
[    0.005629] CPU2: Booted secondary processor 0x0000000200 [0x410fd421]
[    0.005936] Detected PIPT I-cache on CPU3
[    0.005946] GICv3: CPU3: found redistributor 300 region 0:0x000000000f4a0000
[    0.005957] CPU3: Booted secondary processor 0x0000000300 [0x410fd421]
[    0.008366] Detected PIPT I-cache on CPU4
[    0.008392] GICv3: CPU4: found redistributor 10000 region 0:0x000000000f4c0000
[    0.008419] CPU4: Booted secondary processor 0x0000010000 [0x410fd421]
[    0.008899] Detected PIPT I-cache on CPU5
[    0.008909] GICv3: CPU5: found redistributor 10100 region 0:0x000000000f4e0000
[    0.008923] CPU5: Booted secondary processor 0x0000010100 [0x410fd421]
[    0.009362] Detected PIPT I-cache on CPU6
[    0.009373] GICv3: CPU6: found redistributor 10200 region 0:0x000000000f500000
[    0.009386] CPU6: Booted secondary processor 0x0000010200 [0x410fd421]
[    0.009830] Detected PIPT I-cache on CPU7
[    0.009842] GICv3: CPU7: found redistributor 10300 region 0:0x000000000f520000
[    0.009856] CPU7: Booted secondary processor 0x0000010300 [0x410fd421]
[    0.009910] smp: Brought up 1 node, 8 CPUs
[    0.009914] SMP: Total of 8 processors activated.
[    0.009916] CPU features: detected: 32-bit EL0 Support
[    0.009918] CPU features: detected: Data cache clean to the PoU not required for I/D coherence
[    0.009921] CPU features: detected: Common not Private translations
[    0.009921] CPU features: detected: CRC32 instructions
[    0.009922] CPU features: detected: Data cache clean to Point of Persistence
[    0.009924] CPU features: detected: Generic authentication (architected algorithm)
[    0.009924] CPU features: detected: RCpc load-acquire (LDAPR)
[    0.009925] CPU features: detected: LSE atomic instructions
[    0.009926] CPU features: detected: Privileged Access Never
[    0.009927] CPU features: detected: RAS Extension Support
[    0.009929] CPU features: detected: Speculative Store Bypassing Safe (SSBS)
[    0.039673] CPU: All CPU(s) started at EL2
[    0.041340] devtmpfs: initialized
[    0.052578] KASLR enabled
[    0.052671] clocksource: jiffies: mask: 0xffffffff max_cycles: 0xffffffff, max_idle_ns: 7645041785100000 ns
[    0.052684] futex hash table entries: 2048 (order: 5, 131072 bytes, linear)
[    0.054803] pinctrl core: initialized pinctrl subsystem
[    0.055311] SMBIOS 3.6.0 present.
[    0.055319] DMI: NVIDIA NVIDIA Jetson Orin NX Engineering Reference Developer Kit/Jetson, BIOS 36.5.0-gcid-43688277 01/16/2026
[    0.055604] NET: Registered PF_NETLINK/PF_ROUTE protocol family
[    0.056779] DMA: preallocated 2048 KiB GFP_KERNEL pool for atomic allocations
[    0.056917] DMA: preallocated 2048 KiB GFP_KERNEL|GFP_DMA pool for atomic allocations
[    0.057037] DMA: preallocated 2048 KiB GFP_KERNEL|GFP_DMA32 pool for atomic allocations
[    0.057070] audit: initializing netlink subsys (disabled)
[    0.057153] audit: type=2000 audit(0.056:1): state=initialized audit_enabled=0 res=1
[    0.058180] thermal_sys: Registered thermal governor 'step_wise'
[    0.058183] thermal_sys: Registered thermal governor 'user_space'
[    0.058185] thermal_sys: Registered thermal governor 'power_allocator'
[    0.060306] cpuidle: using governor menu
[    0.060445] hw-breakpoint: found 6 breakpoint and 4 watchpoint registers.
[    0.060526] ASID allocator initialised with 32768 entries
[    0.061604] Serial: AMBA PL011 UART driver
[    0.069939] 31d0000.serial: ttyAMA0 at MMIO 0x31d0000 (irq = 117, base_baud = 0) is a SBSA
[    0.077698] platform bpmp: Fixing up cyclic dependency with 2c60000.external-memory-controller
[    0.084313] HugeTLB registered 1.00 GiB page size, pre-allocated 0 pages
[    0.084318] HugeTLB registered 32.0 MiB page size, pre-allocated 0 pages
[    0.084320] HugeTLB registered 2.00 MiB page size, pre-allocated 0 pages
[    0.084322] HugeTLB registered 64.0 KiB page size, pre-allocated 0 pages
[    0.084971] cryptd: max_cpu_qlen set to 1000
[    0.086224] ACPI: Interpreter disabled.
[    0.087068] VDD_1V8_AO: supplied by VDD_5V0_SYS
[    0.087161] VDD_3V3_AO: supplied by VDD_5V0_SYS
[    0.087307] VDD_AV10_HUB: supplied by VDD_5V0_SYS
[    0.087648] iommu: Default domain type: Translated 
[    0.087654] iommu: DMA domain TLB invalidation policy: strict mode 
[    0.087963] SCSI subsystem initialized
[    0.088065] libata version 3.00 loaded.
[    0.088146] vgaarb: loaded
[    0.088330] usbcore: registered new interface driver usbfs
[    0.088353] usbcore: registered new interface driver hub
[    0.088372] usbcore: registered new device driver usb
[    0.088819] pps_core: LinuxPPS API ver. 1 registered
[    0.088823] pps_core: Software ver. 5.3.6 - Copyright 2005-2007 Rodolfo Giometti <giometti@linux.it>
[    0.088834] PTP clock support registered
[    0.088906] EDAC MC: Ver: 3.0.0
[    0.090095] Registered efivars operations
[    0.090737] FPGA manager framework
[    0.090806] Advanced Linux Sound Architecture Driver Initialized.
[    0.091375] Bluetooth: Core ver 2.22
[    0.091407] NET: Registered PF_BLUETOOTH protocol family
[    0.091411] Bluetooth: HCI device and connection manager initialized
[    0.091424] Bluetooth: HCI socket layer initialized
[    0.091429] Bluetooth: L2CAP socket layer initialized
[    0.091441] Bluetooth: SCO socket layer initialized
[    0.091865] clocksource: Switched to clocksource arch_sys_counter
[    0.126772] VFS: Disk quotas dquot_6.6.0
[    0.126821] VFS: Dquot-cache hash table entries: 512 (order 0, 4096 bytes)
[    0.127058] pnp: PnP ACPI: disabled
[    0.130380] NET: Registered PF_INET protocol family
[    0.130891] IP idents hash table entries: 262144 (order: 9, 2097152 bytes, linear)
[    0.133342] tcp_listen_portaddr_hash hash table entries: 8192 (order: 5, 131072 bytes, linear)
[    0.133537] Table-perturb hash table entries: 65536 (order: 6, 262144 bytes, linear)
[    0.133564] TCP established hash table entries: 131072 (order: 8, 1048576 bytes, linear)
[    0.133984] TCP bind hash table entries: 65536 (order: 8, 1048576 bytes, linear)
[    0.135428] TCP: Hash tables configured (established 131072 bind 65536)
[    0.135629] UDP hash table entries: 8192 (order: 6, 262144 bytes, linear)
[    0.135791] UDP-Lite hash table entries: 8192 (order: 6, 262144 bytes, linear)
[    0.136180] NET: Registered PF_UNIX/PF_LOCAL protocol family
[    0.136620] RPC: Registered named UNIX socket transport module.
[    0.136624] RPC: Registered udp transport module.
[    0.136626] RPC: Registered tcp transport module.
[    0.136628] RPC: Registered tcp NFSv4.1 backchannel transport module.
[    0.136644] PCI: CLS 0 bytes, default 64
[    0.136912] Unpacking initramfs...
[    0.144901] hw perfevents: enabled with armv8_cortex_a78 PMU driver, 7 counters available
[    0.145256] kvm [1]: IPA Size Limit: 48 bits
[    0.145295] kvm [1]: GICv3: no GICV resource entry
[    0.145303] kvm [1]: disabling GICv2 emulation
[    0.145334] kvm [1]: GIC system register CPU interface enabled
[    0.145422] kvm [1]: vgic interrupt IRQ9
[    0.145597] kvm [1]: VHE mode initialized successfully
[    0.148869] Initialise system trusted keyrings
[    0.148911] Key type blacklist registered
[    0.149019] workingset: timestamp_bits=42 max_order=22 bucket_order=0
[    0.152778] squashfs: version 4.0 (2009/01/31) Phillip Lougher
[    0.153294] NFS: Registering the id_resolver key type
[    0.153322] Key type id_resolver registered
[    0.153325] Key type id_legacy registered
[    0.153380] nfs4filelayout_init: NFSv4 File Layout Driver Registering...
[    0.153397] nfs4flexfilelayout_init: NFSv4 Flexfile Layout Driver Registering...
[    0.153424] ntfs: driver 2.1.32 [Flags: R/O].
[    0.153657] 9p: Installing v9fs 9p2000 file system support
[    0.154417] integrity: Platform Keyring initialized
[    0.165725] Key type asymmetric registered
[    0.165729] Asymmetric key parser 'x509' registered
[    0.165802] Block layer SCSI generic (bsg) driver version 0.4 loaded (major 245)
[    0.165810] io scheduler mq-deadline registered
[    0.165818] io scheduler kyber registered
[    0.176190] EINJ: ACPI disabled.
[    0.188779] Serial: 8250/16550 driver, 4 ports, IRQ sharing enabled
[    0.190602] SuperH (H)SCI(F) driver initialized
[    0.190933] msm_serial: driver initialized
[    0.191599] printk: console [ttyTCU0] enabled
[    0.192734] arm-smmu 8000000.iommu: probing hardware configuration...
[    0.192741] arm-smmu 8000000.iommu: SMMUv2 with:
[    0.192746] arm-smmu 8000000.iommu: 	stage 1 translation
[    0.192748] arm-smmu 8000000.iommu: 	stage 2 translation
[    0.192751] arm-smmu 8000000.iommu: 	nested translation
[    0.192758] arm-smmu 8000000.iommu: 	stream matching with 128 register groups
[    0.192763] arm-smmu 8000000.iommu: 	128 context banks (0 stage-2 only)
[    0.192793] arm-smmu 8000000.iommu: 	Supported page sizes: 0x61311000
[    0.192796] arm-smmu 8000000.iommu: 	Stage-1: 48-bit VA -> 48-bit IPA
[    0.192799] arm-smmu 8000000.iommu: 	Stage-2: 48-bit IPA -> 48-bit PA
[    0.193776] arm-smmu 10000000.iommu: probing hardware configuration...
[    0.193779] arm-smmu 10000000.iommu: SMMUv2 with:
[    0.193780] arm-smmu 10000000.iommu: 	stage 1 translation
[    0.193781] arm-smmu 10000000.iommu: 	stage 2 translation
[    0.193782] arm-smmu 10000000.iommu: 	nested translation
[    0.193785] arm-smmu 10000000.iommu: 	stream matching with 128 register groups
[    0.193787] arm-smmu 10000000.iommu: 	128 context banks (0 stage-2 only)
[    0.193800] arm-smmu 10000000.iommu: 	Supported page sizes: 0x61311000
[    0.193801] arm-smmu 10000000.iommu: 	Stage-1: 48-bit VA -> 48-bit IPA
[    0.193802] arm-smmu 10000000.iommu: 	Stage-2: 48-bit IPA -> 48-bit PA
[    0.194152] arm-smmu 12000000.iommu: probing hardware configuration...
[    0.194155] arm-smmu 12000000.iommu: SMMUv2 with:
[    0.194156] arm-smmu 12000000.iommu: 	stage 1 translation
[    0.194157] arm-smmu 12000000.iommu: 	stage 2 translation
[    0.194158] arm-smmu 12000000.iommu: 	nested translation
[    0.194161] arm-smmu 12000000.iommu: 	stream matching with 128 register groups
[    0.194163] arm-smmu 12000000.iommu: 	128 context banks (0 stage-2 only)
[    0.194179] arm-smmu 12000000.iommu: 	Supported page sizes: 0x61311000
[    0.194180] arm-smmu 12000000.iommu: 	Stage-1: 48-bit VA -> 48-bit IPA
[    0.194181] arm-smmu 12000000.iommu: 	Stage-2: 48-bit IPA -> 48-bit PA
[    0.202580] loop: module loaded
[    0.203516] megasas: 07.727.03.00-rc1
[    0.207478] tun: Universal TUN/TAP device driver, 1.6
[    0.208046] thunder_xcv, ver 1.0
[    0.208079] thunder_bgx, ver 1.0
[    0.208103] nicpf, ver 1.0
[    0.208949] hns3: Hisilicon Ethernet Network Driver for Hip08 Family - version
[    0.208955] hns3: Copyright (c) 2017 Huawei Corporation.
[    0.208997] hclge is initializing
[    0.209029] e1000: Intel(R) PRO/1000 Network Driver
[    0.209034] e1000: Copyright (c) 1999-2006 Intel Corporation.
[    0.209068] e1000e: Intel(R) PRO/1000 Network Driver
[    0.209074] e1000e: Copyright(c) 1999 - 2015 Intel Corporation.
[    0.209107] igb: Intel(R) Gigabit Ethernet Network Driver
[    0.209114] igb: Copyright (c) 2007-2014 Intel Corporation.
[    0.209131] igbvf: Intel(R) Gigabit Virtual Function Network Driver
[    0.209137] igbvf: Copyright (c) 2009 - 2012 Intel Corporation.
[    0.209347] sky2: driver version 1.30
[    0.209982] VFIO - User Level meta-driver version: 0.3
[    0.211521] ehci_hcd: USB 2.0 'Enhanced' Host Controller (EHCI) Driver
[    0.211532] ehci-pci: EHCI PCI platform driver
[    0.211558] ehci-platform: EHCI generic platform driver
[    0.211627] ehci-orion: EHCI orion driver
[    0.211693] ehci-exynos: EHCI Exynos driver
[    0.211753] ohci_hcd: USB 1.1 'Open' Host Controller (OHCI) Driver
[    0.211775] ohci-pci: OHCI PCI platform driver
[    0.211811] ohci-platform: OHCI generic platform driver
[    0.211890] ohci-exynos: OHCI Exynos driver
[    0.212342] usbcore: registered new interface driver usb-storage
[    0.214206] i2c_dev: i2c /dev entries driver
[    0.215492] pps_ldisc: PPS line discipline registered
[    0.217871] device-mapper: ioctl: 4.45.0-ioctl (2021-03-22) initialised: dm-devel@redhat.com
[    0.219936] sdhci: Secure Digital Host Controller Interface driver
[    0.219942] sdhci: Copyright(c) Pierre Ossman
[    0.220377] Synopsys Designware Multimedia Card Interface Driver
[    0.220977] sdhci-pltfm: SDHCI platform and OF driver helper
[    0.222567] ledtrig-cpu: registered to indicate activity on CPUs
[    0.223501] SMCCC: SOC_ID: ID = jep106:036b:0234 Revision = 0x00000401
[    0.224151] tegra-bpmp bpmp: Adding to iommu group 0
[    0.225644] tegra-bpmp bpmp: firmware: 40c4ded2a7425760713a-68f126a8abf
[    0.391777] Freeing initrd memory: 15548K
[    2.317076] clocksource: tsc: mask: 0xffffffffffffff max_cycles: 0xe6a171046, max_idle_ns: 881590405314 ns
[    2.317100] clocksource: osc: mask: 0xffffffff max_cycles: 0xffffffff, max_idle_ns: 49772407460 ns
[    2.317106] clocksource: usec: mask: 0xffffffff max_cycles: 0xffffffff, max_idle_ns: 1911260446275 ns
[    2.317443] hid: raw HID events driver (C) Jiri Kosina
[    2.317929] usbcore: registered new interface driver usbhid
[    2.317935] usbhid: USB HID core driver
[    2.321749] optee: probing for conduit method.
[    2.321802] optee: revision 4.2 (5ef90dab)
[    2.381552] optee: dynamic shared memory is enabled
[    2.381810] optee: initialized driver
[    2.384977] usbcore: registered new interface driver snd-usb-audio
[    2.386461] NET: Registered PF_PACKET protocol family
[    2.387140] Bluetooth: RFCOMM TTY layer initialized
[    2.387148] Bluetooth: RFCOMM socket layer initialized
[    2.387169] Bluetooth: RFCOMM ver 1.11
[    2.387411] 9pnet: Installing 9P2000 support
[    2.387514] Key type dns_resolver registered
[    2.388593] printk: console [tty0]: printing thread started
[    2.389350] printk: console [ttyTCU0]: printing thread started
[    2.389429] Loading compiled-in X.509 certificates
[    2.392875] Loaded X.509 cert 'Build time autogenerated kernel key: d77ad5d0e7e5d02a2dc9cf8ec8dfa4a966aa85ba'
[    2.425449] tegra-gpcdma 2600000.dma-controller: Adding to iommu group 1
[    2.426974] tegra-gpcdma 2600000.dma-controller: GPC DMA driver register 31 channels
[    2.428496] 3100000.serial: ttyTHS1 at MMIO 0x3100000 (irq = 112, base_baud = 0) is a TEGRA_UART
[    2.428966] 3140000.serial: ttyTHS2 at MMIO 0x3140000 (irq = 113, base_baud = 0) is a TEGRA_UART
[    2.430853] tegra_rtc c2a0000.rtc: registered as rtc1
[    2.430863] tegra_rtc c2a0000.rtc: Tegra internal Real Time Clock
[    2.431239] tegra-i2c 3160000.i2c: Adding to iommu group 1
[    2.434168] tegra-i2c 3180000.i2c: Adding to iommu group 1
[    2.435671] tegra-i2c 31b0000.i2c: Adding to iommu group 1
[    2.437079] tegra-i2c c240000.i2c: Adding to iommu group 1
[    2.438333] i2c 1-0025: Fixing up cyclic dependency with 3520000.padctl
[    2.438825] tegra-i2c c250000.i2c: Adding to iommu group 1
[    2.440710] i2c i2c-2: Added multiplexed i2c bus 9
[    2.440716] i2c-mux-gpio bus@0:cam_i2cmux: 1 port mux on 3180000.i2c adapter
[    2.459552] cpufreq: cpufreq_online: CPU4: Running at unlisted initial frequency: 1993000 KHz, changing to: 1984000 KHz
[    2.461899] tegra-xusb 3610000.usb: Adding to iommu group 2
[    2.476814] tegra-xusb 3610000.usb: Firmware timestamp: 2023-02-10 03:48:10 UTC
[    2.476821] tegra-xusb 3610000.usb: xHCI Host Controller
[    2.476831] tegra-xusb 3610000.usb: new USB bus registered, assigned bus number 1
[    2.477572] tegra-xusb 3610000.usb: hcc params 0x0180ff05 hci version 0x120 quirks 0x0000000000010810
[    2.477589] tegra-xusb 3610000.usb: irq 123, io mem 0x03610000
[    2.477694] tegra-xusb 3610000.usb: xHCI Host Controller
[    2.477699] tegra-xusb 3610000.usb: new USB bus registered, assigned bus number 2
[    2.477702] tegra-xusb 3610000.usb: Host supports USB 3.1 Enhanced SuperSpeed
[    2.478110] hub 1-0:1.0: USB hub found
[    2.478126] hub 1-0:1.0: 4 ports detected
[    2.478389] hub 2-0:1.0: USB hub found
[    2.478401] hub 2-0:1.0: 4 ports detected
[    2.480159] irq: IRQ227: trimming hierarchy from :bus@0:pmc@c360000
[    2.480216] irq: IRQ228: trimming hierarchy from :bus@0:interrupt-controller@f400000-1
[    2.480280] input: gpio-keys as /devices/platform/gpio-keys/input/input0
[    2.481025] clk: Disabling unused clocks
[    2.521442] ALSA device list:
[    2.521446]   No soundcards found.
[    2.531626] Freeing unused kernel memory: 7744K
[    2.531691] Run /init as init process
[    2.531693]   with arguments:
[    2.531693]     /init
[    2.531693]   with environment:
[    2.531694]     HOME=/
[    2.531694]     TERM=linux
[    2.531695]     boot_profile=ov5647-dev
[    2.531696]     bl_prof_dataptr=2031616@0x471E10000
[    2.531696]     bl_prof_ro_ptr=65536@0x471E00000
[    2.545245] Checking overlayfs setting...
[    2.554396] Overlayfs is disabled...
[    2.561197] Root device found: PARTUUID=03f3e885-a6e9-47ba-b7e1-ccc5bf71a344
[    2.812047] usb 1-2: new high-speed USB device number 2 using tegra-xusb
[    2.982978] hub 1-2:1.0: USB hub found
[    2.984110] hub 1-2:1.0: 4 ports detected
[    3.100716] usb 2-1: new SuperSpeed Plus Gen 2x1 USB device number 2 using tegra-xusb
[    3.149633] hub 2-1:1.0: USB hub found
[    3.152136] hub 2-1:1.0: 4 ports detected
[    3.256041] usb 1-3: new full-speed USB device number 3 using tegra-xusb
[    3.680108] usb 1-2.4: new low-speed USB device number 4 using tegra-xusb
[    3.801369] input: Lenovo Lenovo Calliope USB Keyboard as /devices/platform/bus@0/3610000.usb/usb1/1-2/1-2.4/1-2.4:1.0/0003:17EF:608C.0001/input/input1
[    3.928746] hid-generic 0003:17EF:608C.0001: input,hidraw0: USB HID v1.11 Keyboard [Lenovo Lenovo Calliope USB Keyboard] on usb-3610000.usb-2.4/input0
[    3.935050] input: Lenovo Lenovo Calliope USB Keyboard System Control as /devices/platform/bus@0/3610000.usb/usb1/1-2/1-2.4/1-2.4:1.1/0003:17EF:608C.0002/input/input2
[    3.992717] input: Lenovo Lenovo Calliope USB Keyboard Consumer Control as /devices/platform/bus@0/3610000.usb/usb1/1-2/1-2.4/1-2.4:1.1/0003:17EF:608C.0002/input/input3
[    3.993762] hid-generic 0003:17EF:608C.0002: input,hidraw1: USB HID v1.11 Device [Lenovo Lenovo Calliope USB Keyboard] on usb-3610000.usb-2.4/input1
[    6.066648] tegra194-pcie 14100000.pcie: Adding to iommu group 3
[    6.067633] irq: IRQ229: trimming hierarchy from :bus@0:interrupt-controller@f400000-1
[    6.068821] tegra194-pcie 14100000.pcie: host bridge /bus@0/pcie@14100000 ranges:
[    6.068849] tegra194-pcie 14100000.pcie:      MEM 0x2080000000..0x20a7ffffff -> 0x2080000000
[    6.068855] tegra194-pcie 14100000.pcie:      MEM 0x20a8000000..0x20afffffff -> 0x0040000000
[    6.068858] tegra194-pcie 14100000.pcie:       IO 0x0030100000..0x00301fffff -> 0x0030100000
[    6.069184] tegra194-pcie 14100000.pcie: iATU unroll: enabled
[    6.069187] tegra194-pcie 14100000.pcie: Detected iATU regions: 8 outbound, 2 inbound
[    6.088097] tegra-xudc 3550000.usb: Adding to iommu group 4
[    6.175862] tegra194-pcie 14100000.pcie: Link up
[    6.178637] tegra194-pcie 14100000.pcie: Link up
[    6.178973] tegra194-pcie 14100000.pcie: PCI host bridge to bus 0001:00
[    6.178979] pci_bus 0001:00: root bus resource [bus 00-ff]
[    6.178982] pci_bus 0001:00: root bus resource [mem 0x2080000000-0x20a7ffffff pref]
[    6.178985] pci_bus 0001:00: root bus resource [mem 0x20a8000000-0x20afffffff] (bus address [0x40000000-0x47ffffff])
[    6.178987] pci_bus 0001:00: root bus resource [io  0x0000-0xfffff] (bus address [0x30100000-0x301fffff])
[    6.179038] pci 0001:00:00.0: [10de:229e] type 01 class 0x060400
[    6.179203] pci 0001:00:00.0: PME# supported from D0 D3hot
[    6.182578] pci 0001:01:00.0: [10ec:c822] type 00 class 0x028000
[    6.183111] pci 0001:01:00.0: reg 0x10: [io  0x0000-0x00ff]
[    6.183157] pci 0001:01:00.0: reg 0x18: [mem 0x20a8000000-0x20a800ffff 64bit]
[    6.184052] pci 0001:01:00.0: supports D1 D2
[    6.184053] pci 0001:01:00.0: PME# supported from D0 D1 D2 D3hot D3cold
[    6.198545] pci 0001:00:00.0: BAR 14: assigned [mem 0x20a8000000-0x20a80fffff]
[    6.198550] pci 0001:00:00.0: BAR 13: assigned [io  0x1000-0x1fff]
[    6.198553] pci 0001:01:00.0: BAR 2: assigned [mem 0x20a8000000-0x20a800ffff 64bit]
[    6.198656] pci 0001:01:00.0: BAR 0: assigned [io  0x1000-0x10ff]
[    6.198687] pci 0001:00:00.0: PCI bridge to [bus 01-ff]
[    6.198691] pci 0001:00:00.0:   bridge window [io  0x1000-0x1fff]
[    6.198695] pci 0001:00:00.0:   bridge window [mem 0x20a8000000-0x20a80fffff]
[    6.198715] pci 0001:00:00.0: Max Payload Size set to  256/ 256 (was  128), Max Read Rq  256
[    6.198862] pci 0001:01:00.0: Max Payload Size set to  128/ 128 (was  128), Max Read Rq  128
[    6.198959] pcieport 0001:00:00.0: Adding to iommu group 3
[    6.199050] pcieport 0001:00:00.0: PME: Signaling with IRQ 190
[    6.199519] pcieport 0001:00:00.0: AER: enabled with IRQ 190
[    6.200340] tegra194-pcie 14160000.pcie: Adding to iommu group 5
[    6.201729] tegra194-pcie 14160000.pcie: host bridge /bus@0/pcie@14160000 ranges:
[    6.201742] tegra194-pcie 14160000.pcie:      MEM 0x2140000000..0x2427ffffff -> 0x2140000000
[    6.201748] tegra194-pcie 14160000.pcie:      MEM 0x2428000000..0x242fffffff -> 0x0040000000
[    6.201751] tegra194-pcie 14160000.pcie:       IO 0x0036100000..0x00361fffff -> 0x0036100000
[    6.202056] tegra194-pcie 14160000.pcie: iATU unroll: enabled
[    6.202058] tegra194-pcie 14160000.pcie: Detected iATU regions: 8 outbound, 2 inbound
[    6.308041] tegra194-pcie 14160000.pcie: Link up
[    6.309270] tegra194-pcie 14160000.pcie: Link up
[    6.309323] tegra194-pcie 14160000.pcie: PCI host bridge to bus 0004:00
[    6.309326] pci_bus 0004:00: root bus resource [bus 00-ff]
[    6.309329] pci_bus 0004:00: root bus resource [mem 0x2140000000-0x2427ffffff pref]
[    6.309332] pci_bus 0004:00: root bus resource [mem 0x2428000000-0x242fffffff] (bus address [0x40000000-0x47ffffff])
[    6.309334] pci_bus 0004:00: root bus resource [io  0x100000-0x1fffff] (bus address [0x36100000-0x361fffff])
[    6.309377] pci 0004:00:00.0: [10de:229c] type 01 class 0x060400
[    6.309521] pci 0004:00:00.0: PME# supported from D0 D3hot
[    6.312521] pci 0004:01:00.0: [4321:2263] type 00 class 0x010802
[    6.312983] pci 0004:01:00.0: reg 0x10: [mem 0x00000000-0x00003fff 64bit]
[    6.326511] pci 0004:00:00.0: BAR 14: assigned [mem 0x2428000000-0x24280fffff]
[    6.326516] pci 0004:01:00.0: BAR 0: assigned [mem 0x2428000000-0x2428003fff 64bit]
[    6.326602] pci 0004:00:00.0: PCI bridge to [bus 01-ff]
[    6.326606] pci 0004:00:00.0:   bridge window [mem 0x2428000000-0x24280fffff]
[    6.326625] pci 0004:00:00.0: Max Payload Size set to  256/ 256 (was  128), Max Read Rq  256
[    6.326749] pci 0004:01:00.0: Max Payload Size set to  128/ 128 (was  128), Max Read Rq  128
[    6.326818] pcieport 0004:00:00.0: Adding to iommu group 5
[    6.326893] pcieport 0004:00:00.0: PME: Signaling with IRQ 192
[    6.327008] pcieport 0004:00:00.0: AER: enabled with IRQ 192
[    6.327179] nvme 0004:01:00.0: Adding to iommu group 5
[    6.327350] nvme nvme0: pci function 0004:01:00.0
[    6.327584] nvme 0004:01:00.0: enabling device (0000 -> 0002)
[    6.327911] tegra194-pcie 141e0000.pcie: Adding to iommu group 6
[    6.329062] tegra194-pcie 141e0000.pcie: host bridge /bus@0/pcie@141e0000 ranges:
[    6.329073] tegra194-pcie 141e0000.pcie:      MEM 0x3000000000..0x3227ffffff -> 0x3000000000
[    6.329079] tegra194-pcie 141e0000.pcie:      MEM 0x3228000000..0x322fffffff -> 0x0040000000
[    6.329082] tegra194-pcie 141e0000.pcie:       IO 0x003e100000..0x003e1fffff -> 0x003e100000
[    6.329382] tegra194-pcie 141e0000.pcie: iATU unroll: enabled
[    6.329384] tegra194-pcie 141e0000.pcie: Detected iATU regions: 8 outbound, 2 inbound
[    6.346077] nvme nvme0: allocated 64 MiB host memory buffer.
[    6.364694] nvme nvme0: 8/0/0 default/read/poll queues
[    6.372904]  nvme0n1: p1 p2 p3 p4 p5 p6 p7 p8 p9 p10 p11 p12 p13 p14 p15
[    6.715295] EXT4-fs (nvme0n1p1): mounted filesystem with ordered data mode. Opts: (null). Quota mode: none.
[    6.721887] Rootfs mounted over PARTUUID=03f3e885-a6e9-47ba-b7e1-ccc5bf71a344
[    6.730043] Switching from initrd to actual rootfs
[    6.779261] systemd[1]: System time before build time, advancing clock.
[    6.797892] NET: Registered PF_INET6 protocol family
[    6.798715] Segment Routing with IPv6
[    6.798721] In-situ OAM (IOAM) with IPv6
[    6.812639] systemd[1]: systemd 249.11-0ubuntu3.17 running in system mode (+PAM +AUDIT +SELINUX +APPARMOR +IMA +SMACK +SECCOMP +GCRYPT +GNUTLS +OPENSSL +ACL +BLKID +CURL +ELFUTILS +FIDO2 +IDN2 -IDN +IPTC +KMOD +LIBCRYPTSETUP +LIBFDISK +PCRE2 -PWQUALITY -P11KIT -QRENCODE +BZIP2 +LZ4 +XZ +ZLIB +ZSTD -XKBCOMMON +UTMP +SYSVINIT default-hierarchy=unified)
[    6.812988] systemd[1]: Detected architecture arm64.
[    6.813646] systemd[1]: Hostname set to <cam-desktop>.
[    6.821143] systemd[1]: Using hardware watchdog 'NVIDIA Tegra186 WDT', version 0, device /dev/watchdog
[    6.821160] systemd[1]: Set hardware watchdog to 2min.
[    6.966145] systemd[1]: /lib/systemd/system/snapd.service:23: Unknown key name 'RestartMode' in section 'Service', ignoring.
[    6.977095] systemd[1]: /etc/systemd/system/nvs-service.service:41: Standard output type syslog is obsolete, automatically updating to journal. Please update your unit file, and consider removing the setting altogether.
[    6.979992] systemd[1]: /etc/systemd/system/nvargus-daemon.service:42: Standard output type syslog is obsolete, automatically updating to journal. Please update your unit file, and consider removing the setting altogether.
[    7.020471] systemd[1]: Queued start job for default target Graphical Interface.
[    7.022014] systemd[1]: Created slice Slice /system/modprobe.
[    7.022629] systemd[1]: Created slice Slice /system/openvpn.
[    7.023092] systemd[1]: Created slice Slice /system/serial-getty.
[    7.023504] systemd[1]: Created slice Slice /system/systemd-fsck.
[    7.023820] systemd[1]: Created slice User and Session Slice.
[    7.024033] systemd[1]: Started Forward Password Requests to Wall Directory Watch.
[    7.024389] systemd[1]: Set up automount Arbitrary Executable File Formats File System Automount Point.
[    7.025925] systemd[1]: Reached target Slice Units.
[    7.025989] systemd[1]: Reached target Mounting snaps.
[    7.026045] systemd[1]: Reached target Swaps.
[    7.026108] systemd[1]: Reached target Local Verity Protected Volumes.
[    7.026255] systemd[1]: Listening on Device-mapper event daemon FIFOs.
[    7.026476] systemd[1]: Listening on LVM2 poll daemon socket.
[    7.032321] systemd[1]: Listening on RPCbind Server Activation Socket.
[    7.032738] systemd[1]: Listening on Syslog Socket.
[    7.032976] systemd[1]: Listening on fsck to fsckd communication Socket.
[    7.033144] systemd[1]: Listening on initctl Compatibility Named Pipe.
[    7.033475] systemd[1]: Listening on Journal Audit Socket.
[    7.033652] systemd[1]: Listening on Journal Socket (/dev/log).
[    7.033877] systemd[1]: Listening on Journal Socket.
[    7.034382] systemd[1]: Listening on udev Control Socket.
[    7.034557] systemd[1]: Listening on udev Kernel Socket.
[    7.035640] systemd[1]: Mounting Huge Pages File System...
[    7.036792] systemd[1]: Mounting POSIX Message Queue File System...
[    7.078511] systemd[1]: Mounting Kernel Debug File System...
[    7.090258] systemd[1]: Mounting Kernel Trace File System...
[    7.093330] systemd[1]: Starting Journal Service...
[    7.100195] systemd[1]: Finished Availability of block devices.
[    7.102110] systemd[1]: Starting Set the console keyboard layout...
[    7.103556] systemd[1]: Starting Create List of Static Device Nodes...
[    7.104788] systemd[1]: Starting Monitoring of LVM2 mirrors, snapshots etc. using dmeventd or progress polling...
[    7.130943] systemd[1]: Starting Load Kernel Module configfs...
[    7.132386] systemd[1]: Starting Load Kernel Module drm...
[    7.142101] systemd[1]: Starting Load Kernel Module efi_pstore...
[    7.143624] systemd[1]: Starting Load Kernel Module fuse...
[    7.145038] systemd[1]: Starting NVIDIA specific first-boot udev script...
[    7.150546] fuse: init (API version 7.34)
[    7.164964] systemd[1]: Started Nameserver information manager.
[    7.165185] systemd[1]: Reached target Preparation for Network.
[    7.165431] systemd[1]: Condition check resulted in File System Check on Root Device being skipped.
[    7.167171] systemd[1]: Starting Load Kernel Modules...
[    7.168358] systemd[1]: Starting Remount Root and Kernel File Systems...
[    7.174198] nvsciipc: loading out-of-tree module taints kernel.
[    7.175065] EXT4-fs (nvme0n1p1): re-mounted. Opts: (null). Quota mode: none.
[    7.175178] nvsciipc: loaded module
[    7.180473] nvmap_heap_init: nvmap_heap_init: created heap block cache
[    7.180964] nvmap_page_pool_init: Total RAM pages: 4004597
[    7.180967] nvmap_page_pool_init: nvmap page pool size: 500574 pages (1955 MB)
[    7.181042] nvmap_background_zero_thread: PP zeroing thread starting.
[    7.187267] tegra-host1x 13e00000.host1x: Adding to iommu group 7
[    7.188451] host1x-context host1x-ctx.0: Adding to iommu group 8
[    7.188565] host1x-context host1x-ctx.1: Adding to iommu group 9
[    7.188662] host1x-context host1x-ctx.2: Adding to iommu group 10
[    7.188754] host1x-context host1x-ctx.3: Adding to iommu group 11
[    7.188852] host1x-context host1x-ctx.4: Adding to iommu group 12
[    7.188936] host1x-context host1x-ctx.5: Adding to iommu group 13
[    7.189026] host1x-context host1x-ctx.6: Adding to iommu group 14
[    7.189120] host1x-context host1x-ctx.7: Adding to iommu group 15
[    7.189216] host1x-context host1x-ctx.8: Adding to iommu group 16
[    7.189306] host1x-context host1x-ctx.9: Adding to iommu group 17
[    7.189402] host1x-context host1x-ctx.10: Adding to iommu group 18
[    7.189493] host1x-context host1x-ctx.11: Adding to iommu group 19
[    7.189585] host1x-context host1x-ctx.12: Adding to iommu group 20
[    7.189678] host1x-context host1x-ctx.13: Adding to iommu group 21
[    7.189799] host1x-context host1x-ctx.14: Adding to iommu group 22
[    7.189889] host1x-context host1x-ctx.15: Adding to iommu group 23
[    7.198005] platform 13e00000.host1x:nvcsi@15a00000: Fixing up cyclic dependency with 9-0036
[    7.198024] platform 13e00000.host1x:nvcsi@15a00000: Fixing up cyclic dependency with tegra-capture-vi
[    7.204159] systemd[1]: Starting Coldplug All udev Devices...
[    7.235402] nvgpu: 17000000.gpu          nvgpu_nvhost_syncpt_init:122  [INFO]  syncpt_unit_base 60000000 syncpt_unit_size 4000000 size 10000

[    7.240943] systemd[1]: Mounted Huge Pages File System.
[    7.294628] systemd[1]: Mounted POSIX Message Queue File System.
[    7.343896] systemd[1]: Mounted Kernel Debug File System.
[    7.397441] systemd[1]: Mounted Kernel Trace File System.
[    7.397948] systemd[1]: Finished Set the console keyboard layout.
[    7.398442] systemd[1]: Finished Create List of Static Device Nodes.
[    7.398804] systemd[1]: modprobe@configfs.service: Deactivated successfully.
[    7.399089] systemd[1]: Finished Load Kernel Module configfs.
[    7.399471] systemd[1]: modprobe@drm.service: Deactivated successfully.
[    7.399745] systemd[1]: Finished Load Kernel Module drm.
[    7.400119] systemd[1]: modprobe@efi_pstore.service: Deactivated successfully.
[    7.400376] systemd[1]: Finished Load Kernel Module efi_pstore.
[    7.435890] tegra194-pcie 141e0000.pcie: Phy link never came up
[    7.448173] systemd[1]: modprobe@fuse.service: Deactivated successfully.
[    7.448451] systemd[1]: Finished Load Kernel Module fuse.
[    7.472490] systemd[1]: Finished NVIDIA specific first-boot udev script.
[    7.473311] systemd[1]: Finished Load Kernel Modules.
[    7.473781] systemd[1]: Finished Remount Root and Kernel File Systems.
[    7.476632] systemd[1]: Mounting FUSE Control File System...
[    7.497170] systemd[1]: Mounting Kernel Configuration File System...
[    7.499214] systemd[1]: Starting OP-TEE Client Supplicant...
[    7.499469] systemd[1]: Condition check resulted in Platform Persistent Storage Archival being skipped.
[    7.500769] systemd[1]: Starting Load/Save Random Seed...
[    7.529496] systemd[1]: Starting Apply Kernel Variables...
[    7.530760] systemd[1]: Starting Create System Users...
[    7.532942] systemd[1]: Mounted FUSE Control File System.
[    7.559625] systemd[1]: Mounted Kernel Configuration File System.
[    7.560303] systemd[1]: Finished Load/Save Random Seed.
[    7.560956] systemd[1]: Finished Apply Kernel Variables.
[    7.561375] systemd[1]: Condition check resulted in First Boot Complete being skipped.
[    7.564695] systemd[1]: Finished Create System Users.
[    7.566431] systemd[1]: Starting Create Static Device Nodes in /dev...
[    7.577049] systemd[1]: Finished Create Static Device Nodes in /dev.
[    7.579439] systemd[1]: Starting Rule-based Manager for Device Events and Files...
[    7.641059] systemd[1]: Started Rule-based Manager for Device Events and Files.
[    7.690806] tegra-soc-hwpm f100000.hwpm: Adding to iommu group 24
[    7.691227] tegra-se 15820000.crypto: Adding to iommu group 25
[    7.692297] tegra-se 15840000.crypto: Adding to iommu group 26
[    7.939987] scare-pigeon 13e00000.host1x:vi0-thi@15f00000: Adding to iommu group 27
[    7.940372] nvdla 15880000.nvdla0: Adding to iommu group 28
[    7.942528] scare-pigeon 13e00000.host1x:vi0-thi@15f00000: syncpt_unit_base 60000000 syncpt_unit_size 4000000 size 10000
[    7.943623] scare-pigeon 13e00000.host1x:vi1-thi@14f00000: Adding to iommu group 29
[    7.944352] mc: Linux media interface: v0.10
[    7.952554] pva 16000000.pva0: Adding to iommu group 30
[    7.952878] nvdla 15880000.nvdla0: syncpt_unit_base 60000000 syncpt_unit_size 4000000 size 10000
[    7.953199] scare-pigeon 13e00000.host1x:vi1-thi@14f00000: syncpt_unit_base 60000000 syncpt_unit_size 4000000 size 10000
[    7.954776] nvdla 158c0000.nvdla1: Adding to iommu group 31
[    7.954862] systemd[1]: Started OP-TEE Client Supplicant.
[    7.955979] scare-pigeon 13e00000.host1x:isp-thi@14b00000: Adding to iommu group 32
[    7.956889] videodev: Linux video capture interface: v2.00
[    7.962229] scare-pigeon 13e00000.host1x:isp-thi@14b00000: syncpt_unit_base 60000000 syncpt_unit_size 4000000 size 10000
[    7.963158] pva_iommu_context_dev 16000000.pva0:pva0_niso1_ctx0: Adding to iommu group 33
[    7.963915] pva_iommu_context_dev 16000000.pva0:pva0_niso1_ctx0: initialized (streamid=18, iommu=smmu.0x0000000008000000)
[    7.965370] nvdla 158c0000.nvdla1: syncpt_unit_base 60000000 syncpt_unit_size 4000000 size 10000
[    7.968404] pva_iommu_context_dev 16000000.pva0:pva0_niso1_ctx1: Adding to iommu group 34
[    7.969779] pva_iommu_context_dev 16000000.pva0:pva0_niso1_ctx1: initialized (streamid=19, iommu=smmu.0x0000000008000000)
[    7.980779] tegra-vic 15340000.vic: Adding to iommu group 35
[    7.986969] pva_iommu_context_dev 16000000.pva0:pva0_niso1_ctx2: Adding to iommu group 36
[    7.987795] pva_iommu_context_dev 16000000.pva0:pva0_niso1_ctx2: initialized (streamid=20, iommu=smmu.0x0000000008000000)
[    7.997943] pva_iommu_context_dev 16000000.pva0:pva0_niso1_ctx3: Adding to iommu group 37
[    7.999991] pva_iommu_context_dev 16000000.pva0:pva0_niso1_ctx3: initialized (streamid=21, iommu=smmu.0x0000000008000000)
[    8.003752] pva_iommu_context_dev 16000000.pva0:pva0_niso1_ctx4: Adding to iommu group 38
[    8.003837] pva_iommu_context_dev 16000000.pva0:pva0_niso1_ctx4: initialized (streamid=22, iommu=smmu.0x0000000008000000)
[    8.012011] tegra-nvdec 15480000.nvdec: Adding to iommu group 39
[    8.012928] pva_iommu_context_dev 16000000.pva0:pva0_niso1_ctx5: Adding to iommu group 40
[    8.015913] pva_iommu_context_dev 16000000.pva0:pva0_niso1_ctx5: initialized (streamid=23, iommu=smmu.0x0000000008000000)
[    8.018850] pva_iommu_context_dev 16000000.pva0:pva0_niso1_ctx6: Adding to iommu group 41
[    8.018912] tegra-nvenc 154c0000.nvenc: Adding to iommu group 42
[    8.018935] pva_iommu_context_dev 16000000.pva0:pva0_niso1_ctx6: initialized (streamid=24, iommu=smmu.0x0000000008000000)
[    8.023377] Inserting ivc_ext.ko module
[    8.023743] pva_iommu_context_dev 16000000.pva0:pva0_niso1_ctx7: Adding to iommu group 43
[    8.024037] pva_iommu_context_dev 16000000.pva0:pva0_niso1_ctx7: initialized (streamid=25, iommu=smmu.0x0000000008000000)
[    8.025335] pva 16000000.pva0: pdata->version is HW_GEN2
[    8.029929] pva 16000000.pva0: Completed nvhost_client_device_init
[    8.031377] pva 16000000.pva0: syncpt_unit_base 60000000 syncpt_unit_size 4000000 size 10000
[    8.038787] tegra-nvjpg 15380000.nvjpg: Adding to iommu group 44
[    8.050932] tegra-nvjpg 15540000.nvjpg: Adding to iommu group 45
[    8.063124] tegra186-cam-rtcpu bc00000.rtcpu: Adding to iommu group 46
[    8.064126] tegra186-cam-rtcpu bc00000.rtcpu: Trace buffer configured at IOVA=0xbff00000
[    8.069332] tegra-ivc-bus bc00000.rtcpu:ivc-bus: region 0: iova=0xbfec0000-0xbfee027f size=131712
[    8.069822] tegra-ofa 15a50000.ofa: Adding to iommu group 47
[    8.071638] tegra-ivc-bus bc00000.rtcpu:ivc-bus:echo@0: echo: ver=0 grp=1 RX[16x64]=0x1000-0x1480 TX[16x64]=0x1480-0x1900
[    8.078757] tegra-ivc-bus bc00000.rtcpu:ivc-bus:dbg@1: dbg: ver=0 grp=1 RX[1x512]=0x1900-0x1b80 TX[1x512]=0x1b80-0x1e00
[    8.079088] [drm] Initialized tegra 1.0.99 20120330 for drm on minor 0
[    8.079111] drm drm: [drm] Cannot find any crtc or sizes
[    8.079243] tegra-ivc-bus bc00000.rtcpu:ivc-bus:dbg@2: dbg: ver=0 grp=1 RX[1x8192]=0x1e00-0x3e80 TX[1x8192]=0x3e80-0x5f00
[    8.079269] tegra-ivc-bus bc00000.rtcpu:ivc-bus:ivccontrol@3: ivccontrol: ver=0 grp=1 RX[64x320]=0x5f00-0xaf80 TX[64x320]=0xaf80-0x10000
[    8.079296] tegra-ivc-bus bc00000.rtcpu:ivc-bus:ivccapture@4: ivccapture: ver=0 grp=1 RX[512x64]=0x10000-0x18080 TX[512x64]=0x18080-0x20100
[    8.079981] tegra-ivc-bus bc00000.rtcpu:ivc-bus:diag@5: diag: ver=0 grp=1 RX[1x64]=0x20100-0x201c0 TX[1x64]=0x201c0-0x20280
[    8.080157] tegra186-cam-rtcpu bc00000.rtcpu: using cam RTCPU IRQ (218)
[    8.080160] tegra186-cam-rtcpu bc00000.rtcpu: tegra_camrtc_mon_create is successful
[    8.080390] tegra186-cam-rtcpu bc00000.rtcpu: firmware version cpu=rce cmd=6 sha1=04ea869968864dcb132a50cad9712bd529a09ee2
[    8.080516] tegra-ivc-bus bc00000.rtcpu:ivc-bus:echo@0: ivc channel driver missing
[    8.080518] tegra-ivc-bus bc00000.rtcpu:ivc-bus:dbg@1: ivc channel driver missing
[    8.080519] tegra-ivc-bus bc00000.rtcpu:ivc-bus:dbg@2: ivc channel driver missing
[    8.080520] tegra-ivc-bus bc00000.rtcpu:ivc-bus:ivccontrol@3: ivc channel driver missing
[    8.080521] tegra-ivc-bus bc00000.rtcpu:ivc-bus:ivccapture@4: ivc channel driver missing
[    8.080523] tegra-ivc-bus bc00000.rtcpu:ivc-bus:diag@5: ivc channel driver missing
[    8.119883] [RCE] TCU debug prints will be routed to traces.
[    8.122532] tegra194-isp5 14800000.isp: Adding to iommu group 32
[    8.123313] tegra194-vi5 13e00000.host1x:vi0@15c00000: Adding to iommu group 27
[    8.125601] tegra194-vi5 13e00000.host1x:vi1@14c00000: Adding to iommu group 29
[    8.125763] (NULL device *): fops function table already registered
[    8.128640] tegra-camrtc-capture-vi tegra-capture-vi: subdev 13e00000.host1x:nvcsi@15a00000- bound
[    8.436076] tegra194-pcie 141e0000.pcie: Phy link never came up
[    8.436185] tegra194-pcie 141e0000.pcie: PCI host bridge to bus 0007:00
[    8.436189] pci_bus 0007:00: root bus resource [bus 00-ff]
[    8.436193] pci_bus 0007:00: root bus resource [mem 0x3000000000-0x3227ffffff pref]
[    8.436196] pci_bus 0007:00: root bus resource [mem 0x3228000000-0x322fffffff] (bus address [0x40000000-0x47ffffff])
[    8.436199] pci_bus 0007:00: root bus resource [io  0x200000-0x2fffff] (bus address [0x3e100000-0x3e1fffff])
[    8.436250] pci 0007:00:00.0: [10de:229a] type 01 class 0x060400
[    8.436403] pci 0007:00:00.0: PME# supported from D0 D3hot
[    8.442253] pci 0007:00:00.0: PCI bridge to [bus 01-ff]
[    8.442280] pci 0007:00:00.0: Max Payload Size set to  256/ 256 (was  128), Max Read Rq  256
[    8.442421] pcieport 0007:00:00.0: Adding to iommu group 6
[    8.442554] pcieport 0007:00:00.0: PME: Signaling with IRQ 194
[    8.442697] pcieport 0007:00:00.0: AER: enabled with IRQ 194
[    8.442974] pci_bus 0007:01: busn_res: [bus 01-ff] is released
[    8.443096] pci 0007:00:00.0: Removing from iommu group 6
[    8.443110] pci_bus 0007:00: busn_res: [bus 00-ff] is released
[    8.447322] tegra194-pcie 140a0000.pcie: Adding to iommu group 48
[    8.546541] tegra-dce d800000.dce: Adding to iommu group 49
[    8.547259] nvvrs_pseq 4-003c: NVVRS Vendor ID: 0x9
[    8.547273] dce: dce_ipc_channel_init:311  Invalid Channel State [0x0] for ch_type [2]
[    8.547492] dce: tegra_dce_probe:247  Found display consumer device
[    8.547627] nvvrs_pseq 4-003c: NVVRS Model Rev: 0x82
[    8.548014] dce: dce_mailbox_set_full_interrupt:157  Intr bit set multiple times for MB : [0x5]
[    8.548020] dce: dce_mailbox_set_full_interrupt:157  Intr bit set multiple times for MB : [0x5]
[    8.548279] dce: dce_admin_send_cmd_ver:456  version : [0x3] err : [0x0]
[    8.548489] dce: dce_mailbox_set_full_interrupt:157  Intr bit set multiple times for MB : [0x1]
[    8.548495] dce: dce_mailbox_set_full_interrupt:157  Intr bit set multiple times for MB : [0x1]
[    8.548498] dce: dce_admin_setup_clients_ipc:585  Channel Reset Complete for Type [1] ...
[    8.548500] dce: dce_admin_setup_clients_ipc:561  Get queue info failed for [2]
[    8.548699] dce: dce_mailbox_set_full_interrupt:157  Intr bit set multiple times for MB : [0x2]
[    8.548705] dce: dce_mailbox_set_full_interrupt:157  Intr bit set multiple times for MB : [0x2]
[    8.548708] dce: dce_admin_setup_clients_ipc:585  Channel Reset Complete for Type [3] ...
[    8.549672] dce: dce_start_boot_flow:166  DCE_BOOT_DONE
[    8.556100] nvvrs_pseq 4-003c: NVVRS PSEQ probe successful
[    8.565202] tegra194-pcie 140a0000.pcie: host bridge /bus@0/pcie@140a0000 ranges:
[    8.565233] tegra194-pcie 140a0000.pcie:      MEM 0x3240000000..0x3527ffffff -> 0x3240000000
[    8.565240] tegra194-pcie 140a0000.pcie:      MEM 0x3528000000..0x352fffffff -> 0x0040000000
[    8.565244] tegra194-pcie 140a0000.pcie:       IO 0x002a100000..0x002a1fffff -> 0x002a100000
[    8.565580] tegra194-pcie 140a0000.pcie: iATU unroll: enabled
[    8.565583] tegra194-pcie 140a0000.pcie: Detected iATU regions: 8 outbound, 2 inbound
[    8.579249] systemd[1]: Finished Coldplug All udev Devices.
[    8.579706] systemd[1]: Condition check resulted in Show Plymouth Boot Screen being skipped.
[    8.579898] systemd[1]: Started Dispatch Password Requests to Console Directory Watch.
[    8.580002] systemd[1]: Condition check resulted in Forward Password Requests to Plymouth Directory Watch being skipped.
[    8.580027] systemd[1]: Reached target Local Encrypted Volumes.
[    8.598013] nv_platform 13800000.display: Adding to iommu group 50
[    8.603152] platform 13800000.display:nvdisplay-niso: Adding to iommu group 51
[    8.675871] tegra194-pcie 140a0000.pcie: Link up
[    8.677302] tegra194-pcie 140a0000.pcie: Link up
[    8.677392] tegra194-pcie 140a0000.pcie: PCI host bridge to bus 0008:00
[    8.677397] pci_bus 0008:00: root bus resource [bus 00-ff]
[    8.677401] pci_bus 0008:00: root bus resource [mem 0x3240000000-0x3527ffffff pref]
[    8.677403] pci_bus 0008:00: root bus resource [mem 0x3528000000-0x352fffffff] (bus address [0x40000000-0x47ffffff])
[    8.677406] pci_bus 0008:00: root bus resource [io  0x300000-0x3fffff] (bus address [0x2a100000-0x2a1fffff])
[    8.677456] pci 0008:00:00.0: [10de:229c] type 01 class 0x060400
[    8.677613] pci 0008:00:00.0: PME# supported from D0 D3hot
[    8.681243] pci 0008:01:00.0: [10ec:8168] type 00 class 0x020000
[    8.681724] pci 0008:01:00.0: reg 0x10: [io  0x0000-0x00ff]
[    8.681765] pci 0008:01:00.0: reg 0x18: [mem 0x00000000-0x00000fff 64bit]
[    8.681794] pci 0008:01:00.0: reg 0x20: [mem 0x00000000-0x00003fff 64bit]
[    8.682719] pci 0008:01:00.0: supports D1 D2
[    8.682721] pci 0008:01:00.0: PME# supported from D0 D1 D2 D3hot D3cold
[    8.694589] pci 0008:00:00.0: BAR 14: assigned [mem 0x3528000000-0x35280fffff]
[    8.694595] pci 0008:00:00.0: BAR 13: assigned [io  0x300000-0x300fff]
[    8.694599] pci 0008:01:00.0: BAR 4: assigned [mem 0x3528000000-0x3528003fff 64bit]
[    8.694692] pci 0008:01:00.0: BAR 2: assigned [mem 0x3528004000-0x3528004fff 64bit]
[    8.694783] pci 0008:01:00.0: BAR 0: assigned [io  0x300000-0x3000ff]
[    8.694811] pci 0008:00:00.0: PCI bridge to [bus 01-ff]
[    8.694814] pci 0008:00:00.0:   bridge window [io  0x300000-0x300fff]
[    8.694818] pci 0008:00:00.0:   bridge window [mem 0x3528000000-0x35280fffff]
[    8.694838] pci 0008:00:00.0: Max Payload Size set to  256/ 256 (was  128), Max Read Rq  256
[    8.694970] pci 0008:01:00.0: Max Payload Size set to  128/ 128 (was  128), Max Read Rq  128
[    8.695105] pcieport 0008:00:00.0: Adding to iommu group 48
[    8.695213] pcieport 0008:00:00.0: PME: Signaling with IRQ 188
[    8.695354] pcieport 0008:00:00.0: AER: enabled with IRQ 188
[    8.704293] systemd[1]: Started Journal Service.
[    8.716108] systemd-journald[269]: Received client request to flush runtime journal.
[    8.723672] cfg80211: Loading compiled-in X.509 certificates for regulatory database
[    8.724512] cfg80211: Loaded X.509 cert 'sforshee: 00b28ddf47aef9cea7'
[    8.724696] cfg80211: Loaded X.509 cert 'wens: 61c038651aabdcf94bd0ac7ff06c7248db18c600'
[    8.750627] at24 0-0050: 256 byte 24c02 EEPROM, read-only
[    8.750925] at24 0-0057: 256 byte 24c02 EEPROM, read-only
[    8.784697] spi-tegra114 3210000.spi: Adding to iommu group 1
[    8.789878] tegra-hda 3510000.hda: Adding to iommu group 52
[    8.793820] spi-tegra114 3230000.spi: Adding to iommu group 1
[    8.801831] rtl88x2ce 0001:01:00.0: Adding to iommu group 3
[    8.803468] rtl88x2ce 0001:01:00.0: enabling device (0000 -> 0003)
[    8.882934] tegra234-aon c000000.aon: Adding to iommu group 53
[    8.883754] CAN device driver interface
[    8.884033]  c000000.aon:hsp: probed
[    8.888487] input: NVIDIA Jetson Orin NX HDA HDMI/DP,pcm=3 as /devices/platform/bus@0/3510000.hda/sound/card0/input4
[    8.888756] tegra234-aon c000000.aon: init done
[    8.890023] input: NVIDIA Jetson Orin NX HDA HDMI/DP,pcm=7 as /devices/platform/bus@0/3510000.hda/sound/card0/input5
[    8.890535] input: NVIDIA Jetson Orin NX HDA HDMI/DP,pcm=8 as /devices/platform/bus@0/3510000.hda/sound/card0/input6
[    8.903109] input: NVIDIA Jetson Orin NX HDA HDMI/DP,pcm=9 as /devices/platform/bus@0/3510000.hda/sound/card0/input7
[    8.906788] thermal-trip-event cpu-throttle-alert: cooling device registered.
[    8.910936] thermal-trip-event gpu-throttle-alert: cooling device registered.
[    8.915590] TT CAN feature is not supported
[    8.916145] 	 Message RAM Configuration
               	| base addr   |0x0c312000|
               	| sidfc_flssa |0x00000000|
               	| xidfc_flesa |0x00000040|
               	| rxf0c_f0sa  |0x000000c0|
               	| rxf1c_f1sa  |0x000009c0|
               	| rxbc_rbsa   |0x000009c0|
               	| txefc_efsa  |0x000009c0|
               	| txbc_tbsa   |0x00000a40|
               	| tmc_tmsa    |0x00000ec0|
               	| mram size   |0x00001000|
[    8.917483] Release 3.2.3 from 09.06.2018
[    8.930564] thermal-trip-event cv0-throttle-alert: cooling device registered.
[    8.931023] gic 2a41000.interrupt-controller: GIC IRQ controller registered
[    8.931376] tegra-aconnect bus@0:aconnect@2900000: Tegra ACONNECT bus registered
[    8.931638] thermal-trip-event cv1-throttle-alert: cooling device registered.
[    8.936511] net can0: mttcan device registered (regs=00000000738b1987, irq=200)
[    8.943618] thermal-trip-event cv2-throttle-alert: cooling device registered.
[    8.957740] irq: IRQ255: trimming hierarchy from :bus@0:pmc@c360000
[    8.958291] fusb301 1-0025: device id: 0x12
[    8.960543] thermal-trip-event soc0-throttle-alert: cooling device registered.
[    8.974889] thermal-trip-event soc1-throttle-alert: cooling device registered.
[    8.975143] thermal-trip-event soc2-throttle-alert: cooling device registered.
[    8.976187] thermal-trip-event hot-surface-alert: cooling device registered.
[    8.976534] fusb301 1-0025: fusb301_work_handler: int_sts[0x05]
[    8.977435] fusb301 1-0025: sts[0x08], type[0x00]
[    8.977440] fusb301 1-0025: fusb301_detach: type[0x00] chipstate[0x01]
[    8.977443] fusb301 1-0025: fusb_update_state: 1
[    8.977446] fusb301 1-0025: fusb301_attach: Invalid type[0x00]
[    9.005445] fusb301 1-0025: toggle_time(0) is not updated
[    9.005780] fusb301 1-0025: fusb301_set_mode: mode (32)(32)
[    9.006106] fusb301 1-0025: fusb301_detach: type[0x00] chipstate[0x01]
[    9.006109] fusb301 1-0025: fusb_update_state: 1
[    9.006889] fusb301 1-0025: mode[0x20], host_cur[0x02], dttime[0x00]
[    9.047335] usbcore: registered new interface driver btusb
[    9.049297] Bluetooth: hci0: RTL: examining hci_ver=0a hci_rev=000c lmp_ver=0a lmp_subver=8822
[    9.050263] Bluetooth: hci0: RTL: rom_version status=0 version=3
[    9.050268] Bluetooth: hci0: RTL: loading rtl_bt/rtl8822cu_fw.bin
[    9.050511] rtk_btusb: Realtek Bluetooth USB driver ver 3.1.65ab490.20240531-141726
[    9.050516] rtk_btcoex: rtk_btcoex_init: version: 1.2
[    9.050518] rtk_btcoex: create workqueue
[    9.050896] Bluetooth: hci0: RTL: loading rtl_bt/rtl8822cu_config.bin
[    9.051060] Bluetooth: hci0: RTL: cfg_sz 6, total sz 35086
[    9.051272] rtk_btcoex: alloc buffers 1792, 2432 for ev and l2
[    9.051342] usbcore: registered new interface driver rtk_btusb
[    9.060536] nvvrs-pseq-rtc nvvrs-pseq-rtc: registered as rtc0
[    9.061615] nvvrs-pseq-rtc nvvrs-pseq-rtc: setting system clock to 2026-04-21T10:14:21 UTC (1776766461)
[    9.099714] loop0: detected capacity change from 0 to 373072
[    9.107354] loop1: detected capacity change from 0 to 141232
[    9.107725] loop2: detected capacity change from 0 to 8
[    9.109977] loop3: detected capacity change from 0 to 126776
[    9.116217] loop4: detected capacity change from 0 to 95512
[    9.117407] loop5: detected capacity change from 0 to 1132440
[    9.123981] loop6: detected capacity change from 0 to 187776
[    9.127849] loop7: detected capacity change from 0 to 357512
[    9.130767] loop8: detected capacity change from 0 to 85664
[    9.175653] fusb301 1-0025: fusb301_work_handler: int_sts[0x05]
[    9.176264] fusb301 1-0025: sts[0x2f], type[0x08]
[    9.176269] fusb301 1-0025: fusb_update_state: 6
[    9.177287] r8168 0008:01:00.0: Adding to iommu group 48
[    9.177456] r8168 Gigabit Ethernet driver 8.053.00-NAPI loaded
[    9.177525] r8168 0008:01:00.0: enabling device (0000 -> 0003)
[    9.216013] r8168: This product is covered by one or more of the following patents: US6,570,884, US6,115,776, and US6,327,625.
[    9.218319] r8168  Copyright (C) 2024 Realtek NIC software team <nicfae@realtek.com> 
                This program comes with ABSOLUTELY NO WARRANTY; for details, please see <http://www.gnu.org/licenses/>. 
                This is free software, and you are welcome to redistribute it under certain conditions; see <http://www.gnu.org/licenses/>. 
[    9.219836] rtl88x2ce 0001:01:00.0 wlP1p1s0: renamed from wlan0
[    9.240630] tegra-adma 2930000.dma-controller: Tegra210 ADMA driver registered 32 channels
[    9.276200] r8168 0008:01:00.0 enP8p1s0: renamed from eth0
[    9.410201] tegra210-admaif 290f000.admaif: Adding to iommu group 54
[    9.543257] Bluetooth: hci0: RTL: fw version 0x19b76d7d
[   11.360097] using random self ethernet address
[   11.360104] using random host ethernet address
[   11.377507] Bluetooth: BNEP (Ethernet Emulation) ver 1.3
[   11.377521] Bluetooth: BNEP filters: protocol multicast
[   11.377534] Bluetooth: BNEP socket layer initialized
[   11.392914] NET: Registered PF_ALG protocol family
[   11.395018] loop9: detected capacity change from 0 to 32768
[   11.456234] nv_nvsciipc_init.sh[936]: found /dev/nvsciipc
[   11.470716] nvsciipc: set_db start
[   11.470744] nvsciipc: set_db done
[   11.564300] IRQ230: set affinity failed(-22).
[   11.564331] IRQ253: set affinity failed(-22).
[   11.565432] psci: CPU4 killed (polled 0 ms)
[   11.589434] Mass Storage Function, version: 2009/09/11
[   11.589443] LUN: removable file: (no medium)
[   11.596194] enP8p1s0: 0xffff800008ec1000, 3c:6d:66:0d:53:d9, IRQ 256
[   11.640207] IRQ230: set affinity failed(-22).
[   11.640238] IRQ253: set affinity failed(-22).
[   11.640242] IRQ256: set affinity failed(-22).
[   11.641307] psci: CPU5 killed (polled 0 ms)
[   11.657730] using random self ethernet address
[   11.657736] using random host ethernet address
[   11.696196] IRQ230: set affinity failed(-22).
[   11.696227] IRQ253: set affinity failed(-22).
[   11.696230] IRQ256: set affinity failed(-22).
[   11.696435] psci: CPU6 killed (polled 0 ms)
[   11.773156] IRQ230: set affinity failed(-22).
[   11.773256] IRQ253: set affinity failed(-22).
[   11.773602] psci: CPU7 killed (polled 0 ms)
[   11.818344] pstore: Using crash dump compression: deflate
[   11.818455] printk: console [ramoops-1]: printing thread started
[   11.818468] printk: console [ramoops-1] enabled
[   11.818470] pstore: Registered ramoops as persistent store backend
[   11.818471] ramoops: using 0x200000@0x4725f0000, ecc: 0
[   11.956696] nvgpu: 17000000.gpu                  gk20a_scale_init:541  [INFO]  enabled scaling for GPU

[   12.021367] bridge: filtering via arp/ip/ip6tables is no longer available by default. Update your scripts to load br_netfilter if you need this.
[   12.058518] usb0: HOST MAC c2:d6:da:8f:db:b0
[   12.058528] usb0: MAC c2:d6:da:8f:db:b1
[   12.066222] usb1: HOST MAC c2:d6:da:8f:db:b2
[   12.066232] usb1: MAC c2:d6:da:8f:db:b3
[   12.066260] tegra-xudc 3550000.usb: EP 0 (type: ctrl, dir: out) enabled
[   12.103869] l4tbr0: port 1(usb0) entered blocking state
[   12.103897] l4tbr0: port 1(usb0) entered disabled state
[   12.108327] device usb0 entered promiscuous mode
[   12.114232] zram: Added device: zram0
[   12.123873] zram: Added device: zram1
[   12.130447] zram: Added device: zram2
[   12.133632] zram: Added device: zram3
[   12.161131] l4tbr0: port 2(usb1) entered blocking state
[   12.161153] l4tbr0: port 2(usb1) entered disabled state
[   12.161368] device usb1 entered promiscuous mode
[   12.191714] loop9: detected capacity change from 0 to 32768
[   12.226499] zram0: detected capacity change from 0 to 4004600
[   12.251633] Adding 2002296k swap on /dev/zram0.  Priority:5 extents:1 across:2002296k SS
[   12.262453] zram1: detected capacity change from 0 to 4004600
[   12.272465] Adding 2002296k swap on /dev/zram1.  Priority:5 extents:1 across:2002296k SS
[   12.277945] zram2: detected capacity change from 0 to 4004600
[   12.286010] Adding 2002296k swap on /dev/zram2.  Priority:5 extents:1 across:2002296k SS
[   12.288800] zram3: detected capacity change from 0 to 4004600
[   12.298640] Adding 2002296k swap on /dev/zram3.  Priority:5 extents:1 across:2002296k SS
[   12.588321] tegra-xudc 3550000.usb: EP 5 (type: intr, dir: in) enabled
[   12.588342] tegra-xudc 3550000.usb: EP 3 (type: bulk, dir: in) enabled
[   12.588355] tegra-xudc 3550000.usb: EP 2 (type: bulk, dir: out) enabled
[   12.588396] IPv6: ADDRCONF(NETDEV_CHANGE): usb0: link becomes ready
[   12.588422] tegra-xudc 3550000.usb: EP 9 (type: intr, dir: in) enabled
[   12.588436] tegra-xudc 3550000.usb: EP 7 (type: bulk, dir: in) enabled
[   12.588448] tegra-xudc 3550000.usb: EP 4 (type: bulk, dir: out) enabled
[   12.588479] tegra-xudc 3550000.usb: EP 15 (type: intr, dir: in) enabled
[   12.589689] tegra-xudc 3550000.usb: EP 11 (type: bulk, dir: in) enabled
[   12.589707] tegra-xudc 3550000.usb: EP 6 (type: bulk, dir: out) enabled
[   12.598680] tegra-xudc 3550000.usb: EP 13 (type: bulk, dir: in) enabled
[   12.598696] tegra-xudc 3550000.usb: EP 8 (type: bulk, dir: out) enabled
[   12.598733] IPv6: ADDRCONF(NETDEV_CHANGE): usb1: link becomes ready
[   12.600557] tegra-xudc 3550000.usb: ep 13 disabled
[   12.600639] tegra-xudc 3550000.usb: ep 8 disabled
[   12.618438] tegra-xudc 3550000.usb: EP 13 (type: bulk, dir: in) enabled
[   12.618457] tegra-xudc 3550000.usb: EP 8 (type: bulk, dir: out) enabled
[   14.451988] l4tbr0: port 2(usb1) entered blocking state
[   14.452000] l4tbr0: port 2(usb1) entered forwarding state
[   14.452066] l4tbr0: port 1(usb0) entered blocking state
[   14.452069] l4tbr0: port 1(usb0) entered forwarding state
[   14.457559] IPv6: ADDRCONF(NETDEV_CHANGE): l4tbr0: link becomes ready
[   14.658394] nvidia-modeset: Loading NVIDIA UNIX Open Kernel Mode Setting Driver for aarch64  540.5.0  Release Build  (buildbrain@239549d1-8639-491a-b9e7-120e21430986-l1eu-vqrkv)  Thu Jan 15 19:36:45 PST 2026
[   14.665151] [drm] [nvidia-drm] [GPU ID 0x00020000] Loading driver
[   14.953473] NVRM rpcRmApiControl_dce: NVRM_RPC_DCE: Failed RM ctrl call cmd:0x731341 result 0xffff:
[   14.954564] NVRM rpcRmApiControl_dce: NVRM_RPC_DCE: Failed RM ctrl call cmd:0x730282 result 0x1f:
[   15.006713] [drm] Initialized nvidia-drm 0.0.0 20160202 for 13800000.display on minor 1
[   15.087512] Console: switching to colour frame buffer device 240x67
[   15.087534] nv_platform 13800000.display: [drm] fb0: nvidia-drmdrmfb frame buffer device
[   16.610778] ACK 04 d4
[   16.611512] ACK 04 d4
[   16.613444] ACK 04 d4
[   16.615335] IPv6: ADDRCONF(NETDEV_CHANGE): wlP1p1s0: link becomes ready
[   19.624952] loop10: detected capacity change from 0 to 8
[   21.187845] audit: type=1326 audit(1776766473.620:2): auid=4294967295 uid=0 gid=0 ses=4294967295 subj=kernel pid=2159 comm="cupsd" exe="/snap/cups/1184/sbin/cupsd" sig=0 arch=c00000b7 syscall=55 compat=0 ip=0xffffa986ce0c code=0x50000
[   21.538802] rfkill: input handler disabled
[   21.756858] audit: type=1326 audit(1776766474.192:3): auid=4294967295 uid=0 gid=0 ses=4294967295 subj=kernel pid=2159 comm="cupsd" exe="/snap/cups/1184/sbin/cupsd" sig=0 arch=c00000b7 syscall=55 compat=0 ip=0xffffa986ce0c code=0x50000
[   22.530476] audit: type=1326 audit(1776766474.964:4): auid=4294967295 uid=0 gid=0 ses=4294967295 subj=kernel pid=2235 comm="cups-browsed" exe="/snap/cups/1184/sbin/cups-browsed" sig=0 arch=c00000b7 syscall=274 compat=0 ip=0xffff91a75b68 code=0x50000
[  401.544574] nv_ov5647: module verification failed: signature and/or required key missing - tainting kernel
[  401.545602] nv_ov5647: module init register_i2c_driver=1 allow_hw_probe=1 skip_v4l2_register=0 skip_v4l2_unregister=0 split_v4l2_unregister=1 unload_marker_delay_ms=500
[  401.545855] nv_ov5647 9-0036: ov5647_probe: enter client=ov5647 addr=0x36
[  401.545945] nv_ov5647 9-0036: ov5647_parse_dt: enter
[  401.545969] nv_ov5647 9-0036: ov5647_parse_dt: pdata=000000009f976cc3 mclk=extperiph1 reset_gpio=-1 pwdn_gpio=397 avdd=vana dvdd=vdig iovdd=vif
[  401.545974] nv_ov5647 9-0036: ov5647_power_get: enter priv=00000000b69235d7 s_data=0000000054b2caaa pdata=000000009f976cc3
[  401.546000] nv_ov5647 9-0036: supply vana not found, using dummy regulator
[  401.546128] nv_ov5647 9-0036: supply vdig not found, using dummy regulator
[  401.546153] nv_ov5647 9-0036: supply vif not found, using dummy regulator
[  401.546213] nv_ov5647 9-0036: ov5647_power_get: exit
[  401.546261] nv_ov5647 9-0036: tegracam sensor driver:nv_ov5647_v2.0.6
[  401.546281] nv_ov5647 9-0036: ov5647_board_setup: enter
[  401.546283] nv_ov5647 9-0036: ov5647_power_on: enter
[  401.555470] nv_ov5647 9-0036: ov5647_power_on: exit success
[  401.555848] nv_ov5647 9-0036: ov5647_board_setup: detected chip_id=0x5647
[  401.555852] nv_ov5647 9-0036: ov5647_power_off: enter
[  401.556771] nv_ov5647 9-0036: ov5647_power_off: exit success
[  401.556774] nv_ov5647 9-0036: ov5647_board_setup: exit success
[  401.556861] tegra-camrtc-capture-vi tegra-capture-vi: subdev nv_ov5647 9-0036 bound
[  401.557342] nv_ov5647 9-0036: ov5647_probe: exit success
[  401.557495] nv_ov5647: i2c driver registered
[  755.952409] nv_ov5647 9-0036: ov5647_power_on: enter
[  755.962084] nv_ov5647 9-0036: ov5647_power_on: exit success
[  755.974617] nv_ov5647 9-0036: ov5647_set_mode: applying mode=0 name=640x480-10bpp-30fps 640x480
[  755.986875] nv_ov5647 9-0036: ov5647_start_streaming: enter
[  755.986880] nv_ov5647 9-0036: ov5647_set_mode: applying mode=0 name=640x480-10bpp-30fps 640x480
[  755.999304] nv_ov5647 9-0036: ov5647_start_streaming: exit success
[  758.503236] tegra-camrtc-capture-vi tegra-capture-vi: uncorr_err: request timed out after 2500 ms
[  761.063734] tegra-camrtc-capture-vi tegra-capture-vi: uncorr_err: request timed out after 2500 ms
[  763.624218] tegra-camrtc-capture-vi tegra-capture-vi: uncorr_err: request timed out after 2500 ms
[  766.184700] tegra-camrtc-capture-vi tegra-capture-vi: uncorr_err: request timed out after 2500 ms
[  785.944748] nv_ov5647 9-0036: ov5647_stop_streaming: enter
[  785.945347] nv_ov5647 9-0036: ov5647_stop_streaming: exit success
[  785.947472] nv_ov5647 9-0036: ov5647_power_off: enter
[  785.949040] nv_ov5647 9-0036: ov5647_power_off: exit success
