[    0.000000] Booting Linux on physical CPU 0x0000000000 [0x410fd421]
[    0.000000] Linux version 5.15.185-tegra (buildbrain@239549d1-8639-491a-b9e7-120e21430986-l1eu-vqrkv) (aarch64-buildroot-linux-gnu-gcc.br_real (Buildroot 2022.08) 11.3.0, GNU ld (GNU Binutils) 2.38) #1 SMP PREEMPT Thu Jan 15 19:24:38 PST 2026 ()
[    0.000000] Machine model: NVIDIA Jetson Orin NX Engineering Reference Developer Kit
[    0.000000] efi: EFI v2.70 by EDK II
[    0.000000] efi: RTPROP=0x46de1e698 TPMFinalLog=0x45e8f0000 SMBIOS=0xffff0000 SMBIOS 3.0=0x46da40000 MEMATTR=0x467efe018 ESRT=0x468420518 TPMEventLog=0x45e0cc018 RNG=0x45e900018 MEMRESERVE=0x45e901f98 
[    0.000000] random: crng init done
[    0.000000] secureboot: Secure boot disabled
[    0.000000] esrt: Reserving ESRT space from 0x0000000468420518 to 0x0000000468420550.
[    0.000000] Reserved memory: created CMA memory pool at 0x0000000449000000, size 256 MiB
[    0.000000] OF: reserved mem: initialized node linux,cma, compatible id shared-dma-pool
[    0.000000] NUMA: No NUMA configuration found
[    0.000000] NUMA: Faking a node at [mem 0x0000000080000000-0x0000000477ffffff]
[    0.000000] NUMA: NODE_DATA [mem 0x4702fd800-0x4702fffff]
[    0.000000] Zone ranges:
[    0.000000]   DMA      [mem 0x0000000080000000-0x00000000ffffffff]
[    0.000000]   DMA32    empty
[    0.000000]   Normal   [mem 0x0000000100000000-0x0000000477ffffff]
[    0.000000] Movable zone start for each node
[    0.000000] Early memory node ranges
[    0.000000]   node   0: [mem 0x0000000080000000-0x00000000bdffffff]
[    0.000000]   node   0: [mem 0x00000000c2000000-0x00000000fffdffff]
[    0.000000]   node   0: [mem 0x00000000fffe0000-0x00000000ffffffff]
[    0.000000]   node   0: [mem 0x0000000100000000-0x000000045d48ffff]
[    0.000000]   node   0: [mem 0x000000045d490000-0x000000045e0bffff]
[    0.000000]   node   0: [mem 0x000000045e0c0000-0x000000045e0effff]
[    0.000000]   node   0: [mem 0x000000045e0f0000-0x000000045e0fffff]
[    0.000000]   node   0: [mem 0x000000045e100000-0x000000045e14ffff]
[    0.000000]   node   0: [mem 0x000000045e150000-0x000000045e30ffff]
[    0.000000]   node   0: [mem 0x000000045e310000-0x000000045e8effff]
[    0.000000]   node   0: [mem 0x000000045e8f0000-0x000000045e8fffff]
[    0.000000]   node   0: [mem 0x000000045e900000-0x000000046bedffff]
[    0.000000]   node   0: [mem 0x000000046bee0000-0x000000046de1ffff]
[    0.000000]   node   0: [mem 0x000000046de20000-0x0000000471dfffff]
[    0.000000]   node   0: [mem 0x0000000471e00000-0x0000000471ffffff]
[    0.000000]   node   0: [mem 0x0000000472000000-0x000000047259ffff]
[    0.000000]   node   0: [mem 0x0000000476000000-0x0000000477ffffff]
[    0.000000] mminit::pageflags_layout_widths Section 0 Node 4 Zone 2 Lastcpupid 16 Kasantag 0 Flags 24
[    0.000000] mminit::pageflags_layout_shifts Section 21 Node 4 Zone 2 Lastcpupid 16 Kasantag 0
[    0.000000] mminit::pageflags_layout_pgshifts Section 0 Node 60 Zone 58 Lastcpupid 42 Kasantag 0
[    0.000000] mminit::pageflags_layout_nodezoneid Node/Zone ID: 64 -> 58
[    0.000000] mminit::pageflags_layout_usage location: 64 -> 42 layout 42 -> 24 unused 24 -> 0 page-flags
[    0.000000] Initmem setup node 0 [mem 0x0000000080000000-0x0000000477ffffff]
[    0.000000] mminit::memmap_init Initialising map node 0 zone 0 pfns 524288 -> 1048576
[    0.000000] mminit::memmap_init Initialising map node 0 zone 2 pfns 1048576 -> 4685824
[    0.000000] On node 0, zone DMA: 16384 pages in unavailable ranges
[    0.000000] On node 0, zone Normal: 14944 pages in unavailable ranges
[    0.000000] psci: probing for conduit method from DT.
[    0.000000] psci: PSCIv1.1 detected in firmware.
[    0.000000] psci: Using standard PSCI v0.2 function IDs
[    0.000000] psci: Trusted OS migration not required
[    0.000000] psci: SMC Calling Convention v1.2
[    0.000000] percpu: Embedded 30 pages/cpu s83480 r8192 d31208 u122880
[    0.000000] pcpu-alloc: s83480 r8192 d31208 u122880 alloc=30*4096
[    0.000000] pcpu-alloc: [0] 0 [0] 1 [0] 2 [0] 3 [0] 4 [0] 5 [0] 6 [0] 7 
[    0.000000] Detected PIPT I-cache on CPU0
[    0.000000] CPU features: detected: Address authentication (architected algorithm)
[    0.000000] CPU features: detected: GIC system register CPU interface
[    0.000000] CPU features: detected: Virtualization Host Extensions
[    0.000000] CPU features: detected: Hardware dirty bit management
[    0.000000] CPU features: detected: Spectre-v4
[    0.000000] CPU features: detected: Spectre-BHB
[    0.000000] CPU features: kernel page table isolation forced ON by KASLR
[    0.000000] CPU features: detected: Kernel page table isolation (KPTI)
[    0.000000] alternatives: patching kernel code
[    0.000000] mminit::zonelist general 0:DMA = 0:DMA 
[    0.000000] mminit::zonelist general 0:Normal = 0:Normal 0:DMA 
[    0.000000] mminit::zonelist thisnode 0:DMA = 0:DMA 
[    0.000000] mminit::zonelist thisnode 0:Normal = 0:Normal 0:DMA 
[    0.000000] Built 1 zonelists, mobility grouping on.  Total pages: 4065184
[    0.000000] Policy zone: Normal
[    0.000000] Kernel command line: root=PARTUUID=03f3e885-a6e9-47ba-b7e1-ccc5bf71a344 rw rootwait rootfstype=ext4 mminit_loglevel=4 console=ttyTCU0,115200 firmware_class.path=/etc/firmware fbcon=map:0 video=efifb:off console=tty0 efi=runtime pci=pcie_bus_perf nvme.use_threaded_interrupts=1 boot_profile=ov5647-dev bl_prof_dataptr=2031616@0x471E10000 bl_prof_ro_ptr=65536@0x471E00000 
[    0.000000] Unknown kernel command line parameters "boot_profile=ov5647-dev bl_prof_dataptr=2031616@0x471E10000 bl_prof_ro_ptr=65536@0x471E00000", will be passed to user space.
[    0.000000] Dentry cache hash table entries: 2097152 (order: 12, 16777216 bytes, linear)
[    0.000000] Inode-cache hash table entries: 1048576 (order: 11, 8388608 bytes, linear)
[    0.000000] mem auto-init: stack:off, heap alloc:off, heap free:off
[    0.000000] software IO TLB: mapped [mem 0x00000000fbfe0000-0x00000000fffe0000] (64MB)
[    0.000000] Memory: 15732956K/16520832K available (20480K kernel code, 4086K rwdata, 10172K rodata, 7744K init, 529K bss, 525732K reserved, 262144K cma-reserved)
[    0.000000] SLUB: HWalign=64, Order=0-3, MinObjects=0, CPUs=8, Nodes=1
[    0.000000] trace event string verifier disabled
[    0.000000] rcu: Preemptible hierarchical RCU implementation.
[    0.000000] rcu: 	RCU event tracing is enabled.
[    0.000000] rcu: 	RCU restricting CPUs from NR_CPUS=256 to nr_cpu_ids=8.
[    0.000000] 	Trampoline variant of Tasks RCU enabled.
[    0.000000] 	Rude variant of Tasks RCU enabled.
[    0.000000] 	Tracing variant of Tasks RCU enabled.
[    0.000000] rcu: RCU calculated value of scheduler-enlistment delay is 25 jiffies.
[    0.000000] rcu: Adjusting geometry for rcu_fanout_leaf=16, nr_cpu_ids=8
[    0.000000] NR_IRQS: 64, nr_irqs: 64, preallocated irqs: 0
[    0.000000] GICv3: GIC: Using split EOI/Deactivate mode
[    0.000000] GICv3: 960 SPIs implemented
[    0.000000] GICv3: 0 Extended SPIs implemented
[    0.000000] GICv3: Distributor has no Range Selector support
[    0.000000] Root IRQ handler: gic_handle_irq
[    0.000000] GICv3: 16 PPIs implemented
[    0.000000] GICv3: CPU0: found redistributor 0 region 0:0x000000000f440000
[    0.000000] arch_timer: cp15 timer(s) running at 31.25MHz (phys).
[    0.000000] clocksource: arch_sys_counter: mask: 0xffffffffffffff max_cycles: 0xe6a171046, max_idle_ns: 881590405314 ns
[    0.000000] sched_clock: 56 bits at 31MHz, resolution 32ns, wraps every 4398046511088ns
[    0.000337] Console: colour dummy device 80x25
[    0.000342] printk: console [tty0] enabled
[    0.000385] Calibrating delay loop (skipped), value calculated using timer frequency.. 62.50 BogoMIPS (lpj=125000)
[    0.000389] pid_max: default: 32768 minimum: 301
[    0.000420] LSM: Security Framework initializing
[    0.000438] Yama: becoming mindful.
[    0.000449] SELinux:  Initializing.
[    0.000513] Mount-cache hash table entries: 32768 (order: 6, 262144 bytes, linear)
[    0.000531] Mountpoint-cache hash table entries: 32768 (order: 6, 262144 bytes, linear)
[    0.001390] rcu: Hierarchical SRCU implementation.
[    0.003560] Tegra Revision: A01 SKU: 211 CPU Process: 0 SoC Process: 0
[    0.003818] Remapping and enabling EFI services.
[    0.004825] smp: Bringing up secondary CPUs ...
[    0.005195] Detected PIPT I-cache on CPU1
[    0.005223] GICv3: CPU1: found redistributor 100 region 0:0x000000000f460000
[    0.005245] CPU1: Booted secondary processor 0x0000000100 [0x410fd421]
[    0.005590] Detected PIPT I-cache on CPU2
[    0.005601] GICv3: CPU2: found redistributor 200 region 0:0x000000000f480000
[    0.005614] CPU2: Booted secondary processor 0x0000000200 [0x410fd421]
[    0.005927] Detected PIPT I-cache on CPU3
[    0.005937] GICv3: CPU3: found redistributor 300 region 0:0x000000000f4a0000
[    0.005948] CPU3: Booted secondary processor 0x0000000300 [0x410fd421]
[    0.008239] Detected PIPT I-cache on CPU4
[    0.008261] GICv3: CPU4: found redistributor 10000 region 0:0x000000000f4c0000
[    0.008282] CPU4: Booted secondary processor 0x0000010000 [0x410fd421]
[    0.008647] Detected PIPT I-cache on CPU5
[    0.008657] GICv3: CPU5: found redistributor 10100 region 0:0x000000000f4e0000
[    0.008669] CPU5: Booted secondary processor 0x0000010100 [0x410fd421]
[    0.008998] Detected PIPT I-cache on CPU6
[    0.009008] GICv3: CPU6: found redistributor 10200 region 0:0x000000000f500000
[    0.009020] CPU6: Booted secondary processor 0x0000010200 [0x410fd421]
[    0.009351] Detected PIPT I-cache on CPU7
[    0.009361] GICv3: CPU7: found redistributor 10300 region 0:0x000000000f520000
[    0.009373] CPU7: Booted secondary processor 0x0000010300 [0x410fd421]
[    0.009416] smp: Brought up 1 node, 8 CPUs
[    0.009419] SMP: Total of 8 processors activated.
[    0.009421] CPU features: detected: 32-bit EL0 Support
[    0.009422] CPU features: detected: Data cache clean to the PoU not required for I/D coherence
[    0.009424] CPU features: detected: Common not Private translations
[    0.009425] CPU features: detected: CRC32 instructions
[    0.009426] CPU features: detected: Data cache clean to Point of Persistence
[    0.009427] CPU features: detected: Generic authentication (architected algorithm)
[    0.009427] CPU features: detected: RCpc load-acquire (LDAPR)
[    0.009428] CPU features: detected: LSE atomic instructions
[    0.009429] CPU features: detected: Privileged Access Never
[    0.009429] CPU features: detected: RAS Extension Support
[    0.009431] CPU features: detected: Speculative Store Bypassing Safe (SSBS)
[    0.036105] CPU: All CPU(s) started at EL2
[    0.037791] devtmpfs: initialized
[    0.048933] KASLR enabled
[    0.049028] clocksource: jiffies: mask: 0xffffffff max_cycles: 0xffffffff, max_idle_ns: 7645041785100000 ns
[    0.049041] futex hash table entries: 2048 (order: 5, 131072 bytes, linear)
[    0.051173] pinctrl core: initialized pinctrl subsystem
[    0.051671] SMBIOS 3.6.0 present.
[    0.051679] DMI: NVIDIA NVIDIA Jetson Orin NX Engineering Reference Developer Kit/Jetson, BIOS 36.5.0-gcid-43688277 01/16/2026
[    0.051976] NET: Registered PF_NETLINK/PF_ROUTE protocol family
[    0.053173] DMA: preallocated 2048 KiB GFP_KERNEL pool for atomic allocations
[    0.053304] DMA: preallocated 2048 KiB GFP_KERNEL|GFP_DMA pool for atomic allocations
[    0.053420] DMA: preallocated 2048 KiB GFP_KERNEL|GFP_DMA32 pool for atomic allocations
[    0.053453] audit: initializing netlink subsys (disabled)
[    0.053537] audit: type=2000 audit(0.052:1): state=initialized audit_enabled=0 res=1
[    0.054553] thermal_sys: Registered thermal governor 'step_wise'
[    0.054556] thermal_sys: Registered thermal governor 'user_space'
[    0.054557] thermal_sys: Registered thermal governor 'power_allocator'
[    0.056632] cpuidle: using governor menu
[    0.056763] hw-breakpoint: found 6 breakpoint and 4 watchpoint registers.
[    0.056844] ASID allocator initialised with 32768 entries
[    0.057924] Serial: AMBA PL011 UART driver
[    0.066267] 31d0000.serial: ttyAMA0 at MMIO 0x31d0000 (irq = 117, base_baud = 0) is a SBSA
[    0.074043] platform bpmp: Fixing up cyclic dependency with 2c60000.external-memory-controller
[    0.080761] HugeTLB registered 1.00 GiB page size, pre-allocated 0 pages
[    0.080766] HugeTLB registered 32.0 MiB page size, pre-allocated 0 pages
[    0.080767] HugeTLB registered 2.00 MiB page size, pre-allocated 0 pages
[    0.080768] HugeTLB registered 64.0 KiB page size, pre-allocated 0 pages
[    0.081384] cryptd: max_cpu_qlen set to 1000
[    0.082653] ACPI: Interpreter disabled.
[    0.083516] VDD_1V8_AO: supplied by VDD_5V0_SYS
[    0.083611] VDD_3V3_AO: supplied by VDD_5V0_SYS
[    0.083770] VDD_AV10_HUB: supplied by VDD_5V0_SYS
[    0.084072] iommu: Default domain type: Translated 
[    0.084075] iommu: DMA domain TLB invalidation policy: strict mode 
[    0.084236] SCSI subsystem initialized
[    0.084287] libata version 3.00 loaded.
[    0.084332] vgaarb: loaded
[    0.084426] usbcore: registered new interface driver usbfs
[    0.084440] usbcore: registered new interface driver hub
[    0.084452] usbcore: registered new device driver usb
[    0.084764] pps_core: LinuxPPS API ver. 1 registered
[    0.084766] pps_core: Software ver. 5.3.6 - Copyright 2005-2007 Rodolfo Giometti <giometti@linux.it>
[    0.084772] PTP clock support registered
[    0.084819] EDAC MC: Ver: 3.0.0
[    0.085439] Registered efivars operations
[    0.085842] FPGA manager framework
[    0.085880] Advanced Linux Sound Architecture Driver Initialized.
[    0.086176] Bluetooth: Core ver 2.22
[    0.086193] NET: Registered PF_BLUETOOTH protocol family
[    0.086195] Bluetooth: HCI device and connection manager initialized
[    0.086201] Bluetooth: HCI socket layer initialized
[    0.086205] Bluetooth: L2CAP socket layer initialized
[    0.086213] Bluetooth: SCO socket layer initialized
[    0.086481] clocksource: Switched to clocksource arch_sys_counter
[    0.112458] VFS: Disk quotas dquot_6.6.0
[    0.112508] VFS: Dquot-cache hash table entries: 512 (order 0, 4096 bytes)
[    0.112749] pnp: PnP ACPI: disabled
[    0.116186] NET: Registered PF_INET protocol family
[    0.116767] IP idents hash table entries: 262144 (order: 9, 2097152 bytes, linear)
[    0.119208] tcp_listen_portaddr_hash hash table entries: 8192 (order: 5, 131072 bytes, linear)
[    0.119404] Table-perturb hash table entries: 65536 (order: 6, 262144 bytes, linear)
[    0.119431] TCP established hash table entries: 131072 (order: 8, 1048576 bytes, linear)
[    0.119847] TCP bind hash table entries: 65536 (order: 8, 1048576 bytes, linear)
[    0.121283] TCP: Hash tables configured (established 131072 bind 65536)
[    0.121481] UDP hash table entries: 8192 (order: 6, 262144 bytes, linear)
[    0.121654] UDP-Lite hash table entries: 8192 (order: 6, 262144 bytes, linear)
[    0.122026] NET: Registered PF_UNIX/PF_LOCAL protocol family
[    0.122499] RPC: Registered named UNIX socket transport module.
[    0.122503] RPC: Registered udp transport module.
[    0.122505] RPC: Registered tcp transport module.
[    0.122506] RPC: Registered tcp NFSv4.1 backchannel transport module.
[    0.122524] PCI: CLS 0 bytes, default 64
[    0.122785] Unpacking initramfs...
[    0.131674] hw perfevents: enabled with armv8_cortex_a78 PMU driver, 7 counters available
[    0.132019] kvm [1]: IPA Size Limit: 48 bits
[    0.132057] kvm [1]: GICv3: no GICV resource entry
[    0.132063] kvm [1]: disabling GICv2 emulation
[    0.132089] kvm [1]: GIC system register CPU interface enabled
[    0.132177] kvm [1]: vgic interrupt IRQ9
[    0.132349] kvm [1]: VHE mode initialized successfully
[    0.135657] Initialise system trusted keyrings
[    0.135697] Key type blacklist registered
[    0.135803] workingset: timestamp_bits=42 max_order=22 bucket_order=0
[    0.139562] squashfs: version 4.0 (2009/01/31) Phillip Lougher
[    0.140088] NFS: Registering the id_resolver key type
[    0.140122] Key type id_resolver registered
[    0.140124] Key type id_legacy registered
[    0.140173] nfs4filelayout_init: NFSv4 File Layout Driver Registering...
[    0.140186] nfs4flexfilelayout_init: NFSv4 Flexfile Layout Driver Registering...
[    0.140211] ntfs: driver 2.1.32 [Flags: R/O].
[    0.140421] 9p: Installing v9fs 9p2000 file system support
[    0.141182] integrity: Platform Keyring initialized
[    0.152251] Key type asymmetric registered
[    0.152258] Asymmetric key parser 'x509' registered
[    0.152335] Block layer SCSI generic (bsg) driver version 0.4 loaded (major 245)
[    0.152348] io scheduler mq-deadline registered
[    0.152356] io scheduler kyber registered
[    0.162717] EINJ: ACPI disabled.
[    0.175102] Serial: 8250/16550 driver, 4 ports, IRQ sharing enabled
[    0.176852] SuperH (H)SCI(F) driver initialized
[    0.177193] msm_serial: driver initialized
[    0.177878] printk: console [ttyTCU0] enabled
[    0.178811] arm-smmu 8000000.iommu: probing hardware configuration...
[    0.178819] arm-smmu 8000000.iommu: SMMUv2 with:
[    0.178825] arm-smmu 8000000.iommu: 	stage 1 translation
[    0.178827] arm-smmu 8000000.iommu: 	stage 2 translation
[    0.178829] arm-smmu 8000000.iommu: 	nested translation
[    0.178833] arm-smmu 8000000.iommu: 	stream matching with 128 register groups
[    0.178837] arm-smmu 8000000.iommu: 	128 context banks (0 stage-2 only)
[    0.178865] arm-smmu 8000000.iommu: 	Supported page sizes: 0x61311000
[    0.178868] arm-smmu 8000000.iommu: 	Stage-1: 48-bit VA -> 48-bit IPA
[    0.178870] arm-smmu 8000000.iommu: 	Stage-2: 48-bit IPA -> 48-bit PA
[    0.179846] arm-smmu 10000000.iommu: probing hardware configuration...
[    0.179850] arm-smmu 10000000.iommu: SMMUv2 with:
[    0.179851] arm-smmu 10000000.iommu: 	stage 1 translation
[    0.179852] arm-smmu 10000000.iommu: 	stage 2 translation
[    0.179853] arm-smmu 10000000.iommu: 	nested translation
[    0.179857] arm-smmu 10000000.iommu: 	stream matching with 128 register groups
[    0.179859] arm-smmu 10000000.iommu: 	128 context banks (0 stage-2 only)
[    0.179864] arm-smmu 10000000.iommu: 	Supported page sizes: 0x61311000
[    0.179867] arm-smmu 10000000.iommu: 	Stage-1: 48-bit VA -> 48-bit IPA
[    0.179868] arm-smmu 10000000.iommu: 	Stage-2: 48-bit IPA -> 48-bit PA
[    0.180228] arm-smmu 12000000.iommu: probing hardware configuration...
[    0.180232] arm-smmu 12000000.iommu: SMMUv2 with:
[    0.180236] arm-smmu 12000000.iommu: 	stage 1 translation
[    0.180238] arm-smmu 12000000.iommu: 	stage 2 translation
[    0.180238] arm-smmu 12000000.iommu: 	nested translation
[    0.180241] arm-smmu 12000000.iommu: 	stream matching with 128 register groups
[    0.180244] arm-smmu 12000000.iommu: 	128 context banks (0 stage-2 only)
[    0.180248] arm-smmu 12000000.iommu: 	Supported page sizes: 0x61311000
[    0.180249] arm-smmu 12000000.iommu: 	Stage-1: 48-bit VA -> 48-bit IPA
[    0.180250] arm-smmu 12000000.iommu: 	Stage-2: 48-bit IPA -> 48-bit PA
[    0.188638] loop: module loaded
[    0.189618] megasas: 07.727.03.00-rc1
[    0.193736] tun: Universal TUN/TAP device driver, 1.6
[    0.194301] thunder_xcv, ver 1.0
[    0.194328] thunder_bgx, ver 1.0
[    0.194365] nicpf, ver 1.0
[    0.195243] hns3: Hisilicon Ethernet Network Driver for Hip08 Family - version
[    0.195252] hns3: Copyright (c) 2017 Huawei Corporation.
[    0.195296] hclge is initializing
[    0.195327] e1000: Intel(R) PRO/1000 Network Driver
[    0.195332] e1000: Copyright (c) 1999-2006 Intel Corporation.
[    0.195371] e1000e: Intel(R) PRO/1000 Network Driver
[    0.195376] e1000e: Copyright(c) 1999 - 2015 Intel Corporation.
[    0.195407] igb: Intel(R) Gigabit Ethernet Network Driver
[    0.195413] igb: Copyright (c) 2007-2014 Intel Corporation.
[    0.195429] igbvf: Intel(R) Gigabit Virtual Function Network Driver
[    0.195435] igbvf: Copyright (c) 2009 - 2012 Intel Corporation.
[    0.195650] sky2: driver version 1.30
[    0.196316] VFIO - User Level meta-driver version: 0.3
[    0.197878] ehci_hcd: USB 2.0 'Enhanced' Host Controller (EHCI) Driver
[    0.197889] ehci-pci: EHCI PCI platform driver
[    0.197914] ehci-platform: EHCI generic platform driver
[    0.197990] ehci-orion: EHCI orion driver
[    0.198056] ehci-exynos: EHCI Exynos driver
[    0.198105] ohci_hcd: USB 1.1 'Open' Host Controller (OHCI) Driver
[    0.198128] ohci-pci: OHCI PCI platform driver
[    0.198161] ohci-platform: OHCI generic platform driver
[    0.198236] ohci-exynos: OHCI Exynos driver
[    0.198667] usbcore: registered new interface driver usb-storage
[    0.200532] i2c_dev: i2c /dev entries driver
[    0.201761] pps_ldisc: PPS line discipline registered
[    0.204158] device-mapper: ioctl: 4.45.0-ioctl (2021-03-22) initialised: dm-devel@redhat.com
[    0.206213] sdhci: Secure Digital Host Controller Interface driver
[    0.206218] sdhci: Copyright(c) Pierre Ossman
[    0.206663] Synopsys Designware Multimedia Card Interface Driver
[    0.207234] sdhci-pltfm: SDHCI platform and OF driver helper
[    0.208826] ledtrig-cpu: registered to indicate activity on CPUs
[    0.209814] SMCCC: SOC_ID: ID = jep106:036b:0234 Revision = 0x00000401
[    0.210489] tegra-bpmp bpmp: Adding to iommu group 0
[    0.212094] tegra-bpmp bpmp: firmware: 40c4ded2a7425760713a-68f126a8abf
[    0.378052] Freeing initrd memory: 15548K
[    2.310772] clocksource: tsc: mask: 0xffffffffffffff max_cycles: 0xe6a171046, max_idle_ns: 881590405314 ns
[    2.310804] clocksource: osc: mask: 0xffffffff max_cycles: 0xffffffff, max_idle_ns: 49772407460 ns
[    2.310810] clocksource: usec: mask: 0xffffffff max_cycles: 0xffffffff, max_idle_ns: 1911260446275 ns
[    2.311065] hid: raw HID events driver (C) Jiri Kosina
[    2.311417] usbcore: registered new interface driver usbhid
[    2.311422] usbhid: USB HID core driver
[    2.315102] optee: probing for conduit method.
[    2.315152] optee: revision 4.2 (5ef90dab)
[    2.374870] optee: dynamic shared memory is enabled
[    2.375120] optee: initialized driver
[    2.377999] usbcore: registered new interface driver snd-usb-audio
[    2.379524] NET: Registered PF_PACKET protocol family
[    2.380207] Bluetooth: RFCOMM TTY layer initialized
[    2.380219] Bluetooth: RFCOMM socket layer initialized
[    2.380233] Bluetooth: RFCOMM ver 1.11
[    2.380480] 9pnet: Installing 9P2000 support
[    2.380577] Key type dns_resolver registered
[    2.381567] printk: console [tty0]: printing thread started
[    2.382340] printk: console [ttyTCU0]: printing thread started
[    2.382414] Loading compiled-in X.509 certificates
[    2.384215] Loaded X.509 cert 'Build time autogenerated kernel key: d77ad5d0e7e5d02a2dc9cf8ec8dfa4a966aa85ba'
[    2.420709] tegra-gpcdma 2600000.dma-controller: Adding to iommu group 1
[    2.422939] tegra-gpcdma 2600000.dma-controller: GPC DMA driver register 31 channels
[    2.425046] 3100000.serial: ttyTHS1 at MMIO 0x3100000 (irq = 112, base_baud = 0) is a TEGRA_UART
[    2.426204] 3140000.serial: ttyTHS2 at MMIO 0x3140000 (irq = 113, base_baud = 0) is a TEGRA_UART
[    2.429159] tegra_rtc c2a0000.rtc: registered as rtc1
[    2.429170] tegra_rtc c2a0000.rtc: Tegra internal Real Time Clock
[    2.429691] tegra-i2c 3160000.i2c: Adding to iommu group 1
[    2.433389] tegra-i2c 3180000.i2c: Adding to iommu group 1
[    2.435077] tegra-i2c 31b0000.i2c: Adding to iommu group 1
[    2.436501] tegra-i2c c240000.i2c: Adding to iommu group 1
[    2.437745] i2c 1-0025: Fixing up cyclic dependency with 3520000.padctl
[    2.438326] tegra-i2c c250000.i2c: Adding to iommu group 1
[    2.440220] i2c i2c-2: Added multiplexed i2c bus 9
[    2.440226] i2c-mux-gpio bus@0:cam_i2cmux: 1 port mux on 3180000.i2c adapter
[    2.458692] cpufreq: cpufreq_online: CPU4: Running at unlisted initial frequency: 1995000 KHz, changing to: 1984000 KHz
[    2.460981] tegra-xusb 3610000.usb: Adding to iommu group 2
[    2.475796] tegra-xusb 3610000.usb: Firmware timestamp: 2023-02-10 03:48:10 UTC
[    2.475803] tegra-xusb 3610000.usb: xHCI Host Controller
[    2.475813] tegra-xusb 3610000.usb: new USB bus registered, assigned bus number 1
[    2.476541] tegra-xusb 3610000.usb: hcc params 0x0180ff05 hci version 0x120 quirks 0x0000000000010810
[    2.476559] tegra-xusb 3610000.usb: irq 123, io mem 0x03610000
[    2.476670] tegra-xusb 3610000.usb: xHCI Host Controller
[    2.476674] tegra-xusb 3610000.usb: new USB bus registered, assigned bus number 2
[    2.476678] tegra-xusb 3610000.usb: Host supports USB 3.1 Enhanced SuperSpeed
[    2.476935] hub 1-0:1.0: USB hub found
[    2.476949] hub 1-0:1.0: 4 ports detected
[    2.477213] hub 2-0:1.0: USB hub found
[    2.477224] hub 2-0:1.0: 4 ports detected
[    2.479539] irq: IRQ227: trimming hierarchy from :bus@0:pmc@c360000
[    2.479594] irq: IRQ228: trimming hierarchy from :bus@0:interrupt-controller@f400000-1
[    2.479652] input: gpio-keys as /devices/platform/gpio-keys/input/input0
[    2.480749] clk: Disabling unused clocks
[    2.521101] ALSA device list:
[    2.521104]   No soundcards found.
[    2.530947] Freeing unused kernel memory: 7744K
[    2.531016] Run /init as init process
[    2.531017]   with arguments:
[    2.531018]     /init
[    2.531018]   with environment:
[    2.531018]     HOME=/
[    2.531019]     TERM=linux
[    2.531019]     boot_profile=ov5647-dev
[    2.531020]     bl_prof_dataptr=2031616@0x471E10000
[    2.531021]     bl_prof_ro_ptr=65536@0x471E00000
[    2.545884] Checking overlayfs setting...
[    2.554649] Overlayfs is disabled...
[    2.561388] Root device found: PARTUUID=03f3e885-a6e9-47ba-b7e1-ccc5bf71a344
[    2.810665] usb 1-2: new high-speed USB device number 2 using tegra-xusb
[    2.981396] hub 1-2:1.0: USB hub found
[    2.982603] hub 1-2:1.0: 4 ports detected
[    3.095465] usb 2-1: new SuperSpeed Plus Gen 2x1 USB device number 2 using tegra-xusb
[    3.143424] hub 2-1:1.0: USB hub found
[    3.146074] hub 2-1:1.0: 4 ports detected
[    3.250662] usb 1-3: new full-speed USB device number 3 using tegra-xusb
[    3.674485] usb 1-2.4: new low-speed USB device number 4 using tegra-xusb
[    3.797808] input: Lenovo Lenovo Calliope USB Keyboard as /devices/platform/bus@0/3610000.usb/usb1/1-2/1-2.4/1-2.4:1.0/0003:17EF:608C.0001/input/input1
[    3.918544] hid-generic 0003:17EF:608C.0001: input,hidraw0: USB HID v1.11 Keyboard [Lenovo Lenovo Calliope USB Keyboard] on usb-3610000.usb-2.4/input0
[    3.923839] input: Lenovo Lenovo Calliope USB Keyboard System Control as /devices/platform/bus@0/3610000.usb/usb1/1-2/1-2.4/1-2.4:1.1/0003:17EF:608C.0002/input/input2
[    3.982747] input: Lenovo Lenovo Calliope USB Keyboard Consumer Control as /devices/platform/bus@0/3610000.usb/usb1/1-2/1-2.4/1-2.4:1.1/0003:17EF:608C.0002/input/input3
[    3.982804] hid-generic 0003:17EF:608C.0002: input,hidraw1: USB HID v1.11 Device [Lenovo Lenovo Calliope USB Keyboard] on usb-3610000.usb-2.4/input1
[    6.065000] tegra194-pcie 14100000.pcie: Adding to iommu group 3
[    6.065849] irq: IRQ229: trimming hierarchy from :bus@0:interrupt-controller@f400000-1
[    6.066945] tegra194-pcie 14100000.pcie: host bridge /bus@0/pcie@14100000 ranges:
[    6.066961] tegra194-pcie 14100000.pcie:      MEM 0x2080000000..0x20a7ffffff -> 0x2080000000
[    6.066969] tegra194-pcie 14100000.pcie:      MEM 0x20a8000000..0x20afffffff -> 0x0040000000
[    6.066972] tegra194-pcie 14100000.pcie:       IO 0x0030100000..0x00301fffff -> 0x0030100000
[    6.067301] tegra194-pcie 14100000.pcie: iATU unroll: enabled
[    6.067304] tegra194-pcie 14100000.pcie: Detected iATU regions: 8 outbound, 2 inbound
[    6.086554] tegra-xudc 3550000.usb: Adding to iommu group 4
[    6.174678] tegra194-pcie 14100000.pcie: Link up
[    6.176103] tegra194-pcie 14100000.pcie: Link up
[    6.176437] tegra194-pcie 14100000.pcie: PCI host bridge to bus 0001:00
[    6.176442] pci_bus 0001:00: root bus resource [bus 00-ff]
[    6.176445] pci_bus 0001:00: root bus resource [mem 0x2080000000-0x20a7ffffff pref]
[    6.176448] pci_bus 0001:00: root bus resource [mem 0x20a8000000-0x20afffffff] (bus address [0x40000000-0x47ffffff])
[    6.176450] pci_bus 0001:00: root bus resource [io  0x0000-0xfffff] (bus address [0x30100000-0x301fffff])
[    6.176500] pci 0001:00:00.0: [10de:229e] type 01 class 0x060400
[    6.176665] pci 0001:00:00.0: PME# supported from D0 D3hot
[    6.179848] pci 0001:01:00.0: [10ec:c822] type 00 class 0x028000
[    6.180380] pci 0001:01:00.0: reg 0x10: [io  0x0000-0x00ff]
[    6.180426] pci 0001:01:00.0: reg 0x18: [mem 0x20a8000000-0x20a800ffff 64bit]
[    6.181307] pci 0001:01:00.0: supports D1 D2
[    6.181308] pci 0001:01:00.0: PME# supported from D0 D1 D2 D3hot D3cold
[    6.193136] pci 0001:00:00.0: BAR 14: assigned [mem 0x20a8000000-0x20a80fffff]
[    6.193139] pci 0001:00:00.0: BAR 13: assigned [io  0x1000-0x1fff]
[    6.193143] pci 0001:01:00.0: BAR 2: assigned [mem 0x20a8000000-0x20a800ffff 64bit]
[    6.193245] pci 0001:01:00.0: BAR 0: assigned [io  0x1000-0x10ff]
[    6.193276] pci 0001:00:00.0: PCI bridge to [bus 01-ff]
[    6.193279] pci 0001:00:00.0:   bridge window [io  0x1000-0x1fff]
[    6.193284] pci 0001:00:00.0:   bridge window [mem 0x20a8000000-0x20a80fffff]
[    6.193304] pci 0001:00:00.0: Max Payload Size set to  256/ 256 (was  128), Max Read Rq  256
[    6.193451] pci 0001:01:00.0: Max Payload Size set to  128/ 128 (was  128), Max Read Rq  128
[    6.193540] pcieport 0001:00:00.0: Adding to iommu group 3
[    6.193632] pcieport 0001:00:00.0: PME: Signaling with IRQ 190
[    6.193915] pcieport 0001:00:00.0: AER: enabled with IRQ 190
[    6.194725] tegra194-pcie 14160000.pcie: Adding to iommu group 5
[    6.196237] tegra194-pcie 14160000.pcie: host bridge /bus@0/pcie@14160000 ranges:
[    6.196248] tegra194-pcie 14160000.pcie:      MEM 0x2140000000..0x2427ffffff -> 0x2140000000
[    6.196253] tegra194-pcie 14160000.pcie:      MEM 0x2428000000..0x242fffffff -> 0x0040000000
[    6.196256] tegra194-pcie 14160000.pcie:       IO 0x0036100000..0x00361fffff -> 0x0036100000
[    6.196550] tegra194-pcie 14160000.pcie: iATU unroll: enabled
[    6.196551] tegra194-pcie 14160000.pcie: Detected iATU regions: 8 outbound, 2 inbound
[    6.302664] tegra194-pcie 14160000.pcie: Link up
[    6.304080] tegra194-pcie 14160000.pcie: Link up
[    6.304131] tegra194-pcie 14160000.pcie: PCI host bridge to bus 0004:00
[    6.304134] pci_bus 0004:00: root bus resource [bus 00-ff]
[    6.304136] pci_bus 0004:00: root bus resource [mem 0x2140000000-0x2427ffffff pref]
[    6.304139] pci_bus 0004:00: root bus resource [mem 0x2428000000-0x242fffffff] (bus address [0x40000000-0x47ffffff])
[    6.304141] pci_bus 0004:00: root bus resource [io  0x100000-0x1fffff] (bus address [0x36100000-0x361fffff])
[    6.304180] pci 0004:00:00.0: [10de:229c] type 01 class 0x060400
[    6.304322] pci 0004:00:00.0: PME# supported from D0 D3hot
[    6.307336] pci 0004:01:00.0: [4321:2263] type 00 class 0x010802
[    6.307798] pci 0004:01:00.0: reg 0x10: [mem 0x00000000-0x00003fff 64bit]
[    6.321110] pci 0004:00:00.0: BAR 14: assigned [mem 0x2428000000-0x24280fffff]
[    6.321115] pci 0004:01:00.0: BAR 0: assigned [mem 0x2428000000-0x2428003fff 64bit]
[    6.321201] pci 0004:00:00.0: PCI bridge to [bus 01-ff]
[    6.321206] pci 0004:00:00.0:   bridge window [mem 0x2428000000-0x24280fffff]
[    6.321224] pci 0004:00:00.0: Max Payload Size set to  256/ 256 (was  128), Max Read Rq  256
[    6.321349] pci 0004:01:00.0: Max Payload Size set to  128/ 128 (was  128), Max Read Rq  128
[    6.321426] pcieport 0004:00:00.0: Adding to iommu group 5
[    6.321501] pcieport 0004:00:00.0: PME: Signaling with IRQ 192
[    6.321603] pcieport 0004:00:00.0: AER: enabled with IRQ 192
[    6.321771] nvme 0004:01:00.0: Adding to iommu group 5
[    6.321941] nvme nvme0: pci function 0004:01:00.0
[    6.321999] nvme 0004:01:00.0: enabling device (0000 -> 0002)
[    6.322509] tegra194-pcie 141e0000.pcie: Adding to iommu group 6
[    6.323742] tegra194-pcie 141e0000.pcie: host bridge /bus@0/pcie@141e0000 ranges:
[    6.323754] tegra194-pcie 141e0000.pcie:      MEM 0x3000000000..0x3227ffffff -> 0x3000000000
[    6.323760] tegra194-pcie 141e0000.pcie:      MEM 0x3228000000..0x322fffffff -> 0x0040000000
[    6.323763] tegra194-pcie 141e0000.pcie:       IO 0x003e100000..0x003e1fffff -> 0x003e100000
[    6.324077] tegra194-pcie 141e0000.pcie: iATU unroll: enabled
[    6.324079] tegra194-pcie 141e0000.pcie: Detected iATU regions: 8 outbound, 2 inbound
[    6.340362] nvme nvme0: allocated 64 MiB host memory buffer.
[    6.358712] nvme nvme0: 8/0/0 default/read/poll queues
[    6.367296]  nvme0n1: p1 p2 p3 p4 p5 p6 p7 p8 p9 p10 p11 p12 p13 p14 p15
[    6.636551] EXT4-fs (nvme0n1p1): mounted filesystem with ordered data mode. Opts: (null). Quota mode: none.
[    6.642214] Rootfs mounted over PARTUUID=03f3e885-a6e9-47ba-b7e1-ccc5bf71a344
[    6.650100] Switching from initrd to actual rootfs
[    6.705303] systemd[1]: System time before build time, advancing clock.
[    6.725406] NET: Registered PF_INET6 protocol family
[    6.726053] Segment Routing with IPv6
[    6.726059] In-situ OAM (IOAM) with IPv6
[    6.741346] systemd[1]: systemd 249.11-0ubuntu3.17 running in system mode (+PAM +AUDIT +SELINUX +APPARMOR +IMA +SMACK +SECCOMP +GCRYPT +GNUTLS +OPENSSL +ACL +BLKID +CURL +ELFUTILS +FIDO2 +IDN2 -IDN +IPTC +KMOD +LIBCRYPTSETUP +LIBFDISK +PCRE2 -PWQUALITY -P11KIT -QRENCODE +BZIP2 +LZ4 +XZ +ZLIB +ZSTD -XKBCOMMON +UTMP +SYSVINIT default-hierarchy=unified)
[    6.741705] systemd[1]: Detected architecture arm64.
[    6.742410] systemd[1]: Hostname set to <cam-desktop>.
[    6.749579] systemd[1]: Using hardware watchdog 'NVIDIA Tegra186 WDT', version 0, device /dev/watchdog
[    6.749596] systemd[1]: Set hardware watchdog to 2min.
[    6.897954] systemd[1]: /lib/systemd/system/snapd.service:23: Unknown key name 'RestartMode' in section 'Service', ignoring.
[    6.910276] systemd[1]: /etc/systemd/system/nvs-service.service:41: Standard output type syslog is obsolete, automatically updating to journal. Please update your unit file, and consider removing the setting altogether.
[    6.913154] systemd[1]: /etc/systemd/system/nvargus-daemon.service:42: Standard output type syslog is obsolete, automatically updating to journal. Please update your unit file, and consider removing the setting altogether.
[    6.955765] systemd[1]: Queued start job for default target Graphical Interface.
[    6.957338] systemd[1]: Created slice Slice /system/modprobe.
[    6.957943] systemd[1]: Created slice Slice /system/openvpn.
[    6.958428] systemd[1]: Created slice Slice /system/serial-getty.
[    6.958897] systemd[1]: Created slice Slice /system/systemd-fsck.
[    6.960571] systemd[1]: Created slice User and Session Slice.
[    6.960748] systemd[1]: Started Forward Password Requests to Wall Directory Watch.
[    6.961104] systemd[1]: Set up automount Arbitrary Executable File Formats File System Automount Point.
[    6.961272] systemd[1]: Reached target Slice Units.
[    6.961333] systemd[1]: Reached target Mounting snaps.
[    6.961388] systemd[1]: Reached target Swaps.
[    6.961444] systemd[1]: Reached target Local Verity Protected Volumes.
[    6.961591] systemd[1]: Listening on Device-mapper event daemon FIFOs.
[    6.961800] systemd[1]: Listening on LVM2 poll daemon socket.
[    6.967283] systemd[1]: Listening on RPCbind Server Activation Socket.
[    6.967689] systemd[1]: Listening on Syslog Socket.
[    6.967895] systemd[1]: Listening on fsck to fsckd communication Socket.
[    6.968030] systemd[1]: Listening on initctl Compatibility Named Pipe.
[    6.968352] systemd[1]: Listening on Journal Audit Socket.
[    6.968521] systemd[1]: Listening on Journal Socket (/dev/log).
[    6.968740] systemd[1]: Listening on Journal Socket.
[    6.969204] systemd[1]: Listening on udev Control Socket.
[    6.969364] systemd[1]: Listening on udev Kernel Socket.
[    6.970465] systemd[1]: Mounting Huge Pages File System...
[    7.001919] systemd[1]: Mounting POSIX Message Queue File System...
[    7.019255] systemd[1]: Mounting Kernel Debug File System...
[    7.020462] systemd[1]: Mounting Kernel Trace File System...
[    7.023400] systemd[1]: Starting Journal Service...
[    7.034735] systemd[1]: Finished Availability of block devices.
[    7.036604] systemd[1]: Starting Set the console keyboard layout...
[    7.038033] systemd[1]: Starting Create List of Static Device Nodes...
[    7.039391] systemd[1]: Starting Monitoring of LVM2 mirrors, snapshots etc. using dmeventd or progress polling...
[    7.065518] systemd[1]: Starting Load Kernel Module configfs...
[    7.067025] systemd[1]: Starting Load Kernel Module drm...
[    7.076557] systemd[1]: Starting Load Kernel Module efi_pstore...
[    7.078148] systemd[1]: Starting Load Kernel Module fuse...
[    7.079515] systemd[1]: Starting NVIDIA specific first-boot udev script...
[    7.084823] fuse: init (API version 7.34)
[    7.099546] systemd[1]: Started Nameserver information manager.
[    7.099752] systemd[1]: Reached target Preparation for Network.
[    7.099980] systemd[1]: Condition check resulted in File System Check on Root Device being skipped.
[    7.101760] systemd[1]: Starting Load Kernel Modules...
[    7.102947] systemd[1]: Starting Remount Root and Kernel File Systems...
[    7.109256] nvsciipc: loading out-of-tree module taints kernel.
[    7.109513] EXT4-fs (nvme0n1p1): re-mounted. Opts: (null). Quota mode: none.
[    7.110271] nvsciipc: loaded module
[    7.115802] nvmap_heap_init: nvmap_heap_init: created heap block cache
[    7.116277] nvmap_page_pool_init: Total RAM pages: 4004598
[    7.116279] nvmap_page_pool_init: nvmap page pool size: 500574 pages (1955 MB)
[    7.116331] nvmap_background_zero_thread: PP zeroing thread starting.
[    7.123108] tegra-host1x 13e00000.host1x: Adding to iommu group 7
[    7.124289] host1x-context host1x-ctx.0: Adding to iommu group 8
[    7.124403] host1x-context host1x-ctx.1: Adding to iommu group 9
[    7.124496] host1x-context host1x-ctx.2: Adding to iommu group 10
[    7.124589] host1x-context host1x-ctx.3: Adding to iommu group 11
[    7.124681] host1x-context host1x-ctx.4: Adding to iommu group 12
[    7.124771] host1x-context host1x-ctx.5: Adding to iommu group 13
[    7.124859] host1x-context host1x-ctx.6: Adding to iommu group 14
[    7.124953] host1x-context host1x-ctx.7: Adding to iommu group 15
[    7.125050] host1x-context host1x-ctx.8: Adding to iommu group 16
[    7.125144] host1x-context host1x-ctx.9: Adding to iommu group 17
[    7.125238] host1x-context host1x-ctx.10: Adding to iommu group 18
[    7.125332] host1x-context host1x-ctx.11: Adding to iommu group 19
[    7.125426] host1x-context host1x-ctx.12: Adding to iommu group 20
[    7.125518] host1x-context host1x-ctx.13: Adding to iommu group 21
[    7.125641] host1x-context host1x-ctx.14: Adding to iommu group 22
[    7.125732] host1x-context host1x-ctx.15: Adding to iommu group 23
[    7.133601] platform 13e00000.host1x:nvcsi@15a00000: Fixing up cyclic dependency with 9-0036
[    7.133621] platform 13e00000.host1x:nvcsi@15a00000: Fixing up cyclic dependency with tegra-capture-vi
[    7.139115] systemd[1]: Starting Coldplug All udev Devices...
[    7.172089] nvgpu: 17000000.gpu          nvgpu_nvhost_syncpt_init:122  [INFO]  syncpt_unit_base 60000000 syncpt_unit_size 4000000 size 10000

[    7.175493] systemd[1]: Mounted Huge Pages File System.
[    7.229166] systemd[1]: Mounted POSIX Message Queue File System.
[    7.278406] systemd[1]: Mounted Kernel Debug File System.
[    7.332036] systemd[1]: Mounted Kernel Trace File System.
[    7.332570] systemd[1]: Finished Set the console keyboard layout.
[    7.333089] systemd[1]: Finished Create List of Static Device Nodes.
[    7.333452] systemd[1]: modprobe@configfs.service: Deactivated successfully.
[    7.333737] systemd[1]: Finished Load Kernel Module configfs.
[    7.334110] systemd[1]: modprobe@drm.service: Deactivated successfully.
[    7.334388] systemd[1]: Finished Load Kernel Module drm.
[    7.334770] systemd[1]: modprobe@efi_pstore.service: Deactivated successfully.
[    7.335032] systemd[1]: Finished Load Kernel Module efi_pstore.
[    7.382713] systemd[1]: modprobe@fuse.service: Deactivated successfully.
[    7.382982] systemd[1]: Finished Load Kernel Module fuse.
[    7.401083] systemd[1]: Finished NVIDIA specific first-boot udev script.
[    7.401855] systemd[1]: Finished Load Kernel Modules.
[    7.402286] systemd[1]: Finished Remount Root and Kernel File Systems.
[    7.404981] systemd[1]: Mounting FUSE Control File System...
[    7.425655] systemd[1]: Mounting Kernel Configuration File System...
[    7.427779] systemd[1]: Starting OP-TEE Client Supplicant...
[    7.430493] tegra194-pcie 141e0000.pcie: Phy link never came up
[    7.442802] systemd[1]: Condition check resulted in Platform Persistent Storage Archival being skipped.
[    7.444074] systemd[1]: Starting Load/Save Random Seed...
[    7.445256] systemd[1]: Starting Apply Kernel Variables...
[    7.446696] systemd[1]: Starting Create System Users...
[    7.478003] systemd[1]: Mounted FUSE Control File System.
[    7.478221] systemd[1]: Mounted Kernel Configuration File System.
[    7.478786] systemd[1]: Finished Load/Save Random Seed.
[    7.479295] systemd[1]: Finished Apply Kernel Variables.
[    7.479710] systemd[1]: Condition check resulted in First Boot Complete being skipped.
[    7.482963] systemd[1]: Finished Create System Users.
[    7.484463] systemd[1]: Starting Create Static Device Nodes in /dev...
[    7.495294] systemd[1]: Finished Create Static Device Nodes in /dev.
[    7.497383] systemd[1]: Starting Rule-based Manager for Device Events and Files...
[    7.562185] systemd[1]: Started Rule-based Manager for Device Events and Files.
[    7.610729] mc: Linux media interface: v0.10
[    7.860351] scare-pigeon 13e00000.host1x:vi0-thi@15f00000: Adding to iommu group 24
[    7.860653] systemd[1]: Started OP-TEE Client Supplicant.
[    7.861137] scare-pigeon 13e00000.host1x:vi0-thi@15f00000: syncpt_unit_base 60000000 syncpt_unit_size 4000000 size 10000
[    7.861244] scare-pigeon 13e00000.host1x:vi1-thi@14f00000: Adding to iommu group 25
[    7.866236] tegra-soc-hwpm f100000.hwpm: Adding to iommu group 26
[    7.866680] scare-pigeon 13e00000.host1x:vi1-thi@14f00000: syncpt_unit_base 60000000 syncpt_unit_size 4000000 size 10000
[    7.867141] scare-pigeon 13e00000.host1x:isp-thi@14b00000: Adding to iommu group 27
[    7.867289] videodev: Linux video capture interface: v2.00
[    7.868004] tegra-se 15820000.crypto: Adding to iommu group 28
[    7.871754] tegra-se 15840000.crypto: Adding to iommu group 29
[    7.872975] scare-pigeon 13e00000.host1x:isp-thi@14b00000: syncpt_unit_base 60000000 syncpt_unit_size 4000000 size 10000
[    7.891438] pva 16000000.pva0: Adding to iommu group 30
[    7.892427] pva_iommu_context_dev 16000000.pva0:pva0_niso1_ctx0: Adding to iommu group 31
[    7.892498] pva_iommu_context_dev 16000000.pva0:pva0_niso1_ctx0: initialized (streamid=18, iommu=smmu.0x0000000008000000)
[    7.892976] pva_iommu_context_dev 16000000.pva0:pva0_niso1_ctx1: Adding to iommu group 32
[    7.893046] pva_iommu_context_dev 16000000.pva0:pva0_niso1_ctx1: initialized (streamid=19, iommu=smmu.0x0000000008000000)
[    7.893326] pva_iommu_context_dev 16000000.pva0:pva0_niso1_ctx2: Adding to iommu group 33
[    7.893386] pva_iommu_context_dev 16000000.pva0:pva0_niso1_ctx2: initialized (streamid=20, iommu=smmu.0x0000000008000000)
[    7.893636] pva_iommu_context_dev 16000000.pva0:pva0_niso1_ctx3: Adding to iommu group 34
[    7.893699] pva_iommu_context_dev 16000000.pva0:pva0_niso1_ctx3: initialized (streamid=21, iommu=smmu.0x0000000008000000)
[    7.893948] pva_iommu_context_dev 16000000.pva0:pva0_niso1_ctx4: Adding to iommu group 35
[    7.894009] pva_iommu_context_dev 16000000.pva0:pva0_niso1_ctx4: initialized (streamid=22, iommu=smmu.0x0000000008000000)
[    7.894252] pva_iommu_context_dev 16000000.pva0:pva0_niso1_ctx5: Adding to iommu group 36
[    7.894316] pva_iommu_context_dev 16000000.pva0:pva0_niso1_ctx5: initialized (streamid=23, iommu=smmu.0x0000000008000000)
[    7.896266] pva_iommu_context_dev 16000000.pva0:pva0_niso1_ctx6: Adding to iommu group 37
[    7.897466] pva_iommu_context_dev 16000000.pva0:pva0_niso1_ctx6: initialized (streamid=24, iommu=smmu.0x0000000008000000)
[    7.901383] nvdla 15880000.nvdla0: Adding to iommu group 38
[    7.907376] nvdla 15880000.nvdla0: syncpt_unit_base 60000000 syncpt_unit_size 4000000 size 10000
[    7.910722] pva_iommu_context_dev 16000000.pva0:pva0_niso1_ctx7: Adding to iommu group 39
[    7.911077] pva_iommu_context_dev 16000000.pva0:pva0_niso1_ctx7: initialized (streamid=25, iommu=smmu.0x0000000008000000)
[    7.913266] nvdla 158c0000.nvdla1: Adding to iommu group 40
[    7.913285] pva 16000000.pva0: pdata->version is HW_GEN2
[    7.919410] tegra-vic 15340000.vic: Adding to iommu group 41
[    7.919453] nvdla 158c0000.nvdla1: syncpt_unit_base 60000000 syncpt_unit_size 4000000 size 10000
[    7.923729] pva 16000000.pva0: Completed nvhost_client_device_init
[    7.924815] pva 16000000.pva0: syncpt_unit_base 60000000 syncpt_unit_size 4000000 size 10000
[    7.945469] Inserting ivc_ext.ko module
[    7.950087] tegra-nvdec 15480000.nvdec: Adding to iommu group 42
[    7.980215] tegra-nvenc 154c0000.nvenc: Adding to iommu group 43
[    7.983607] tegra186-cam-rtcpu bc00000.rtcpu: Adding to iommu group 44
[    7.986328] tegra186-cam-rtcpu bc00000.rtcpu: Trace buffer configured at IOVA=0xbff00000
[    7.992258] tegra-nvjpg 15380000.nvjpg: Adding to iommu group 45
[    7.995909] tegra-ivc-bus bc00000.rtcpu:ivc-bus: region 0: iova=0xbfec0000-0xbfee027f size=131712
[    7.995960] tegra-ivc-bus bc00000.rtcpu:ivc-bus:echo@0: echo: ver=0 grp=1 RX[16x64]=0x1000-0x1480 TX[16x64]=0x1480-0x1900
[    7.996004] tegra-ivc-bus bc00000.rtcpu:ivc-bus:dbg@1: dbg: ver=0 grp=1 RX[1x512]=0x1900-0x1b80 TX[1x512]=0x1b80-0x1e00
[    7.996036] tegra-ivc-bus bc00000.rtcpu:ivc-bus:dbg@2: dbg: ver=0 grp=1 RX[1x8192]=0x1e00-0x3e80 TX[1x8192]=0x3e80-0x5f00
[    7.996061] tegra-ivc-bus bc00000.rtcpu:ivc-bus:ivccontrol@3: ivccontrol: ver=0 grp=1 RX[64x320]=0x5f00-0xaf80 TX[64x320]=0xaf80-0x10000
[    7.996083] tegra-ivc-bus bc00000.rtcpu:ivc-bus:ivccapture@4: ivccapture: ver=0 grp=1 RX[512x64]=0x10000-0x18080 TX[512x64]=0x18080-0x20100
[    7.996104] tegra-ivc-bus bc00000.rtcpu:ivc-bus:diag@5: diag: ver=0 grp=1 RX[1x64]=0x20100-0x201c0 TX[1x64]=0x201c0-0x20280
[    7.996280] tegra186-cam-rtcpu bc00000.rtcpu: using cam RTCPU IRQ (218)
[    7.996286] tegra186-cam-rtcpu bc00000.rtcpu: tegra_camrtc_mon_create is successful
[    7.996575] tegra186-cam-rtcpu bc00000.rtcpu: firmware version cpu=rce cmd=6 sha1=04ea869968864dcb132a50cad9712bd529a09ee2
[    7.996706] tegra-ivc-bus bc00000.rtcpu:ivc-bus:echo@0: ivc channel driver missing
[    7.996708] tegra-ivc-bus bc00000.rtcpu:ivc-bus:dbg@1: ivc channel driver missing
[    7.996710] tegra-ivc-bus bc00000.rtcpu:ivc-bus:dbg@2: ivc channel driver missing
[    7.996712] tegra-ivc-bus bc00000.rtcpu:ivc-bus:ivccontrol@3: ivc channel driver missing
[    7.996713] tegra-ivc-bus bc00000.rtcpu:ivc-bus:ivccapture@4: ivc channel driver missing
[    7.996715] tegra-ivc-bus bc00000.rtcpu:ivc-bus:diag@5: ivc channel driver missing
[    7.997279] tegra-nvjpg 15540000.nvjpg: Adding to iommu group 46
[    8.014775] tegra-ofa 15a50000.ofa: Adding to iommu group 47
[    8.030927] [drm] Initialized tegra 1.0.99 20120330 for drm on minor 0
[    8.030954] drm drm: [drm] Cannot find any crtc or sizes
[    8.039112] [RCE] TCU debug prints will be routed to traces.
[    8.049797] tegra194-vi5 13e00000.host1x:vi0@15c00000: Adding to iommu group 24
[    8.052626] tegra-camrtc-capture-vi tegra-capture-vi: subdev 13e00000.host1x:nvcsi@15a00000- bound
[    8.059777] tegra194-isp5 14800000.isp: Adding to iommu group 27
[    8.062779] tegra194-vi5 13e00000.host1x:vi1@14c00000: Adding to iommu group 25
[    8.063354] (NULL device *): fops function table already registered
[    8.659274] tegra194-pcie 141e0000.pcie: Phy link never came up
[    8.659392] tegra194-pcie 141e0000.pcie: PCI host bridge to bus 0007:00
[    8.659397] pci_bus 0007:00: root bus resource [bus 00-ff]
[    8.659401] pci_bus 0007:00: root bus resource [mem 0x3000000000-0x3227ffffff pref]
[    8.659404] pci_bus 0007:00: root bus resource [mem 0x3228000000-0x322fffffff] (bus address [0x40000000-0x47ffffff])
[    8.659406] pci_bus 0007:00: root bus resource [io  0x200000-0x2fffff] (bus address [0x3e100000-0x3e1fffff])
[    8.659457] pci 0007:00:00.0: [10de:229a] type 01 class 0x060400
[    8.659608] pci 0007:00:00.0: PME# supported from D0 D3hot
[    8.665487] pci 0007:00:00.0: PCI bridge to [bus 01-ff]
[    8.665514] pci 0007:00:00.0: Max Payload Size set to  256/ 256 (was  128), Max Read Rq  256
[    8.665655] pcieport 0007:00:00.0: Adding to iommu group 6
[    8.665783] pcieport 0007:00:00.0: PME: Signaling with IRQ 194
[    8.666136] pcieport 0007:00:00.0: AER: enabled with IRQ 194
[    8.666487] pci_bus 0007:01: busn_res: [bus 01-ff] is released
[    8.666624] pci 0007:00:00.0: Removing from iommu group 6
[    8.666640] pci_bus 0007:00: busn_res: [bus 00-ff] is released
[    8.669272] tegra194-pcie 140a0000.pcie: Adding to iommu group 48
[    8.770223] nvvrs_pseq 4-003c: NVVRS Vendor ID: 0x9
[    8.770518] nvvrs_pseq 4-003c: NVVRS Model Rev: 0x82
[    8.773032] nvvrs_pseq 4-003c: NVVRS PSEQ probe successful
[    8.779017] tegra194-pcie 140a0000.pcie: host bridge /bus@0/pcie@140a0000 ranges:
[    8.779047] tegra194-pcie 140a0000.pcie:      MEM 0x3240000000..0x3527ffffff -> 0x3240000000
[    8.779055] tegra194-pcie 140a0000.pcie:      MEM 0x3528000000..0x352fffffff -> 0x0040000000
[    8.779060] tegra194-pcie 140a0000.pcie:       IO 0x002a100000..0x002a1fffff -> 0x002a100000
[    8.779392] tegra194-pcie 140a0000.pcie: iATU unroll: enabled
[    8.779396] tegra194-pcie 140a0000.pcie: Detected iATU regions: 8 outbound, 2 inbound
[    8.799094] tegra-dce d800000.dce: Adding to iommu group 49
[    8.802270] dce: dce_ipc_channel_init:311  Invalid Channel State [0x0] for ch_type [2]
[    8.802907] dce: tegra_dce_probe:247  Found display consumer device
[    8.803150] dce: dce_mailbox_set_full_interrupt:157  Intr bit set multiple times for MB : [0x5]
[    8.803156] dce: dce_mailbox_set_full_interrupt:157  Intr bit set multiple times for MB : [0x5]
[    8.803412] dce: dce_admin_send_cmd_ver:456  version : [0x3] err : [0x0]
[    8.803618] dce: dce_mailbox_set_full_interrupt:157  Intr bit set multiple times for MB : [0x1]
[    8.803625] dce: dce_admin_setup_clients_ipc:585  Channel Reset Complete for Type [1] ...
[    8.803627] dce: dce_admin_setup_clients_ipc:561  Get queue info failed for [2]
[    8.803827] dce: dce_mailbox_set_full_interrupt:157  Intr bit set multiple times for MB : [0x2]
[    8.803833] dce: dce_mailbox_set_full_interrupt:157  Intr bit set multiple times for MB : [0x2]
[    8.803837] dce: dce_admin_setup_clients_ipc:585  Channel Reset Complete for Type [3] ...
[    8.804808] dce: dce_start_boot_flow:166  DCE_BOOT_DONE
[    8.806547] systemd[1]: Finished Coldplug All udev Devices.
[    8.806994] systemd[1]: Condition check resulted in Show Plymouth Boot Screen being skipped.
[    8.807149] systemd[1]: Started Dispatch Password Requests to Console Directory Watch.
[    8.807254] systemd[1]: Condition check resulted in Forward Password Requests to Plymouth Directory Watch being skipped.
[    8.807279] systemd[1]: Reached target Local Encrypted Volumes.
[    8.825831] nv_platform 13800000.display: Adding to iommu group 50
[    8.829647] platform 13800000.display:nvdisplay-niso: Adding to iommu group 51
[    8.886518] tegra194-pcie 140a0000.pcie: Link up
[    8.889244] tegra194-pcie 140a0000.pcie: Link up
[    8.889326] tegra194-pcie 140a0000.pcie: PCI host bridge to bus 0008:00
[    8.889330] pci_bus 0008:00: root bus resource [bus 00-ff]
[    8.889334] pci_bus 0008:00: root bus resource [mem 0x3240000000-0x3527ffffff pref]
[    8.889337] pci_bus 0008:00: root bus resource [mem 0x3528000000-0x352fffffff] (bus address [0x40000000-0x47ffffff])
[    8.889339] pci_bus 0008:00: root bus resource [io  0x300000-0x3fffff] (bus address [0x2a100000-0x2a1fffff])
[    8.889389] pci 0008:00:00.0: [10de:229c] type 01 class 0x060400
[    8.889547] pci 0008:00:00.0: PME# supported from D0 D3hot
[    8.892909] pci 0008:01:00.0: [10ec:8168] type 00 class 0x020000
[    8.893388] pci 0008:01:00.0: reg 0x10: [io  0x0000-0x00ff]
[    8.893429] pci 0008:01:00.0: reg 0x18: [mem 0x00000000-0x00000fff 64bit]
[    8.893457] pci 0008:01:00.0: reg 0x20: [mem 0x00000000-0x00003fff 64bit]
[    8.894377] pci 0008:01:00.0: supports D1 D2
[    8.894379] pci 0008:01:00.0: PME# supported from D0 D1 D2 D3hot D3cold
[    8.909163] pci 0008:00:00.0: BAR 14: assigned [mem 0x3528000000-0x35280fffff]
[    8.909167] pci 0008:00:00.0: BAR 13: assigned [io  0x300000-0x300fff]
[    8.909172] pci 0008:01:00.0: BAR 4: assigned [mem 0x3528000000-0x3528003fff 64bit]
[    8.909264] pci 0008:01:00.0: BAR 2: assigned [mem 0x3528004000-0x3528004fff 64bit]
[    8.909356] pci 0008:01:00.0: BAR 0: assigned [io  0x300000-0x3000ff]
[    8.909385] pci 0008:00:00.0: PCI bridge to [bus 01-ff]
[    8.909389] pci 0008:00:00.0:   bridge window [io  0x300000-0x300fff]
[    8.909393] pci 0008:00:00.0:   bridge window [mem 0x3528000000-0x35280fffff]
[    8.909411] pci 0008:00:00.0: Max Payload Size set to  256/ 256 (was  128), Max Read Rq  256
[    8.909543] pci 0008:01:00.0: Max Payload Size set to  128/ 128 (was  128), Max Read Rq  128
[    8.909662] pcieport 0008:00:00.0: Adding to iommu group 48
[    8.909761] pcieport 0008:00:00.0: PME: Signaling with IRQ 188
[    8.909879] pcieport 0008:00:00.0: AER: enabled with IRQ 188
[    8.919712] systemd[1]: Started Journal Service.
[    8.929827] systemd-journald[269]: Received client request to flush runtime journal.
[    8.940285] cfg80211: Loading compiled-in X.509 certificates for regulatory database
[    8.942841] cfg80211: Loaded X.509 cert 'sforshee: 00b28ddf47aef9cea7'
[    8.943049] cfg80211: Loaded X.509 cert 'wens: 61c038651aabdcf94bd0ac7ff06c7248db18c600'
[    8.970075] at24 0-0050: 256 byte 24c02 EEPROM, read-only
[    8.971292] at24 0-0057: 256 byte 24c02 EEPROM, read-only
[    8.971506] spi-tegra114 3210000.spi: Adding to iommu group 1
[    8.973149] spi-tegra114 3230000.spi: Adding to iommu group 1
[    8.988304] tegra-hda 3510000.hda: Adding to iommu group 52
[    9.004074] rtl88x2ce 0001:01:00.0: Adding to iommu group 3
[    9.004228] rtl88x2ce 0001:01:00.0: enabling device (0000 -> 0003)
[    9.070506] tegra234-aon c000000.aon: Adding to iommu group 53
[    9.071294]  c000000.aon:hsp: probed
[    9.073223] tegra234-aon c000000.aon: init done
[    9.090827] irq: IRQ254: trimming hierarchy from :bus@0:pmc@c360000
[    9.091334] fusb301 1-0025: device id: 0x12
[    9.092034] fusb301 1-0025: fusb301_work_handler: int_sts[0x05]
[    9.092598] fusb301 1-0025: sts[0x2f], type[0x08]
[    9.092601] fusb301 1-0025: fusb_update_state: 6
[    9.101913] gic 2a41000.interrupt-controller: GIC IRQ controller registered
[    9.103802] tegra-aconnect bus@0:aconnect@2900000: Tegra ACONNECT bus registered
[    9.105353] input: NVIDIA Jetson Orin NX HDA HDMI/DP,pcm=3 as /devices/platform/bus@0/3510000.hda/sound/card0/input4
[    9.107714] CAN device driver interface
[    9.110942] input: NVIDIA Jetson Orin NX HDA HDMI/DP,pcm=7 as /devices/platform/bus@0/3510000.hda/sound/card0/input5
[    9.111229] input: NVIDIA Jetson Orin NX HDA HDMI/DP,pcm=8 as /devices/platform/bus@0/3510000.hda/sound/card0/input6
[    9.111512] input: NVIDIA Jetson Orin NX HDA HDMI/DP,pcm=9 as /devices/platform/bus@0/3510000.hda/sound/card0/input7
[    9.116581] usbcore: registered new interface driver btusb
[    9.118265] Bluetooth: hci0: RTL: examining hci_ver=0a hci_rev=000c lmp_ver=0a lmp_subver=8822
[    9.119241] Bluetooth: hci0: RTL: rom_version status=0 version=3
[    9.119250] Bluetooth: hci0: RTL: loading rtl_bt/rtl8822cu_fw.bin
[    9.119979] Bluetooth: hci0: RTL: loading rtl_bt/rtl8822cu_config.bin
[    9.120195] Bluetooth: hci0: RTL: cfg_sz 6, total sz 35086
[    9.123898] fusb301 1-0025: toggle_time(0) is not updated
[    9.124260] fusb301 1-0025: fusb301_set_mode: mode (32)(32)
[    9.124599] fusb301 1-0025: fusb301_detach: type[0x08] chipstate[0x06]
[    9.124607] TT CAN feature is not supported
[    9.124629] fusb301 1-0025: fusb_update_state: 1
[    9.125468] fusb301 1-0025: mode[0x20], host_cur[0x02], dttime[0x00]
[    9.125990] 	 Message RAM Configuration
               	| base addr   |0x0c312000|
               	| sidfc_flssa |0x00000000|
               	| xidfc_flesa |0x00000040|
               	| rxf0c_f0sa  |0x000000c0|
               	| rxf1c_f1sa  |0x000009c0|
               	| rxbc_rbsa   |0x000009c0|
               	| txefc_efsa  |0x000009c0|
               	| txbc_tbsa   |0x00000a40|
               	| tmc_tmsa    |0x00000ec0|
               	| mram size   |0x00001000|
[    9.128439] Release 3.2.3 from 09.06.2018
[    9.134171] thermal-trip-event cpu-throttle-alert: cooling device registered.
[    9.134236] rtk_btusb: Realtek Bluetooth USB driver ver 3.1.65ab490.20240531-141726
[    9.134239] rtk_btcoex: rtk_btcoex_init: version: 1.2
[    9.134240] rtk_btcoex: create workqueue
[    9.134328] rtk_btcoex: alloc buffers 1792, 2432 for ev and l2
[    9.134905] net can0: mttcan device registered (regs=00000000277d6ac1, irq=200)
[    9.135826] thermal-trip-event gpu-throttle-alert: cooling device registered.
[    9.141873] usbcore: registered new interface driver rtk_btusb
[    9.159382] thermal-trip-event cv0-throttle-alert: cooling device registered.
[    9.165996] thermal-trip-event cv1-throttle-alert: cooling device registered.
[    9.169283] thermal-trip-event cv2-throttle-alert: cooling device registered.
[    9.179780] thermal-trip-event soc0-throttle-alert: cooling device registered.
[    9.180033] thermal-trip-event soc1-throttle-alert: cooling device registered.
[    9.183936] thermal-trip-event soc2-throttle-alert: cooling device registered.
[    9.187127] thermal-trip-event hot-surface-alert: cooling device registered.
[    9.191200] nvvrs-pseq-rtc nvvrs-pseq-rtc: registered as rtc0
[    9.193113] nvvrs-pseq-rtc nvvrs-pseq-rtc: setting system clock to 2026-04-28T14:25:39 UTC (1777386339)
[    9.280694] loop0: detected capacity change from 0 to 8
[    9.282702] loop1: detected capacity change from 0 to 373072
[    9.288843] loop2: detected capacity change from 0 to 373120
[    9.291170] loop3: detected capacity change from 0 to 141232
[    9.294079] fusb301 1-0025: fusb301_work_handler: int_sts[0x05]
[    9.294658] fusb301 1-0025: sts[0x2f], type[0x08]
[    9.294665] fusb301 1-0025: fusb_update_state: 6
[    9.297735] loop4: detected capacity change from 0 to 126776
[    9.300064] loop5: detected capacity change from 0 to 95512
[    9.303833] loop6: detected capacity change from 0 to 1132440
[    9.310640] loop7: detected capacity change from 0 to 187776
[    9.326528] loop8: detected capacity change from 0 to 357512
[    9.327002] loop9: detected capacity change from 0 to 85664
[    9.332623] loop10: detected capacity change from 0 to 87312
[    9.411240] r8168 0008:01:00.0: Adding to iommu group 48
[    9.416317] r8168 Gigabit Ethernet driver 8.053.00-NAPI loaded
[    9.416441] r8168 0008:01:00.0: enabling device (0000 -> 0003)
[    9.419711] rtl88x2ce 0001:01:00.0 wlP1p1s0: renamed from wlan0
[    9.425289] tegra-adma 2930000.dma-controller: Tegra210 ADMA driver registered 32 channels
[    9.455568] r8168: This product is covered by one or more of the following patents: US6,570,884, US6,115,776, and US6,327,625.
[    9.474423] r8168  Copyright (C) 2024 Realtek NIC software team <nicfae@realtek.com> 
                This program comes with ABSOLUTELY NO WARRANTY; for details, please see <http://www.gnu.org/licenses/>. 
                This is free software, and you are welcome to redistribute it under certain conditions; see <http://www.gnu.org/licenses/>. 
[    9.489913] r8168 0008:01:00.0 enP8p1s0: renamed from eth0
[    9.589566] tegra210-admaif 290f000.admaif: Adding to iommu group 54
[    9.613227] Bluetooth: hci0: RTL: fw version 0x19b76d7d
[   11.728422] using random self ethernet address
[   11.728445] using random host ethernet address
[   11.743162] Bluetooth: BNEP (Ethernet Emulation) ver 1.3
[   11.743172] Bluetooth: BNEP filters: protocol multicast
[   11.743183] Bluetooth: BNEP socket layer initialized
[   11.753565] NET: Registered PF_ALG protocol family
[   11.768475] loop11: detected capacity change from 0 to 32768
[   11.839721] nv_nvsciipc_init.sh[960]: found /dev/nvsciipc
[   11.858981] nvsciipc: set_db start
[   11.859005] nvsciipc: set_db done
[   11.891298] enP8p1s0: 0xffff800008efd000, 3c:6d:66:0d:53:d9, IRQ 275
[   11.898875] IRQ230: set affinity failed(-22).
[   11.898904] IRQ253: set affinity failed(-22).
[   11.898915] IRQ275: set affinity failed(-22).
[   11.899612] psci: CPU4 killed (polled 0 ms)
[   11.990977] IRQ230: set affinity failed(-22).
[   11.991010] IRQ253: set affinity failed(-22).
[   11.991020] IRQ275: set affinity failed(-22).
[   11.991295] psci: CPU5 killed (polled 0 ms)
[   12.020295] Mass Storage Function, version: 2009/09/11
[   12.020303] LUN: removable file: (no medium)
[   12.058855] IRQ230: set affinity failed(-22).
[   12.058889] IRQ253: set affinity failed(-22).
[   12.058900] IRQ275: set affinity failed(-22).
[   12.059528] psci: CPU6 killed (polled 0 ms)
[   12.103717] using random self ethernet address
[   12.103724] using random host ethernet address
[   12.167798] IRQ230: set affinity failed(-22).
[   12.169227] psci: CPU7 killed (polled 0 ms)
[   12.226808] pstore: Using crash dump compression: deflate
[   12.227045] printk: console [ramoops-1]: printing thread started
[   12.227063] printk: console [ramoops-1] enabled
[   12.227065] pstore: Registered ramoops as persistent store backend
[   12.227066] ramoops: using 0x200000@0x4725f0000, ecc: 0
[   12.321568] bridge: filtering via arp/ip/ip6tables is no longer available by default. Update your scripts to load br_netfilter if you need this.
[   12.337643] usb0: HOST MAC c2:d6:da:8f:db:b0
[   12.337652] usb0: MAC c2:d6:da:8f:db:b1
[   12.341623] usb1: HOST MAC c2:d6:da:8f:db:b2
[   12.341630] usb1: MAC c2:d6:da:8f:db:b3
[   12.341654] tegra-xudc 3550000.usb: EP 0 (type: ctrl, dir: out) enabled
[   12.344833] l4tbr0: port 1(usb0) entered blocking state
[   12.344849] l4tbr0: port 1(usb0) entered disabled state
[   12.345206] device usb0 entered promiscuous mode
[   12.353090] l4tbr0: port 2(usb1) entered blocking state
[   12.353107] l4tbr0: port 2(usb1) entered disabled state
[   12.361456] device usb1 entered promiscuous mode
[   12.370157] loop11: detected capacity change from 0 to 32768
[   12.400440] nvgpu: 17000000.gpu                  gk20a_scale_init:541  [INFO]  enabled scaling for GPU

[   12.512038] zram: Added device: zram0
[   12.514335] zram: Added device: zram1
[   12.515178] zram: Added device: zram2
[   12.525299] zram: Added device: zram3
[   12.599668] zram0: detected capacity change from 0 to 4004600
[   12.648543] Adding 2002296k swap on /dev/zram0.  Priority:5 extents:1 across:2002296k SS
[   12.653656] zram1: detected capacity change from 0 to 4004600
[   12.677412] Adding 2002296k swap on /dev/zram1.  Priority:5 extents:1 across:2002296k SS
[   12.682993] zram2: detected capacity change from 0 to 4004600
[   12.692296] Adding 2002296k swap on /dev/zram2.  Priority:5 extents:1 across:2002296k SS
[   12.696989] zram3: detected capacity change from 0 to 4004600
[   12.715270] Adding 2002296k swap on /dev/zram3.  Priority:5 extents:1 across:2002296k SS
[   12.864515] tegra-xudc 3550000.usb: EP 5 (type: intr, dir: in) enabled
[   12.864538] tegra-xudc 3550000.usb: EP 3 (type: bulk, dir: in) enabled
[   12.864550] tegra-xudc 3550000.usb: EP 2 (type: bulk, dir: out) enabled
[   12.864600] IPv6: ADDRCONF(NETDEV_CHANGE): usb0: link becomes ready
[   12.864625] tegra-xudc 3550000.usb: EP 9 (type: intr, dir: in) enabled
[   12.864640] tegra-xudc 3550000.usb: EP 7 (type: bulk, dir: in) enabled
[   12.864651] tegra-xudc 3550000.usb: EP 4 (type: bulk, dir: out) enabled
[   12.864677] tegra-xudc 3550000.usb: EP 15 (type: intr, dir: in) enabled
[   12.864794] tegra-xudc 3550000.usb: EP 11 (type: bulk, dir: in) enabled
[   12.864809] tegra-xudc 3550000.usb: EP 6 (type: bulk, dir: out) enabled
[   12.871883] tegra-xudc 3550000.usb: EP 13 (type: bulk, dir: in) enabled
[   12.871903] tegra-xudc 3550000.usb: EP 8 (type: bulk, dir: out) enabled
[   12.871952] IPv6: ADDRCONF(NETDEV_CHANGE): usb1: link becomes ready
[   12.873633] tegra-xudc 3550000.usb: ep 13 disabled
[   12.873722] tegra-xudc 3550000.usb: ep 8 disabled
[   12.894645] tegra-xudc 3550000.usb: EP 13 (type: bulk, dir: in) enabled
[   12.894666] tegra-xudc 3550000.usb: EP 8 (type: bulk, dir: out) enabled
[   14.770189] l4tbr0: port 2(usb1) entered blocking state
[   14.770203] l4tbr0: port 2(usb1) entered forwarding state
[   14.770273] l4tbr0: port 1(usb0) entered blocking state
[   14.770278] l4tbr0: port 1(usb0) entered forwarding state
[   14.778108] IPv6: ADDRCONF(NETDEV_CHANGE): l4tbr0: link becomes ready
[   14.967845] nvidia-modeset: Loading NVIDIA UNIX Open Kernel Mode Setting Driver for aarch64  540.5.0  Release Build  (buildbrain@239549d1-8639-491a-b9e7-120e21430986-l1eu-vqrkv)  Thu Jan 15 19:36:45 PST 2026
[   14.977814] [drm] [nvidia-drm] [GPU ID 0x00020000] Loading driver
[   15.266305] NVRM rpcRmApiControl_dce: NVRM_RPC_DCE: Failed RM ctrl call cmd:0x731341 result 0xffff:
[   15.267605] NVRM rpcRmApiControl_dce: NVRM_RPC_DCE: Failed RM ctrl call cmd:0x730282 result 0x1f:
[   15.320127] [drm] Initialized nvidia-drm 0.0.0 20160202 for 13800000.display on minor 1
[   15.402195] Console: switching to colour frame buffer device 240x67
[   15.402216] nv_platform 13800000.display: [drm] fb0: nvidia-drmdrmfb frame buffer device
[   16.681101] ACK 04 d4
[   16.681802] ACK 04 d4
[   16.683763] ACK 04 d4
[   16.685676] IPv6: ADDRCONF(NETDEV_CHANGE): wlP1p1s0: link becomes ready
[   19.560004] loop12: detected capacity change from 0 to 8
[   20.095492] rfkill: input handler disabled
[   23.970580] audit: type=1326 audit(1777386354.272:2): auid=4294967295 uid=0 gid=0 ses=4294967295 subj=kernel pid=2588 comm="cupsd" exe="/snap/cups/1184/sbin/cupsd" sig=0 arch=c00000b7 syscall=55 compat=0 ip=0xffffb51ece0c code=0x50000
[   24.306164] audit: type=1326 audit(1777386354.608:3): auid=4294967295 uid=0 gid=0 ses=4294967295 subj=kernel pid=2588 comm="cupsd" exe="/snap/cups/1184/sbin/cupsd" sig=0 arch=c00000b7 syscall=55 compat=0 ip=0xffffb51ece0c code=0x50000
[   24.337089] audit: type=1326 audit(1777386354.640:4): auid=4294967295 uid=0 gid=0 ses=4294967295 subj=kernel pid=2611 comm="cups-browsed" exe="/snap/cups/1184/sbin/cups-browsed" sig=0 arch=c00000b7 syscall=274 compat=0 ip=0xffff92d85b68 code=0x50000
[  130.880125] nv_ov5647: module verification failed: signature and/or required key missing - tainting kernel
[  130.881053] nv_ov5647: module init register_i2c_driver=1 allow_hw_probe=1 skip_v4l2_register=0 skip_v4l2_unregister=0 split_v4l2_unregister=0 unload_marker_delay_ms=500
[  130.881060] nv_ov5647: diagnostics dump_stream_regs=1
[  130.881062] nv_ov5647: diagnostics continuous_mipi_clock=0
[  130.881064] nv_ov5647: diagnostics ov5647_test_pattern=0
[  130.881332] nv_ov5647 9-0036: ov5647_probe: enter client=ov5647 addr=0x36
[  130.881418] nv_ov5647 9-0036: ov5647_parse_dt: enter
[  130.881440] nv_ov5647 9-0036: ov5647_parse_dt: pdata=000000001458e362 mclk=extperiph1 reset_gpio=-1 pwdn_gpio=397 avdd=vana dvdd=vdig iovdd=vif
[  130.881446] nv_ov5647 9-0036: ov5647_power_get: enter priv=000000008216bc57 s_data=00000000b81e5485 pdata=000000001458e362
[  130.881471] nv_ov5647 9-0036: supply vana not found, using dummy regulator
[  130.881599] nv_ov5647 9-0036: supply vdig not found, using dummy regulator
[  130.881627] nv_ov5647 9-0036: supply vif not found, using dummy regulator
[  130.881663] nv_ov5647 9-0036: ov5647_power_get: mclk get ok name=extperiph1 current_rate=51000000 def_clk_freq=0
[  130.881693] nv_ov5647 9-0036: ov5647_power_get: exit
[  130.881736] nv_ov5647 9-0036: tegracam sensor driver:nv_ov5647_v2.0.6
[  130.881739] nv_ov5647 9-0036: ov5647_probe: private data linked tc_dev=0000000005cd3654 tc_dev->priv=000000008216bc57 s_data=00000000b81e5485 s_data->priv=000000008216bc57
[  130.881759] nv_ov5647 9-0036: ov5647_board_setup: enter
[  130.881760] nv_ov5647 9-0036: ov5647_power_on: enter
[  130.881762] nv_ov5647 9-0036: ov5647_power_on: diagnostics pwdn_mode=0(normal) skip_board_setup_power_off=0
[  130.881767] nv_ov5647 9-0036: ov5647_power_on: enabling mclk def_clk_freq=24000000 current_rate=51000000
[  130.882934] nv_ov5647 9-0036: ov5647_power_on: mclk enabled rate=24000000
[  130.884450] nv_ov5647 9-0036: ov5647_apply_pwdn_gpio: power_on: pwdn_mode=normal set gpio=397 value=1
[  130.890634] nv_ov5647 9-0036: ov5647_power_on: stream-stop LP-11 setup complete
[  130.890638] nv_ov5647 9-0036: ov5647_dump_stream_regs: begin phase=power_on_lp11
[  130.890829] nv_ov5647 9-0036: ov5647_dump_stream_regs: phase=power_on_lp11 reg=0x0100 name=mode_select val=0x00
[  130.891021] nv_ov5647 9-0036: ov5647_dump_stream_regs: phase=power_on_lp11 reg=0x0103 name=sw_reset val=0x00
[  130.891211] nv_ov5647 9-0036: ov5647_dump_stream_regs: phase=power_on_lp11 reg=0x3000 name=sys_ctrl0 val=0x0f
[  130.891401] nv_ov5647 9-0036: ov5647_dump_stream_regs: phase=power_on_lp11 reg=0x3001 name=sys_ctrl1 val=0xff
[  130.891590] nv_ov5647 9-0036: ov5647_dump_stream_regs: phase=power_on_lp11 reg=0x3002 name=sys_ctrl2 val=0xe4
[  130.891780] nv_ov5647 9-0036: ov5647_dump_stream_regs: phase=power_on_lp11 reg=0x300d name=pad_out val=0x01
[  130.891970] nv_ov5647 9-0036: ov5647_dump_stream_regs: phase=power_on_lp11 reg=0x3016 name=mipi_ctrl16 val=0x00
[  130.892159] nv_ov5647 9-0036: ov5647_dump_stream_regs: phase=power_on_lp11 reg=0x3017 name=mipi_ctrl17 val=0x10
[  130.892349] nv_ov5647 9-0036: ov5647_dump_stream_regs: phase=power_on_lp11 reg=0x3018 name=mipi_ctrl18 val=0x58
[  130.892540] nv_ov5647 9-0036: ov5647_dump_stream_regs: phase=power_on_lp11 reg=0x3034 name=pll_ctrl34 val=0x1a
[  130.892730] nv_ov5647 9-0036: ov5647_dump_stream_regs: phase=power_on_lp11 reg=0x3035 name=pll_ctrl35 val=0x11
[  130.892949] nv_ov5647 9-0036: ov5647_dump_stream_regs: phase=power_on_lp11 reg=0x3036 name=pll_ctrl36 val=0x69
[  130.893157] nv_ov5647 9-0036: ov5647_dump_stream_regs: phase=power_on_lp11 reg=0x303c name=pll_ctrl3c val=0x11
[  130.893357] nv_ov5647 9-0036: ov5647_dump_stream_regs: phase=power_on_lp11 reg=0x3808 name=x_output_size_h val=0x0a
[  130.893551] nv_ov5647 9-0036: ov5647_dump_stream_regs: phase=power_on_lp11 reg=0x3809 name=x_output_size_l val=0x20
[  130.893742] nv_ov5647 9-0036: ov5647_dump_stream_regs: phase=power_on_lp11 reg=0x380a name=y_output_size_h val=0x07
[  130.893931] nv_ov5647 9-0036: ov5647_dump_stream_regs: phase=power_on_lp11 reg=0x380b name=y_output_size_l val=0x98
[  130.894120] nv_ov5647 9-0036: ov5647_dump_stream_regs: phase=power_on_lp11 reg=0x380c name=hts_h val=0x0a
[  130.894311] nv_ov5647 9-0036: ov5647_dump_stream_regs: phase=power_on_lp11 reg=0x380d name=hts_l val=0x8c
[  130.894500] nv_ov5647 9-0036: ov5647_dump_stream_regs: phase=power_on_lp11 reg=0x380e name=vts_h val=0x07
[  130.894689] nv_ov5647 9-0036: ov5647_dump_stream_regs: phase=power_on_lp11 reg=0x380f name=vts_l val=0xb0
[  130.894878] nv_ov5647 9-0036: ov5647_dump_stream_regs: phase=power_on_lp11 reg=0x3820 name=timing_format1 val=0x40
[  130.895067] nv_ov5647 9-0036: ov5647_dump_stream_regs: phase=power_on_lp11 reg=0x3821 name=timing_format2 val=0x00
[  130.895256] nv_ov5647 9-0036: ov5647_dump_stream_regs: phase=power_on_lp11 reg=0x4202 name=frame_off_number val=0x0f
[  130.895449] nv_ov5647 9-0036: ov5647_dump_stream_regs: phase=power_on_lp11 reg=0x4800 name=mipi_ctrl00 val=0x25
[  130.895638] nv_ov5647 9-0036: ov5647_dump_stream_regs: phase=power_on_lp11 reg=0x4814 name=mipi_ctrl14 val=0x2a
[  130.895827] nv_ov5647 9-0036: ov5647_dump_stream_regs: phase=power_on_lp11 reg=0x503d name=ispctrl3d_test_pattern val=0x00
[  130.895829] nv_ov5647 9-0036: ov5647_dump_stream_regs: end phase=power_on_lp11
[  130.895830] nv_ov5647 9-0036: ov5647_power_on: exit success
[  130.896206] nv_ov5647 9-0036: ov5647_board_setup: detected chip_id=0x5647
[  130.896208] nv_ov5647 9-0036: ov5647_power_off: enter
[  130.896209] nv_ov5647 9-0036: ov5647_power_off: diagnostics pwdn_mode=0(normal) skip_board_setup_power_off=0
[  130.896623] nv_ov5647 9-0036: ov5647_apply_pwdn_gpio: power_off: pwdn_mode=normal set gpio=397 value=1
[  130.896627] nv_ov5647 9-0036: ov5647_power_off: disabling mclk rate=24000000
[  130.896798] nv_ov5647 9-0036: ov5647_power_off: exit success
[  130.896799] nv_ov5647 9-0036: ov5647_board_setup: exit success
[  130.896888] tegra-camrtc-capture-vi tegra-capture-vi: subdev nv_ov5647 9-0036 bound
[  130.897428] nv_ov5647 9-0036: ov5647_probe: v4l2 registered tc_dev=0000000005cd3654 tc_dev->priv=000000008216bc57 s_data=00000000b81e5485 s_data->priv=000000008216bc57 v4l2_registered=1
[  130.897434] nv_ov5647 9-0036: ov5647_probe: exit success
[  130.897627] nv_ov5647: i2c driver registered
[  145.453893] nv_ov5647 9-0036: ov5647_power_on: enter
[  145.453902] nv_ov5647 9-0036: ov5647_power_on: diagnostics pwdn_mode=0(normal) skip_board_setup_power_off=0
[  145.453913] nv_ov5647 9-0036: ov5647_power_on: enabling mclk def_clk_freq=24000000 current_rate=24000000
[  145.454388] nv_ov5647 9-0036: ov5647_power_on: mclk enabled rate=24000000
[  145.455904] nv_ov5647 9-0036: ov5647_apply_pwdn_gpio: power_on: pwdn_mode=normal set gpio=397 value=1
[  145.461953] nv_ov5647 9-0036: ov5647_power_on: stream-stop LP-11 setup complete
[  145.461957] nv_ov5647 9-0036: ov5647_dump_stream_regs: begin phase=power_on_lp11
[  145.462149] nv_ov5647 9-0036: ov5647_dump_stream_regs: phase=power_on_lp11 reg=0x0100 name=mode_select val=0x00
[  145.462342] nv_ov5647 9-0036: ov5647_dump_stream_regs: phase=power_on_lp11 reg=0x0103 name=sw_reset val=0x00
[  145.462531] nv_ov5647 9-0036: ov5647_dump_stream_regs: phase=power_on_lp11 reg=0x3000 name=sys_ctrl0 val=0x0f
[  145.462722] nv_ov5647 9-0036: ov5647_dump_stream_regs: phase=power_on_lp11 reg=0x3001 name=sys_ctrl1 val=0xff
[  145.462910] nv_ov5647 9-0036: ov5647_dump_stream_regs: phase=power_on_lp11 reg=0x3002 name=sys_ctrl2 val=0xe4
[  145.463098] nv_ov5647 9-0036: ov5647_dump_stream_regs: phase=power_on_lp11 reg=0x300d name=pad_out val=0x01
[  145.463287] nv_ov5647 9-0036: ov5647_dump_stream_regs: phase=power_on_lp11 reg=0x3016 name=mipi_ctrl16 val=0x00
[  145.463477] nv_ov5647 9-0036: ov5647_dump_stream_regs: phase=power_on_lp11 reg=0x3017 name=mipi_ctrl17 val=0x10
[  145.463666] nv_ov5647 9-0036: ov5647_dump_stream_regs: phase=power_on_lp11 reg=0x3018 name=mipi_ctrl18 val=0x58
[  145.463853] nv_ov5647 9-0036: ov5647_dump_stream_regs: phase=power_on_lp11 reg=0x3034 name=pll_ctrl34 val=0x1a
[  145.464041] nv_ov5647 9-0036: ov5647_dump_stream_regs: phase=power_on_lp11 reg=0x3035 name=pll_ctrl35 val=0x11
[  145.464230] nv_ov5647 9-0036: ov5647_dump_stream_regs: phase=power_on_lp11 reg=0x3036 name=pll_ctrl36 val=0x69
[  145.464419] nv_ov5647 9-0036: ov5647_dump_stream_regs: phase=power_on_lp11 reg=0x303c name=pll_ctrl3c val=0x11
[  145.464607] nv_ov5647 9-0036: ov5647_dump_stream_regs: phase=power_on_lp11 reg=0x3808 name=x_output_size_h val=0x0a
[  145.464795] nv_ov5647 9-0036: ov5647_dump_stream_regs: phase=power_on_lp11 reg=0x3809 name=x_output_size_l val=0x20
[  145.464985] nv_ov5647 9-0036: ov5647_dump_stream_regs: phase=power_on_lp11 reg=0x380a name=y_output_size_h val=0x07
[  145.469009] nv_ov5647 9-0036: ov5647_dump_stream_regs: phase=power_on_lp11 reg=0x380b name=y_output_size_l val=0x98
[  145.469226] nv_ov5647 9-0036: ov5647_dump_stream_regs: phase=power_on_lp11 reg=0x380c name=hts_h val=0x0a
[  145.469434] nv_ov5647 9-0036: ov5647_dump_stream_regs: phase=power_on_lp11 reg=0x380d name=hts_l val=0x8c
[  145.469636] nv_ov5647 9-0036: ov5647_dump_stream_regs: phase=power_on_lp11 reg=0x380e name=vts_h val=0x07
[  145.469829] nv_ov5647 9-0036: ov5647_dump_stream_regs: phase=power_on_lp11 reg=0x380f name=vts_l val=0xb0
[  145.470019] nv_ov5647 9-0036: ov5647_dump_stream_regs: phase=power_on_lp11 reg=0x3820 name=timing_format1 val=0x40
[  145.470208] nv_ov5647 9-0036: ov5647_dump_stream_regs: phase=power_on_lp11 reg=0x3821 name=timing_format2 val=0x00
[  145.470396] nv_ov5647 9-0036: ov5647_dump_stream_regs: phase=power_on_lp11 reg=0x4202 name=frame_off_number val=0x0f
[  145.470586] nv_ov5647 9-0036: ov5647_dump_stream_regs: phase=power_on_lp11 reg=0x4800 name=mipi_ctrl00 val=0x25
[  145.470775] nv_ov5647 9-0036: ov5647_dump_stream_regs: phase=power_on_lp11 reg=0x4814 name=mipi_ctrl14 val=0x2a
[  145.470963] nv_ov5647 9-0036: ov5647_dump_stream_regs: phase=power_on_lp11 reg=0x503d name=ispctrl3d_test_pattern val=0x00
[  145.470965] nv_ov5647 9-0036: ov5647_dump_stream_regs: end phase=power_on_lp11
[  145.470967] nv_ov5647 9-0036: ov5647_power_on: exit success
[  145.479209] nv_ov5647 9-0036: ov5647_set_mode: applying mode=0 name=640x480-10bpp-30fps 640x480
[  145.490651] nv_ov5647 9-0036: ov5647_apply_test_pattern: applying test pattern=off (0)
[  145.491531] nv_ov5647 9-0036: ov5647_set_mode: sensor output-enable restored after mode programming
[  145.491533] nv_ov5647 9-0036: ov5647_dump_stream_regs: begin phase=after_set_mode
[  145.491721] nv_ov5647 9-0036: ov5647_dump_stream_regs: phase=after_set_mode reg=0x0100 name=mode_select val=0x00
[  145.491911] nv_ov5647 9-0036: ov5647_dump_stream_regs: phase=after_set_mode reg=0x0103 name=sw_reset val=0x00
[  145.492099] nv_ov5647 9-0036: ov5647_dump_stream_regs: phase=after_set_mode reg=0x3000 name=sys_ctrl0 val=0x0f
[  145.492296] nv_ov5647 9-0036: ov5647_dump_stream_regs: phase=after_set_mode reg=0x3001 name=sys_ctrl1 val=0xff
[  145.492490] nv_ov5647 9-0036: ov5647_dump_stream_regs: phase=after_set_mode reg=0x3002 name=sys_ctrl2 val=0xe4
[  145.492680] nv_ov5647 9-0036: ov5647_dump_stream_regs: phase=after_set_mode reg=0x300d name=pad_out val=0x00
[  145.492869] nv_ov5647 9-0036: ov5647_dump_stream_regs: phase=after_set_mode reg=0x3016 name=mipi_ctrl16 val=0x08
[  145.493288] nv_ov5647 9-0036: ov5647_dump_stream_regs: phase=after_set_mode reg=0x3017 name=mipi_ctrl17 val=0xe0
[  145.493500] nv_ov5647 9-0036: ov5647_dump_stream_regs: phase=after_set_mode reg=0x3018 name=mipi_ctrl18 val=0x44
[  145.493696] nv_ov5647 9-0036: ov5647_dump_stream_regs: phase=after_set_mode reg=0x3034 name=pll_ctrl34 val=0x1a
[  145.493886] nv_ov5647 9-0036: ov5647_dump_stream_regs: phase=after_set_mode reg=0x3035 name=pll_ctrl35 val=0x21
[  145.494075] nv_ov5647 9-0036: ov5647_dump_stream_regs: phase=after_set_mode reg=0x3036 name=pll_ctrl36 val=0x46
[  145.494263] nv_ov5647 9-0036: ov5647_dump_stream_regs: phase=after_set_mode reg=0x303c name=pll_ctrl3c val=0x11
[  145.494449] nv_ov5647 9-0036: ov5647_dump_stream_regs: phase=after_set_mode reg=0x3808 name=x_output_size_h val=0x02
[  145.494635] nv_ov5647 9-0036: ov5647_dump_stream_regs: phase=after_set_mode reg=0x3809 name=x_output_size_l val=0x80
[  145.494825] nv_ov5647 9-0036: ov5647_dump_stream_regs: phase=after_set_mode reg=0x380a name=y_output_size_h val=0x01
[  145.495018] nv_ov5647 9-0036: ov5647_dump_stream_regs: phase=after_set_mode reg=0x380b name=y_output_size_l val=0xe0
[  145.495203] nv_ov5647 9-0036: ov5647_dump_stream_regs: phase=after_set_mode reg=0x380c name=hts_h val=0x07
[  145.495392] nv_ov5647 9-0036: ov5647_dump_stream_regs: phase=after_set_mode reg=0x380d name=hts_l val=0x3c
[  145.495581] nv_ov5647 9-0036: ov5647_dump_stream_regs: phase=after_set_mode reg=0x380e name=vts_h val=0x01
[  145.495770] nv_ov5647 9-0036: ov5647_dump_stream_regs: phase=after_set_mode reg=0x380f name=vts_l val=0xf8
[  145.495960] nv_ov5647 9-0036: ov5647_dump_stream_regs: phase=after_set_mode reg=0x3820 name=timing_format1 val=0x41
[  145.496147] nv_ov5647 9-0036: ov5647_dump_stream_regs: phase=after_set_mode reg=0x3821 name=timing_format2 val=0x03
[  145.496337] nv_ov5647 9-0036: ov5647_dump_stream_regs: phase=after_set_mode reg=0x4202 name=frame_off_number val=0x00
[  145.496583] nv_ov5647 9-0036: ov5647_dump_stream_regs: phase=after_set_mode reg=0x4800 name=mipi_ctrl00 val=0x34
[  145.496772] nv_ov5647 9-0036: ov5647_dump_stream_regs: phase=after_set_mode reg=0x4814 name=mipi_ctrl14 val=0x2a
[  145.496962] nv_ov5647 9-0036: ov5647_dump_stream_regs: phase=after_set_mode reg=0x503d name=ispctrl3d_test_pattern val=0x00
[  145.496964] nv_ov5647 9-0036: ov5647_dump_stream_regs: end phase=after_set_mode
[  145.496965] nv_ov5647 9-0036: ov5647_set_mode: mode applied, sensor remains in standby
[  145.496972] nv_ov5647 9-0036: ov5647_start_streaming: enter
[  145.496973] nv_ov5647 9-0036: ov5647_start_streaming: using mode already applied by tegracam set_mode
[  145.496975] nv_ov5647 9-0036: ov5647_start_streaming: mipi_ctrl00 stream value=0x34 continuous_mipi_clock=0
[  145.496977] nv_ov5647 9-0036: ov5647_dump_stream_regs: begin phase=before_stream_on
[  145.497198] nv_ov5647 9-0036: ov5647_dump_stream_regs: phase=before_stream_on reg=0x0100 name=mode_select val=0x00
[  145.497426] nv_ov5647 9-0036: ov5647_dump_stream_regs: phase=before_stream_on reg=0x0103 name=sw_reset val=0x00
[  145.497637] nv_ov5647 9-0036: ov5647_dump_stream_regs: phase=before_stream_on reg=0x3000 name=sys_ctrl0 val=0x0f
[  145.497893] nv_ov5647 9-0036: ov5647_dump_stream_regs: phase=before_stream_on reg=0x3001 name=sys_ctrl1 val=0xff
[  145.500755] nv_ov5647 9-0036: ov5647_dump_stream_regs: phase=before_stream_on reg=0x3002 name=sys_ctrl2 val=0xe4
[  145.500972] nv_ov5647 9-0036: ov5647_dump_stream_regs: phase=before_stream_on reg=0x300d name=pad_out val=0x00
[  145.501268] nv_ov5647 9-0036: ov5647_dump_stream_regs: phase=before_stream_on reg=0x3016 name=mipi_ctrl16 val=0x08
[  145.501471] nv_ov5647 9-0036: ov5647_dump_stream_regs: phase=before_stream_on reg=0x3017 name=mipi_ctrl17 val=0xe0
[  145.501671] nv_ov5647 9-0036: ov5647_dump_stream_regs: phase=before_stream_on reg=0x3018 name=mipi_ctrl18 val=0x44
[  145.501868] nv_ov5647 9-0036: ov5647_dump_stream_regs: phase=before_stream_on reg=0x3034 name=pll_ctrl34 val=0x1a
[  145.502060] nv_ov5647 9-0036: ov5647_dump_stream_regs: phase=before_stream_on reg=0x3035 name=pll_ctrl35 val=0x21
[  145.502251] nv_ov5647 9-0036: ov5647_dump_stream_regs: phase=before_stream_on reg=0x3036 name=pll_ctrl36 val=0x46
[  145.502441] nv_ov5647 9-0036: ov5647_dump_stream_regs: phase=before_stream_on reg=0x303c name=pll_ctrl3c val=0x11
[  145.502629] nv_ov5647 9-0036: ov5647_dump_stream_regs: phase=before_stream_on reg=0x3808 name=x_output_size_h val=0x02
[  145.502817] nv_ov5647 9-0036: ov5647_dump_stream_regs: phase=before_stream_on reg=0x3809 name=x_output_size_l val=0x80
[  145.503005] nv_ov5647 9-0036: ov5647_dump_stream_regs: phase=before_stream_on reg=0x380a name=y_output_size_h val=0x01
[  145.503193] nv_ov5647 9-0036: ov5647_dump_stream_regs: phase=before_stream_on reg=0x380b name=y_output_size_l val=0xe0
[  145.503382] nv_ov5647 9-0036: ov5647_dump_stream_regs: phase=before_stream_on reg=0x380c name=hts_h val=0x07
[  145.503570] nv_ov5647 9-0036: ov5647_dump_stream_regs: phase=before_stream_on reg=0x380d name=hts_l val=0x3c
[  145.503758] nv_ov5647 9-0036: ov5647_dump_stream_regs: phase=before_stream_on reg=0x380e name=vts_h val=0x01
[  145.503946] nv_ov5647 9-0036: ov5647_dump_stream_regs: phase=before_stream_on reg=0x380f name=vts_l val=0xf8
[  145.504134] nv_ov5647 9-0036: ov5647_dump_stream_regs: phase=before_stream_on reg=0x3820 name=timing_format1 val=0x41
[  145.504321] nv_ov5647 9-0036: ov5647_dump_stream_regs: phase=before_stream_on reg=0x3821 name=timing_format2 val=0x03
[  145.504510] nv_ov5647 9-0036: ov5647_dump_stream_regs: phase=before_stream_on reg=0x4202 name=frame_off_number val=0x00
[  145.504698] nv_ov5647 9-0036: ov5647_dump_stream_regs: phase=before_stream_on reg=0x4800 name=mipi_ctrl00 val=0x34
[  145.504886] nv_ov5647 9-0036: ov5647_dump_stream_regs: phase=before_stream_on reg=0x4814 name=mipi_ctrl14 val=0x2a
[  145.505267] nv_ov5647 9-0036: ov5647_dump_stream_regs: phase=before_stream_on reg=0x503d name=ispctrl3d_test_pattern val=0x00
[  145.505274] nv_ov5647 9-0036: ov5647_dump_stream_regs: end phase=before_stream_on
[  145.505725] nv_ov5647 9-0036: ov5647_start_streaming: sensor output-enable restored before stream
[  145.506279] nv_ov5647 9-0036: ov5647_dump_stream_regs: begin phase=after_stream_on
[  145.506469] nv_ov5647 9-0036: ov5647_dump_stream_regs: phase=after_stream_on reg=0x0100 name=mode_select val=0x01
[  145.506661] nv_ov5647 9-0036: ov5647_dump_stream_regs: phase=after_stream_on reg=0x0103 name=sw_reset val=0x00
[  145.506851] nv_ov5647 9-0036: ov5647_dump_stream_regs: phase=after_stream_on reg=0x3000 name=sys_ctrl0 val=0x0f
[  145.507039] nv_ov5647 9-0036: ov5647_dump_stream_regs: phase=after_stream_on reg=0x3001 name=sys_ctrl1 val=0xff
[  145.507258] nv_ov5647 9-0036: ov5647_dump_stream_regs: phase=after_stream_on reg=0x3002 name=sys_ctrl2 val=0xe4
[  145.507471] nv_ov5647 9-0036: ov5647_dump_stream_regs: phase=after_stream_on reg=0x300d name=pad_out val=0x00
[  145.507676] nv_ov5647 9-0036: ov5647_dump_stream_regs: phase=after_stream_on reg=0x3016 name=mipi_ctrl16 val=0x08
[  145.507866] nv_ov5647 9-0036: ov5647_dump_stream_regs: phase=after_stream_on reg=0x3017 name=mipi_ctrl17 val=0xe0
[  145.508054] nv_ov5647 9-0036: ov5647_dump_stream_regs: phase=after_stream_on reg=0x3018 name=mipi_ctrl18 val=0x44
[  145.508241] nv_ov5647 9-0036: ov5647_dump_stream_regs: phase=after_stream_on reg=0x3034 name=pll_ctrl34 val=0x1a
[  145.508427] nv_ov5647 9-0036: ov5647_dump_stream_regs: phase=after_stream_on reg=0x3035 name=pll_ctrl35 val=0x21
[  145.508617] nv_ov5647 9-0036: ov5647_dump_stream_regs: phase=after_stream_on reg=0x3036 name=pll_ctrl36 val=0x46
[  145.508806] nv_ov5647 9-0036: ov5647_dump_stream_regs: phase=after_stream_on reg=0x303c name=pll_ctrl3c val=0x11
[  145.508995] nv_ov5647 9-0036: ov5647_dump_stream_regs: phase=after_stream_on reg=0x3808 name=x_output_size_h val=0x02
[  145.509290] nv_ov5647 9-0036: ov5647_dump_stream_regs: phase=after_stream_on reg=0x3809 name=x_output_size_l val=0x80
[  145.509496] nv_ov5647 9-0036: ov5647_dump_stream_regs: phase=after_stream_on reg=0x380a name=y_output_size_h val=0x01
[  145.509691] nv_ov5647 9-0036: ov5647_dump_stream_regs: phase=after_stream_on reg=0x380b name=y_output_size_l val=0xe0
[  145.509883] nv_ov5647 9-0036: ov5647_dump_stream_regs: phase=after_stream_on reg=0x380c name=hts_h val=0x07
[  145.510074] nv_ov5647 9-0036: ov5647_dump_stream_regs: phase=after_stream_on reg=0x380d name=hts_l val=0x3c
[  145.510264] nv_ov5647 9-0036: ov5647_dump_stream_regs: phase=after_stream_on reg=0x380e name=vts_h val=0x01
[  145.510454] nv_ov5647 9-0036: ov5647_dump_stream_regs: phase=after_stream_on reg=0x380f name=vts_l val=0xf8
[  145.510644] nv_ov5647 9-0036: ov5647_dump_stream_regs: phase=after_stream_on reg=0x3820 name=timing_format1 val=0x41
[  145.510833] nv_ov5647 9-0036: ov5647_dump_stream_regs: phase=after_stream_on reg=0x3821 name=timing_format2 val=0x03
[  145.511023] nv_ov5647 9-0036: ov5647_dump_stream_regs: phase=after_stream_on reg=0x4202 name=frame_off_number val=0x00
[  145.511212] nv_ov5647 9-0036: ov5647_dump_stream_regs: phase=after_stream_on reg=0x4800 name=mipi_ctrl00 val=0x34
[  145.511416] nv_ov5647 9-0036: ov5647_dump_stream_regs: phase=after_stream_on reg=0x4814 name=mipi_ctrl14 val=0x2a
[  145.511613] nv_ov5647 9-0036: ov5647_dump_stream_regs: phase=after_stream_on reg=0x503d name=ispctrl3d_test_pattern val=0x00
[  145.511616] nv_ov5647 9-0036: ov5647_dump_stream_regs: end phase=after_stream_on
[  145.511618] nv_ov5647 9-0036: ov5647_start_streaming: exit success
[  148.193136] tegra-camrtc-capture-vi tegra-capture-vi: uncorr_err: request timed out after 2500 ms
[  150.753187] tegra-camrtc-capture-vi tegra-capture-vi: uncorr_err: request timed out after 2500 ms
[  153.313454] tegra-camrtc-capture-vi tegra-capture-vi: uncorr_err: request timed out after 2500 ms
[  155.873311] tegra-camrtc-capture-vi tegra-capture-vi: uncorr_err: request timed out after 2500 ms
[  175.443720] nv_ov5647 9-0036: ov5647_stop_streaming: enter
[  175.443729] nv_ov5647 9-0036: ov5647_dump_stream_regs: begin phase=before_stream_off
[  175.443954] nv_ov5647 9-0036: ov5647_dump_stream_regs: phase=before_stream_off reg=0x0100 name=mode_select val=0x01
[  175.444147] nv_ov5647 9-0036: ov5647_dump_stream_regs: phase=before_stream_off reg=0x0103 name=sw_reset val=0x00
[  175.444337] nv_ov5647 9-0036: ov5647_dump_stream_regs: phase=before_stream_off reg=0x3000 name=sys_ctrl0 val=0x0f
[  175.444530] nv_ov5647 9-0036: ov5647_dump_stream_regs: phase=before_stream_off reg=0x3001 name=sys_ctrl1 val=0xff
[  175.444720] nv_ov5647 9-0036: ov5647_dump_stream_regs: phase=before_stream_off reg=0x3002 name=sys_ctrl2 val=0xe4
[  175.444926] nv_ov5647 9-0036: ov5647_dump_stream_regs: phase=before_stream_off reg=0x300d name=pad_out val=0x00
[  175.445132] nv_ov5647 9-0036: ov5647_dump_stream_regs: phase=before_stream_off reg=0x3016 name=mipi_ctrl16 val=0x08
[  175.445328] nv_ov5647 9-0036: ov5647_dump_stream_regs: phase=before_stream_off reg=0x3017 name=mipi_ctrl17 val=0xe0
[  175.445517] nv_ov5647 9-0036: ov5647_dump_stream_regs: phase=before_stream_off reg=0x3018 name=mipi_ctrl18 val=0x44
[  175.445706] nv_ov5647 9-0036: ov5647_dump_stream_regs: phase=before_stream_off reg=0x3034 name=pll_ctrl34 val=0x1a
[  175.445894] nv_ov5647 9-0036: ov5647_dump_stream_regs: phase=before_stream_off reg=0x3035 name=pll_ctrl35 val=0x21
[  175.446088] nv_ov5647 9-0036: ov5647_dump_stream_regs: phase=before_stream_off reg=0x3036 name=pll_ctrl36 val=0x46
[  175.446277] nv_ov5647 9-0036: ov5647_dump_stream_regs: phase=before_stream_off reg=0x303c name=pll_ctrl3c val=0x11
[  175.446463] nv_ov5647 9-0036: ov5647_dump_stream_regs: phase=before_stream_off reg=0x3808 name=x_output_size_h val=0x02
[  175.446648] nv_ov5647 9-0036: ov5647_dump_stream_regs: phase=before_stream_off reg=0x3809 name=x_output_size_l val=0x80
[  175.446833] nv_ov5647 9-0036: ov5647_dump_stream_regs: phase=before_stream_off reg=0x380a name=y_output_size_h val=0x01
[  175.447021] nv_ov5647 9-0036: ov5647_dump_stream_regs: phase=before_stream_off reg=0x380b name=y_output_size_l val=0xe0
[  175.447215] nv_ov5647 9-0036: ov5647_dump_stream_regs: phase=before_stream_off reg=0x380c name=hts_h val=0x07
[  175.447409] nv_ov5647 9-0036: ov5647_dump_stream_regs: phase=before_stream_off reg=0x380d name=hts_l val=0x3c
[  175.447603] nv_ov5647 9-0036: ov5647_dump_stream_regs: phase=before_stream_off reg=0x380e name=vts_h val=0x01
[  175.447796] nv_ov5647 9-0036: ov5647_dump_stream_regs: phase=before_stream_off reg=0x380f name=vts_l val=0xf8
[  175.447989] nv_ov5647 9-0036: ov5647_dump_stream_regs: phase=before_stream_off reg=0x3820 name=timing_format1 val=0x41
[  175.448183] nv_ov5647 9-0036: ov5647_dump_stream_regs: phase=before_stream_off reg=0x3821 name=timing_format2 val=0x03
[  175.448377] nv_ov5647 9-0036: ov5647_dump_stream_regs: phase=before_stream_off reg=0x4202 name=frame_off_number val=0x00
[  175.448571] nv_ov5647 9-0036: ov5647_dump_stream_regs: phase=before_stream_off reg=0x4800 name=mipi_ctrl00 val=0x34
[  175.448764] nv_ov5647 9-0036: ov5647_dump_stream_regs: phase=before_stream_off reg=0x4814 name=mipi_ctrl14 val=0x2a
[  175.448962] nv_ov5647 9-0036: ov5647_dump_stream_regs: phase=before_stream_off reg=0x503d name=ispctrl3d_test_pattern val=0x00
[  175.448966] nv_ov5647 9-0036: ov5647_dump_stream_regs: end phase=before_stream_off
[  175.449506] nv_ov5647 9-0036: ov5647_dump_stream_regs: begin phase=after_stream_off
[  175.450017] nv_ov5647 9-0036: ov5647_dump_stream_regs: phase=after_stream_off reg=0x0100 name=mode_select val=0x00
[  175.450216] nv_ov5647 9-0036: ov5647_dump_stream_regs: phase=after_stream_off reg=0x0103 name=sw_reset val=0x00
[  175.450409] nv_ov5647 9-0036: ov5647_dump_stream_regs: phase=after_stream_off reg=0x3000 name=sys_ctrl0 val=0x0f
[  175.450600] nv_ov5647 9-0036: ov5647_dump_stream_regs: phase=after_stream_off reg=0x3001 name=sys_ctrl1 val=0xff
[  175.450787] nv_ov5647 9-0036: ov5647_dump_stream_regs: phase=after_stream_off reg=0x3002 name=sys_ctrl2 val=0xe4
[  175.450973] nv_ov5647 9-0036: ov5647_dump_stream_regs: phase=after_stream_off reg=0x300d name=pad_out val=0x01
[  175.451165] nv_ov5647 9-0036: ov5647_dump_stream_regs: phase=after_stream_off reg=0x3016 name=mipi_ctrl16 val=0x08
[  175.451358] nv_ov5647 9-0036: ov5647_dump_stream_regs: phase=after_stream_off reg=0x3017 name=mipi_ctrl17 val=0xe0
[  175.451552] nv_ov5647 9-0036: ov5647_dump_stream_regs: phase=after_stream_off reg=0x3018 name=mipi_ctrl18 val=0x44
[  175.451745] nv_ov5647 9-0036: ov5647_dump_stream_regs: phase=after_stream_off reg=0x3034 name=pll_ctrl34 val=0x1a
[  175.451939] nv_ov5647 9-0036: ov5647_dump_stream_regs: phase=after_stream_off reg=0x3035 name=pll_ctrl35 val=0x21
[  175.452132] nv_ov5647 9-0036: ov5647_dump_stream_regs: phase=after_stream_off reg=0x3036 name=pll_ctrl36 val=0x46
[  175.452325] nv_ov5647 9-0036: ov5647_dump_stream_regs: phase=after_stream_off reg=0x303c name=pll_ctrl3c val=0x11
[  175.452518] nv_ov5647 9-0036: ov5647_dump_stream_regs: phase=after_stream_off reg=0x3808 name=x_output_size_h val=0x02
[  175.452712] nv_ov5647 9-0036: ov5647_dump_stream_regs: phase=after_stream_off reg=0x3809 name=x_output_size_l val=0x80
[  175.452904] nv_ov5647 9-0036: ov5647_dump_stream_regs: phase=after_stream_off reg=0x380a name=y_output_size_h val=0x01
[  175.453104] nv_ov5647 9-0036: ov5647_dump_stream_regs: phase=after_stream_off reg=0x380b name=y_output_size_l val=0xe0
[  175.453290] nv_ov5647 9-0036: ov5647_dump_stream_regs: phase=after_stream_off reg=0x380c name=hts_h val=0x07
[  175.453474] nv_ov5647 9-0036: ov5647_dump_stream_regs: phase=after_stream_off reg=0x380d name=hts_l val=0x3c
[  175.453689] nv_ov5647 9-0036: ov5647_dump_stream_regs: phase=after_stream_off reg=0x380e name=vts_h val=0x01
[  175.453899] nv_ov5647 9-0036: ov5647_dump_stream_regs: phase=after_stream_off reg=0x380f name=vts_l val=0xf8
[  175.454099] nv_ov5647 9-0036: ov5647_dump_stream_regs: phase=after_stream_off reg=0x3820 name=timing_format1 val=0x41
[  175.454294] nv_ov5647 9-0036: ov5647_dump_stream_regs: phase=after_stream_off reg=0x3821 name=timing_format2 val=0x03
[  175.454482] nv_ov5647 9-0036: ov5647_dump_stream_regs: phase=after_stream_off reg=0x4202 name=frame_off_number val=0x0f
[  175.454668] nv_ov5647 9-0036: ov5647_dump_stream_regs: phase=after_stream_off reg=0x4800 name=mipi_ctrl00 val=0x25
[  175.454854] nv_ov5647 9-0036: ov5647_dump_stream_regs: phase=after_stream_off reg=0x4814 name=mipi_ctrl14 val=0x2a
[  175.455045] nv_ov5647 9-0036: ov5647_dump_stream_regs: phase=after_stream_off reg=0x503d name=ispctrl3d_test_pattern val=0x00
[  175.455047] nv_ov5647 9-0036: ov5647_dump_stream_regs: end phase=after_stream_off
[  175.455048] nv_ov5647 9-0036: ov5647_stop_streaming: exit success
[  175.457140] nv_ov5647 9-0036: ov5647_power_off: enter
[  175.457149] nv_ov5647 9-0036: ov5647_power_off: diagnostics pwdn_mode=0(normal) skip_board_setup_power_off=0
