[2026-04-22T07:56:44Z] CMD: bash -lc dmesg 2>&1 || true
[    0.000000] Booting Linux on physical CPU 0x0000000000 [0x410fd421]
[    0.000000] Linux version 5.15.185-tegra (buildbrain@239549d1-8639-491a-b9e7-120e21430986-l1eu-vqrkv) (aarch64-buildroot-linux-gnu-gcc.br_real (Buildroot 2022.08) 11.3.0, GNU ld (GNU Binutils) 2.38) #1 SMP PREEMPT Thu Jan 15 19:24:38 PST 2026 ()
[    0.000000] Machine model: NVIDIA Jetson Orin NX Engineering Reference Developer Kit
[    0.000000] efi: EFI v2.70 by EDK II
[    0.000000] efi: RTPROP=0x46de1e698 TPMFinalLog=0x45e8f0000 SMBIOS=0xffff0000 SMBIOS 3.0=0x46da40000 MEMATTR=0x467efe018 ESRT=0x468420518 TPMEventLog=0x45e0cc018 RNG=0x45e900018 MEMRESERVE=0x45e901f98 
[    0.000000] random: crng init done
[    0.000000] secureboot: Secure boot disabled
[    0.000000] esrt: Reserving ESRT space from 0x0000000468420518 to 0x0000000468420550.
[    0.000000] Reserved memory: created CMA memory pool at 0x0000000449000000, size 256 MiB
[    0.000000] OF: reserved mem: initialized node linux,cma, compatible id shared-dma-pool
[    0.000000] NUMA: No NUMA configuration found
[    0.000000] NUMA: Faking a node at [mem 0x0000000080000000-0x0000000477ffffff]
[    0.000000] NUMA: NODE_DATA [mem 0x4702fb800-0x4702fdfff]
[    0.000000] Zone ranges:
[    0.000000]   DMA      [mem 0x0000000080000000-0x00000000ffffffff]
[    0.000000]   DMA32    empty
[    0.000000]   Normal   [mem 0x0000000100000000-0x0000000477ffffff]
[    0.000000] Movable zone start for each node
[    0.000000] Early memory node ranges
[    0.000000]   node   0: [mem 0x0000000080000000-0x00000000bdffffff]
[    0.000000]   node   0: [mem 0x00000000c2000000-0x00000000fffdffff]
[    0.000000]   node   0: [mem 0x00000000fffe0000-0x00000000ffffffff]
[    0.000000]   node   0: [mem 0x0000000100000000-0x000000045d48ffff]
[    0.000000]   node   0: [mem 0x000000045d490000-0x000000045e0bffff]
[    0.000000]   node   0: [mem 0x000000045e0c0000-0x000000045e0effff]
[    0.000000]   node   0: [mem 0x000000045e0f0000-0x000000045e0fffff]
[    0.000000]   node   0: [mem 0x000000045e100000-0x000000045e14ffff]
[    0.000000]   node   0: [mem 0x000000045e150000-0x000000045e30ffff]
[    0.000000]   node   0: [mem 0x000000045e310000-0x000000045e8effff]
[    0.000000]   node   0: [mem 0x000000045e8f0000-0x000000045e8fffff]
[    0.000000]   node   0: [mem 0x000000045e900000-0x000000046bedffff]
[    0.000000]   node   0: [mem 0x000000046bee0000-0x000000046de1ffff]
[    0.000000]   node   0: [mem 0x000000046de20000-0x0000000471dfffff]
[    0.000000]   node   0: [mem 0x0000000471e00000-0x0000000471ffffff]
[    0.000000]   node   0: [mem 0x0000000472000000-0x000000047259ffff]
[    0.000000]   node   0: [mem 0x0000000476000000-0x0000000477ffffff]
[    0.000000] mminit::pageflags_layout_widths Section 0 Node 4 Zone 2 Lastcpupid 16 Kasantag 0 Flags 24
[    0.000000] mminit::pageflags_layout_shifts Section 21 Node 4 Zone 2 Lastcpupid 16 Kasantag 0
[    0.000000] mminit::pageflags_layout_pgshifts Section 0 Node 60 Zone 58 Lastcpupid 42 Kasantag 0
[    0.000000] mminit::pageflags_layout_nodezoneid Node/Zone ID: 64 -> 58
[    0.000000] mminit::pageflags_layout_usage location: 64 -> 42 layout 42 -> 24 unused 24 -> 0 page-flags
[    0.000000] Initmem setup node 0 [mem 0x0000000080000000-0x0000000477ffffff]
[    0.000000] mminit::memmap_init Initialising map node 0 zone 0 pfns 524288 -> 1048576
[    0.000000] mminit::memmap_init Initialising map node 0 zone 2 pfns 1048576 -> 4685824
[    0.000000] On node 0, zone DMA: 16384 pages in unavailable ranges
[    0.000000] On node 0, zone Normal: 14944 pages in unavailable ranges
[    0.000000] psci: probing for conduit method from DT.
[    0.000000] psci: PSCIv1.1 detected in firmware.
[    0.000000] psci: Using standard PSCI v0.2 function IDs
[    0.000000] psci: Trusted OS migration not required
[    0.000000] psci: SMC Calling Convention v1.2
[    0.000000] percpu: Embedded 30 pages/cpu s83480 r8192 d31208 u122880
[    0.000000] pcpu-alloc: s83480 r8192 d31208 u122880 alloc=30*4096
[    0.000000] pcpu-alloc: [0] 0 [0] 1 [0] 2 [0] 3 [0] 4 [0] 5 [0] 6 [0] 7 
[    0.000000] Detected PIPT I-cache on CPU0
[    0.000000] CPU features: detected: Address authentication (architected algorithm)
[    0.000000] CPU features: detected: GIC system register CPU interface
[    0.000000] CPU features: detected: Virtualization Host Extensions
[    0.000000] CPU features: detected: Hardware dirty bit management
[    0.000000] CPU features: detected: Spectre-v4
[    0.000000] CPU features: detected: Spectre-BHB
[    0.000000] CPU features: kernel page table isolation forced ON by KASLR
[    0.000000] CPU features: detected: Kernel page table isolation (KPTI)
[    0.000000] alternatives: patching kernel code
[    0.000000] mminit::zonelist general 0:DMA = 0:DMA 
[    0.000000] mminit::zonelist general 0:Normal = 0:Normal 0:DMA 
[    0.000000] mminit::zonelist thisnode 0:DMA = 0:DMA 
[    0.000000] mminit::zonelist thisnode 0:Normal = 0:Normal 0:DMA 
[    0.000000] Built 1 zonelists, mobility grouping on.  Total pages: 4065184
[    0.000000] Policy zone: Normal
[    0.000000] Kernel command line: root=PARTUUID=03f3e885-a6e9-47ba-b7e1-ccc5bf71a344 rw rootwait rootfstype=ext4 mminit_loglevel=4 console=ttyTCU0,115200 firmware_class.path=/etc/firmware fbcon=map:0 video=efifb:off console=tty0 efi=runtime pci=pcie_bus_perf nvme.use_threaded_interrupts=1 boot_profile=ov5647-dev bl_prof_dataptr=2031616@0x471E10000 bl_prof_ro_ptr=65536@0x471E00000 
[    0.000000] Unknown kernel command line parameters "boot_profile=ov5647-dev bl_prof_dataptr=2031616@0x471E10000 bl_prof_ro_ptr=65536@0x471E00000", will be passed to user space.
[    0.000000] Dentry cache hash table entries: 2097152 (order: 12, 16777216 bytes, linear)
[    0.000000] Inode-cache hash table entries: 1048576 (order: 11, 8388608 bytes, linear)
[    0.000000] mem auto-init: stack:off, heap alloc:off, heap free:off
[    0.000000] software IO TLB: mapped [mem 0x00000000fbfe0000-0x00000000fffe0000] (64MB)
[    0.000000] Memory: 15732944K/16520832K available (20480K kernel code, 4086K rwdata, 10172K rodata, 7744K init, 529K bss, 525744K reserved, 262144K cma-reserved)
[    0.000000] SLUB: HWalign=64, Order=0-3, MinObjects=0, CPUs=8, Nodes=1
[    0.000000] trace event string verifier disabled
[    0.000000] rcu: Preemptible hierarchical RCU implementation.
[    0.000000] rcu: 	RCU event tracing is enabled.
[    0.000000] rcu: 	RCU restricting CPUs from NR_CPUS=256 to nr_cpu_ids=8.
[    0.000000] 	Trampoline variant of Tasks RCU enabled.
[    0.000000] 	Rude variant of Tasks RCU enabled.
[    0.000000] 	Tracing variant of Tasks RCU enabled.
[    0.000000] rcu: RCU calculated value of scheduler-enlistment delay is 25 jiffies.
[    0.000000] rcu: Adjusting geometry for rcu_fanout_leaf=16, nr_cpu_ids=8
[    0.000000] NR_IRQS: 64, nr_irqs: 64, preallocated irqs: 0
[    0.000000] GICv3: GIC: Using split EOI/Deactivate mode
[    0.000000] GICv3: 960 SPIs implemented
[    0.000000] GICv3: 0 Extended SPIs implemented
[    0.000000] GICv3: Distributor has no Range Selector support
[    0.000000] Root IRQ handler: gic_handle_irq
[    0.000000] GICv3: 16 PPIs implemented
[    0.000000] GICv3: CPU0: found redistributor 0 region 0:0x000000000f440000
[    0.000000] arch_timer: cp15 timer(s) running at 31.25MHz (phys).
[    0.000000] clocksource: arch_sys_counter: mask: 0xffffffffffffff max_cycles: 0xe6a171046, max_idle_ns: 881590405314 ns
[    0.000000] sched_clock: 56 bits at 31MHz, resolution 32ns, wraps every 4398046511088ns
[    0.000348] Console: colour dummy device 80x25
[    0.000355] printk: console [tty0] enabled
[    0.000399] Calibrating delay loop (skipped), value calculated using timer frequency.. 62.50 BogoMIPS (lpj=125000)
[    0.000404] pid_max: default: 32768 minimum: 301
[    0.000434] LSM: Security Framework initializing
[    0.000452] Yama: becoming mindful.
[    0.000462] SELinux:  Initializing.
[    0.000528] Mount-cache hash table entries: 32768 (order: 6, 262144 bytes, linear)
[    0.000548] Mountpoint-cache hash table entries: 32768 (order: 6, 262144 bytes, linear)
[    0.001401] rcu: Hierarchical SRCU implementation.
[    0.003621] Tegra Revision: A01 SKU: 211 CPU Process: 0 SoC Process: 0
[    0.003878] Remapping and enabling EFI services.
[    0.004891] smp: Bringing up secondary CPUs ...
[    0.005259] Detected PIPT I-cache on CPU1
[    0.005288] GICv3: CPU1: found redistributor 100 region 0:0x000000000f460000
[    0.005312] CPU1: Booted secondary processor 0x0000000100 [0x410fd421]
[    0.005670] Detected PIPT I-cache on CPU2
[    0.005681] GICv3: CPU2: found redistributor 200 region 0:0x000000000f480000
[    0.005693] CPU2: Booted secondary processor 0x0000000200 [0x410fd421]
[    0.006007] Detected PIPT I-cache on CPU3
[    0.006017] GICv3: CPU3: found redistributor 300 region 0:0x000000000f4a0000
[    0.006028] CPU3: Booted secondary processor 0x0000000300 [0x410fd421]
[    0.008319] Detected PIPT I-cache on CPU4
[    0.008341] GICv3: CPU4: found redistributor 10000 region 0:0x000000000f4c0000
[    0.008362] CPU4: Booted secondary processor 0x0000010000 [0x410fd421]
[    0.008728] Detected PIPT I-cache on CPU5
[    0.008737] GICv3: CPU5: found redistributor 10100 region 0:0x000000000f4e0000
[    0.008749] CPU5: Booted secondary processor 0x0000010100 [0x410fd421]
[    0.009077] Detected PIPT I-cache on CPU6
[    0.009087] GICv3: CPU6: found redistributor 10200 region 0:0x000000000f500000
[    0.009099] CPU6: Booted secondary processor 0x0000010200 [0x410fd421]
[    0.009435] Detected PIPT I-cache on CPU7
[    0.009446] GICv3: CPU7: found redistributor 10300 region 0:0x000000000f520000
[    0.009458] CPU7: Booted secondary processor 0x0000010300 [0x410fd421]
[    0.009504] smp: Brought up 1 node, 8 CPUs
[    0.009507] SMP: Total of 8 processors activated.
[    0.009509] CPU features: detected: 32-bit EL0 Support
[    0.009510] CPU features: detected: Data cache clean to the PoU not required for I/D coherence
[    0.009512] CPU features: detected: Common not Private translations
[    0.009513] CPU features: detected: CRC32 instructions
[    0.009513] CPU features: detected: Data cache clean to Point of Persistence
[    0.009515] CPU features: detected: Generic authentication (architected algorithm)
[    0.009515] CPU features: detected: RCpc load-acquire (LDAPR)
[    0.009516] CPU features: detected: LSE atomic instructions
[    0.009517] CPU features: detected: Privileged Access Never
[    0.009517] CPU features: detected: RAS Extension Support
[    0.009519] CPU features: detected: Speculative Store Bypassing Safe (SSBS)
[    0.036968] CPU: All CPU(s) started at EL2
[    0.038677] devtmpfs: initialized
[    0.050018] KASLR enabled
[    0.050111] clocksource: jiffies: mask: 0xffffffff max_cycles: 0xffffffff, max_idle_ns: 7645041785100000 ns
[    0.050123] futex hash table entries: 2048 (order: 5, 131072 bytes, linear)
[    0.052266] pinctrl core: initialized pinctrl subsystem
[    0.052791] SMBIOS 3.6.0 present.
[    0.052799] DMI: NVIDIA NVIDIA Jetson Orin NX Engineering Reference Developer Kit/Jetson, BIOS 36.5.0-gcid-43688277 01/16/2026
[    0.053102] NET: Registered PF_NETLINK/PF_ROUTE protocol family
[    0.054310] DMA: preallocated 2048 KiB GFP_KERNEL pool for atomic allocations
[    0.054441] DMA: preallocated 2048 KiB GFP_KERNEL|GFP_DMA pool for atomic allocations
[    0.054559] DMA: preallocated 2048 KiB GFP_KERNEL|GFP_DMA32 pool for atomic allocations
[    0.054592] audit: initializing netlink subsys (disabled)
[    0.054682] audit: type=2000 audit(0.052:1): state=initialized audit_enabled=0 res=1
[    0.055706] thermal_sys: Registered thermal governor 'step_wise'
[    0.055709] thermal_sys: Registered thermal governor 'user_space'
[    0.055711] thermal_sys: Registered thermal governor 'power_allocator'
[    0.057841] cpuidle: using governor menu
[    0.057976] hw-breakpoint: found 6 breakpoint and 4 watchpoint registers.
[    0.058058] ASID allocator initialised with 32768 entries
[    0.059190] Serial: AMBA PL011 UART driver
[    0.067712] 31d0000.serial: ttyAMA0 at MMIO 0x31d0000 (irq = 117, base_baud = 0) is a SBSA
[    0.075645] platform bpmp: Fixing up cyclic dependency with 2c60000.external-memory-controller
[    0.082430] HugeTLB registered 1.00 GiB page size, pre-allocated 0 pages
[    0.082436] HugeTLB registered 32.0 MiB page size, pre-allocated 0 pages
[    0.082438] HugeTLB registered 2.00 MiB page size, pre-allocated 0 pages
[    0.082440] HugeTLB registered 64.0 KiB page size, pre-allocated 0 pages
[    0.083078] cryptd: max_cpu_qlen set to 1000
[    0.084398] ACPI: Interpreter disabled.
[    0.085271] VDD_1V8_AO: supplied by VDD_5V0_SYS
[    0.085368] VDD_3V3_AO: supplied by VDD_5V0_SYS
[    0.085514] VDD_AV10_HUB: supplied by VDD_5V0_SYS
[    0.085812] iommu: Default domain type: Translated 
[    0.085815] iommu: DMA domain TLB invalidation policy: strict mode 
[    0.085982] SCSI subsystem initialized
[    0.086035] libata version 3.00 loaded.
[    0.086086] vgaarb: loaded
[    0.086184] usbcore: registered new interface driver usbfs
[    0.086196] usbcore: registered new interface driver hub
[    0.086205] usbcore: registered new device driver usb
[    0.086517] pps_core: LinuxPPS API ver. 1 registered
[    0.086519] pps_core: Software ver. 5.3.6 - Copyright 2005-2007 Rodolfo Giometti <giometti@linux.it>
[    0.086524] PTP clock support registered
[    0.086570] EDAC MC: Ver: 3.0.0
[    0.087195] Registered efivars operations
[    0.087587] FPGA manager framework
[    0.087629] Advanced Linux Sound Architecture Driver Initialized.
[    0.087919] Bluetooth: Core ver 2.22
[    0.087933] NET: Registered PF_BLUETOOTH protocol family
[    0.087935] Bluetooth: HCI device and connection manager initialized
[    0.087940] Bluetooth: HCI socket layer initialized
[    0.087943] Bluetooth: L2CAP socket layer initialized
[    0.087950] Bluetooth: SCO socket layer initialized
[    0.088222] clocksource: Switched to clocksource arch_sys_counter
[    0.116987] VFS: Disk quotas dquot_6.6.0
[    0.117031] VFS: Dquot-cache hash table entries: 512 (order 0, 4096 bytes)
[    0.117280] pnp: PnP ACPI: disabled
[    0.121049] NET: Registered PF_INET protocol family
[    0.121681] IP idents hash table entries: 262144 (order: 9, 2097152 bytes, linear)
[    0.124139] tcp_listen_portaddr_hash hash table entries: 8192 (order: 5, 131072 bytes, linear)
[    0.124341] Table-perturb hash table entries: 65536 (order: 6, 262144 bytes, linear)
[    0.124365] TCP established hash table entries: 131072 (order: 8, 1048576 bytes, linear)
[    0.124789] TCP bind hash table entries: 65536 (order: 8, 1048576 bytes, linear)
[    0.126249] TCP: Hash tables configured (established 131072 bind 65536)
[    0.126449] UDP hash table entries: 8192 (order: 6, 262144 bytes, linear)
[    0.126610] UDP-Lite hash table entries: 8192 (order: 6, 262144 bytes, linear)
[    0.126976] NET: Registered PF_UNIX/PF_LOCAL protocol family
[    0.127451] RPC: Registered named UNIX socket transport module.
[    0.127455] RPC: Registered udp transport module.
[    0.127457] RPC: Registered tcp transport module.
[    0.127458] RPC: Registered tcp NFSv4.1 backchannel transport module.
[    0.127473] PCI: CLS 0 bytes, default 64
[    0.127749] Unpacking initramfs...
[    0.137296] hw perfevents: enabled with armv8_cortex_a78 PMU driver, 7 counters available
[    0.137619] kvm [1]: IPA Size Limit: 48 bits
[    0.137656] kvm [1]: GICv3: no GICV resource entry
[    0.137664] kvm [1]: disabling GICv2 emulation
[    0.137690] kvm [1]: GIC system register CPU interface enabled
[    0.137773] kvm [1]: vgic interrupt IRQ9
[    0.137943] kvm [1]: VHE mode initialized successfully
[    0.141137] Initialise system trusted keyrings
[    0.141177] Key type blacklist registered
[    0.141291] workingset: timestamp_bits=42 max_order=22 bucket_order=0
[    0.145014] squashfs: version 4.0 (2009/01/31) Phillip Lougher
[    0.145546] NFS: Registering the id_resolver key type
[    0.145580] Key type id_resolver registered
[    0.145585] Key type id_legacy registered
[    0.145645] nfs4filelayout_init: NFSv4 File Layout Driver Registering...
[    0.145660] nfs4flexfilelayout_init: NFSv4 Flexfile Layout Driver Registering...
[    0.145685] ntfs: driver 2.1.32 [Flags: R/O].
[    0.145889] 9p: Installing v9fs 9p2000 file system support
[    0.146634] integrity: Platform Keyring initialized
[    0.158213] Key type asymmetric registered
[    0.158220] Asymmetric key parser 'x509' registered
[    0.158298] Block layer SCSI generic (bsg) driver version 0.4 loaded (major 245)
[    0.158309] io scheduler mq-deadline registered
[    0.158315] io scheduler kyber registered
[    0.168850] EINJ: ACPI disabled.
[    0.181220] Serial: 8250/16550 driver, 4 ports, IRQ sharing enabled
[    0.182997] SuperH (H)SCI(F) driver initialized
[    0.183344] msm_serial: driver initialized
[    0.183990] printk: console [ttyTCU0] enabled
[    0.184930] arm-smmu 8000000.iommu: probing hardware configuration...
[    0.184936] arm-smmu 8000000.iommu: SMMUv2 with:
[    0.184943] arm-smmu 8000000.iommu: 	stage 1 translation
[    0.184945] arm-smmu 8000000.iommu: 	stage 2 translation
[    0.184947] arm-smmu 8000000.iommu: 	nested translation
[    0.184953] arm-smmu 8000000.iommu: 	stream matching with 128 register groups
[    0.184960] arm-smmu 8000000.iommu: 	128 context banks (0 stage-2 only)
[    0.184991] arm-smmu 8000000.iommu: 	Supported page sizes: 0x61311000
[    0.184996] arm-smmu 8000000.iommu: 	Stage-1: 48-bit VA -> 48-bit IPA
[    0.185000] arm-smmu 8000000.iommu: 	Stage-2: 48-bit IPA -> 48-bit PA
[    0.185999] arm-smmu 10000000.iommu: probing hardware configuration...
[    0.186003] arm-smmu 10000000.iommu: SMMUv2 with:
[    0.186006] arm-smmu 10000000.iommu: 	stage 1 translation
[    0.186006] arm-smmu 10000000.iommu: 	stage 2 translation
[    0.186007] arm-smmu 10000000.iommu: 	nested translation
[    0.186010] arm-smmu 10000000.iommu: 	stream matching with 128 register groups
[    0.186012] arm-smmu 10000000.iommu: 	128 context banks (0 stage-2 only)
[    0.186017] arm-smmu 10000000.iommu: 	Supported page sizes: 0x61311000
[    0.186018] arm-smmu 10000000.iommu: 	Stage-1: 48-bit VA -> 48-bit IPA
[    0.186019] arm-smmu 10000000.iommu: 	Stage-2: 48-bit IPA -> 48-bit PA
[    0.186385] arm-smmu 12000000.iommu: probing hardware configuration...
[    0.186389] arm-smmu 12000000.iommu: SMMUv2 with:
[    0.186390] arm-smmu 12000000.iommu: 	stage 1 translation
[    0.186392] arm-smmu 12000000.iommu: 	stage 2 translation
[    0.186393] arm-smmu 12000000.iommu: 	nested translation
[    0.186396] arm-smmu 12000000.iommu: 	stream matching with 128 register groups
[    0.186398] arm-smmu 12000000.iommu: 	128 context banks (0 stage-2 only)
[    0.186402] arm-smmu 12000000.iommu: 	Supported page sizes: 0x61311000
[    0.186403] arm-smmu 12000000.iommu: 	Stage-1: 48-bit VA -> 48-bit IPA
[    0.186404] arm-smmu 12000000.iommu: 	Stage-2: 48-bit IPA -> 48-bit PA
[    0.194788] loop: module loaded
[    0.195771] megasas: 07.727.03.00-rc1
[    0.199730] tun: Universal TUN/TAP device driver, 1.6
[    0.200290] thunder_xcv, ver 1.0
[    0.200327] thunder_bgx, ver 1.0
[    0.200350] nicpf, ver 1.0
[    0.201221] hns3: Hisilicon Ethernet Network Driver for Hip08 Family - version
[    0.201229] hns3: Copyright (c) 2017 Huawei Corporation.
[    0.201271] hclge is initializing
[    0.201301] e1000: Intel(R) PRO/1000 Network Driver
[    0.201308] e1000: Copyright (c) 1999-2006 Intel Corporation.
[    0.201339] e1000e: Intel(R) PRO/1000 Network Driver
[    0.201343] e1000e: Copyright(c) 1999 - 2015 Intel Corporation.
[    0.201377] igb: Intel(R) Gigabit Ethernet Network Driver
[    0.201383] igb: Copyright (c) 2007-2014 Intel Corporation.
[    0.201404] igbvf: Intel(R) Gigabit Virtual Function Network Driver
[    0.201410] igbvf: Copyright (c) 2009 - 2012 Intel Corporation.
[    0.201646] sky2: driver version 1.30
[    0.202332] VFIO - User Level meta-driver version: 0.3
[    0.203896] ehci_hcd: USB 2.0 'Enhanced' Host Controller (EHCI) Driver
[    0.203907] ehci-pci: EHCI PCI platform driver
[    0.203934] ehci-platform: EHCI generic platform driver
[    0.204015] ehci-orion: EHCI orion driver
[    0.204088] ehci-exynos: EHCI Exynos driver
[    0.204140] ohci_hcd: USB 1.1 'Open' Host Controller (OHCI) Driver
[    0.204165] ohci-pci: OHCI PCI platform driver
[    0.204193] ohci-platform: OHCI generic platform driver
[    0.204288] ohci-exynos: OHCI Exynos driver
[    0.204736] usbcore: registered new interface driver usb-storage
[    0.206603] i2c_dev: i2c /dev entries driver
[    0.207918] pps_ldisc: PPS line discipline registered
[    0.210355] device-mapper: ioctl: 4.45.0-ioctl (2021-03-22) initialised: dm-devel@redhat.com
[    0.212388] sdhci: Secure Digital Host Controller Interface driver
[    0.212392] sdhci: Copyright(c) Pierre Ossman
[    0.212839] Synopsys Designware Multimedia Card Interface Driver
[    0.213454] sdhci-pltfm: SDHCI platform and OF driver helper
[    0.214542] ledtrig-cpu: registered to indicate activity on CPUs
[    0.215548] SMCCC: SOC_ID: ID = jep106:036b:0234 Revision = 0x00000401
[    0.216176] tegra-bpmp bpmp: Adding to iommu group 0
[    0.217745] tegra-bpmp bpmp: firmware: 40c4ded2a7425760713a-68f126a8abf
[    0.383423] Freeing initrd memory: 15548K
[    3.373254] clocksource: tsc: mask: 0xffffffffffffff max_cycles: 0xe6a171046, max_idle_ns: 881590405314 ns
[    3.373276] clocksource: osc: mask: 0xffffffff max_cycles: 0xffffffff, max_idle_ns: 49772407460 ns
[    3.373282] clocksource: usec: mask: 0xffffffff max_cycles: 0xffffffff, max_idle_ns: 1911260446275 ns
[    3.373693] hid: raw HID events driver (C) Jiri Kosina
[    3.374068] usbcore: registered new interface driver usbhid
[    3.374074] usbhid: USB HID core driver
[    3.378854] optee: probing for conduit method.
[    3.378907] optee: revision 4.2 (5ef90dab)
[    3.438318] optee: dynamic shared memory is enabled
[    3.438585] optee: initialized driver
[    3.441480] usbcore: registered new interface driver snd-usb-audio
[    3.443092] NET: Registered PF_PACKET protocol family
[    3.443755] Bluetooth: RFCOMM TTY layer initialized
[    3.443769] Bluetooth: RFCOMM socket layer initialized
[    3.443791] Bluetooth: RFCOMM ver 1.11
[    3.444035] 9pnet: Installing 9P2000 support
[    3.444152] Key type dns_resolver registered
[    3.445191] printk: console [tty0]: printing thread started
[    3.445971] printk: console [ttyTCU0]: printing thread started
[    3.446050] Loading compiled-in X.509 certificates
[    3.448498] Loaded X.509 cert 'Build time autogenerated kernel key: d77ad5d0e7e5d02a2dc9cf8ec8dfa4a966aa85ba'
[    3.484985] tegra-gpcdma 2600000.dma-controller: Adding to iommu group 1
[    3.487156] tegra-gpcdma 2600000.dma-controller: GPC DMA driver register 31 channels
[    3.488852] 3100000.serial: ttyTHS1 at MMIO 0x3100000 (irq = 112, base_baud = 0) is a TEGRA_UART
[    3.489915] 3140000.serial: ttyTHS2 at MMIO 0x3140000 (irq = 113, base_baud = 0) is a TEGRA_UART
[    3.492255] tegra_rtc c2a0000.rtc: registered as rtc1
[    3.492267] tegra_rtc c2a0000.rtc: Tegra internal Real Time Clock
[    3.492705] tegra-i2c 3160000.i2c: Adding to iommu group 1
[    3.496119] tegra-i2c 3180000.i2c: Adding to iommu group 1
[    3.497613] tegra-i2c 31b0000.i2c: Adding to iommu group 1
[    3.498988] tegra-i2c c240000.i2c: Adding to iommu group 1
[    3.500240] i2c 1-0025: Fixing up cyclic dependency with 3520000.padctl
[    3.500745] tegra-i2c c250000.i2c: Adding to iommu group 1
[    3.502554] i2c i2c-2: Added multiplexed i2c bus 9
[    3.502709] i2c i2c-2: Added multiplexed i2c bus 10
[    3.502714] i2c-mux-gpio bus@0:cam_i2cmux: 2 port mux on 3180000.i2c adapter
[    3.521869] cpufreq: cpufreq_online: CPU4: Running at unlisted initial frequency: 1991000 KHz, changing to: 1984000 KHz
[    3.524286] tegra-xusb 3610000.usb: Adding to iommu group 2
[    3.539049] tegra-xusb 3610000.usb: Firmware timestamp: 2023-02-10 03:48:10 UTC
[    3.539055] tegra-xusb 3610000.usb: xHCI Host Controller
[    3.539065] tegra-xusb 3610000.usb: new USB bus registered, assigned bus number 1
[    3.539797] tegra-xusb 3610000.usb: hcc params 0x0180ff05 hci version 0x120 quirks 0x0000000000010810
[    3.539817] tegra-xusb 3610000.usb: irq 123, io mem 0x03610000
[    3.539924] tegra-xusb 3610000.usb: xHCI Host Controller
[    3.539927] tegra-xusb 3610000.usb: new USB bus registered, assigned bus number 2
[    3.539930] tegra-xusb 3610000.usb: Host supports USB 3.1 Enhanced SuperSpeed
[    3.540157] hub 1-0:1.0: USB hub found
[    3.540172] hub 1-0:1.0: 4 ports detected
[    3.540452] hub 2-0:1.0: USB hub found
[    3.540464] hub 2-0:1.0: 4 ports detected
[    3.542193] irq: IRQ227: trimming hierarchy from :bus@0:pmc@c360000
[    3.542250] irq: IRQ228: trimming hierarchy from :bus@0:interrupt-controller@f400000-1
[    3.542314] input: gpio-keys as /devices/platform/gpio-keys/input/input0
[    3.543035] clk: Disabling unused clocks
[    3.583575] ALSA device list:
[    3.583579]   No soundcards found.
[    3.594759] Freeing unused kernel memory: 7744K
[    3.594836] Run /init as init process
[    3.594837]   with arguments:
[    3.594837]     /init
[    3.594838]   with environment:
[    3.594838]     HOME=/
[    3.594838]     TERM=linux
[    3.594839]     boot_profile=ov5647-dev
[    3.594840]     bl_prof_dataptr=2031616@0x471E10000
[    3.594840]     bl_prof_ro_ptr=65536@0x471E00000
[    3.609980] Checking overlayfs setting...
[    3.618972] Overlayfs is disabled...
[    3.625804] Root device found: PARTUUID=03f3e885-a6e9-47ba-b7e1-ccc5bf71a344
[    3.876487] usb 1-2: new high-speed USB device number 2 using tegra-xusb
[    4.046825] hub 1-2:1.0: USB hub found
[    4.047971] hub 1-2:1.0: 4 ports detected
[    4.161494] usb 2-1: new SuperSpeed Plus Gen 2x1 USB device number 2 using tegra-xusb
[    4.210494] hub 2-1:1.0: USB hub found
[    4.212757] hub 2-1:1.0: 4 ports detected
[    4.316399] usb 1-3: new full-speed USB device number 3 using tegra-xusb
[    4.764211] usb 1-2.4: new low-speed USB device number 4 using tegra-xusb
[    4.885498] input: Lenovo Lenovo Calliope USB Keyboard as /devices/platform/bus@0/3610000.usb/usb1/1-2/1-2.4/1-2.4:1.0/0003:17EF:608C.0001/input/input1
[    5.040272] hid-generic 0003:17EF:608C.0001: input,hidraw0: USB HID v1.11 Keyboard [Lenovo Lenovo Calliope USB Keyboard] on usb-3610000.usb-2.4/input0
[    5.046859] input: Lenovo Lenovo Calliope USB Keyboard System Control as /devices/platform/bus@0/3610000.usb/usb1/1-2/1-2.4/1-2.4:1.1/0003:17EF:608C.0002/input/input2
[    5.104489] input: Lenovo Lenovo Calliope USB Keyboard Consumer Control as /devices/platform/bus@0/3610000.usb/usb1/1-2/1-2.4/1-2.4:1.1/0003:17EF:608C.0002/input/input3
[    5.104546] hid-generic 0003:17EF:608C.0002: input,hidraw1: USB HID v1.11 Device [Lenovo Lenovo Calliope USB Keyboard] on usb-3610000.usb-2.4/input1
[    7.192889] tegra194-pcie 14100000.pcie: Adding to iommu group 3
[    7.193736] irq: IRQ229: trimming hierarchy from :bus@0:interrupt-controller@f400000-1
[    7.194582] tegra194-pcie 14100000.pcie: host bridge /bus@0/pcie@14100000 ranges:
[    7.194599] tegra194-pcie 14100000.pcie:      MEM 0x2080000000..0x20a7ffffff -> 0x2080000000
[    7.194606] tegra194-pcie 14100000.pcie:      MEM 0x20a8000000..0x20afffffff -> 0x0040000000
[    7.194611] tegra194-pcie 14100000.pcie:       IO 0x0030100000..0x00301fffff -> 0x0030100000
[    7.194934] tegra194-pcie 14100000.pcie: iATU unroll: enabled
[    7.194937] tegra194-pcie 14100000.pcie: Detected iATU regions: 8 outbound, 2 inbound
[    7.214968] tegra-xudc 3550000.usb: Adding to iommu group 4
[    7.300396] tegra194-pcie 14100000.pcie: Link up
[    7.301785] tegra194-pcie 14100000.pcie: Link up
[    7.302128] tegra194-pcie 14100000.pcie: PCI host bridge to bus 0001:00
[    7.302132] pci_bus 0001:00: root bus resource [bus 00-ff]
[    7.302135] pci_bus 0001:00: root bus resource [mem 0x2080000000-0x20a7ffffff pref]
[    7.302138] pci_bus 0001:00: root bus resource [mem 0x20a8000000-0x20afffffff] (bus address [0x40000000-0x47ffffff])
[    7.302140] pci_bus 0001:00: root bus resource [io  0x0000-0xfffff] (bus address [0x30100000-0x301fffff])
[    7.302192] pci 0001:00:00.0: [10de:229e] type 01 class 0x060400
[    7.302358] pci 0001:00:00.0: PME# supported from D0 D3hot
[    7.305579] pci 0001:01:00.0: [10ec:c822] type 00 class 0x028000
[    7.306112] pci 0001:01:00.0: reg 0x10: [io  0x0000-0x00ff]
[    7.306158] pci 0001:01:00.0: reg 0x18: [mem 0x20a8000000-0x20a800ffff 64bit]
[    7.307038] pci 0001:01:00.0: supports D1 D2
[    7.307040] pci 0001:01:00.0: PME# supported from D0 D1 D2 D3hot D3cold
[    7.318928] pci 0001:00:00.0: BAR 14: assigned [mem 0x20a8000000-0x20a80fffff]
[    7.318932] pci 0001:00:00.0: BAR 13: assigned [io  0x1000-0x1fff]
[    7.318936] pci 0001:01:00.0: BAR 2: assigned [mem 0x20a8000000-0x20a800ffff 64bit]
[    7.319039] pci 0001:01:00.0: BAR 0: assigned [io  0x1000-0x10ff]
[    7.319070] pci 0001:00:00.0: PCI bridge to [bus 01-ff]
[    7.319073] pci 0001:00:00.0:   bridge window [io  0x1000-0x1fff]
[    7.319078] pci 0001:00:00.0:   bridge window [mem 0x20a8000000-0x20a80fffff]
[    7.319098] pci 0001:00:00.0: Max Payload Size set to  256/ 256 (was  128), Max Read Rq  256
[    7.319245] pci 0001:01:00.0: Max Payload Size set to  128/ 128 (was  128), Max Read Rq  128
[    7.319342] pcieport 0001:00:00.0: Adding to iommu group 3
[    7.319444] pcieport 0001:00:00.0: PME: Signaling with IRQ 190
[    7.319761] pcieport 0001:00:00.0: AER: enabled with IRQ 190
[    7.320591] tegra194-pcie 14160000.pcie: Adding to iommu group 5
[    7.323084] tegra194-pcie 14160000.pcie: host bridge /bus@0/pcie@14160000 ranges:
[    7.323102] tegra194-pcie 14160000.pcie:      MEM 0x2140000000..0x2427ffffff -> 0x2140000000
[    7.323109] tegra194-pcie 14160000.pcie:      MEM 0x2428000000..0x242fffffff -> 0x0040000000
[    7.323112] tegra194-pcie 14160000.pcie:       IO 0x0036100000..0x00361fffff -> 0x0036100000
[    7.323419] tegra194-pcie 14160000.pcie: iATU unroll: enabled
[    7.323421] tegra194-pcie 14160000.pcie: Detected iATU regions: 8 outbound, 2 inbound
[    7.428471] tegra194-pcie 14160000.pcie: Link up
[    7.431743] tegra194-pcie 14160000.pcie: Link up
[    7.431794] tegra194-pcie 14160000.pcie: PCI host bridge to bus 0004:00
[    7.431797] pci_bus 0004:00: root bus resource [bus 00-ff]
[    7.431800] pci_bus 0004:00: root bus resource [mem 0x2140000000-0x2427ffffff pref]
[    7.431804] pci_bus 0004:00: root bus resource [mem 0x2428000000-0x242fffffff] (bus address [0x40000000-0x47ffffff])
[    7.431807] pci_bus 0004:00: root bus resource [io  0x100000-0x1fffff] (bus address [0x36100000-0x361fffff])
[    7.431847] pci 0004:00:00.0: [10de:229c] type 01 class 0x060400
[    7.431991] pci 0004:00:00.0: PME# supported from D0 D3hot
[    7.434999] pci 0004:01:00.0: [4321:2263] type 00 class 0x010802
[    7.435461] pci 0004:01:00.0: reg 0x10: [mem 0x00000000-0x00003fff 64bit]
[    7.451283] pci 0004:00:00.0: BAR 14: assigned [mem 0x2428000000-0x24280fffff]
[    7.451293] pci 0004:01:00.0: BAR 0: assigned [mem 0x2428000000-0x2428003fff 64bit]
[    7.451380] pci 0004:00:00.0: PCI bridge to [bus 01-ff]
[    7.451385] pci 0004:00:00.0:   bridge window [mem 0x2428000000-0x24280fffff]
[    7.451404] pci 0004:00:00.0: Max Payload Size set to  256/ 256 (was  128), Max Read Rq  256
[    7.451528] pci 0004:01:00.0: Max Payload Size set to  128/ 128 (was  128), Max Read Rq  128
[    7.451652] pcieport 0004:00:00.0: Adding to iommu group 5
[    7.451750] pcieport 0004:00:00.0: PME: Signaling with IRQ 192
[    7.451861] pcieport 0004:00:00.0: AER: enabled with IRQ 192
[    7.452089] nvme 0004:01:00.0: Adding to iommu group 5
[    7.452291] nvme nvme0: pci function 0004:01:00.0
[    7.452586] nvme 0004:01:00.0: enabling device (0000 -> 0002)
[    7.452919] tegra194-pcie 141e0000.pcie: Adding to iommu group 6
[    7.454098] tegra194-pcie 141e0000.pcie: host bridge /bus@0/pcie@141e0000 ranges:
[    7.454112] tegra194-pcie 141e0000.pcie:      MEM 0x3000000000..0x3227ffffff -> 0x3000000000
[    7.454118] tegra194-pcie 141e0000.pcie:      MEM 0x3228000000..0x322fffffff -> 0x0040000000
[    7.454121] tegra194-pcie 141e0000.pcie:       IO 0x003e100000..0x003e1fffff -> 0x003e100000
[    7.454424] tegra194-pcie 141e0000.pcie: iATU unroll: enabled
[    7.454426] tegra194-pcie 141e0000.pcie: Detected iATU regions: 8 outbound, 2 inbound
[    7.470809] nvme nvme0: allocated 64 MiB host memory buffer.
[    7.489226] nvme nvme0: 8/0/0 default/read/poll queues
[    7.497428]  nvme0n1: p1 p2 p3 p4 p5 p6 p7 p8 p9 p10 p11 p12 p13 p14 p15
[    7.765986] EXT4-fs (nvme0n1p1): mounted filesystem with ordered data mode. Opts: (null). Quota mode: none.
[    7.771735] Rootfs mounted over PARTUUID=03f3e885-a6e9-47ba-b7e1-ccc5bf71a344
[    7.779358] Switching from initrd to actual rootfs
[    7.828007] systemd[1]: System time before build time, advancing clock.
[    7.846407] NET: Registered PF_INET6 protocol family
[    7.847046] Segment Routing with IPv6
[    7.847052] In-situ OAM (IOAM) with IPv6
[    7.860959] systemd[1]: systemd 249.11-0ubuntu3.17 running in system mode (+PAM +AUDIT +SELINUX +APPARMOR +IMA +SMACK +SECCOMP +GCRYPT +GNUTLS +OPENSSL +ACL +BLKID +CURL +ELFUTILS +FIDO2 +IDN2 -IDN +IPTC +KMOD +LIBCRYPTSETUP +LIBFDISK +PCRE2 -PWQUALITY -P11KIT -QRENCODE +BZIP2 +LZ4 +XZ +ZLIB +ZSTD -XKBCOMMON +UTMP +SYSVINIT default-hierarchy=unified)
[    7.861329] systemd[1]: Detected architecture arm64.
[    7.861992] systemd[1]: Hostname set to <cam-desktop>.
[    7.869807] systemd[1]: Using hardware watchdog 'NVIDIA Tegra186 WDT', version 0, device /dev/watchdog
[    7.869825] systemd[1]: Set hardware watchdog to 2min.
[    8.011713] systemd[1]: /lib/systemd/system/snapd.service:23: Unknown key name 'RestartMode' in section 'Service', ignoring.
[    8.022577] systemd[1]: /etc/systemd/system/nvs-service.service:41: Standard output type syslog is obsolete, automatically updating to journal. Please update your unit file, and consider removing the setting altogether.
[    8.025510] systemd[1]: /etc/systemd/system/nvargus-daemon.service:42: Standard output type syslog is obsolete, automatically updating to journal. Please update your unit file, and consider removing the setting altogether.
[    8.065599] systemd[1]: Queued start job for default target Graphical Interface.
[    8.067112] systemd[1]: Created slice Slice /system/modprobe.
[    8.067707] systemd[1]: Created slice Slice /system/openvpn.
[    8.068160] systemd[1]: Created slice Slice /system/serial-getty.
[    8.068568] systemd[1]: Created slice Slice /system/systemd-fsck.
[    8.071028] systemd[1]: Created slice User and Session Slice.
[    8.071189] systemd[1]: Started Forward Password Requests to Wall Directory Watch.
[    8.071552] systemd[1]: Set up automount Arbitrary Executable File Formats File System Automount Point.
[    8.071710] systemd[1]: Reached target Slice Units.
[    8.071774] systemd[1]: Reached target Mounting snaps.
[    8.071828] systemd[1]: Reached target Swaps.
[    8.071888] systemd[1]: Reached target Local Verity Protected Volumes.
[    8.072037] systemd[1]: Listening on Device-mapper event daemon FIFOs.
[    8.072279] systemd[1]: Listening on LVM2 poll daemon socket.
[    8.079546] systemd[1]: Listening on RPCbind Server Activation Socket.
[    8.079949] systemd[1]: Listening on Syslog Socket.
[    8.080179] systemd[1]: Listening on fsck to fsckd communication Socket.
[    8.082200] systemd[1]: Listening on initctl Compatibility Named Pipe.
[    8.082522] systemd[1]: Listening on Journal Audit Socket.
[    8.082696] systemd[1]: Listening on Journal Socket (/dev/log).
[    8.082916] systemd[1]: Listening on Journal Socket.
[    8.083371] systemd[1]: Listening on udev Control Socket.
[    8.083534] systemd[1]: Listening on udev Kernel Socket.
[    8.084651] systemd[1]: Mounting Huge Pages File System...
[    8.122502] systemd[1]: Mounting POSIX Message Queue File System...
[    8.123900] systemd[1]: Mounting Kernel Debug File System...
[    8.125033] systemd[1]: Mounting Kernel Trace File System...
[    8.142193] systemd[1]: Starting Journal Service...
[    8.142472] systemd[1]: Finished Availability of block devices.
[    8.144023] systemd[1]: Starting Set the console keyboard layout...
[    8.145330] systemd[1]: Starting Create List of Static Device Nodes...
[    8.164382] systemd[1]: Starting Monitoring of LVM2 mirrors, snapshots etc. using dmeventd or progress polling...
[    8.165922] systemd[1]: Starting Load Kernel Module configfs...
[    8.167431] systemd[1]: Starting Load Kernel Module drm...
[    8.168805] systemd[1]: Starting Load Kernel Module efi_pstore...
[    8.192915] systemd[1]: Starting Load Kernel Module fuse...
[    8.194155] systemd[1]: Starting NVIDIA specific first-boot udev script...
[    8.195418] systemd[1]: Started Nameserver information manager.
[    8.195655] systemd[1]: Reached target Preparation for Network.
[    8.195889] systemd[1]: Condition check resulted in File System Check on Root Device being skipped.
[    8.198259] systemd[1]: Starting Load Kernel Modules...
[    8.199362] fuse: init (API version 7.34)
[    8.206257] nvsciipc: loading out-of-tree module taints kernel.
[    8.207195] nvsciipc: loaded module
[    8.212384] nvmap_heap_init: nvmap_heap_init: created heap block cache
[    8.212861] nvmap_page_pool_init: Total RAM pages: 4004595
[    8.212864] nvmap_page_pool_init: nvmap page pool size: 500574 pages (1955 MB)
[    8.212941] nvmap_background_zero_thread: PP zeroing thread starting.
[    8.219347] tegra-host1x 13e00000.host1x: Adding to iommu group 7
[    8.220536] host1x-context host1x-ctx.0: Adding to iommu group 8
[    8.220653] host1x-context host1x-ctx.1: Adding to iommu group 9
[    8.220752] host1x-context host1x-ctx.2: Adding to iommu group 10
[    8.220848] host1x-context host1x-ctx.3: Adding to iommu group 11
[    8.220941] host1x-context host1x-ctx.4: Adding to iommu group 12
[    8.221034] host1x-context host1x-ctx.5: Adding to iommu group 13
[    8.221130] host1x-context host1x-ctx.6: Adding to iommu group 14
[    8.221224] host1x-context host1x-ctx.7: Adding to iommu group 15
[    8.221325] host1x-context host1x-ctx.8: Adding to iommu group 16
[    8.221420] host1x-context host1x-ctx.9: Adding to iommu group 17
[    8.221515] host1x-context host1x-ctx.10: Adding to iommu group 18
[    8.221610] host1x-context host1x-ctx.11: Adding to iommu group 19
[    8.221702] host1x-context host1x-ctx.12: Adding to iommu group 20
[    8.221796] host1x-context host1x-ctx.13: Adding to iommu group 21
[    8.221887] host1x-context host1x-ctx.14: Adding to iommu group 22
[    8.221982] host1x-context host1x-ctx.15: Adding to iommu group 23
[    8.230110] platform 13e00000.host1x:nvcsi@15a00000: Fixing up cyclic dependency with 9-0036
[    8.230128] platform 13e00000.host1x:nvcsi@15a00000: Fixing up cyclic dependency with tegra-capture-vi
[    8.236331] systemd[1]: Starting Remount Root and Kernel File Systems...
[    8.243534] EXT4-fs (nvme0n1p1): re-mounted. Opts: (null). Quota mode: none.
[    8.267245] nvgpu: 17000000.gpu          nvgpu_nvhost_syncpt_init:122  [INFO]  syncpt_unit_base 60000000 syncpt_unit_size 4000000 size 10000

[    8.271204] systemd[1]: Starting Coldplug All udev Devices...
[    8.327014] systemd[1]: Mounted Huge Pages File System.
[    8.374407] systemd[1]: Mounted POSIX Message Queue File System.
[    8.436267] systemd[1]: Mounted Kernel Debug File System.
[    8.436429] systemd[1]: Mounted Kernel Trace File System.
[    8.436924] systemd[1]: Finished Set the console keyboard layout.
[    8.437403] systemd[1]: Finished Create List of Static Device Nodes.
[    8.437744] systemd[1]: modprobe@configfs.service: Deactivated successfully.
[    8.438026] systemd[1]: Finished Load Kernel Module configfs.
[    8.438396] systemd[1]: modprobe@drm.service: Deactivated successfully.
[    8.438671] systemd[1]: Finished Load Kernel Module drm.
[    8.439038] systemd[1]: modprobe@efi_pstore.service: Deactivated successfully.
[    8.439292] systemd[1]: Finished Load Kernel Module efi_pstore.
[    8.439638] systemd[1]: modprobe@fuse.service: Deactivated successfully.
[    8.439913] systemd[1]: Finished Load Kernel Module fuse.
[    8.440441] systemd[1]: Finished NVIDIA specific first-boot udev script.
[    8.485612] systemd[1]: Finished Load Kernel Modules.
[    8.522657] systemd[1]: Finished Remount Root and Kernel File Systems.
[    8.525350] systemd[1]: Mounting FUSE Control File System...
[    8.535508] systemd[1]: Mounting Kernel Configuration File System...
[    8.537432] systemd[1]: Starting OP-TEE Client Supplicant...
[    8.546749] systemd[1]: Condition check resulted in Platform Persistent Storage Archival being skipped.
[    8.548084] systemd[1]: Starting Load/Save Random Seed...
[    8.549454] systemd[1]: Starting Apply Kernel Variables...
[    8.564217] tegra194-pcie 141e0000.pcie: Phy link never came up
[    8.594462] systemd[1]: Starting Create System Users...
[    8.596928] systemd[1]: Mounted FUSE Control File System.
[    8.597188] systemd[1]: Mounted Kernel Configuration File System.
[    8.597735] systemd[1]: Finished Load/Save Random Seed.
[    8.598319] systemd[1]: Finished Apply Kernel Variables.
[    8.598556] systemd[1]: Condition check resulted in First Boot Complete being skipped.
[    8.607755] systemd[1]: Finished Create System Users.
[    8.609289] systemd[1]: Starting Create Static Device Nodes in /dev...
[    8.619052] systemd[1]: Finished Create Static Device Nodes in /dev.
[    8.621271] systemd[1]: Starting Rule-based Manager for Device Events and Files...
[    8.681434] systemd[1]: Started Rule-based Manager for Device Events and Files.
[    8.714700] scare-pigeon 13e00000.host1x:vi0-thi@15f00000: Adding to iommu group 24
[    8.714784] tegra-se 15820000.crypto: Adding to iommu group 25
[    8.717739] tegra-soc-hwpm f100000.hwpm: Adding to iommu group 27
[    8.717846] scare-pigeon 13e00000.host1x:vi0-thi@15f00000: syncpt_unit_base 60000000 syncpt_unit_size 4000000 size 10000
[    8.717939] tegra-se 15840000.crypto: Adding to iommu group 26
[    8.720302] scare-pigeon 13e00000.host1x:vi1-thi@14f00000: Adding to iommu group 28
[    8.726769] scare-pigeon 13e00000.host1x:vi1-thi@14f00000: syncpt_unit_base 60000000 syncpt_unit_size 4000000 size 10000
[    8.727814] scare-pigeon 13e00000.host1x:isp-thi@14b00000: Adding to iommu group 29
[    8.728782] scare-pigeon 13e00000.host1x:isp-thi@14b00000: syncpt_unit_base 60000000 syncpt_unit_size 4000000 size 10000
[    8.731224] nvdla 15880000.nvdla0: Adding to iommu group 30
[    8.736178] pva 16000000.pva0: Adding to iommu group 31
[    8.736825] nvdla 15880000.nvdla0: syncpt_unit_base 60000000 syncpt_unit_size 4000000 size 10000
[    8.737972] pva_iommu_context_dev 16000000.pva0:pva0_niso1_ctx0: Adding to iommu group 32
[    8.738049] pva_iommu_context_dev 16000000.pva0:pva0_niso1_ctx0: initialized (streamid=18, iommu=smmu.0x0000000008000000)
[    8.738501] pva_iommu_context_dev 16000000.pva0:pva0_niso1_ctx1: Adding to iommu group 33
[    8.738567] pva_iommu_context_dev 16000000.pva0:pva0_niso1_ctx1: initialized (streamid=19, iommu=smmu.0x0000000008000000)
[    8.738891] pva_iommu_context_dev 16000000.pva0:pva0_niso1_ctx2: Adding to iommu group 34
[    8.738963] pva_iommu_context_dev 16000000.pva0:pva0_niso1_ctx2: initialized (streamid=20, iommu=smmu.0x0000000008000000)
[    8.739262] pva_iommu_context_dev 16000000.pva0:pva0_niso1_ctx3: Adding to iommu group 35
[    8.739330] pva_iommu_context_dev 16000000.pva0:pva0_niso1_ctx3: initialized (streamid=21, iommu=smmu.0x0000000008000000)
[    8.739612] pva_iommu_context_dev 16000000.pva0:pva0_niso1_ctx4: Adding to iommu group 36
[    8.739686] pva_iommu_context_dev 16000000.pva0:pva0_niso1_ctx4: initialized (streamid=22, iommu=smmu.0x0000000008000000)
[    8.739971] pva_iommu_context_dev 16000000.pva0:pva0_niso1_ctx5: Adding to iommu group 37
[    8.740035] pva_iommu_context_dev 16000000.pva0:pva0_niso1_ctx5: initialized (streamid=23, iommu=smmu.0x0000000008000000)
[    8.740862] mc: Linux media interface: v0.10
[    8.758890] pva_iommu_context_dev 16000000.pva0:pva0_niso1_ctx6: Adding to iommu group 38
[    8.759059] nvdla 158c0000.nvdla1: Adding to iommu group 39
[    8.759434] pva_iommu_context_dev 16000000.pva0:pva0_niso1_ctx6: initialized (streamid=24, iommu=smmu.0x0000000008000000)
[    8.762379] pva_iommu_context_dev 16000000.pva0:pva0_niso1_ctx7: Adding to iommu group 40
[    8.762495] pva_iommu_context_dev 16000000.pva0:pva0_niso1_ctx7: initialized (streamid=25, iommu=smmu.0x0000000008000000)
[    8.762527] pva 16000000.pva0: pdata->version is HW_GEN2
[    8.763719] nvdla 158c0000.nvdla1: syncpt_unit_base 60000000 syncpt_unit_size 4000000 size 10000
[    8.767214] pva 16000000.pva0: Completed nvhost_client_device_init
[    8.768035] pva 16000000.pva0: syncpt_unit_base 60000000 syncpt_unit_size 4000000 size 10000
[    8.985217] videodev: Linux video capture interface: v2.00
[    9.022801] tegra-vic 15340000.vic: Adding to iommu group 41
[    9.031163] systemd[1]: Started OP-TEE Client Supplicant.
[    9.047435] Inserting ivc_ext.ko module
[    9.058849] tegra-nvdec 15480000.nvdec: Adding to iommu group 42
[    9.084383] tegra-nvenc 154c0000.nvenc: Adding to iommu group 43
[    9.088353] tegra-nvjpg 15380000.nvjpg: Adding to iommu group 44
[    9.108003] tegra-nvjpg 15540000.nvjpg: Adding to iommu group 45
[    9.116741] tegra186-cam-rtcpu bc00000.rtcpu: Adding to iommu group 46
[    9.118778] tegra186-cam-rtcpu bc00000.rtcpu: Trace buffer configured at IOVA=0xbff00000
[    9.122934] tegra-ofa 15a50000.ofa: Adding to iommu group 47
[    9.130938] tegra-ivc-bus bc00000.rtcpu:ivc-bus: region 0: iova=0xbfec0000-0xbfee027f size=131712
[    9.131746] tegra-ivc-bus bc00000.rtcpu:ivc-bus:echo@0: echo: ver=0 grp=1 RX[16x64]=0x1000-0x1480 TX[16x64]=0x1480-0x1900
[    9.133730] tegra-ivc-bus bc00000.rtcpu:ivc-bus:dbg@1: dbg: ver=0 grp=1 RX[1x512]=0x1900-0x1b80 TX[1x512]=0x1b80-0x1e00
[    9.134700] tegra-ivc-bus bc00000.rtcpu:ivc-bus:dbg@2: dbg: ver=0 grp=1 RX[1x8192]=0x1e00-0x3e80 TX[1x8192]=0x3e80-0x5f00
[    9.136073] tegra-ivc-bus bc00000.rtcpu:ivc-bus:ivccontrol@3: ivccontrol: ver=0 grp=1 RX[64x320]=0x5f00-0xaf80 TX[64x320]=0xaf80-0x10000
[    9.137369] tegra-ivc-bus bc00000.rtcpu:ivc-bus:ivccapture@4: ivccapture: ver=0 grp=1 RX[512x64]=0x10000-0x18080 TX[512x64]=0x18080-0x20100
[    9.142535] tegra-ivc-bus bc00000.rtcpu:ivc-bus:diag@5: diag: ver=0 grp=1 RX[1x64]=0x20100-0x201c0 TX[1x64]=0x201c0-0x20280
[    9.143864] [drm] Initialized tegra 1.0.99 20120330 for drm on minor 0
[    9.143887] drm drm: [drm] Cannot find any crtc or sizes
[    9.143994] tegra186-cam-rtcpu bc00000.rtcpu: using cam RTCPU IRQ (218)
[    9.143998] tegra186-cam-rtcpu bc00000.rtcpu: tegra_camrtc_mon_create is successful
[    9.144713] tegra186-cam-rtcpu bc00000.rtcpu: firmware version cpu=rce cmd=6 sha1=04ea869968864dcb132a50cad9712bd529a09ee2
[    9.144841] tegra-ivc-bus bc00000.rtcpu:ivc-bus:echo@0: ivc channel driver missing
[    9.144845] tegra-ivc-bus bc00000.rtcpu:ivc-bus:dbg@1: ivc channel driver missing
[    9.144847] tegra-ivc-bus bc00000.rtcpu:ivc-bus:dbg@2: ivc channel driver missing
[    9.144850] tegra-ivc-bus bc00000.rtcpu:ivc-bus:ivccontrol@3: ivc channel driver missing
[    9.144852] tegra-ivc-bus bc00000.rtcpu:ivc-bus:ivccapture@4: ivc channel driver missing
[    9.144854] tegra-ivc-bus bc00000.rtcpu:ivc-bus:diag@5: ivc channel driver missing
[    9.172238] [RCE] TCU debug prints will be routed to traces.
[    9.213518] tegra194-vi5 13e00000.host1x:vi0@15c00000: Adding to iommu group 24
[    9.218590] tegra-camrtc-capture-vi tegra-capture-vi: subdev 13e00000.host1x:nvcsi@15a00000- bound
[    9.226536] tegra194-isp5 14800000.isp: Adding to iommu group 29
[    9.227825] tegra194-vi5 13e00000.host1x:vi1@14c00000: Adding to iommu group 28
[    9.229429] (NULL device *): fops function table already registered
[    9.564435] tegra194-pcie 141e0000.pcie: Phy link never came up
[    9.564554] tegra194-pcie 141e0000.pcie: PCI host bridge to bus 0007:00
[    9.564559] pci_bus 0007:00: root bus resource [bus 00-ff]
[    9.564563] pci_bus 0007:00: root bus resource [mem 0x3000000000-0x3227ffffff pref]
[    9.564565] pci_bus 0007:00: root bus resource [mem 0x3228000000-0x322fffffff] (bus address [0x40000000-0x47ffffff])
[    9.564568] pci_bus 0007:00: root bus resource [io  0x200000-0x2fffff] (bus address [0x3e100000-0x3e1fffff])
[    9.564620] pci 0007:00:00.0: [10de:229a] type 01 class 0x060400
[    9.564771] pci 0007:00:00.0: PME# supported from D0 D3hot
[    9.570670] pci 0007:00:00.0: PCI bridge to [bus 01-ff]
[    9.570696] pci 0007:00:00.0: Max Payload Size set to  256/ 256 (was  128), Max Read Rq  256
[    9.570840] pcieport 0007:00:00.0: Adding to iommu group 6
[    9.570963] pcieport 0007:00:00.0: PME: Signaling with IRQ 194
[    9.571285] pcieport 0007:00:00.0: AER: enabled with IRQ 194
[    9.571577] pci_bus 0007:01: busn_res: [bus 01-ff] is released
[    9.571706] pci 0007:00:00.0: Removing from iommu group 6
[    9.571721] pci_bus 0007:00: busn_res: [bus 00-ff] is released
[    9.575185] tegra194-pcie 140a0000.pcie: Adding to iommu group 48
[    9.677591] tegra-dce d800000.dce: Adding to iommu group 49
[    9.686030] tegra194-pcie 140a0000.pcie: host bridge /bus@0/pcie@140a0000 ranges:
[    9.686065] tegra194-pcie 140a0000.pcie:      MEM 0x3240000000..0x3527ffffff -> 0x3240000000
[    9.686073] tegra194-pcie 140a0000.pcie:      MEM 0x3528000000..0x352fffffff -> 0x0040000000
[    9.686077] tegra194-pcie 140a0000.pcie:       IO 0x002a100000..0x002a1fffff -> 0x002a100000
[    9.699511] dce: dce_ipc_channel_init:311  Invalid Channel State [0x0] for ch_type [2]
[    9.699541] tegra194-pcie 140a0000.pcie: iATU unroll: enabled
[    9.699548] tegra194-pcie 140a0000.pcie: Detected iATU regions: 8 outbound, 2 inbound
[    9.700118] dce: tegra_dce_probe:247  Found display consumer device
[    9.700167] nvvrs_pseq 4-003c: NVVRS Vendor ID: 0x9
[    9.700318] dce: dce_mailbox_set_full_interrupt:157  Intr bit set multiple times for MB : [0x5]
[    9.700325] dce: dce_mailbox_set_full_interrupt:157  Intr bit set multiple times for MB : [0x5]
[    9.700473] nvvrs_pseq 4-003c: NVVRS Model Rev: 0x82
[    9.700586] dce: dce_admin_send_cmd_ver:456  version : [0x3] err : [0x0]
[    9.700794] dce: dce_mailbox_set_full_interrupt:157  Intr bit set multiple times for MB : [0x1]
[    9.700801] dce: dce_admin_setup_clients_ipc:585  Channel Reset Complete for Type [1] ...
[    9.700803] dce: dce_admin_setup_clients_ipc:561  Get queue info failed for [2]
[    9.701002] dce: dce_mailbox_set_full_interrupt:157  Intr bit set multiple times for MB : [0x2]
[    9.701009] dce: dce_mailbox_set_full_interrupt:157  Intr bit set multiple times for MB : [0x2]
[    9.701011] dce: dce_admin_setup_clients_ipc:585  Channel Reset Complete for Type [3] ...
[    9.701983] dce: dce_start_boot_flow:166  DCE_BOOT_DONE
[    9.706824] nvvrs_pseq 4-003c: NVVRS PSEQ probe successful
[    9.714226] systemd[1]: Finished Coldplug All udev Devices.
[    9.714688] systemd[1]: Condition check resulted in Show Plymouth Boot Screen being skipped.
[    9.714855] systemd[1]: Started Dispatch Password Requests to Console Directory Watch.
[    9.714946] systemd[1]: Condition check resulted in Forward Password Requests to Plymouth Directory Watch being skipped.
[    9.714974] systemd[1]: Reached target Local Encrypted Volumes.
[    9.723913] nv_platform 13800000.display: Adding to iommu group 50
[    9.727894] platform 13800000.display:nvdisplay-niso: Adding to iommu group 51
[    9.804227] tegra194-pcie 140a0000.pcie: Link up
[    9.805623] tegra194-pcie 140a0000.pcie: Link up
[    9.805719] tegra194-pcie 140a0000.pcie: PCI host bridge to bus 0008:00
[    9.805724] pci_bus 0008:00: root bus resource [bus 00-ff]
[    9.805728] pci_bus 0008:00: root bus resource [mem 0x3240000000-0x3527ffffff pref]
[    9.805732] pci_bus 0008:00: root bus resource [mem 0x3528000000-0x352fffffff] (bus address [0x40000000-0x47ffffff])
[    9.805734] pci_bus 0008:00: root bus resource [io  0x300000-0x3fffff] (bus address [0x2a100000-0x2a1fffff])
[    9.805784] pci 0008:00:00.0: [10de:229c] type 01 class 0x060400
[    9.805937] pci 0008:00:00.0: PME# supported from D0 D3hot
[    9.809442] pci 0008:01:00.0: [10ec:8168] type 00 class 0x020000
[    9.809922] pci 0008:01:00.0: reg 0x10: [io  0x0000-0x00ff]
[    9.809964] pci 0008:01:00.0: reg 0x18: [mem 0x00000000-0x00000fff 64bit]
[    9.809991] pci 0008:01:00.0: reg 0x20: [mem 0x00000000-0x00003fff 64bit]
[    9.810912] pci 0008:01:00.0: supports D1 D2
[    9.810914] pci 0008:01:00.0: PME# supported from D0 D1 D2 D3hot D3cold
[    9.822902] pci 0008:00:00.0: BAR 14: assigned [mem 0x3528000000-0x35280fffff]
[    9.822906] pci 0008:00:00.0: BAR 13: assigned [io  0x300000-0x300fff]
[    9.822909] pci 0008:01:00.0: BAR 4: assigned [mem 0x3528000000-0x3528003fff 64bit]
[    9.823002] pci 0008:01:00.0: BAR 2: assigned [mem 0x3528004000-0x3528004fff 64bit]
[    9.823093] pci 0008:01:00.0: BAR 0: assigned [io  0x300000-0x3000ff]
[    9.823122] pci 0008:00:00.0: PCI bridge to [bus 01-ff]
[    9.823125] pci 0008:00:00.0:   bridge window [io  0x300000-0x300fff]
[    9.823129] pci 0008:00:00.0:   bridge window [mem 0x3528000000-0x35280fffff]
[    9.823148] pci 0008:00:00.0: Max Payload Size set to  256/ 256 (was  128), Max Read Rq  256
[    9.823279] pci 0008:01:00.0: Max Payload Size set to  128/ 128 (was  128), Max Read Rq  128
[    9.823396] pcieport 0008:00:00.0: Adding to iommu group 48
[    9.823495] pcieport 0008:00:00.0: PME: Signaling with IRQ 188
[    9.823635] pcieport 0008:00:00.0: AER: enabled with IRQ 188
[    9.832454] systemd[1]: Started Journal Service.
[    9.840404] systemd-journald[269]: Received client request to flush runtime journal.
[    9.849978] cfg80211: Loading compiled-in X.509 certificates for regulatory database
[    9.852326] cfg80211: Loaded X.509 cert 'sforshee: 00b28ddf47aef9cea7'
[    9.852528] cfg80211: Loaded X.509 cert 'wens: 61c038651aabdcf94bd0ac7ff06c7248db18c600'
[    9.874868] at24 0-0050: 256 byte 24c02 EEPROM, read-only
[    9.881099] at24 0-0057: 256 byte 24c02 EEPROM, read-only
[    9.889044] spi-tegra114 3210000.spi: Adding to iommu group 1
[    9.890589] spi-tegra114 3230000.spi: Adding to iommu group 1
[    9.909567] rtl88x2ce 0001:01:00.0: Adding to iommu group 3
[    9.910103] rtl88x2ce 0001:01:00.0: enabling device (0000 -> 0003)
[    9.932697] tegra-hda 3510000.hda: Adding to iommu group 52
[   10.004292] tegra234-aon c000000.aon: Adding to iommu group 53
[   10.005573]  c000000.aon:hsp: probed
[   10.005913] input: NVIDIA Jetson Orin NX HDA HDMI/DP,pcm=3 as /devices/platform/bus@0/3510000.hda/sound/card0/input4
[   10.005957] tegra234-aon c000000.aon: init done
[   10.008871] input: NVIDIA Jetson Orin NX HDA HDMI/DP,pcm=7 as /devices/platform/bus@0/3510000.hda/sound/card0/input5
[   10.026111] irq: IRQ255: trimming hierarchy from :bus@0:pmc@c360000
[   10.026647] fusb301 1-0025: device id: 0x12
[   10.040421] input: NVIDIA Jetson Orin NX HDA HDMI/DP,pcm=8 as /devices/platform/bus@0/3510000.hda/sound/card0/input6
[   10.042725] gic 2a41000.interrupt-controller: GIC IRQ controller registered
[   10.043262] tegra-aconnect bus@0:aconnect@2900000: Tegra ACONNECT bus registered
[   10.052603] input: NVIDIA Jetson Orin NX HDA HDMI/DP,pcm=9 as /devices/platform/bus@0/3510000.hda/sound/card0/input7
[   10.066130] CAN device driver interface
[   10.067852] thermal-trip-event cpu-throttle-alert: cooling device registered.
[   10.069615] fusb301 1-0025: toggle_time(0) is not updated
[   10.069955] fusb301 1-0025: fusb301_set_mode: mode (32)(32)
[   10.070289] fusb301 1-0025: fusb301_detach: type[0x00] chipstate[0x01]
[   10.070294] fusb301 1-0025: fusb_update_state: 1
[   10.071095] fusb301 1-0025: mode[0x20], host_cur[0x02], dttime[0x00]
[   10.072848] thermal-trip-event gpu-throttle-alert: cooling device registered.
[   10.093367] thermal-trip-event cv0-throttle-alert: cooling device registered.
[   10.099898] TT CAN feature is not supported
[   10.100486] 	 Message RAM Configuration
               	| base addr   |0x0c312000|
               	| sidfc_flssa |0x00000000|
               	| xidfc_flesa |0x00000040|
               	| rxf0c_f0sa  |0x000000c0|
               	| rxf1c_f1sa  |0x000009c0|
               	| rxbc_rbsa   |0x000009c0|
               	| txefc_efsa  |0x000009c0|
               	| txbc_tbsa   |0x00000a40|
               	| tmc_tmsa    |0x00000ec0|
               	| mram size   |0x00001000|
[   10.102194] Release 3.2.3 from 09.06.2018
[   10.104623] thermal-trip-event cv1-throttle-alert: cooling device registered.
[   10.107673] thermal-trip-event cv2-throttle-alert: cooling device registered.
[   10.117384] thermal-trip-event soc0-throttle-alert: cooling device registered.
[   10.118230] thermal-trip-event soc1-throttle-alert: cooling device registered.
[   10.120079] net can0: mttcan device registered (regs=0000000042a49e89, irq=200)
[   10.120890] thermal-trip-event soc2-throttle-alert: cooling device registered.
[   10.132083] thermal-trip-event hot-surface-alert: cooling device registered.
[   10.231502] Bluetooth: hci0: RTL: examining hci_ver=0a hci_rev=000c lmp_ver=0a lmp_subver=8822
[   10.232489] Bluetooth: hci0: RTL: rom_version status=0 version=3
[   10.232496] Bluetooth: hci0: RTL: loading rtl_bt/rtl8822cu_fw.bin
[   10.233212] Bluetooth: hci0: RTL: loading rtl_bt/rtl8822cu_config.bin
[   10.233390] Bluetooth: hci0: RTL: cfg_sz 6, total sz 35086
[   10.238196] usbcore: registered new interface driver btusb
[   10.239640] fusb301 1-0025: fusb301_work_handler: int_sts[0x05]
[   10.240236] fusb301 1-0025: sts[0x2f], type[0x08]
[   10.240239] fusb301 1-0025: fusb_update_state: 6
[   10.252532] rtk_btusb: Realtek Bluetooth USB driver ver 3.1.65ab490.20240531-141726
[   10.252540] rtk_btcoex: rtk_btcoex_init: version: 1.2
[   10.252542] rtk_btcoex: create workqueue
[   10.254254] rtk_btcoex: alloc buffers 1792, 2432 for ev and l2
[   10.255677] usbcore: registered new interface driver rtk_btusb
[   10.339693] r8168 0008:01:00.0: Adding to iommu group 48
[   10.340816] r8168 Gigabit Ethernet driver 8.053.00-NAPI loaded
[   10.340894] r8168 0008:01:00.0: enabling device (0000 -> 0003)
[   10.359745] r8168: This product is covered by one or more of the following patents: US6,570,884, US6,115,776, and US6,327,625.
[   10.362495] nvvrs-pseq-rtc nvvrs-pseq-rtc: registered as rtc0
[   10.363521] loop0: detected capacity change from 0 to 8
[   10.363895] nvvrs-pseq-rtc nvvrs-pseq-rtc: setting system clock to 1970-01-01T00:00:57 UTC (57)
[   10.364809] rtl88x2ce 0001:01:00.0 wlP1p1s0: renamed from wlan0
[   10.365381] r8168  Copyright (C) 2024 Realtek NIC software team <nicfae@realtek.com> 
                This program comes with ABSOLUTELY NO WARRANTY; for details, please see <http://www.gnu.org/licenses/>. 
                This is free software, and you are welcome to redistribute it under certain conditions; see <http://www.gnu.org/licenses/>. 
[   10.371633] loop1: detected capacity change from 0 to 373072
[   10.387575] loop2: detected capacity change from 0 to 141232
[   10.394879] loop3: detected capacity change from 0 to 95512
[   10.402919] loop4: detected capacity change from 0 to 126776
[   10.408913] loop5: detected capacity change from 0 to 1132440
[   10.417599] loop6: detected capacity change from 0 to 187776
[   10.419418] tegra-adma 2930000.dma-controller: Tegra210 ADMA driver registered 32 channels
[   10.425238] loop7: detected capacity change from 0 to 357512
[   10.436572] loop8: detected capacity change from 0 to 85664
[   10.445838] r8168 0008:01:00.0 enP8p1s0: renamed from eth0
[   10.551624] tegra210-admaif 290f000.admaif: Adding to iommu group 54
[   10.719480] Bluetooth: hci0: RTL: fw version 0x19b76d7d
[   12.707225] Bluetooth: BNEP (Ethernet Emulation) ver 1.3
[   12.707236] Bluetooth: BNEP filters: protocol multicast
[   12.707247] Bluetooth: BNEP socket layer initialized
[   12.714939] using random self ethernet address
[   12.714949] using random host ethernet address
[   12.718569] NET: Registered PF_ALG protocol family
[   12.788923] loop9: detected capacity change from 0 to 32768
[   12.833152] nv_nvsciipc_init.sh[942]: found /dev/nvsciipc
[   12.842207] nvsciipc: set_db start
[   12.842235] nvsciipc: set_db done
[   12.889639] enP8p1s0: 0xffff80000903d000, 3c:6d:66:0d:53:d9, IRQ 256
[   12.960599] IRQ230: set affinity failed(-22).
[   12.960634] IRQ253: set affinity failed(-22).
[   12.960637] IRQ256: set affinity failed(-22).
[   12.961725] psci: CPU4 killed (polled 0 ms)
[   13.009508] Mass Storage Function, version: 2009/09/11
[   13.009517] LUN: removable file: (no medium)
[   13.064556] IRQ230: set affinity failed(-22).
[   13.064588] IRQ253: set affinity failed(-22).
[   13.064592] IRQ256: set affinity failed(-22).
[   13.065663] psci: CPU5 killed (polled 0 ms)
[   13.097329] using random self ethernet address
[   13.097335] using random host ethernet address
[   13.148652] IRQ230: set affinity failed(-22).
[   13.148691] IRQ253: set affinity failed(-22).
[   13.148696] IRQ256: set affinity failed(-22).
[   13.149150] psci: CPU6 killed (polled 0 ms)
[   13.225723] IRQ230: set affinity failed(-22).
[   13.227076] psci: CPU7 killed (polled 0 ms)
[   13.278950] pstore: Using crash dump compression: deflate
[   13.279244] printk: console [ramoops-1]: printing thread started
[   13.279250] printk: console [ramoops-1] enabled
[   13.279251] pstore: Registered ramoops as persistent store backend
[   13.279253] ramoops: using 0x200000@0x4725f0000, ecc: 0
[   13.311457] bridge: filtering via arp/ip/ip6tables is no longer available by default. Update your scripts to load br_netfilter if you need this.
[   13.315256] usb0: HOST MAC c2:d6:da:8f:db:b0
[   13.315264] usb0: MAC c2:d6:da:8f:db:b1
[   13.315757] usb1: HOST MAC c2:d6:da:8f:db:b2
[   13.315761] usb1: MAC c2:d6:da:8f:db:b3
[   13.315782] tegra-xudc 3550000.usb: EP 0 (type: ctrl, dir: out) enabled
[   13.336969] l4tbr0: port 1(usb0) entered blocking state
[   13.336988] l4tbr0: port 1(usb0) entered disabled state
[   13.337450] device usb0 entered promiscuous mode
[   13.346483] l4tbr0: port 2(usb1) entered blocking state
[   13.346503] l4tbr0: port 2(usb1) entered disabled state
[   13.346946] device usb1 entered promiscuous mode
[   13.353302] loop9: detected capacity change from 0 to 32768
[   13.418193] nvgpu: 17000000.gpu                  gk20a_scale_init:541  [INFO]  enabled scaling for GPU

[   13.610701] zram: Added device: zram0
[   13.625553] zram: Added device: zram1
[   13.626992] zram: Added device: zram2
[   13.631472] zram: Added device: zram3
[   13.684882] zram0: detected capacity change from 0 to 4004600
[   13.696291] Adding 2002296k swap on /dev/zram0.  Priority:5 extents:1 across:2002296k SS
[   13.701645] zram1: detected capacity change from 0 to 4004600
[   13.711378] Adding 2002296k swap on /dev/zram1.  Priority:5 extents:1 across:2002296k SS
[   13.714214] zram2: detected capacity change from 0 to 4004600
[   13.721202] Adding 2002296k swap on /dev/zram2.  Priority:5 extents:1 across:2002296k SS
[   13.736619] zram3: detected capacity change from 0 to 4004600
[   13.744861] Adding 2002296k swap on /dev/zram3.  Priority:5 extents:1 across:2002296k SS
[   13.836404] tegra-xudc 3550000.usb: EP 5 (type: intr, dir: in) enabled
[   13.836429] tegra-xudc 3550000.usb: EP 3 (type: bulk, dir: in) enabled
[   13.836444] tegra-xudc 3550000.usb: EP 2 (type: bulk, dir: out) enabled
[   13.836524] tegra-xudc 3550000.usb: EP 9 (type: intr, dir: in) enabled
[   13.836539] tegra-xudc 3550000.usb: EP 7 (type: bulk, dir: in) enabled
[   13.836551] tegra-xudc 3550000.usb: EP 4 (type: bulk, dir: out) enabled
[   13.836579] tegra-xudc 3550000.usb: EP 15 (type: intr, dir: in) enabled
[   13.836593] tegra-xudc 3550000.usb: EP 11 (type: bulk, dir: in) enabled
[   13.836612] tegra-xudc 3550000.usb: EP 6 (type: bulk, dir: out) enabled
[   13.836673] IPv6: ADDRCONF(NETDEV_CHANGE): usb0: link becomes ready
[   13.844018] tegra-xudc 3550000.usb: EP 13 (type: bulk, dir: in) enabled
[   13.844039] tegra-xudc 3550000.usb: EP 8 (type: bulk, dir: out) enabled
[   13.844442] IPv6: ADDRCONF(NETDEV_CHANGE): usb1: link becomes ready
[   13.845897] tegra-xudc 3550000.usb: ep 13 disabled
[   13.845996] tegra-xudc 3550000.usb: ep 8 disabled
[   13.867154] tegra-xudc 3550000.usb: EP 13 (type: bulk, dir: in) enabled
[   13.867177] tegra-xudc 3550000.usb: EP 8 (type: bulk, dir: out) enabled
[   15.772751] l4tbr0: port 2(usb1) entered blocking state
[   15.772765] l4tbr0: port 2(usb1) entered forwarding state
[   15.772840] l4tbr0: port 1(usb0) entered blocking state
[   15.772846] l4tbr0: port 1(usb0) entered forwarding state
[   15.784277] IPv6: ADDRCONF(NETDEV_CHANGE): l4tbr0: link becomes ready
[   15.971362] nvidia-modeset: Loading NVIDIA UNIX Open Kernel Mode Setting Driver for aarch64  540.5.0  Release Build  (buildbrain@239549d1-8639-491a-b9e7-120e21430986-l1eu-vqrkv)  Thu Jan 15 19:36:45 PST 2026
[   15.981095] [drm] [nvidia-drm] [GPU ID 0x00020000] Loading driver
[   16.269715] NVRM rpcRmApiControl_dce: NVRM_RPC_DCE: Failed RM ctrl call cmd:0x731341 result 0xffff:
[   16.270796] NVRM rpcRmApiControl_dce: NVRM_RPC_DCE: Failed RM ctrl call cmd:0x730282 result 0x1f:
[   16.322986] [drm] Initialized nvidia-drm 0.0.0 20160202 for 13800000.display on minor 1
[   16.403847] Console: switching to colour frame buffer device 240x67
[   16.403870] nv_platform 13800000.display: [drm] fb0: nvidia-drmdrmfb frame buffer device
[   17.638115] ACK 04 d4
[   17.639306] ACK 04 d4
[   17.641244] IPv6: ADDRCONF(NETDEV_CHANGE): wlP1p1s0: link becomes ready
[   20.473397] loop10: detected capacity change from 0 to 8
[   20.756734] rfkill: input handler disabled
[   23.665490] audit: type=1326 audit(1776787331.868:2): auid=4294967295 uid=0 gid=0 ses=4294967295 subj=kernel pid=2468 comm="cupsd" exe="/snap/cups/1184/sbin/cupsd" sig=0 arch=c00000b7 syscall=55 compat=0 ip=0xffffb738ce0c code=0x50000
[   24.129947] audit: type=1326 audit(1776787332.332:3): auid=4294967295 uid=0 gid=0 ses=4294967295 subj=kernel pid=2468 comm="cupsd" exe="/snap/cups/1184/sbin/cupsd" sig=0 arch=c00000b7 syscall=55 compat=0 ip=0xffffb738ce0c code=0x50000
[   24.196333] audit: type=1326 audit(1776787332.400:4): auid=4294967295 uid=0 gid=0 ses=4294967295 subj=kernel pid=2517 comm="cups-browsed" exe="/snap/cups/1184/sbin/cups-browsed" sig=0 arch=c00000b7 syscall=274 compat=0 ip=0xffff8e875b68 code=0x50000
