[2026-04-20T09:46:45Z] CMD: bash -lc dmesg 2>&1 || true
[    0.000000] Booting Linux on physical CPU 0x0000000000 [0x410fd421]
[    0.000000] Linux version 5.15.185-tegra (buildbrain@239549d1-8639-491a-b9e7-120e21430986-l1eu-vqrkv) (aarch64-buildroot-linux-gnu-gcc.br_real (Buildroot 2022.08) 11.3.0, GNU ld (GNU Binutils) 2.38) #1 SMP PREEMPT Thu Jan 15 19:24:38 PST 2026 ()
[    0.000000] Machine model: NVIDIA Jetson Orin NX Engineering Reference Developer Kit
[    0.000000] efi: EFI v2.70 by EDK II
[    0.000000] efi: RTPROP=0x46de1e698 TPMFinalLog=0x45e8f0000 SMBIOS=0xffff0000 SMBIOS 3.0=0x46da40000 MEMATTR=0x467efe018 ESRT=0x468420518 TPMEventLog=0x45e0cc018 RNG=0x45e900018 MEMRESERVE=0x45e901f98 
[    0.000000] random: crng init done
[    0.000000] secureboot: Secure boot disabled
[    0.000000] esrt: Reserving ESRT space from 0x0000000468420518 to 0x0000000468420550.
[    0.000000] Reserved memory: created CMA memory pool at 0x0000000449000000, size 256 MiB
[    0.000000] OF: reserved mem: initialized node linux,cma, compatible id shared-dma-pool
[    0.000000] NUMA: No NUMA configuration found
[    0.000000] NUMA: Faking a node at [mem 0x0000000080000000-0x0000000477ffffff]
[    0.000000] NUMA: NODE_DATA [mem 0x4702fc800-0x4702fefff]
[    0.000000] Zone ranges:
[    0.000000]   DMA      [mem 0x0000000080000000-0x00000000ffffffff]
[    0.000000]   DMA32    empty
[    0.000000]   Normal   [mem 0x0000000100000000-0x0000000477ffffff]
[    0.000000] Movable zone start for each node
[    0.000000] Early memory node ranges
[    0.000000]   node   0: [mem 0x0000000080000000-0x00000000bdffffff]
[    0.000000]   node   0: [mem 0x00000000c2000000-0x00000000fffdffff]
[    0.000000]   node   0: [mem 0x00000000fffe0000-0x00000000ffffffff]
[    0.000000]   node   0: [mem 0x0000000100000000-0x000000045d48ffff]
[    0.000000]   node   0: [mem 0x000000045d490000-0x000000045e0bffff]
[    0.000000]   node   0: [mem 0x000000045e0c0000-0x000000045e0effff]
[    0.000000]   node   0: [mem 0x000000045e0f0000-0x000000045e0fffff]
[    0.000000]   node   0: [mem 0x000000045e100000-0x000000045e14ffff]
[    0.000000]   node   0: [mem 0x000000045e150000-0x000000045e30ffff]
[    0.000000]   node   0: [mem 0x000000045e310000-0x000000045e8effff]
[    0.000000]   node   0: [mem 0x000000045e8f0000-0x000000045e8fffff]
[    0.000000]   node   0: [mem 0x000000045e900000-0x000000046bedffff]
[    0.000000]   node   0: [mem 0x000000046bee0000-0x000000046de1ffff]
[    0.000000]   node   0: [mem 0x000000046de20000-0x0000000471dfffff]
[    0.000000]   node   0: [mem 0x0000000471e00000-0x0000000471ffffff]
[    0.000000]   node   0: [mem 0x0000000472000000-0x000000047259ffff]
[    0.000000]   node   0: [mem 0x0000000476000000-0x0000000477ffffff]
[    0.000000] mminit::pageflags_layout_widths Section 0 Node 4 Zone 2 Lastcpupid 16 Kasantag 0 Flags 24
[    0.000000] mminit::pageflags_layout_shifts Section 21 Node 4 Zone 2 Lastcpupid 16 Kasantag 0
[    0.000000] mminit::pageflags_layout_pgshifts Section 0 Node 60 Zone 58 Lastcpupid 42 Kasantag 0
[    0.000000] mminit::pageflags_layout_nodezoneid Node/Zone ID: 64 -> 58
[    0.000000] mminit::pageflags_layout_usage location: 64 -> 42 layout 42 -> 24 unused 24 -> 0 page-flags
[    0.000000] Initmem setup node 0 [mem 0x0000000080000000-0x0000000477ffffff]
[    0.000000] mminit::memmap_init Initialising map node 0 zone 0 pfns 524288 -> 1048576
[    0.000000] mminit::memmap_init Initialising map node 0 zone 2 pfns 1048576 -> 4685824
[    0.000000] On node 0, zone DMA: 16384 pages in unavailable ranges
[    0.000000] On node 0, zone Normal: 14944 pages in unavailable ranges
[    0.000000] psci: probing for conduit method from DT.
[    0.000000] psci: PSCIv1.1 detected in firmware.
[    0.000000] psci: Using standard PSCI v0.2 function IDs
[    0.000000] psci: Trusted OS migration not required
[    0.000000] psci: SMC Calling Convention v1.2
[    0.000000] percpu: Embedded 30 pages/cpu s83480 r8192 d31208 u122880
[    0.000000] pcpu-alloc: s83480 r8192 d31208 u122880 alloc=30*4096
[    0.000000] pcpu-alloc: [0] 0 [0] 1 [0] 2 [0] 3 [0] 4 [0] 5 [0] 6 [0] 7 
[    0.000000] Detected PIPT I-cache on CPU0
[    0.000000] CPU features: detected: Address authentication (architected algorithm)
[    0.000000] CPU features: detected: GIC system register CPU interface
[    0.000000] CPU features: detected: Virtualization Host Extensions
[    0.000000] CPU features: detected: Hardware dirty bit management
[    0.000000] CPU features: detected: Spectre-v4
[    0.000000] CPU features: detected: Spectre-BHB
[    0.000000] CPU features: kernel page table isolation forced ON by KASLR
[    0.000000] CPU features: detected: Kernel page table isolation (KPTI)
[    0.000000] alternatives: patching kernel code
[    0.000000] mminit::zonelist general 0:DMA = 0:DMA 
[    0.000000] mminit::zonelist general 0:Normal = 0:Normal 0:DMA 
[    0.000000] mminit::zonelist thisnode 0:DMA = 0:DMA 
[    0.000000] mminit::zonelist thisnode 0:Normal = 0:Normal 0:DMA 
[    0.000000] Built 1 zonelists, mobility grouping on.  Total pages: 4065184
[    0.000000] Policy zone: Normal
[    0.000000] Kernel command line: root=PARTUUID=03f3e885-a6e9-47ba-b7e1-ccc5bf71a344 rw rootwait rootfstype=ext4 mminit_loglevel=4 console=ttyTCU0,115200 firmware_class.path=/etc/firmware fbcon=map:0 video=efifb:off console=tty0 efi=runtime pci=pcie_bus_perf nvme.use_threaded_interrupts=1 boot_profile=ov5647-dev bl_prof_dataptr=2031616@0x471E10000 bl_prof_ro_ptr=65536@0x471E00000 
[    0.000000] Unknown kernel command line parameters "boot_profile=ov5647-dev bl_prof_dataptr=2031616@0x471E10000 bl_prof_ro_ptr=65536@0x471E00000", will be passed to user space.
[    0.000000] Dentry cache hash table entries: 2097152 (order: 12, 16777216 bytes, linear)
[    0.000000] Inode-cache hash table entries: 1048576 (order: 11, 8388608 bytes, linear)
[    0.000000] mem auto-init: stack:off, heap alloc:off, heap free:off
[    0.000000] software IO TLB: mapped [mem 0x00000000fbfe0000-0x00000000fffe0000] (64MB)
[    0.000000] Memory: 15732952K/16520832K available (20480K kernel code, 4086K rwdata, 10172K rodata, 7744K init, 529K bss, 525736K reserved, 262144K cma-reserved)
[    0.000000] SLUB: HWalign=64, Order=0-3, MinObjects=0, CPUs=8, Nodes=1
[    0.000000] trace event string verifier disabled
[    0.000000] rcu: Preemptible hierarchical RCU implementation.
[    0.000000] rcu: 	RCU event tracing is enabled.
[    0.000000] rcu: 	RCU restricting CPUs from NR_CPUS=256 to nr_cpu_ids=8.
[    0.000000] 	Trampoline variant of Tasks RCU enabled.
[    0.000000] 	Rude variant of Tasks RCU enabled.
[    0.000000] 	Tracing variant of Tasks RCU enabled.
[    0.000000] rcu: RCU calculated value of scheduler-enlistment delay is 25 jiffies.
[    0.000000] rcu: Adjusting geometry for rcu_fanout_leaf=16, nr_cpu_ids=8
[    0.000000] NR_IRQS: 64, nr_irqs: 64, preallocated irqs: 0
[    0.000000] GICv3: GIC: Using split EOI/Deactivate mode
[    0.000000] GICv3: 960 SPIs implemented
[    0.000000] GICv3: 0 Extended SPIs implemented
[    0.000000] GICv3: Distributor has no Range Selector support
[    0.000000] Root IRQ handler: gic_handle_irq
[    0.000000] GICv3: 16 PPIs implemented
[    0.000000] GICv3: CPU0: found redistributor 0 region 0:0x000000000f440000
[    0.000000] arch_timer: cp15 timer(s) running at 31.25MHz (phys).
[    0.000000] clocksource: arch_sys_counter: mask: 0xffffffffffffff max_cycles: 0xe6a171046, max_idle_ns: 881590405314 ns
[    0.000000] sched_clock: 56 bits at 31MHz, resolution 32ns, wraps every 4398046511088ns
[    0.000353] Console: colour dummy device 80x25
[    0.000360] printk: console [tty0] enabled
[    0.000405] Calibrating delay loop (skipped), value calculated using timer frequency.. 62.50 BogoMIPS (lpj=125000)
[    0.000411] pid_max: default: 32768 minimum: 301
[    0.000442] LSM: Security Framework initializing
[    0.000459] Yama: becoming mindful.
[    0.000469] SELinux:  Initializing.
[    0.000535] Mount-cache hash table entries: 32768 (order: 6, 262144 bytes, linear)
[    0.000555] Mountpoint-cache hash table entries: 32768 (order: 6, 262144 bytes, linear)
[    0.001437] rcu: Hierarchical SRCU implementation.
[    0.003637] Tegra Revision: A01 SKU: 211 CPU Process: 0 SoC Process: 0
[    0.003893] Remapping and enabling EFI services.
[    0.004903] smp: Bringing up secondary CPUs ...
[    0.005275] Detected PIPT I-cache on CPU1
[    0.005304] GICv3: CPU1: found redistributor 100 region 0:0x000000000f460000
[    0.005330] CPU1: Booted secondary processor 0x0000000100 [0x410fd421]
[    0.005695] Detected PIPT I-cache on CPU2
[    0.005707] GICv3: CPU2: found redistributor 200 region 0:0x000000000f480000
[    0.005720] CPU2: Booted secondary processor 0x0000000200 [0x410fd421]
[    0.006035] Detected PIPT I-cache on CPU3
[    0.006045] GICv3: CPU3: found redistributor 300 region 0:0x000000000f4a0000
[    0.006056] CPU3: Booted secondary processor 0x0000000300 [0x410fd421]
[    0.008470] Detected PIPT I-cache on CPU4
[    0.008497] GICv3: CPU4: found redistributor 10000 region 0:0x000000000f4c0000
[    0.008522] CPU4: Booted secondary processor 0x0000010000 [0x410fd421]
[    0.009019] Detected PIPT I-cache on CPU5
[    0.009030] GICv3: CPU5: found redistributor 10100 region 0:0x000000000f4e0000
[    0.009044] CPU5: Booted secondary processor 0x0000010100 [0x410fd421]
[    0.009493] Detected PIPT I-cache on CPU6
[    0.009503] GICv3: CPU6: found redistributor 10200 region 0:0x000000000f500000
[    0.009517] CPU6: Booted secondary processor 0x0000010200 [0x410fd421]
[    0.009972] Detected PIPT I-cache on CPU7
[    0.009983] GICv3: CPU7: found redistributor 10300 region 0:0x000000000f520000
[    0.009998] CPU7: Booted secondary processor 0x0000010300 [0x410fd421]
[    0.010054] smp: Brought up 1 node, 8 CPUs
[    0.010059] SMP: Total of 8 processors activated.
[    0.010061] CPU features: detected: 32-bit EL0 Support
[    0.010062] CPU features: detected: Data cache clean to the PoU not required for I/D coherence
[    0.010065] CPU features: detected: Common not Private translations
[    0.010066] CPU features: detected: CRC32 instructions
[    0.010067] CPU features: detected: Data cache clean to Point of Persistence
[    0.010068] CPU features: detected: Generic authentication (architected algorithm)
[    0.010069] CPU features: detected: RCpc load-acquire (LDAPR)
[    0.010069] CPU features: detected: LSE atomic instructions
[    0.010071] CPU features: detected: Privileged Access Never
[    0.010072] CPU features: detected: RAS Extension Support
[    0.010074] CPU features: detected: Speculative Store Bypassing Safe (SSBS)
[    0.039981] CPU: All CPU(s) started at EL2
[    0.041685] devtmpfs: initialized
[    0.053008] KASLR enabled
[    0.053111] clocksource: jiffies: mask: 0xffffffff max_cycles: 0xffffffff, max_idle_ns: 7645041785100000 ns
[    0.053123] futex hash table entries: 2048 (order: 5, 131072 bytes, linear)
[    0.055242] pinctrl core: initialized pinctrl subsystem
[    0.055759] SMBIOS 3.6.0 present.
[    0.055766] DMI: NVIDIA NVIDIA Jetson Orin NX Engineering Reference Developer Kit/Jetson, BIOS 36.5.0-gcid-43688277 01/16/2026
[    0.056067] NET: Registered PF_NETLINK/PF_ROUTE protocol family
[    0.057295] DMA: preallocated 2048 KiB GFP_KERNEL pool for atomic allocations
[    0.057426] DMA: preallocated 2048 KiB GFP_KERNEL|GFP_DMA pool for atomic allocations
[    0.057543] DMA: preallocated 2048 KiB GFP_KERNEL|GFP_DMA32 pool for atomic allocations
[    0.057580] audit: initializing netlink subsys (disabled)
[    0.057668] audit: type=2000 audit(0.056:1): state=initialized audit_enabled=0 res=1
[    0.058729] thermal_sys: Registered thermal governor 'step_wise'
[    0.058732] thermal_sys: Registered thermal governor 'user_space'
[    0.058734] thermal_sys: Registered thermal governor 'power_allocator'
[    0.060789] cpuidle: using governor menu
[    0.060920] hw-breakpoint: found 6 breakpoint and 4 watchpoint registers.
[    0.061003] ASID allocator initialised with 32768 entries
[    0.062113] Serial: AMBA PL011 UART driver
[    0.070596] 31d0000.serial: ttyAMA0 at MMIO 0x31d0000 (irq = 117, base_baud = 0) is a SBSA
[    0.078383] platform bpmp: Fixing up cyclic dependency with 2c60000.external-memory-controller
[    0.085138] HugeTLB registered 1.00 GiB page size, pre-allocated 0 pages
[    0.085144] HugeTLB registered 32.0 MiB page size, pre-allocated 0 pages
[    0.085145] HugeTLB registered 2.00 MiB page size, pre-allocated 0 pages
[    0.085146] HugeTLB registered 64.0 KiB page size, pre-allocated 0 pages
[    0.085776] cryptd: max_cpu_qlen set to 1000
[    0.087089] ACPI: Interpreter disabled.
[    0.088399] VDD_1V8_AO: supplied by VDD_5V0_SYS
[    0.088568] VDD_3V3_AO: supplied by VDD_5V0_SYS
[    0.088853] VDD_AV10_HUB: supplied by VDD_5V0_SYS
[    0.089338] iommu: Default domain type: Translated 
[    0.089345] iommu: DMA domain TLB invalidation policy: strict mode 
[    0.089767] SCSI subsystem initialized
[    0.089881] libata version 3.00 loaded.
[    0.089978] vgaarb: loaded
[    0.090212] usbcore: registered new interface driver usbfs
[    0.090238] usbcore: registered new interface driver hub
[    0.090254] usbcore: registered new device driver usb
[    0.090681] pps_core: LinuxPPS API ver. 1 registered
[    0.090685] pps_core: Software ver. 5.3.6 - Copyright 2005-2007 Rodolfo Giometti <giometti@linux.it>
[    0.090698] PTP clock support registered
[    0.090795] EDAC MC: Ver: 3.0.0
[    0.092177] Registered efivars operations
[    0.092866] FPGA manager framework
[    0.092943] Advanced Linux Sound Architecture Driver Initialized.
[    0.093512] Bluetooth: Core ver 2.22
[    0.093544] NET: Registered PF_BLUETOOTH protocol family
[    0.093547] Bluetooth: HCI device and connection manager initialized
[    0.093557] Bluetooth: HCI socket layer initialized
[    0.093563] Bluetooth: L2CAP socket layer initialized
[    0.093579] Bluetooth: SCO socket layer initialized
[    0.094066] clocksource: Switched to clocksource arch_sys_counter
[    0.130188] VFS: Disk quotas dquot_6.6.0
[    0.130244] VFS: Dquot-cache hash table entries: 512 (order 0, 4096 bytes)
[    0.130491] pnp: PnP ACPI: disabled
[    0.133882] NET: Registered PF_INET protocol family
[    0.134468] IP idents hash table entries: 262144 (order: 9, 2097152 bytes, linear)
[    0.136969] tcp_listen_portaddr_hash hash table entries: 8192 (order: 5, 131072 bytes, linear)
[    0.137154] Table-perturb hash table entries: 65536 (order: 6, 262144 bytes, linear)
[    0.137178] TCP established hash table entries: 131072 (order: 8, 1048576 bytes, linear)
[    0.137595] TCP bind hash table entries: 65536 (order: 8, 1048576 bytes, linear)
[    0.138988] TCP: Hash tables configured (established 131072 bind 65536)
[    0.139225] UDP hash table entries: 8192 (order: 6, 262144 bytes, linear)
[    0.139395] UDP-Lite hash table entries: 8192 (order: 6, 262144 bytes, linear)
[    0.139772] NET: Registered PF_UNIX/PF_LOCAL protocol family
[    0.140244] RPC: Registered named UNIX socket transport module.
[    0.140250] RPC: Registered udp transport module.
[    0.140251] RPC: Registered tcp transport module.
[    0.140252] RPC: Registered tcp NFSv4.1 backchannel transport module.
[    0.140275] PCI: CLS 0 bytes, default 64
[    0.140539] Unpacking initramfs...
[    0.146972] hw perfevents: enabled with armv8_cortex_a78 PMU driver, 7 counters available
[    0.147290] kvm [1]: IPA Size Limit: 48 bits
[    0.147332] kvm [1]: GICv3: no GICV resource entry
[    0.147340] kvm [1]: disabling GICv2 emulation
[    0.147376] kvm [1]: GIC system register CPU interface enabled
[    0.147469] kvm [1]: vgic interrupt IRQ9
[    0.147635] kvm [1]: VHE mode initialized successfully
[    0.150837] Initialise system trusted keyrings
[    0.150881] Key type blacklist registered
[    0.151011] workingset: timestamp_bits=42 max_order=22 bucket_order=0
[    0.155025] squashfs: version 4.0 (2009/01/31) Phillip Lougher
[    0.155565] NFS: Registering the id_resolver key type
[    0.155598] Key type id_resolver registered
[    0.155601] Key type id_legacy registered
[    0.155645] nfs4filelayout_init: NFSv4 File Layout Driver Registering...
[    0.155664] nfs4flexfilelayout_init: NFSv4 Flexfile Layout Driver Registering...
[    0.155692] ntfs: driver 2.1.32 [Flags: R/O].
[    0.155929] 9p: Installing v9fs 9p2000 file system support
[    0.156658] integrity: Platform Keyring initialized
[    0.168045] Key type asymmetric registered
[    0.168052] Asymmetric key parser 'x509' registered
[    0.168136] Block layer SCSI generic (bsg) driver version 0.4 loaded (major 245)
[    0.168147] io scheduler mq-deadline registered
[    0.168155] io scheduler kyber registered
[    0.178292] EINJ: ACPI disabled.
[    0.190639] Serial: 8250/16550 driver, 4 ports, IRQ sharing enabled
[    0.192432] SuperH (H)SCI(F) driver initialized
[    0.192776] msm_serial: driver initialized
[    0.193431] printk: console [ttyTCU0] enabled
[    0.194357] arm-smmu 8000000.iommu: probing hardware configuration...
[    0.194364] arm-smmu 8000000.iommu: SMMUv2 with:
[    0.194370] arm-smmu 8000000.iommu: 	stage 1 translation
[    0.194372] arm-smmu 8000000.iommu: 	stage 2 translation
[    0.194375] arm-smmu 8000000.iommu: 	nested translation
[    0.194381] arm-smmu 8000000.iommu: 	stream matching with 128 register groups
[    0.194385] arm-smmu 8000000.iommu: 	128 context banks (0 stage-2 only)
[    0.194407] arm-smmu 8000000.iommu: 	Supported page sizes: 0x61311000
[    0.194409] arm-smmu 8000000.iommu: 	Stage-1: 48-bit VA -> 48-bit IPA
[    0.194412] arm-smmu 8000000.iommu: 	Stage-2: 48-bit IPA -> 48-bit PA
[    0.195387] arm-smmu 10000000.iommu: probing hardware configuration...
[    0.195390] arm-smmu 10000000.iommu: SMMUv2 with:
[    0.195391] arm-smmu 10000000.iommu: 	stage 1 translation
[    0.195392] arm-smmu 10000000.iommu: 	stage 2 translation
[    0.195393] arm-smmu 10000000.iommu: 	nested translation
[    0.195396] arm-smmu 10000000.iommu: 	stream matching with 128 register groups
[    0.195398] arm-smmu 10000000.iommu: 	128 context banks (0 stage-2 only)
[    0.195403] arm-smmu 10000000.iommu: 	Supported page sizes: 0x61311000
[    0.195405] arm-smmu 10000000.iommu: 	Stage-1: 48-bit VA -> 48-bit IPA
[    0.195406] arm-smmu 10000000.iommu: 	Stage-2: 48-bit IPA -> 48-bit PA
[    0.195761] arm-smmu 12000000.iommu: probing hardware configuration...
[    0.195764] arm-smmu 12000000.iommu: SMMUv2 with:
[    0.195765] arm-smmu 12000000.iommu: 	stage 1 translation
[    0.195766] arm-smmu 12000000.iommu: 	stage 2 translation
[    0.195767] arm-smmu 12000000.iommu: 	nested translation
[    0.195770] arm-smmu 12000000.iommu: 	stream matching with 128 register groups
[    0.195772] arm-smmu 12000000.iommu: 	128 context banks (0 stage-2 only)
[    0.195776] arm-smmu 12000000.iommu: 	Supported page sizes: 0x61311000
[    0.195778] arm-smmu 12000000.iommu: 	Stage-1: 48-bit VA -> 48-bit IPA
[    0.195779] arm-smmu 12000000.iommu: 	Stage-2: 48-bit IPA -> 48-bit PA
[    0.204246] loop: module loaded
[    0.205355] megasas: 07.727.03.00-rc1
[    0.209773] tun: Universal TUN/TAP device driver, 1.6
[    0.210359] thunder_xcv, ver 1.0
[    0.210387] thunder_bgx, ver 1.0
[    0.210420] nicpf, ver 1.0
[    0.211263] hns3: Hisilicon Ethernet Network Driver for Hip08 Family - version
[    0.211271] hns3: Copyright (c) 2017 Huawei Corporation.
[    0.211313] hclge is initializing
[    0.211344] e1000: Intel(R) PRO/1000 Network Driver
[    0.211349] e1000: Copyright (c) 1999-2006 Intel Corporation.
[    0.211378] e1000e: Intel(R) PRO/1000 Network Driver
[    0.211383] e1000e: Copyright(c) 1999 - 2015 Intel Corporation.
[    0.211413] igb: Intel(R) Gigabit Ethernet Network Driver
[    0.211419] igb: Copyright (c) 2007-2014 Intel Corporation.
[    0.211432] igbvf: Intel(R) Gigabit Virtual Function Network Driver
[    0.211438] igbvf: Copyright (c) 2009 - 2012 Intel Corporation.
[    0.211659] sky2: driver version 1.30
[    0.212328] VFIO - User Level meta-driver version: 0.3
[    0.213906] ehci_hcd: USB 2.0 'Enhanced' Host Controller (EHCI) Driver
[    0.213919] ehci-pci: EHCI PCI platform driver
[    0.213944] ehci-platform: EHCI generic platform driver
[    0.214025] ehci-orion: EHCI orion driver
[    0.214114] ehci-exynos: EHCI Exynos driver
[    0.214170] ohci_hcd: USB 1.1 'Open' Host Controller (OHCI) Driver
[    0.214194] ohci-pci: OHCI PCI platform driver
[    0.214226] ohci-platform: OHCI generic platform driver
[    0.214293] ohci-exynos: OHCI Exynos driver
[    0.214744] usbcore: registered new interface driver usb-storage
[    0.216602] i2c_dev: i2c /dev entries driver
[    0.217908] pps_ldisc: PPS line discipline registered
[    0.220407] device-mapper: ioctl: 4.45.0-ioctl (2021-03-22) initialised: dm-devel@redhat.com
[    0.222573] sdhci: Secure Digital Host Controller Interface driver
[    0.222578] sdhci: Copyright(c) Pierre Ossman
[    0.223010] Synopsys Designware Multimedia Card Interface Driver
[    0.223609] sdhci-pltfm: SDHCI platform and OF driver helper
[    0.224754] ledtrig-cpu: registered to indicate activity on CPUs
[    0.225703] SMCCC: SOC_ID: ID = jep106:036b:0234 Revision = 0x00000401
[    0.226299] tegra-bpmp bpmp: Adding to iommu group 0
[    0.227709] tegra-bpmp bpmp: firmware: 40c4ded2a7425760713a-68f126a8abf
[    0.397269] Freeing initrd memory: 15548K
[    1.732362] clocksource: tsc: mask: 0xffffffffffffff max_cycles: 0xe6a171046, max_idle_ns: 881590405314 ns
[    1.732391] clocksource: osc: mask: 0xffffffff max_cycles: 0xffffffff, max_idle_ns: 49772407460 ns
[    1.732393] clocksource: usec: mask: 0xffffffff max_cycles: 0xffffffff, max_idle_ns: 1911260446275 ns
[    1.732740] hid: raw HID events driver (C) Jiri Kosina
[    1.733081] usbcore: registered new interface driver usbhid
[    1.733086] usbhid: USB HID core driver
[    1.736775] optee: probing for conduit method.
[    1.736836] optee: revision 4.2 (5ef90dab)
[    1.796234] optee: dynamic shared memory is enabled
[    1.796492] optee: initialized driver
[    1.799372] usbcore: registered new interface driver snd-usb-audio
[    1.801022] NET: Registered PF_PACKET protocol family
[    1.801784] Bluetooth: RFCOMM TTY layer initialized
[    1.801794] Bluetooth: RFCOMM socket layer initialized
[    1.801814] Bluetooth: RFCOMM ver 1.11
[    1.802077] 9pnet: Installing 9P2000 support
[    1.802181] Key type dns_resolver registered
[    1.802887] printk: console [tty0]: printing thread started
[    1.802953] printk: console [ttyTCU0]: printing thread started
[    1.803052] Loading compiled-in X.509 certificates
[    1.806412] Loaded X.509 cert 'Build time autogenerated kernel key: d77ad5d0e7e5d02a2dc9cf8ec8dfa4a966aa85ba'
[    1.842464] tegra-gpcdma 2600000.dma-controller: Adding to iommu group 1
[    1.844611] tegra-gpcdma 2600000.dma-controller: GPC DMA driver register 31 channels
[    1.847089] 3100000.serial: ttyTHS1 at MMIO 0x3100000 (irq = 112, base_baud = 0) is a TEGRA_UART
[    1.848217] 3140000.serial: ttyTHS2 at MMIO 0x3140000 (irq = 113, base_baud = 0) is a TEGRA_UART
[    1.851035] tegra_rtc c2a0000.rtc: registered as rtc1
[    1.851045] tegra_rtc c2a0000.rtc: Tegra internal Real Time Clock
[    1.851448] tegra-i2c 3160000.i2c: Adding to iommu group 1
[    1.855294] tegra-i2c 3180000.i2c: Adding to iommu group 1
[    1.856876] tegra-i2c 31b0000.i2c: Adding to iommu group 1
[    1.858299] tegra-i2c c240000.i2c: Adding to iommu group 1
[    1.859545] i2c 1-0025: Fixing up cyclic dependency with 3520000.padctl
[    1.860100] tegra-i2c c250000.i2c: Adding to iommu group 1
[    1.861946] i2c i2c-2: Added multiplexed i2c bus 9
[    1.861952] i2c-mux-gpio bus@0:cam_i2cmux: 1 port mux on 3180000.i2c adapter
[    1.880626] cpufreq: cpufreq_online: CPU4: Running at unlisted initial frequency: 1993000 KHz, changing to: 1984000 KHz
[    1.883166] tegra-xusb 3610000.usb: Adding to iommu group 2
[    1.898025] tegra-xusb 3610000.usb: Firmware timestamp: 2023-02-10 03:48:10 UTC
[    1.898032] tegra-xusb 3610000.usb: xHCI Host Controller
[    1.898042] tegra-xusb 3610000.usb: new USB bus registered, assigned bus number 1
[    1.898794] tegra-xusb 3610000.usb: hcc params 0x0180ff05 hci version 0x120 quirks 0x0000000000010810
[    1.898811] tegra-xusb 3610000.usb: irq 123, io mem 0x03610000
[    1.898923] tegra-xusb 3610000.usb: xHCI Host Controller
[    1.898926] tegra-xusb 3610000.usb: new USB bus registered, assigned bus number 2
[    1.898930] tegra-xusb 3610000.usb: Host supports USB 3.1 Enhanced SuperSpeed
[    1.899388] hub 1-0:1.0: USB hub found
[    1.899402] hub 1-0:1.0: 4 ports detected
[    1.899681] hub 2-0:1.0: USB hub found
[    1.899693] hub 2-0:1.0: 4 ports detected
[    1.901172] irq: IRQ227: trimming hierarchy from :bus@0:pmc@c360000
[    1.901226] irq: IRQ228: trimming hierarchy from :bus@0:interrupt-controller@f400000-1
[    1.901285] input: gpio-keys as /devices/platform/gpio-keys/input/input0
[    1.902000] clk: Disabling unused clocks
[    1.942860] ALSA device list:
[    1.942864]   No soundcards found.
[    1.951053] Freeing unused kernel memory: 7744K
[    1.951124] Run /init as init process
[    1.951125]   with arguments:
[    1.951126]     /init
[    1.951126]   with environment:
[    1.951126]     HOME=/
[    1.951127]     TERM=linux
[    1.951128]     boot_profile=ov5647-dev
[    1.951128]     bl_prof_dataptr=2031616@0x471E10000
[    1.951129]     bl_prof_ro_ptr=65536@0x471E00000
[    1.965647] Checking overlayfs setting...
[    1.974463] Overlayfs is disabled...
[    1.981437] Root device found: PARTUUID=03f3e885-a6e9-47ba-b7e1-ccc5bf71a344
[    2.234065] usb 1-2: new high-speed USB device number 2 using tegra-xusb
[    2.404960] hub 1-2:1.0: USB hub found
[    2.406056] hub 1-2:1.0: 4 ports detected
[    2.518919] usb 2-1: new SuperSpeed Plus Gen 2x1 USB device number 2 using tegra-xusb
[    2.567667] hub 2-1:1.0: USB hub found
[    2.570294] hub 2-1:1.0: 4 ports detected
[    2.674300] usb 1-3: new full-speed USB device number 3 using tegra-xusb
[    3.126059] usb 1-2.4: new low-speed USB device number 4 using tegra-xusb
[    3.249296] input: Lenovo Lenovo Calliope USB Keyboard as /devices/platform/bus@0/3610000.usb/usb1/1-2/1-2.4/1-2.4:1.0/0003:17EF:608C.0001/input/input1
[    3.390642] hid-generic 0003:17EF:608C.0001: input,hidraw0: USB HID v1.11 Keyboard [Lenovo Lenovo Calliope USB Keyboard] on usb-3610000.usb-2.4/input0
[    3.396207] input: Lenovo Lenovo Calliope USB Keyboard System Control as /devices/platform/bus@0/3610000.usb/usb1/1-2/1-2.4/1-2.4:1.1/0003:17EF:608C.0002/input/input2
[    3.454328] input: Lenovo Lenovo Calliope USB Keyboard Consumer Control as /devices/platform/bus@0/3610000.usb/usb1/1-2/1-2.4/1-2.4:1.1/0003:17EF:608C.0002/input/input3
[    3.454986] hid-generic 0003:17EF:608C.0002: input,hidraw1: USB HID v1.11 Device [Lenovo Lenovo Calliope USB Keyboard] on usb-3610000.usb-2.4/input1
[    5.486681] tegra194-pcie 14100000.pcie: Adding to iommu group 3
[    5.487493] irq: IRQ229: trimming hierarchy from :bus@0:interrupt-controller@f400000-1
[    5.488763] tegra194-pcie 14100000.pcie: host bridge /bus@0/pcie@14100000 ranges:
[    5.488784] tegra194-pcie 14100000.pcie:      MEM 0x2080000000..0x20a7ffffff -> 0x2080000000
[    5.488791] tegra194-pcie 14100000.pcie:      MEM 0x20a8000000..0x20afffffff -> 0x0040000000
[    5.488795] tegra194-pcie 14100000.pcie:       IO 0x0030100000..0x00301fffff -> 0x0030100000
[    5.489103] tegra194-pcie 14100000.pcie: iATU unroll: enabled
[    5.489105] tegra194-pcie 14100000.pcie: Detected iATU regions: 8 outbound, 2 inbound
[    5.507526] tegra-xudc 3550000.usb: Adding to iommu group 4
[    5.594062] tegra194-pcie 14100000.pcie: Link up
[    5.596747] tegra194-pcie 14100000.pcie: Link up
[    5.597108] tegra194-pcie 14100000.pcie: PCI host bridge to bus 0001:00
[    5.597113] pci_bus 0001:00: root bus resource [bus 00-ff]
[    5.597117] pci_bus 0001:00: root bus resource [mem 0x2080000000-0x20a7ffffff pref]
[    5.597119] pci_bus 0001:00: root bus resource [mem 0x20a8000000-0x20afffffff] (bus address [0x40000000-0x47ffffff])
[    5.597122] pci_bus 0001:00: root bus resource [io  0x0000-0xfffff] (bus address [0x30100000-0x301fffff])
[    5.597174] pci 0001:00:00.0: [10de:229e] type 01 class 0x060400
[    5.597347] pci 0001:00:00.0: PME# supported from D0 D3hot
[    5.600874] pci 0001:01:00.0: [10ec:c822] type 00 class 0x028000
[    5.601407] pci 0001:01:00.0: reg 0x10: [io  0x0000-0x00ff]
[    5.601454] pci 0001:01:00.0: reg 0x18: [mem 0x20a8000000-0x20a800ffff 64bit]
[    5.602350] pci 0001:01:00.0: supports D1 D2
[    5.602352] pci 0001:01:00.0: PME# supported from D0 D1 D2 D3hot D3cold
[    5.616718] pci 0001:00:00.0: BAR 14: assigned [mem 0x20a8000000-0x20a80fffff]
[    5.616722] pci 0001:00:00.0: BAR 13: assigned [io  0x1000-0x1fff]
[    5.616725] pci 0001:01:00.0: BAR 2: assigned [mem 0x20a8000000-0x20a800ffff 64bit]
[    5.616827] pci 0001:01:00.0: BAR 0: assigned [io  0x1000-0x10ff]
[    5.616858] pci 0001:00:00.0: PCI bridge to [bus 01-ff]
[    5.616861] pci 0001:00:00.0:   bridge window [io  0x1000-0x1fff]
[    5.616865] pci 0001:00:00.0:   bridge window [mem 0x20a8000000-0x20a80fffff]
[    5.616886] pci 0001:00:00.0: Max Payload Size set to  256/ 256 (was  128), Max Read Rq  256
[    5.617032] pci 0001:01:00.0: Max Payload Size set to  128/ 128 (was  128), Max Read Rq  128
[    5.617129] pcieport 0001:00:00.0: Adding to iommu group 3
[    5.617224] pcieport 0001:00:00.0: PME: Signaling with IRQ 190
[    5.617532] pcieport 0001:00:00.0: AER: enabled with IRQ 190
[    5.618566] tegra194-pcie 14160000.pcie: Adding to iommu group 5
[    5.620165] tegra194-pcie 14160000.pcie: host bridge /bus@0/pcie@14160000 ranges:
[    5.620178] tegra194-pcie 14160000.pcie:      MEM 0x2140000000..0x2427ffffff -> 0x2140000000
[    5.620183] tegra194-pcie 14160000.pcie:      MEM 0x2428000000..0x242fffffff -> 0x0040000000
[    5.620186] tegra194-pcie 14160000.pcie:       IO 0x0036100000..0x00361fffff -> 0x0036100000
[    5.620490] tegra194-pcie 14160000.pcie: iATU unroll: enabled
[    5.620492] tegra194-pcie 14160000.pcie: Detected iATU regions: 8 outbound, 2 inbound
[    5.726317] tegra194-pcie 14160000.pcie: Link up
[    5.727565] tegra194-pcie 14160000.pcie: Link up
[    5.727620] tegra194-pcie 14160000.pcie: PCI host bridge to bus 0004:00
[    5.727623] pci_bus 0004:00: root bus resource [bus 00-ff]
[    5.727626] pci_bus 0004:00: root bus resource [mem 0x2140000000-0x2427ffffff pref]
[    5.727628] pci_bus 0004:00: root bus resource [mem 0x2428000000-0x242fffffff] (bus address [0x40000000-0x47ffffff])
[    5.727630] pci_bus 0004:00: root bus resource [io  0x100000-0x1fffff] (bus address [0x36100000-0x361fffff])
[    5.727672] pci 0004:00:00.0: [10de:229c] type 01 class 0x060400
[    5.727817] pci 0004:00:00.0: PME# supported from D0 D3hot
[    5.730999] pci 0004:01:00.0: [4321:2263] type 00 class 0x010802
[    5.731463] pci 0004:01:00.0: reg 0x10: [mem 0x00000000-0x00003fff 64bit]
[    5.744703] pci 0004:00:00.0: BAR 14: assigned [mem 0x2428000000-0x24280fffff]
[    5.744708] pci 0004:01:00.0: BAR 0: assigned [mem 0x2428000000-0x2428003fff 64bit]
[    5.744794] pci 0004:00:00.0: PCI bridge to [bus 01-ff]
[    5.744799] pci 0004:00:00.0:   bridge window [mem 0x2428000000-0x24280fffff]
[    5.744817] pci 0004:00:00.0: Max Payload Size set to  256/ 256 (was  128), Max Read Rq  256
[    5.744941] pci 0004:01:00.0: Max Payload Size set to  128/ 128 (was  128), Max Read Rq  128
[    5.745039] pcieport 0004:00:00.0: Adding to iommu group 5
[    5.745126] pcieport 0004:00:00.0: PME: Signaling with IRQ 192
[    5.745256] pcieport 0004:00:00.0: AER: enabled with IRQ 192
[    5.745461] nvme 0004:01:00.0: Adding to iommu group 5
[    5.745834] nvme nvme0: pci function 0004:01:00.0
[    5.745891] nvme 0004:01:00.0: enabling device (0000 -> 0002)
[    5.746445] tegra194-pcie 141e0000.pcie: Adding to iommu group 6
[    5.747617] tegra194-pcie 141e0000.pcie: host bridge /bus@0/pcie@141e0000 ranges:
[    5.747631] tegra194-pcie 141e0000.pcie:      MEM 0x3000000000..0x3227ffffff -> 0x3000000000
[    5.747636] tegra194-pcie 141e0000.pcie:      MEM 0x3228000000..0x322fffffff -> 0x0040000000
[    5.747641] tegra194-pcie 141e0000.pcie:       IO 0x003e100000..0x003e1fffff -> 0x003e100000
[    5.747937] tegra194-pcie 141e0000.pcie: iATU unroll: enabled
[    5.747939] tegra194-pcie 141e0000.pcie: Detected iATU regions: 8 outbound, 2 inbound
[    5.764184] nvme nvme0: allocated 64 MiB host memory buffer.
[    5.782722] nvme nvme0: 8/0/0 default/read/poll queues
[    5.790962]  nvme0n1: p1 p2 p3 p4 p5 p6 p7 p8 p9 p10 p11 p12 p13 p14 p15
[    6.167384] EXT4-fs (nvme0n1p1): 2 orphan inodes deleted
[    6.167395] EXT4-fs (nvme0n1p1): recovery complete
[    6.174197] EXT4-fs (nvme0n1p1): mounted filesystem with ordered data mode. Opts: (null). Quota mode: none.
[    6.180112] Rootfs mounted over PARTUUID=03f3e885-a6e9-47ba-b7e1-ccc5bf71a344
[    6.187531] Switching from initrd to actual rootfs
[    6.236775] systemd[1]: System time before build time, advancing clock.
[    6.255311] NET: Registered PF_INET6 protocol family
[    6.256372] Segment Routing with IPv6
[    6.256379] In-situ OAM (IOAM) with IPv6
[    6.268558] systemd[1]: systemd 249.11-0ubuntu3.17 running in system mode (+PAM +AUDIT +SELINUX +APPARMOR +IMA +SMACK +SECCOMP +GCRYPT +GNUTLS +OPENSSL +ACL +BLKID +CURL +ELFUTILS +FIDO2 +IDN2 -IDN +IPTC +KMOD +LIBCRYPTSETUP +LIBFDISK +PCRE2 -PWQUALITY -P11KIT -QRENCODE +BZIP2 +LZ4 +XZ +ZLIB +ZSTD -XKBCOMMON +UTMP +SYSVINIT default-hierarchy=unified)
[    6.268916] systemd[1]: Detected architecture arm64.
[    6.269534] systemd[1]: Hostname set to <cam-desktop>.
[    6.275996] systemd[1]: Using hardware watchdog 'NVIDIA Tegra186 WDT', version 0, device /dev/watchdog
[    6.276013] systemd[1]: Set hardware watchdog to 2min.
[    6.416411] systemd[1]: /lib/systemd/system/snapd.service:23: Unknown key name 'RestartMode' in section 'Service', ignoring.
[    6.427288] systemd[1]: /etc/systemd/system/nvs-service.service:41: Standard output type syslog is obsolete, automatically updating to journal. Please update your unit file, and consider removing the setting altogether.
[    6.429985] systemd[1]: /etc/systemd/system/nvargus-daemon.service:42: Standard output type syslog is obsolete, automatically updating to journal. Please update your unit file, and consider removing the setting altogether.
[    6.470338] systemd[1]: Queued start job for default target Graphical Interface.
[    6.471855] systemd[1]: Created slice Slice /system/modprobe.
[    6.472446] systemd[1]: Created slice Slice /system/openvpn.
[    6.472905] systemd[1]: Created slice Slice /system/serial-getty.
[    6.473305] systemd[1]: Created slice Slice /system/systemd-fsck.
[    6.473616] systemd[1]: Created slice User and Session Slice.
[    6.473774] systemd[1]: Started Forward Password Requests to Wall Directory Watch.
[    6.474147] systemd[1]: Set up automount Arbitrary Executable File Formats File System Automount Point.
[    6.474312] systemd[1]: Reached target Slice Units.
[    6.474374] systemd[1]: Reached target Mounting snaps.
[    6.476012] systemd[1]: Reached target Swaps.
[    6.476760] systemd[1]: Reached target Local Verity Protected Volumes.
[    6.476907] systemd[1]: Listening on Device-mapper event daemon FIFOs.
[    6.477120] systemd[1]: Listening on LVM2 poll daemon socket.
[    6.483271] systemd[1]: Listening on RPCbind Server Activation Socket.
[    6.483687] systemd[1]: Listening on Syslog Socket.
[    6.483893] systemd[1]: Listening on fsck to fsckd communication Socket.
[    6.484039] systemd[1]: Listening on initctl Compatibility Named Pipe.
[    6.484368] systemd[1]: Listening on Journal Audit Socket.
[    6.484540] systemd[1]: Listening on Journal Socket (/dev/log).
[    6.484760] systemd[1]: Listening on Journal Socket.
[    6.485053] systemd[1]: Listening on udev Control Socket.
[    6.485216] systemd[1]: Listening on udev Kernel Socket.
[    6.486337] systemd[1]: Mounting Huge Pages File System...
[    6.523004] systemd[1]: Mounting POSIX Message Queue File System...
[    6.535028] systemd[1]: Mounting Kernel Debug File System...
[    6.536193] systemd[1]: Mounting Kernel Trace File System...
[    6.538282] systemd[1]: Starting Journal Service...
[    6.550409] systemd[1]: Finished Availability of block devices.
[    6.552743] systemd[1]: Starting Set the console keyboard layout...
[    6.554046] systemd[1]: Starting Create List of Static Device Nodes...
[    6.570524] systemd[1]: Starting Monitoring of LVM2 mirrors, snapshots etc. using dmeventd or progress polling...
[    6.571841] systemd[1]: Starting Load Kernel Module configfs...
[    6.573221] systemd[1]: Starting Load Kernel Module drm...
[    6.574775] systemd[1]: Starting Load Kernel Module efi_pstore...
[    6.598592] systemd[1]: Starting Load Kernel Module fuse...
[    6.599793] systemd[1]: Starting NVIDIA specific first-boot udev script...
[    6.601108] systemd[1]: Started Nameserver information manager.
[    6.601341] systemd[1]: Reached target Preparation for Network.
[    6.601581] systemd[1]: Condition check resulted in File System Check on Root Device being skipped.
[    6.603946] systemd[1]: Starting Load Kernel Modules...
[    6.605627] fuse: init (API version 7.34)
[    6.610963] nvsciipc: loading out-of-tree module taints kernel.
[    6.611853] nvsciipc: loaded module
[    6.617160] nvmap_heap_init: nvmap_heap_init: created heap block cache
[    6.617646] nvmap_page_pool_init: Total RAM pages: 4004597
[    6.617648] nvmap_page_pool_init: nvmap page pool size: 500574 pages (1955 MB)
[    6.617709] nvmap_background_zero_thread: PP zeroing thread starting.
[    6.624197] tegra-host1x 13e00000.host1x: Adding to iommu group 7
[    6.625423] host1x-context host1x-ctx.0: Adding to iommu group 8
[    6.625543] host1x-context host1x-ctx.1: Adding to iommu group 9
[    6.625639] host1x-context host1x-ctx.2: Adding to iommu group 10
[    6.625734] host1x-context host1x-ctx.3: Adding to iommu group 11
[    6.625829] host1x-context host1x-ctx.4: Adding to iommu group 12
[    6.625919] host1x-context host1x-ctx.5: Adding to iommu group 13
[    6.626012] host1x-context host1x-ctx.6: Adding to iommu group 14
[    6.626122] host1x-context host1x-ctx.7: Adding to iommu group 15
[    6.626218] host1x-context host1x-ctx.8: Adding to iommu group 16
[    6.626318] host1x-context host1x-ctx.9: Adding to iommu group 17
[    6.626411] host1x-context host1x-ctx.10: Adding to iommu group 18
[    6.626505] host1x-context host1x-ctx.11: Adding to iommu group 19
[    6.626592] host1x-context host1x-ctx.12: Adding to iommu group 20
[    6.626682] host1x-context host1x-ctx.13: Adding to iommu group 21
[    6.626769] host1x-context host1x-ctx.14: Adding to iommu group 22
[    6.626860] host1x-context host1x-ctx.15: Adding to iommu group 23
[    6.634678] platform 13e00000.host1x:nvcsi@15a00000: Fixing up cyclic dependency with 9-0036
[    6.634696] platform 13e00000.host1x:nvcsi@15a00000: Fixing up cyclic dependency with tegra-capture-vi
[    6.641740] systemd[1]: Starting Remount Root and Kernel File Systems...
[    6.648658] EXT4-fs (nvme0n1p1): re-mounted. Opts: (null). Quota mode: none.
[    6.671807] nvgpu: 17000000.gpu          nvgpu_nvhost_syncpt_init:122  [INFO]  syncpt_unit_base 60000000 syncpt_unit_size 4000000 size 10000

[    6.677066] systemd[1]: Starting Coldplug All udev Devices...
[    6.732759] systemd[1]: Mounted Huge Pages File System.
[    6.780541] systemd[1]: Mounted POSIX Message Queue File System.
[    6.842215] systemd[1]: Mounted Kernel Debug File System.
[    6.842388] systemd[1]: Mounted Kernel Trace File System.
[    6.842895] systemd[1]: Finished Set the console keyboard layout.
[    6.843400] systemd[1]: Finished Create List of Static Device Nodes.
[    6.843764] systemd[1]: modprobe@configfs.service: Deactivated successfully.
[    6.844053] systemd[1]: Finished Load Kernel Module configfs.
[    6.844426] systemd[1]: modprobe@drm.service: Deactivated successfully.
[    6.844694] systemd[1]: Finished Load Kernel Module drm.
[    6.845059] systemd[1]: modprobe@efi_pstore.service: Deactivated successfully.
[    6.845325] systemd[1]: Finished Load Kernel Module efi_pstore.
[    6.845687] systemd[1]: modprobe@fuse.service: Deactivated successfully.
[    6.845964] systemd[1]: Finished Load Kernel Module fuse.
[    6.846434] systemd[1]: Finished NVIDIA specific first-boot udev script.
[    6.854069] tegra194-pcie 141e0000.pcie: Phy link never came up
[    6.891597] systemd[1]: Finished Load Kernel Modules.
[    6.934447] systemd[1]: Finished Remount Root and Kernel File Systems.
[    6.937113] systemd[1]: Mounting FUSE Control File System...
[    6.938215] systemd[1]: Mounting Kernel Configuration File System...
[    6.954620] systemd[1]: Starting OP-TEE Client Supplicant...
[    6.954813] systemd[1]: Condition check resulted in Platform Persistent Storage Archival being skipped.
[    6.955982] systemd[1]: Starting Load/Save Random Seed...
[    6.957180] systemd[1]: Starting Apply Kernel Variables...
[    6.958623] systemd[1]: Starting Create System Users...
[    6.975014] systemd[1]: Mounted FUSE Control File System.
[    6.975230] systemd[1]: Mounted Kernel Configuration File System.
[    6.975720] systemd[1]: Finished Load/Save Random Seed.
[    6.976227] systemd[1]: Finished Apply Kernel Variables.
[    6.976625] systemd[1]: Condition check resulted in First Boot Complete being skipped.
[    7.010391] systemd[1]: Finished Create System Users.
[    7.012132] systemd[1]: Starting Create Static Device Nodes in /dev...
[    7.023021] systemd[1]: Finished Create Static Device Nodes in /dev.
[    7.025310] systemd[1]: Starting Rule-based Manager for Device Events and Files...
[    7.089350] systemd[1]: Started Rule-based Manager for Device Events and Files.
[    7.123375] tegra-se 15820000.crypto: Adding to iommu group 24
[    7.124975] tegra-se 15840000.crypto: Adding to iommu group 25
[    7.397273] mc: Linux media interface: v0.10
[    7.402962] tegra-soc-hwpm f100000.hwpm: Adding to iommu group 26
[    7.405925] scare-pigeon 13e00000.host1x:vi0-thi@15f00000: Adding to iommu group 27
[    7.409670] scare-pigeon 13e00000.host1x:vi0-thi@15f00000: syncpt_unit_base 60000000 syncpt_unit_size 4000000 size 10000
[    7.410568] videodev: Linux video capture interface: v2.00
[    7.418580] scare-pigeon 13e00000.host1x:vi1-thi@14f00000: Adding to iommu group 28
[    7.418668] nvdla 15880000.nvdla0: Adding to iommu group 29
[    7.420221] scare-pigeon 13e00000.host1x:vi1-thi@14f00000: syncpt_unit_base 60000000 syncpt_unit_size 4000000 size 10000
[    7.427434] Inserting ivc_ext.ko module
[    7.429599] scare-pigeon 13e00000.host1x:isp-thi@14b00000: Adding to iommu group 30
[    7.430112] nvdla 15880000.nvdla0: syncpt_unit_base 60000000 syncpt_unit_size 4000000 size 10000
[    7.430766] nvdla 158c0000.nvdla1: Adding to iommu group 31
[    7.431699] scare-pigeon 13e00000.host1x:isp-thi@14b00000: syncpt_unit_base 60000000 syncpt_unit_size 4000000 size 10000
[    7.438721] pva 16000000.pva0: Adding to iommu group 32
[    7.439065] nvdla 158c0000.nvdla1: syncpt_unit_base 60000000 syncpt_unit_size 4000000 size 10000
[    7.446193] systemd[1]: Started OP-TEE Client Supplicant.
[    7.455457] pva_iommu_context_dev 16000000.pva0:pva0_niso1_ctx0: Adding to iommu group 33
[    7.459170] pva_iommu_context_dev 16000000.pva0:pva0_niso1_ctx0: initialized (streamid=18, iommu=smmu.0x0000000008000000)
[    7.464080] tegra-vic 15340000.vic: Adding to iommu group 34
[    7.470652] tegra186-cam-rtcpu bc00000.rtcpu: Adding to iommu group 35
[    7.474115] tegra186-cam-rtcpu bc00000.rtcpu: Trace buffer configured at IOVA=0xbff00000
[    7.482929] pva_iommu_context_dev 16000000.pva0:pva0_niso1_ctx1: Adding to iommu group 36
[    7.485090] pva_iommu_context_dev 16000000.pva0:pva0_niso1_ctx1: initialized (streamid=19, iommu=smmu.0x0000000008000000)
[    7.485311] tegra-ivc-bus bc00000.rtcpu:ivc-bus: region 0: iova=0xbfec0000-0xbfee027f size=131712
[    7.486790] tegra-ivc-bus bc00000.rtcpu:ivc-bus:echo@0: echo: ver=0 grp=1 RX[16x64]=0x1000-0x1480 TX[16x64]=0x1480-0x1900
[    7.487765] tegra-ivc-bus bc00000.rtcpu:ivc-bus:dbg@1: dbg: ver=0 grp=1 RX[1x512]=0x1900-0x1b80 TX[1x512]=0x1b80-0x1e00
[    7.489875] tegra-ivc-bus bc00000.rtcpu:ivc-bus:dbg@2: dbg: ver=0 grp=1 RX[1x8192]=0x1e00-0x3e80 TX[1x8192]=0x3e80-0x5f00
[    7.495725] tegra-ivc-bus bc00000.rtcpu:ivc-bus:ivccontrol@3: ivccontrol: ver=0 grp=1 RX[64x320]=0x5f00-0xaf80 TX[64x320]=0xaf80-0x10000
[    7.497686] tegra-ivc-bus bc00000.rtcpu:ivc-bus:ivccapture@4: ivccapture: ver=0 grp=1 RX[512x64]=0x10000-0x18080 TX[512x64]=0x18080-0x20100
[    7.498645] pva_iommu_context_dev 16000000.pva0:pva0_niso1_ctx2: Adding to iommu group 37
[    7.499253] pva_iommu_context_dev 16000000.pva0:pva0_niso1_ctx2: initialized (streamid=20, iommu=smmu.0x0000000008000000)
[    7.500240] tegra-ivc-bus bc00000.rtcpu:ivc-bus:diag@5: diag: ver=0 grp=1 RX[1x64]=0x20100-0x201c0 TX[1x64]=0x201c0-0x20280
[    7.501231] tegra186-cam-rtcpu bc00000.rtcpu: using cam RTCPU IRQ (218)
[    7.501235] tegra186-cam-rtcpu bc00000.rtcpu: tegra_camrtc_mon_create is successful
[    7.501555] tegra186-cam-rtcpu bc00000.rtcpu: firmware version cpu=rce cmd=6 sha1=04ea869968864dcb132a50cad9712bd529a09ee2
[    7.501688] tegra-ivc-bus bc00000.rtcpu:ivc-bus:echo@0: ivc channel driver missing
[    7.501692] tegra-ivc-bus bc00000.rtcpu:ivc-bus:dbg@1: ivc channel driver missing
[    7.501694] tegra-ivc-bus bc00000.rtcpu:ivc-bus:dbg@2: ivc channel driver missing
[    7.501696] tegra-ivc-bus bc00000.rtcpu:ivc-bus:ivccontrol@3: ivc channel driver missing
[    7.501698] tegra-ivc-bus bc00000.rtcpu:ivc-bus:ivccapture@4: ivc channel driver missing
[    7.501698] tegra-hsp b950000.tegra-hsp: Try increasing MBOX_TX_QUEUE_LEN
[    7.501700] tegra-ivc-bus bc00000.rtcpu:ivc-bus:diag@5: ivc channel driver missing
[    7.501705] tegra-hsp b950000.tegra-hsp: Try increasing MBOX_TX_QUEUE_LEN
[    7.501708] tegra-hsp b950000.tegra-hsp: Try increasing MBOX_TX_QUEUE_LEN
[    7.501711] tegra-hsp b950000.tegra-hsp: Try increasing MBOX_TX_QUEUE_LEN
[    7.501714] tegra-hsp b950000.tegra-hsp: Try increasing MBOX_TX_QUEUE_LEN
[    7.501716] tegra-hsp b950000.tegra-hsp: Try increasing MBOX_TX_QUEUE_LEN
[    7.501719] tegra-hsp b950000.tegra-hsp: Try increasing MBOX_TX_QUEUE_LEN
[    7.501724] tegra-hsp b950000.tegra-hsp: Try increasing MBOX_TX_QUEUE_LEN
[    7.501727] tegra-hsp b950000.tegra-hsp: Try increasing MBOX_TX_QUEUE_LEN
[    7.501728] tegra-hsp b950000.tegra-hsp: Try increasing MBOX_TX_QUEUE_LEN
[    7.501730] tegra-hsp b950000.tegra-hsp: Try increasing MBOX_TX_QUEUE_LEN
[    7.501750] tegra-hsp b950000.tegra-hsp: Try increasing MBOX_TX_QUEUE_LEN
[    7.502381] tegra-nvdec 15480000.nvdec: Adding to iommu group 38
[    7.513601] pva_iommu_context_dev 16000000.pva0:pva0_niso1_ctx3: Adding to iommu group 39
[    7.514773] pva_iommu_context_dev 16000000.pva0:pva0_niso1_ctx3: initialized (streamid=21, iommu=smmu.0x0000000008000000)
[    7.520590] tegra-nvenc 154c0000.nvenc: Adding to iommu group 41
[    7.521541] pva_iommu_context_dev 16000000.pva0:pva0_niso1_ctx4: Adding to iommu group 40
[    7.523054] pva_iommu_context_dev 16000000.pva0:pva0_niso1_ctx4: initialized (streamid=22, iommu=smmu.0x0000000008000000)
[    7.530132] [RCE] TCU debug prints will be routed to traces.
[    7.531634] pva_iommu_context_dev 16000000.pva0:pva0_niso1_ctx5: Adding to iommu group 42
[    7.533036] pva_iommu_context_dev 16000000.pva0:pva0_niso1_ctx5: initialized (streamid=23, iommu=smmu.0x0000000008000000)
[    7.536893] tegra-nvjpg 15380000.nvjpg: Adding to iommu group 43
[    7.538501] pva_iommu_context_dev 16000000.pva0:pva0_niso1_ctx6: Adding to iommu group 44
[    7.538801] pva_iommu_context_dev 16000000.pva0:pva0_niso1_ctx6: initialized (streamid=24, iommu=smmu.0x0000000008000000)
[    7.546509] pva_iommu_context_dev 16000000.pva0:pva0_niso1_ctx7: Adding to iommu group 45
[    7.547566] pva_iommu_context_dev 16000000.pva0:pva0_niso1_ctx7: initialized (streamid=25, iommu=smmu.0x0000000008000000)
[    7.549726] pva 16000000.pva0: pdata->version is HW_GEN2
[    7.551752] tegra-nvjpg 15540000.nvjpg: Adding to iommu group 46
[    7.557018] pva 16000000.pva0: Completed nvhost_client_device_init
[    7.557997] pva 16000000.pva0: syncpt_unit_base 60000000 syncpt_unit_size 4000000 size 10000
[    7.577060] tegra-ofa 15a50000.ofa: Adding to iommu group 47
[    7.588281] [drm] Initialized tegra 1.0.99 20120330 for drm on minor 0
[    7.588299] drm drm: [drm] Cannot find any crtc or sizes
[    7.690485] tegra194-vi5 13e00000.host1x:vi0@15c00000: Adding to iommu group 27
[    7.692418] tegra194-isp5 14800000.isp: Adding to iommu group 30
[    7.695418] tegra194-vi5 13e00000.host1x:vi1@14c00000: Adding to iommu group 28
[    7.695900] (NULL device *): fops function table already registered
[    7.697727] tegra-camrtc-capture-vi tegra-capture-vi: subdev 13e00000.host1x:nvcsi@15a00000- bound
[    8.094074] tegra194-pcie 141e0000.pcie: Phy link never came up
[    8.094176] tegra194-pcie 141e0000.pcie: PCI host bridge to bus 0007:00
[    8.094181] pci_bus 0007:00: root bus resource [bus 00-ff]
[    8.094185] pci_bus 0007:00: root bus resource [mem 0x3000000000-0x3227ffffff pref]
[    8.094188] pci_bus 0007:00: root bus resource [mem 0x3228000000-0x322fffffff] (bus address [0x40000000-0x47ffffff])
[    8.094191] pci_bus 0007:00: root bus resource [io  0x200000-0x2fffff] (bus address [0x3e100000-0x3e1fffff])
[    8.094242] pci 0007:00:00.0: [10de:229a] type 01 class 0x060400
[    8.094391] pci 0007:00:00.0: PME# supported from D0 D3hot
[    8.100725] pci 0007:00:00.0: PCI bridge to [bus 01-ff]
[    8.100754] pci 0007:00:00.0: Max Payload Size set to  256/ 256 (was  128), Max Read Rq  256
[    8.100909] pcieport 0007:00:00.0: Adding to iommu group 6
[    8.101043] pcieport 0007:00:00.0: PME: Signaling with IRQ 194
[    8.101267] pcieport 0007:00:00.0: AER: enabled with IRQ 194
[    8.101630] pci_bus 0007:01: busn_res: [bus 01-ff] is released
[    8.101812] pci 0007:00:00.0: Removing from iommu group 6
[    8.101828] pci_bus 0007:00: busn_res: [bus 00-ff] is released
[    8.104978] tegra194-pcie 140a0000.pcie: Adding to iommu group 48
[    8.216021] tegra194-pcie 140a0000.pcie: host bridge /bus@0/pcie@140a0000 ranges:
[    8.216052] tegra194-pcie 140a0000.pcie:      MEM 0x3240000000..0x3527ffffff -> 0x3240000000
[    8.216060] tegra194-pcie 140a0000.pcie:      MEM 0x3528000000..0x352fffffff -> 0x0040000000
[    8.216064] tegra194-pcie 140a0000.pcie:       IO 0x002a100000..0x002a1fffff -> 0x002a100000
[    8.217363] nvvrs_pseq 4-003c: NVVRS Vendor ID: 0x9
[    8.217458] tegra194-pcie 140a0000.pcie: iATU unroll: enabled
[    8.217462] tegra194-pcie 140a0000.pcie: Detected iATU regions: 8 outbound, 2 inbound
[    8.221076] nvvrs_pseq 4-003c: NVVRS Model Rev: 0x82
[    8.231038] tegra-dce d800000.dce: Adding to iommu group 49
[    8.234928] nvvrs_pseq 4-003c: NVVRS PSEQ probe successful
[    8.237447] dce: dce_ipc_channel_init:311  Invalid Channel State [0x0] for ch_type [2]
[    8.237775] dce: tegra_dce_probe:247  Found display consumer device
[    8.238205] dce: dce_mailbox_set_full_interrupt:157  Intr bit set multiple times for MB : [0x5]
[    8.238212] dce: dce_mailbox_set_full_interrupt:157  Intr bit set multiple times for MB : [0x5]
[    8.238472] dce: dce_admin_send_cmd_ver:456  version : [0x3] err : [0x0]
[    8.238687] dce: dce_mailbox_set_full_interrupt:157  Intr bit set multiple times for MB : [0x1]
[    8.238694] dce: dce_mailbox_set_full_interrupt:157  Intr bit set multiple times for MB : [0x1]
[    8.238698] dce: dce_admin_setup_clients_ipc:585  Channel Reset Complete for Type [1] ...
[    8.238700] dce: dce_admin_setup_clients_ipc:561  Get queue info failed for [2]
[    8.238905] dce: dce_mailbox_set_full_interrupt:157  Intr bit set multiple times for MB : [0x2]
[    8.238911] dce: dce_mailbox_set_full_interrupt:157  Intr bit set multiple times for MB : [0x2]
[    8.238913] dce: dce_admin_setup_clients_ipc:585  Channel Reset Complete for Type [3] ...
[    8.239886] dce: dce_start_boot_flow:166  DCE_BOOT_DONE
[    8.252295] systemd[1]: Finished Coldplug All udev Devices.
[    8.252696] systemd[1]: Condition check resulted in Show Plymouth Boot Screen being skipped.
[    8.252853] systemd[1]: Started Dispatch Password Requests to Console Directory Watch.
[    8.252934] systemd[1]: Condition check resulted in Forward Password Requests to Plymouth Directory Watch being skipped.
[    8.252959] systemd[1]: Reached target Local Encrypted Volumes.
[    8.260529] nv_platform 13800000.display: Adding to iommu group 50
[    8.264420] platform 13800000.display:nvdisplay-niso: Adding to iommu group 51
[    8.326065] tegra194-pcie 140a0000.pcie: Link up
[    8.327452] tegra194-pcie 140a0000.pcie: Link up
[    8.327550] tegra194-pcie 140a0000.pcie: PCI host bridge to bus 0008:00
[    8.327555] pci_bus 0008:00: root bus resource [bus 00-ff]
[    8.327560] pci_bus 0008:00: root bus resource [mem 0x3240000000-0x3527ffffff pref]
[    8.327564] pci_bus 0008:00: root bus resource [mem 0x3528000000-0x352fffffff] (bus address [0x40000000-0x47ffffff])
[    8.327567] pci_bus 0008:00: root bus resource [io  0x300000-0x3fffff] (bus address [0x2a100000-0x2a1fffff])
[    8.327618] pci 0008:00:00.0: [10de:229c] type 01 class 0x060400
[    8.327774] pci 0008:00:00.0: PME# supported from D0 D3hot
[    8.331207] pci 0008:01:00.0: [10ec:8168] type 00 class 0x020000
[    8.331687] pci 0008:01:00.0: reg 0x10: [io  0x0000-0x00ff]
[    8.331729] pci 0008:01:00.0: reg 0x18: [mem 0x00000000-0x00000fff 64bit]
[    8.331757] pci 0008:01:00.0: reg 0x20: [mem 0x00000000-0x00003fff 64bit]
[    8.332682] pci 0008:01:00.0: supports D1 D2
[    8.332685] pci 0008:01:00.0: PME# supported from D0 D1 D2 D3hot D3cold
[    8.344757] pci 0008:00:00.0: BAR 14: assigned [mem 0x3528000000-0x35280fffff]
[    8.344760] pci 0008:00:00.0: BAR 13: assigned [io  0x300000-0x300fff]
[    8.344764] pci 0008:01:00.0: BAR 4: assigned [mem 0x3528000000-0x3528003fff 64bit]
[    8.344856] pci 0008:01:00.0: BAR 2: assigned [mem 0x3528004000-0x3528004fff 64bit]
[    8.344948] pci 0008:01:00.0: BAR 0: assigned [io  0x300000-0x3000ff]
[    8.344976] pci 0008:00:00.0: PCI bridge to [bus 01-ff]
[    8.344979] pci 0008:00:00.0:   bridge window [io  0x300000-0x300fff]
[    8.344984] pci 0008:00:00.0:   bridge window [mem 0x3528000000-0x35280fffff]
[    8.345002] pci 0008:00:00.0: Max Payload Size set to  256/ 256 (was  128), Max Read Rq  256
[    8.345135] pci 0008:01:00.0: Max Payload Size set to  128/ 128 (was  128), Max Read Rq  128
[    8.345252] pcieport 0008:00:00.0: Adding to iommu group 48
[    8.345351] pcieport 0008:00:00.0: PME: Signaling with IRQ 188
[    8.345468] pcieport 0008:00:00.0: AER: enabled with IRQ 188
[    8.360625] systemd[1]: Started Journal Service.
[    8.383264] systemd-journald[275]: Received client request to flush runtime journal.
[    8.390457] cfg80211: Loading compiled-in X.509 certificates for regulatory database
[    8.390870] cfg80211: Loaded X.509 cert 'sforshee: 00b28ddf47aef9cea7'
[    8.391043] cfg80211: Loaded X.509 cert 'wens: 61c038651aabdcf94bd0ac7ff06c7248db18c600'
[    8.434000] spi-tegra114 3210000.spi: Adding to iommu group 1
[    8.441308] spi-tegra114 3230000.spi: Adding to iommu group 1
[    8.445094] at24 0-0050: 256 byte 24c02 EEPROM, read-only
[    8.450756] at24 0-0057: 256 byte 24c02 EEPROM, read-only
[    8.464891] tegra-hda 3510000.hda: Adding to iommu group 52
[    8.481597] rtl88x2ce 0001:01:00.0: Adding to iommu group 3
[    8.482369] rtl88x2ce 0001:01:00.0: enabling device (0000 -> 0003)
[    8.605137] CAN device driver interface
[    8.614092] input: NVIDIA Jetson Orin NX HDA HDMI/DP,pcm=3 as /devices/platform/bus@0/3510000.hda/sound/card0/input4
[    8.616108] tegra234-aon c000000.aon: Adding to iommu group 53
[    8.617788]  c000000.aon:hsp: probed
[    8.620854] gic 2a41000.interrupt-controller: GIC IRQ controller registered
[    8.621207] tegra-aconnect bus@0:aconnect@2900000: Tegra ACONNECT bus registered
[    8.622106] tegra234-aon c000000.aon: init done
[    8.626289] input: NVIDIA Jetson Orin NX HDA HDMI/DP,pcm=7 as /devices/platform/bus@0/3510000.hda/sound/card0/input5
[    8.633094] input: NVIDIA Jetson Orin NX HDA HDMI/DP,pcm=8 as /devices/platform/bus@0/3510000.hda/sound/card0/input6
[    8.639603] input: NVIDIA Jetson Orin NX HDA HDMI/DP,pcm=9 as /devices/platform/bus@0/3510000.hda/sound/card0/input7
[    8.641494] TT CAN feature is not supported
[    8.642514] 	 Message RAM Configuration
               	| base addr   |0x0c312000|
               	| sidfc_flssa |0x00000000|
               	| xidfc_flesa |0x00000040|
               	| rxf0c_f0sa  |0x000000c0|
               	| rxf1c_f1sa  |0x000009c0|
               	| rxbc_rbsa   |0x000009c0|
               	| txefc_efsa  |0x000009c0|
               	| txbc_tbsa   |0x00000a40|
               	| tmc_tmsa    |0x00000ec0|
               	| mram size   |0x00001000|
[    8.643918] Release 3.2.3 from 09.06.2018
[    8.651508] thermal-trip-event cpu-throttle-alert: cooling device registered.
[    8.653732] thermal-trip-event gpu-throttle-alert: cooling device registered.
[    8.660649] thermal-trip-event cv0-throttle-alert: cooling device registered.
[    8.664108] thermal-trip-event cv1-throttle-alert: cooling device registered.
[    8.664445] thermal-trip-event cv2-throttle-alert: cooling device registered.
[    8.666328] thermal-trip-event soc0-throttle-alert: cooling device registered.
[    8.667758] thermal-trip-event soc1-throttle-alert: cooling device registered.
[    8.667925] thermal-trip-event soc2-throttle-alert: cooling device registered.
[    8.668740] thermal-trip-event hot-surface-alert: cooling device registered.
[    8.670561] net can0: mttcan device registered (regs=000000008a5566f5, irq=200)
[    8.707242] irq: IRQ255: trimming hierarchy from :bus@0:pmc@c360000
[    8.707771] fusb301 1-0025: device id: 0x12
[    8.740986] fusb301 1-0025: toggle_time(0) is not updated
[    8.741380] fusb301 1-0025: fusb301_set_mode: mode (32)(32)
[    8.741726] fusb301 1-0025: fusb301_detach: type[0x00] chipstate[0x01]
[    8.741732] fusb301 1-0025: fusb_update_state: 1
[    8.742544] fusb301 1-0025: mode[0x20], host_cur[0x02], dttime[0x00]
[    8.779818] usbcore: registered new interface driver btusb
[    8.782506] Bluetooth: hci0: RTL: examining hci_ver=0a hci_rev=000c lmp_ver=0a lmp_subver=8822
[    8.782922] rtk_btusb: Realtek Bluetooth USB driver ver 3.1.65ab490.20240531-141726
[    8.782927] rtk_btcoex: rtk_btcoex_init: version: 1.2
[    8.782928] rtk_btcoex: create workqueue
[    8.783003] rtk_btcoex: alloc buffers 1792, 2432 for ev and l2
[    8.783052] usbcore: registered new interface driver rtk_btusb
[    8.783488] Bluetooth: hci0: RTL: rom_version status=0 version=3
[    8.783497] Bluetooth: hci0: RTL: loading rtl_bt/rtl8822cu_fw.bin
[    8.784113] Bluetooth: hci0: RTL: loading rtl_bt/rtl8822cu_config.bin
[    8.784310] Bluetooth: hci0: RTL: cfg_sz 6, total sz 35086
[    8.833643] nvvrs-pseq-rtc nvvrs-pseq-rtc: registered as rtc0
[    8.834959] nvvrs-pseq-rtc nvvrs-pseq-rtc: setting system clock to 1970-01-01T00:00:55 UTC (55)
[    8.858635] loop0: detected capacity change from 0 to 8
[    8.859274] loop1: detected capacity change from 0 to 373072
[    8.860505] loop2: detected capacity change from 0 to 141232
[    8.864448] loop3: detected capacity change from 0 to 126776
[    8.864707] loop4: detected capacity change from 0 to 95512
[    8.872070] loop5: detected capacity change from 0 to 1132440
[    8.872613] loop6: detected capacity change from 0 to 187776
[    8.876204] loop7: detected capacity change from 0 to 357512
[    8.877555] loop8: detected capacity change from 0 to 85664
[    8.910533] fusb301 1-0025: fusb301_work_handler: int_sts[0x05]
[    8.911112] fusb301 1-0025: sts[0x2f], type[0x08]
[    8.911118] fusb301 1-0025: fusb_update_state: 6
[    8.913078] r8168 0008:01:00.0: Adding to iommu group 48
[    8.913240] r8168 Gigabit Ethernet driver 8.053.00-NAPI loaded
[    8.913312] r8168 0008:01:00.0: enabling device (0000 -> 0003)
[    8.930629] r8168: This product is covered by one or more of the following patents: US6,570,884, US6,115,776, and US6,327,625.
[    8.930693] rtl88x2ce 0001:01:00.0 wlP1p1s0: renamed from wlan0
[    8.936048] r8168  Copyright (C) 2024 Realtek NIC software team <nicfae@realtek.com> 
                This program comes with ABSOLUTELY NO WARRANTY; for details, please see <http://www.gnu.org/licenses/>. 
                This is free software, and you are welcome to redistribute it under certain conditions; see <http://www.gnu.org/licenses/>. 
[    8.977681] tegra-adma 2930000.dma-controller: Tegra210 ADMA driver registered 32 channels
[    9.011382] r8168 0008:01:00.0 enP8p1s0: renamed from eth0
[    9.133941] tegra210-admaif 290f000.admaif: Adding to iommu group 54
[    9.272461] Bluetooth: hci0: RTL: fw version 0x19b76d7d
[   11.139408] Bluetooth: BNEP (Ethernet Emulation) ver 1.3
[   11.139418] Bluetooth: BNEP filters: protocol multicast
[   11.139430] Bluetooth: BNEP socket layer initialized
[   11.146377] using random self ethernet address
[   11.146384] using random host ethernet address
[   11.163036] NET: Registered PF_ALG protocol family
[   11.186541] loop9: detected capacity change from 0 to 32768
[   11.255615] nv_nvsciipc_init.sh[950]: found /dev/nvsciipc
[   11.271190] nvsciipc: set_db start
[   11.271222] nvsciipc: set_db done
[   11.315682] enP8p1s0: 0xffff800008ec1000, 3c:6d:66:0d:53:d9, IRQ 256
[   11.366499] IRQ230: set affinity failed(-22).
[   11.366532] IRQ253: set affinity failed(-22).
[   11.366537] IRQ256: set affinity failed(-22).
[   11.367602] psci: CPU4 killed (polled 0 ms)
[   11.399367] Mass Storage Function, version: 2009/09/11
[   11.399375] LUN: removable file: (no medium)
[   11.470429] IRQ230: set affinity failed(-22).
[   11.470464] IRQ253: set affinity failed(-22).
[   11.470468] IRQ256: set affinity failed(-22).
[   11.471559] psci: CPU5 killed (polled 0 ms)
[   11.508905] using random self ethernet address
[   11.508910] using random host ethernet address
[   11.566508] IRQ230: set affinity failed(-22).
[   11.566543] IRQ253: set affinity failed(-22).
[   11.566548] IRQ256: set affinity failed(-22).
[   11.566863] psci: CPU6 killed (polled 0 ms)
[   11.647697] IRQ230: set affinity failed(-22).
[   11.649032] psci: CPU7 killed (polled 0 ms)
[   11.692885] pstore: Using crash dump compression: deflate
[   11.692940] printk: console [ramoops-1]: printing thread started
[   11.692953] printk: console [ramoops-1] enabled
[   11.692954] pstore: Registered ramoops as persistent store backend
[   11.692955] ramoops: using 0x200000@0x4725f0000, ecc: 0
[   11.749646] bridge: filtering via arp/ip/ip6tables is no longer available by default. Update your scripts to load br_netfilter if you need this.
[   11.755524] usb0: HOST MAC c2:d6:da:8f:db:b0
[   11.755532] usb0: MAC c2:d6:da:8f:db:b1
[   11.758261] usb1: HOST MAC c2:d6:da:8f:db:b2
[   11.758268] usb1: MAC c2:d6:da:8f:db:b3
[   11.758290] tegra-xudc 3550000.usb: EP 0 (type: ctrl, dir: out) enabled
[   11.764131] l4tbr0: port 1(usb0) entered blocking state
[   11.764187] l4tbr0: port 1(usb0) entered disabled state
[   11.764504] device usb0 entered promiscuous mode
[   11.784377] l4tbr0: port 2(usb1) entered blocking state
[   11.785108] l4tbr0: port 2(usb1) entered disabled state
[   11.785653] device usb1 entered promiscuous mode
[   11.792399] loop9: detected capacity change from 0 to 32768
[   11.838599] nvgpu: 17000000.gpu                  gk20a_scale_init:541  [INFO]  enabled scaling for GPU

[   12.007255] zram: Added device: zram0
[   12.010989] zram: Added device: zram1
[   12.014818] zram: Added device: zram2
[   12.020013] zram: Added device: zram3
[   12.077407] zram0: detected capacity change from 0 to 4004600
[   12.107144] Adding 2002296k swap on /dev/zram0.  Priority:5 extents:1 across:2002296k SS
[   12.117600] zram1: detected capacity change from 0 to 4004600
[   12.144102] Adding 2002296k swap on /dev/zram1.  Priority:5 extents:1 across:2002296k SS
[   12.149224] zram2: detected capacity change from 0 to 4004600
[   12.178543] Adding 2002296k swap on /dev/zram2.  Priority:5 extents:1 across:2002296k SS
[   12.183842] zram3: detected capacity change from 0 to 4004600
[   12.199322] Adding 2002296k swap on /dev/zram3.  Priority:5 extents:1 across:2002296k SS
[   12.281330] tegra-xudc 3550000.usb: EP 5 (type: intr, dir: in) enabled
[   12.281353] tegra-xudc 3550000.usb: EP 3 (type: bulk, dir: in) enabled
[   12.281366] tegra-xudc 3550000.usb: EP 2 (type: bulk, dir: out) enabled
[   12.281440] tegra-xudc 3550000.usb: EP 9 (type: intr, dir: in) enabled
[   12.281454] tegra-xudc 3550000.usb: EP 7 (type: bulk, dir: in) enabled
[   12.281466] tegra-xudc 3550000.usb: EP 4 (type: bulk, dir: out) enabled
[   12.281492] tegra-xudc 3550000.usb: EP 15 (type: intr, dir: in) enabled
[   12.281507] tegra-xudc 3550000.usb: EP 11 (type: bulk, dir: in) enabled
[   12.281524] tegra-xudc 3550000.usb: EP 6 (type: bulk, dir: out) enabled
[   12.281576] IPv6: ADDRCONF(NETDEV_CHANGE): usb0: link becomes ready
[   12.289003] tegra-xudc 3550000.usb: EP 13 (type: bulk, dir: in) enabled
[   12.289023] tegra-xudc 3550000.usb: EP 8 (type: bulk, dir: out) enabled
[   12.289329] IPv6: ADDRCONF(NETDEV_CHANGE): usb1: link becomes ready
[   12.290879] tegra-xudc 3550000.usb: ep 13 disabled
[   12.290968] tegra-xudc 3550000.usb: ep 8 disabled
[   12.310432] tegra-xudc 3550000.usb: EP 13 (type: bulk, dir: in) enabled
[   12.310453] tegra-xudc 3550000.usb: EP 8 (type: bulk, dir: out) enabled
[   14.194705] l4tbr0: port 2(usb1) entered blocking state
[   14.194720] l4tbr0: port 2(usb1) entered forwarding state
[   14.194788] l4tbr0: port 1(usb0) entered blocking state
[   14.194793] l4tbr0: port 1(usb0) entered forwarding state
[   14.195270] IPv6: ADDRCONF(NETDEV_CHANGE): l4tbr0: link becomes ready
[   14.408185] nvidia-modeset: Loading NVIDIA UNIX Open Kernel Mode Setting Driver for aarch64  540.5.0  Release Build  (buildbrain@239549d1-8639-491a-b9e7-120e21430986-l1eu-vqrkv)  Thu Jan 15 19:36:45 PST 2026
[   14.415492] [drm] [nvidia-drm] [GPU ID 0x00020000] Loading driver
[   14.701830] NVRM rpcRmApiControl_dce: NVRM_RPC_DCE: Failed RM ctrl call cmd:0x731341 result 0xffff:
[   14.702977] NVRM rpcRmApiControl_dce: NVRM_RPC_DCE: Failed RM ctrl call cmd:0x730282 result 0x1f:
[   14.755334] [drm] Initialized nvidia-drm 0.0.0 20160202 for 13800000.display on minor 1
[   14.836105] Console: switching to colour frame buffer device 240x67
[   14.836128] nv_platform 13800000.display: [drm] fb0: nvidia-drmdrmfb frame buffer device
[   16.108669] ACK 04 d4
[   16.109420] ACK 04 d4
[   16.111276] ACK 04 d4
[   16.115135] IPv6: ADDRCONF(NETDEV_CHANGE): wlP1p1s0: link becomes ready
[   17.887473] loop10: detected capacity change from 0 to 8
[   19.562394] audit: type=1326 audit(1776677896.000:2): auid=4294967295 uid=0 gid=0 ses=4294967295 subj=kernel pid=2180 comm="cupsd" exe="/snap/cups/1184/sbin/cupsd" sig=0 arch=c00000b7 syscall=55 compat=0 ip=0xffffb83fce0c code=0x50000
[   20.044125] audit: type=1326 audit(1776677896.480:3): auid=4294967295 uid=0 gid=0 ses=4294967295 subj=kernel pid=2180 comm="cupsd" exe="/snap/cups/1184/sbin/cupsd" sig=0 arch=c00000b7 syscall=55 compat=0 ip=0xffffb83fce0c code=0x50000
[   20.075251] audit: type=1326 audit(1776677896.512:4): auid=4294967295 uid=0 gid=0 ses=4294967295 subj=kernel pid=2192 comm="cups-browsed" exe="/snap/cups/1184/sbin/cups-browsed" sig=0 arch=c00000b7 syscall=274 compat=0 ip=0xffffa6fa5b68 code=0x50000
[   21.003823] rfkill: input handler disabled
